生成启动时间为 2026/3/15 1:50:49。
     0>未使用终端记录器，因为正在将输出重定向到文件。
       进程 = "C:\Program Files\dotnet\dotnet.exe"
       MSBuild 可执行文件路径 = "C:\Program Files\dotnet\sdk\9.0.308\MSBuild.dll"
       命令行参数 = "C:\Program Files\dotnet\sdk\9.0.308\MSBuild.dll -maxcpucount -verbosity:m -tlp:default=auto -nologo -restore -nodereuse:false -target:VSTest -nologo -verbosity:detailed tests/CRM.Core.Tests -property:VSTestVerbosity=detailed -property:VSTestArtifactsProcessingMode=collect -property:VSTestSessionCorrelationId=75184_29908d3e-c23c-4b9c-bfb6-8a3df89a794d -distributedlogger:Microsoft.DotNet.Tools.MSBuild.MSBuildLogger,C:\Program Files\dotnet\sdk\9.0.308\dotnet.dll*Microsoft.DotNet.Tools.MSBuild.MSBuildForwardingLogger,C:\Program Files\dotnet\sdk\9.0.308\dotnet.dll"
       当前目录 = "d:\MyProject\FrontCRM(C#)"
       MSBuild 版本 = "17.14.28+09c1be848"
       基于 Windows 注册表项 LongPathsEnabled，LongPaths 功能为 已启用。
       基于 Windows 注册表项 VerifiedAndReputablePolicyState，SAC 状态 = 0: 已关闭。
       SDK“Microsoft.NET.Sdk”已由“DefaultSdkResolver”解析程序成功解析为位置“C:\Program Files\dotnet\sdk\9.0.308\Sdks\Microsoft.NET.Sdk\Sdk”和版本“”。
       C:\Program Files\dotnet\sdk\9.0.308\Sdks\Microsoft.NET.Sdk\Sdk\Sdk.props(49,11): message : 值为“C:\Program Files\dotnet\sdk\9.0.308\”的属性“MSBuildExtensionsPath”从环境中展开。
       C:\Program Files\dotnet\sdk\9.0.308\Current\Microsoft.Common.props(60,5): message : 在 C:\Program Files\dotnet\sdk\9.0.308\Current\Microsoft.Common.props (60,5) 处重新分配属性: $(MSBuildProjectExtensionsPath)=“d:\MyProject\FrontCRM(C#)\tests\CRM.Core.Tests\obj\”(先前值:“obj\”)
       C:\Program Files\dotnet\sdk\9.0.308\Current\Microsoft.Common.props(84,119): message : 值为“C:\Users\admin\AppData\Local\Microsoft\MSBuild”的属性“MSBuildUserExtensionsPath”从环境中展开。
       C:\Program Files\dotnet\sdk\9.0.308\Sdks\Microsoft.NET.Sdk\targets\Microsoft.NET.Sdk.props(90,5): message : 在 C:\Program Files\dotnet\sdk\9.0.308\Sdks\Microsoft.NET.Sdk\targets\Microsoft.NET.Sdk.props (90,5) 处重新分配属性: $(AssemblySearchPaths)=“{CandidateAssemblyFiles};{HintPathFromItem}”(先前值:“{CandidateAssemblyFiles}”)
       C:\Program Files\dotnet\sdk\9.0.308\Sdks\Microsoft.NET.Sdk\targets\Microsoft.NET.Sdk.props(91,5): message : 在 C:\Program Files\dotnet\sdk\9.0.308\Sdks\Microsoft.NET.Sdk\targets\Microsoft.NET.Sdk.props (91,5) 处重新分配属性: $(AssemblySearchPaths)=“{CandidateAssemblyFiles};{HintPathFromItem};{TargetFrameworkDirectory}”(先前值:“{CandidateAssemblyFiles};{HintPathFromItem}”)
       C:\Program Files\dotnet\sdk\9.0.308\Sdks\Microsoft.NET.Sdk\targets\Microsoft.NET.Sdk.props(92,5): message : 在 C:\Program Files\dotnet\sdk\9.0.308\Sdks\Microsoft.NET.Sdk\targets\Microsoft.NET.Sdk.props (92,5) 处重新分配属性: $(AssemblySearchPaths)=“{CandidateAssemblyFiles};{HintPathFromItem};{TargetFrameworkDirectory};{RawFileName}”(先前值:“{CandidateAssemblyFiles};{HintPathFromItem};{TargetFrameworkDirectory}”)
       “DefaultSdkResolver”解析程序已尝试解析 SDK“Microsoft.NET.SDK.WorkloadAutoImportPropsLocator”。
       警告: null
       错误: MSB4276: 默认 SDK 解析程序解析 SDK“Microsoft.NET.SDK.WorkloadAutoImportPropsLocator”失败，因为目录“C:\Program Files\dotnet\sdk\9.0.308\Sdks\Microsoft.NET.SDK.WorkloadAutoImportPropsLocator\Sdk”不存在。
       在 Evaluation 期间加载的程序集: Microsoft.Build.NuGetSdkResolver, Version=6.14.0.116, Culture=neutral, PublicKeyToken=31bf3856ad364e35 (位置: C:\Program Files\dotnet\sdk\9.0.308\Microsoft.Build.NuGetSdkResolver.dll，MVID: ee5cca45-a90e-417e-aaf7-f0e96f222226，AssemblyLoadContext: MSBuild plugin C:\Program Files\dotnet\sdk\9.0.308\Microsoft.Build.NuGetSdkResolver.dll)
       在 Evaluation 期间加载的程序集: System.Reflection.Metadata, Version=9.0.0.0, Culture=neutral, PublicKeyToken=b03f5f7f11d50a3a (位置: C:\Program Files\dotnet\shared\Microsoft.NETCore.App\9.0.11\System.Reflection.Metadata.dll，MVID: 89d82001-24c8-4abb-843a-1416ffadeb03，AssemblyLoadContext: Default)
       在 Evaluation 期间加载的程序集: NuGet.Common, Version=6.14.0.116, Culture=neutral, PublicKeyToken=31bf3856ad364e35 (位置: C:\Program Files\dotnet\sdk\9.0.308\NuGet.Common.dll，MVID: 0fbb79ae-e358-4591-bc91-e34371a3d05b，AssemblyLoadContext: MSBuild plugin C:\Program Files\dotnet\sdk\9.0.308\Microsoft.Build.NuGetSdkResolver.dll)
       在 Evaluation 期间加载的程序集: Microsoft.NET.Sdk.WorkloadMSBuildSdkResolver, Version=9.0.308.0, Culture=neutral, PublicKeyToken=31bf3856ad364e35 (位置: C:\Program Files\dotnet\sdk\9.0.308\Microsoft.NET.Sdk.WorkloadMSBuildSdkResolver.dll，MVID: de80750d-b56e-4389-a05e-16dd6c5dec69，AssemblyLoadContext: MSBuild plugin C:\Program Files\dotnet\sdk\9.0.308\Microsoft.NET.Sdk.WorkloadMSBuildSdkResolver.dll)
       在 Evaluation 期间加载的程序集: Microsoft.DotNet.Cli.Utils, Version=9.0.308.0, Culture=neutral, PublicKeyToken=adb9793829ddae60 (位置: C:\Program Files\dotnet\sdk\9.0.308\Microsoft.DotNet.Cli.Utils.dll，MVID: 2ebb2876-03cb-448a-8a26-71bfcb1cdd62，AssemblyLoadContext: MSBuild plugin C:\Program Files\dotnet\sdk\9.0.308\Microsoft.NET.Sdk.WorkloadMSBuildSdkResolver.dll)
       在 Evaluation 期间加载的程序集: Microsoft.NET.Sdk.WorkloadManifestReader, Version=9.0.308.0, Culture=neutral, PublicKeyToken=adb9793829ddae60 (位置: C:\Program Files\dotnet\sdk\9.0.308\Microsoft.NET.Sdk.WorkloadManifestReader.dll，MVID: 116b6b15-b12d-443f-88a9-4a46c36ffe56，AssemblyLoadContext: MSBuild plugin C:\Program Files\dotnet\sdk\9.0.308\Microsoft.NET.Sdk.WorkloadMSBuildSdkResolver.dll)
       在 Evaluation 期间加载的程序集: Microsoft.Deployment.DotNet.Releases, Version=2.0.0.0, Culture=neutral, PublicKeyToken=31bf3856ad364e35 (位置: C:\Program Files\dotnet\sdk\9.0.308\Microsoft.Deployment.DotNet.Releases.dll，MVID: 400d16c0-099c-46d2-bc0e-802a0637399b，AssemblyLoadContext: MSBuild plugin C:\Program Files\dotnet\sdk\9.0.308\Microsoft.NET.Sdk.WorkloadMSBuildSdkResolver.dll)
       SDK“Microsoft.NET.SDK.WorkloadAutoImportPropsLocator”已由“Microsoft.DotNet.MSBuildWorkloadSdkResolver”解析程序成功解析为位置“C:\Program Files\dotnet\packs\Microsoft.Android.Sdk.Windows\35.0.78\Sdk”和版本“null”。
       C:\Program Files\dotnet\sdk\9.0.308\Sdks\Microsoft.NET.Sdk\targets\Microsoft.NET.PackProjectTool.props(15,5): message : 在 C:\Program Files\dotnet\sdk\9.0.308\Sdks\Microsoft.NET.Sdk\targets\Microsoft.NET.PackProjectTool.props (15,5) 处重新分配属性: $(TargetsForTfmSpecificContentInPackage)=“;PackTool;_PackProjectToolValidation”(先前值:“;PackTool”)
       C:\Program Files\dotnet\sdk\9.0.308\Sdks\Microsoft.NET.Sdk\targets\Microsoft.NET.Sdk.ImportPublishProfile.targets(28,5): message : 在 C:\Program Files\dotnet\sdk\9.0.308\Sdks\Microsoft.NET.Sdk\targets\Microsoft.NET.Sdk.ImportPublishProfile.targets (28,5) 处重新分配属性: $(PublishProfileImported)=“false”(先前值:“true”)
       在 Evaluation 期间加载的程序集: NuGet.Frameworks, Version=6.14.0.116, Culture=neutral, PublicKeyToken=31bf3856ad364e35 (位置: C:\Program Files\dotnet\sdk\9.0.308\NuGet.Frameworks.dll，MVID: 6b5909cd-5145-46c4-9595-25461e82c126，AssemblyLoadContext: Assembly.LoadFile(C:\Program Files\dotnet\sdk\9.0.308\NuGet.Frameworks.dll))
       C:\Program Files\dotnet\sdk\9.0.308\Sdks\Microsoft.NET.Sdk\targets\Microsoft.NET.TargetFrameworkInference.targets(69,5): message : 在 C:\Program Files\dotnet\sdk\9.0.308\Sdks\Microsoft.NET.Sdk\targets\Microsoft.NET.TargetFrameworkInference.targets (69,5) 处重新分配属性: $(TargetPlatformVersion)=“”(先前值:“0.0”)
       C:\Program Files\dotnet\sdk\9.0.308\Sdks\Microsoft.NET.Sdk\targets\Microsoft.NET.DefaultOutputPaths.targets(122,5): message : 在 C:\Program Files\dotnet\sdk\9.0.308\Sdks\Microsoft.NET.Sdk\targets\Microsoft.NET.DefaultOutputPaths.targets (122,5) 处重新分配属性: $(DefaultItemExcludes)=“;bin\Debug\/**;obj\Debug\/**”(先前值:“;bin\Debug\/**”)
       C:\Program Files\dotnet\sdk\9.0.308\Sdks\Microsoft.NET.Sdk\targets\Microsoft.NET.DefaultOutputPaths.targets(137,5): message : 在 C:\Program Files\dotnet\sdk\9.0.308\Sdks\Microsoft.NET.Sdk\targets\Microsoft.NET.DefaultOutputPaths.targets (137,5) 处重新分配属性: $(OutputPath)=“bin\Debug\net9.0\”(先前值:“bin\Debug\”)
       C:\Program Files\dotnet\sdk\9.0.308\Sdks\Microsoft.NET.Sdk\targets\Microsoft.NET.DefaultOutputPaths.targets(142,5): message : 在 C:\Program Files\dotnet\sdk\9.0.308\Sdks\Microsoft.NET.Sdk\targets\Microsoft.NET.DefaultOutputPaths.targets (142,5) 处重新分配属性: $(IntermediateOutputPath)=“obj\Debug\net9.0\”(先前值:“obj\Debug\”)
       “DefaultSdkResolver”解析程序已尝试解析 SDK“Microsoft.NET.SDK.WorkloadManifestTargetsLocator”。
       警告: null
       错误: MSB4276: 默认 SDK 解析程序解析 SDK“Microsoft.NET.SDK.WorkloadManifestTargetsLocator”失败，因为目录“C:\Program Files\dotnet\sdk\9.0.308\Sdks\Microsoft.NET.SDK.WorkloadManifestTargetsLocator\Sdk”不存在。
       SDK“Microsoft.NET.SDK.WorkloadManifestTargetsLocator”已由“Microsoft.DotNet.MSBuildWorkloadSdkResolver”解析程序成功解析为位置“C:\Program Files\dotnet\sdk-manifests\9.0.100\microsoft.net.sdk.android\35.0.78”和版本“null”。
       C:\Program Files\dotnet\sdk\9.0.308\Sdks\Microsoft.NET.Sdk\targets\Microsoft.NET.Sdk.BeforeCommon.targets(187,5): message : 在 C:\Program Files\dotnet\sdk\9.0.308\Sdks\Microsoft.NET.Sdk\targets\Microsoft.NET.Sdk.BeforeCommon.targets (187,5) 处重新分配属性: $(_FrameworkIdentifierForImplicitDefine)=“NET”(先前值:“NETCOREAPP”)
       C:\Program Files\dotnet\sdk\9.0.308\Sdks\Microsoft.NET.Sdk\targets\Microsoft.NET.Sdk.BeforeCommon.targets(192,5): message : 在 C:\Program Files\dotnet\sdk\9.0.308\Sdks\Microsoft.NET.Sdk\targets\Microsoft.NET.Sdk.BeforeCommon.targets (192,5) 处重新分配属性: $(_FrameworkVersionForImplicitDefine)=“9_0”(先前值:“9.0”)
       C:\Program Files\dotnet\sdk\9.0.308\Roslyn\Microsoft.CSharp.Core.targets(200,5): message : 在 C:\Program Files\dotnet\sdk\9.0.308\Roslyn\Microsoft.CSharp.Core.targets (200,5) 处重新分配属性: $(CommandLineArgsForDesignTimeEvaluation)=“-langversion:13.0 -define:TRACE”(先前值:“-langversion:13.0”)
       在 Evaluation 期间加载的程序集: Microsoft.Build.Utilities.Core, Version=15.1.0.0, Culture=neutral, PublicKeyToken=b03f5f7f11d50a3a (位置: C:\Program Files\dotnet\sdk\9.0.308\Microsoft.Build.Utilities.Core.dll，MVID: e694cd1c-cab1-43ec-a25d-8ec3134e8f67，AssemblyLoadContext: Default)
       C:\Program Files\dotnet\sdk\9.0.308\Microsoft.Common.CurrentVersion.targets(175,5): message : 在 C:\Program Files\dotnet\sdk\9.0.308\Microsoft.Common.CurrentVersion.targets (175,5) 处重新分配属性: $(_DebugSymbolsProduced)=“true”(先前值:“false”)
       C:\Program Files\dotnet\sdk\9.0.308\Microsoft.Common.CurrentVersion.targets(185,5): message : 在 C:\Program Files\dotnet\sdk\9.0.308\Microsoft.Common.CurrentVersion.targets (185,5) 处重新分配属性: $(_DocumentationFileProduced)=“false”(先前值:“true”)
       C:\Program Files\dotnet\sdk\9.0.308\Microsoft.Common.CurrentVersion.targets(392,5): message : 在 C:\Program Files\dotnet\sdk\9.0.308\Microsoft.Common.CurrentVersion.targets (392,5) 处重新分配属性: $(MSBuildCopyMarkerName)=“CRM.Core.865559CE”(先前值:“CRM.Core.Tests.csproj”)
       C:\Program Files\dotnet\sdk\9.0.308\Microsoft.Common.CurrentVersion.targets(393,5): message : 在 C:\Program Files\dotnet\sdk\9.0.308\Microsoft.Common.CurrentVersion.targets (393,5) 处重新分配属性: $(MSBuildCopyMarkerName)=“CRM.Core.865559CE.Up2Date”(先前值:“CRM.Core.865559CE”)
       C:\Program Files\dotnet\sdk\9.0.308\Microsoft.Common.CurrentVersion.targets(541,5): message : 在 C:\Program Files\dotnet\sdk\9.0.308\Microsoft.Common.CurrentVersion.targets (541,5) 处重新分配属性: $(ProcessorArchitecture)=“msil”(先前值:“”)
       C:\Program Files\dotnet\sdk\9.0.308\Microsoft.Common.CurrentVersion.targets(580,5): message : 在 C:\Program Files\dotnet\sdk\9.0.308\Microsoft.Common.CurrentVersion.targets (580,5) 处重新分配属性: $(DelaySign)=“”(先前值:“false”)
       C:\Program Files\dotnet\sdk\9.0.308\Microsoft.Common.CurrentVersion.targets(2619,5): message : 值为“C:\Users\admin\AppData\Local”的属性“LOCALAPPDATA”从环境中展开。
       C:\Program Files\dotnet\sdk\9.0.308\Microsoft.Common.CurrentVersion.targets(3947,5): message : 在 C:\Program Files\dotnet\sdk\9.0.308\Microsoft.Common.CurrentVersion.targets (3947,5) 处重新分配属性: $(_SGenGenerateSerializationAssembliesConfig)=“Auto”(先前值:“”)
       C:\Program Files\dotnet\sdk\9.0.308\Microsoft.Common.CurrentVersion.targets(3948,5): message : 在 C:\Program Files\dotnet\sdk\9.0.308\Microsoft.Common.CurrentVersion.targets (3948,5) 处重新分配属性: $(_SGenGenerateSerializationAssembliesConfig)=“Off”(先前值:“Auto”)
       C:\Program Files\dotnet\sdk\9.0.308\Microsoft.Common.CurrentVersion.targets(5159,5): message : 在 C:\Program Files\dotnet\sdk\9.0.308\Microsoft.Common.CurrentVersion.targets (5159,5) 处重新分配属性: $(_TargetsThatPrepareProjectReferences)=“
       C:\Program Files\dotnet\sdk\9.0.308\Microsoft.Common.CurrentVersion.targets(5159,5): message :       AssignProjectConfiguration;
       C:\Program Files\dotnet\sdk\9.0.308\Microsoft.Common.CurrentVersion.targets(5159,5): message :       _SplitProjectReferencesByFileExistence
       C:\Program Files\dotnet\sdk\9.0.308\Microsoft.Common.CurrentVersion.targets(5159,5): message :     ”(先前值:“_SplitProjectReferencesByFileExistence”)
       C:\Program Files\dotnet\sdk\9.0.308\Microsoft.Common.CurrentVersion.targets(6954,5): message : 值为“C:\Program Files\dotnet\sdk\9.0.308”的属性“MSBuildExtensionsPath32”从环境中展开。
       在 Evaluation 期间加载的程序集: System.Threading.Tasks.Parallel, Version=9.0.0.0, Culture=neutral, PublicKeyToken=b03f5f7f11d50a3a (位置: C:\Program Files\dotnet\shared\Microsoft.NETCore.App\9.0.11\System.Threading.Tasks.Parallel.dll，MVID: f258132d-614b-4953-b99c-9d0ef2e1ac97，AssemblyLoadContext: Default)
       在 Evaluation 期间加载的程序集: System.Threading.ThreadPool, Version=9.0.0.0, Culture=neutral, PublicKeyToken=b03f5f7f11d50a3a (位置: C:\Program Files\dotnet\shared\Microsoft.NETCore.App\9.0.11\System.Threading.ThreadPool.dll，MVID: ce4bcceb-c39c-45a1-a8c7-275efc0235ff，AssemblyLoadContext: Default)
       C:\Program Files\dotnet\sdk\9.0.308\Sdks\Microsoft.NET.Sdk\targets\Microsoft.PackageDependencyResolution.targets(24,5): message : 在 C:\Program Files\dotnet\sdk\9.0.308\Sdks\Microsoft.NET.Sdk\targets\Microsoft.PackageDependencyResolution.targets (24,5) 处重新分配属性: $(ProjectAssetsFile)=“d:\MyProject\FrontCRM(C#)\tests\CRM.Core.Tests\obj\project.assets.json”(先前值:“d:\MyProject\FrontCRM(C#)\tests\CRM.Core.Tests\obj\/project.assets.json”)
       C:\Program Files\dotnet\sdk\9.0.308\Sdks\Microsoft.NET.Sdk\targets\Microsoft.PackageDependencyResolution.targets(29,5): message : 在 C:\Program Files\dotnet\sdk\9.0.308\Sdks\Microsoft.NET.Sdk\targets\Microsoft.PackageDependencyResolution.targets (29,5) 处重新分配属性: $(ProjectAssetsCacheFile)=“d:\MyProject\FrontCRM(C#)\tests\CRM.Core.Tests\obj\Debug\net9.0\CRM.Core.Tests.assets.cache”(先前值:“obj\Debug\net9.0\CRM.Core.Tests.assets.cache”)
       C:\Program Files\dotnet\sdk\9.0.308\Sdks\Microsoft.NET.Sdk\targets\Microsoft.PackageDependencyResolution.targets(80,5): message : 在 C:\Program Files\dotnet\sdk\9.0.308\Sdks\Microsoft.NET.Sdk\targets\Microsoft.PackageDependencyResolution.targets (80,5) 处重新分配属性: $(ResolveAssemblyReferencesDependsOn)=“
       C:\Program Files\dotnet\sdk\9.0.308\Sdks\Microsoft.NET.Sdk\targets\Microsoft.PackageDependencyResolution.targets(80,5): message :       
       C:\Program Files\dotnet\sdk\9.0.308\Sdks\Microsoft.NET.Sdk\targets\Microsoft.PackageDependencyResolution.targets(80,5): message :       ResolveProjectReferences;
       C:\Program Files\dotnet\sdk\9.0.308\Sdks\Microsoft.NET.Sdk\targets\Microsoft.PackageDependencyResolution.targets(80,5): message :       FindInvalidProjectReferences;
       C:\Program Files\dotnet\sdk\9.0.308\Sdks\Microsoft.NET.Sdk\targets\Microsoft.PackageDependencyResolution.targets(80,5): message :       GetFrameworkPaths;
       C:\Program Files\dotnet\sdk\9.0.308\Sdks\Microsoft.NET.Sdk\targets\Microsoft.PackageDependencyResolution.targets(80,5): message :       GetReferenceAssemblyPaths;
       C:\Program Files\dotnet\sdk\9.0.308\Sdks\Microsoft.NET.Sdk\targets\Microsoft.PackageDependencyResolution.targets(80,5): message :       PrepareForBuild;
       C:\Program Files\dotnet\sdk\9.0.308\Sdks\Microsoft.NET.Sdk\targets\Microsoft.PackageDependencyResolution.targets(80,5): message :       ResolveSDKReferences;
       C:\Program Files\dotnet\sdk\9.0.308\Sdks\Microsoft.NET.Sdk\targets\Microsoft.PackageDependencyResolution.targets(80,5): message :       ExpandSDKReferences;
       C:\Program Files\dotnet\sdk\9.0.308\Sdks\Microsoft.NET.Sdk\targets\Microsoft.PackageDependencyResolution.targets(80,5): message :     ;
       C:\Program Files\dotnet\sdk\9.0.308\Sdks\Microsoft.NET.Sdk\targets\Microsoft.PackageDependencyResolution.targets(80,5): message :       ResolvePackageDependenciesForBuild;
       C:\Program Files\dotnet\sdk\9.0.308\Sdks\Microsoft.NET.Sdk\targets\Microsoft.PackageDependencyResolution.targets(80,5): message :       _HandlePackageFileConflicts;
       C:\Program Files\dotnet\sdk\9.0.308\Sdks\Microsoft.NET.Sdk\targets\Microsoft.PackageDependencyResolution.targets(80,5): message :     ”(先前值:“
       C:\Program Files\dotnet\sdk\9.0.308\Sdks\Microsoft.NET.Sdk\targets\Microsoft.PackageDependencyResolution.targets(80,5): message :       ResolveProjectReferences;
       C:\Program Files\dotnet\sdk\9.0.308\Sdks\Microsoft.NET.Sdk\targets\Microsoft.PackageDependencyResolution.targets(80,5): message :       FindInvalidProjectReferences;
       C:\Program Files\dotnet\sdk\9.0.308\Sdks\Microsoft.NET.Sdk\targets\Microsoft.PackageDependencyResolution.targets(80,5): message :       GetFrameworkPaths;
       C:\Program Files\dotnet\sdk\9.0.308\Sdks\Microsoft.NET.Sdk\targets\Microsoft.PackageDependencyResolution.targets(80,5): message :       GetReferenceAssemblyPaths;
       C:\Program Files\dotnet\sdk\9.0.308\Sdks\Microsoft.NET.Sdk\targets\Microsoft.PackageDependencyResolution.targets(80,5): message :       PrepareForBuild;
       C:\Program Files\dotnet\sdk\9.0.308\Sdks\Microsoft.NET.Sdk\targets\Microsoft.PackageDependencyResolution.targets(80,5): message :       ResolveSDKReferences;
       C:\Program Files\dotnet\sdk\9.0.308\Sdks\Microsoft.NET.Sdk\targets\Microsoft.PackageDependencyResolution.targets(80,5): message :       ExpandSDKReferences;
       C:\Program Files\dotnet\sdk\9.0.308\Sdks\Microsoft.NET.Sdk\targets\Microsoft.PackageDependencyResolution.targets(80,5): message :     ”)
       C:\Program Files\dotnet\sdk\9.0.308\Sdks\Microsoft.NET.Sdk\targets\Microsoft.PackageDependencyResolution.targets(86,5): message : 在 C:\Program Files\dotnet\sdk\9.0.308\Sdks\Microsoft.NET.Sdk\targets\Microsoft.PackageDependencyResolution.targets (86,5) 处重新分配属性: $(PrepareResourcesDependsOn)=“
       C:\Program Files\dotnet\sdk\9.0.308\Sdks\Microsoft.NET.Sdk\targets\Microsoft.PackageDependencyResolution.targets(86,5): message :       ResolvePackageDependenciesForBuild;
       C:\Program Files\dotnet\sdk\9.0.308\Sdks\Microsoft.NET.Sdk\targets\Microsoft.PackageDependencyResolution.targets(86,5): message :       _HandlePackageFileConflicts;
       C:\Program Files\dotnet\sdk\9.0.308\Sdks\Microsoft.NET.Sdk\targets\Microsoft.PackageDependencyResolution.targets(86,5): message :       
       C:\Program Files\dotnet\sdk\9.0.308\Sdks\Microsoft.NET.Sdk\targets\Microsoft.PackageDependencyResolution.targets(86,5): message :       ;
       C:\Program Files\dotnet\sdk\9.0.308\Sdks\Microsoft.NET.Sdk\targets\Microsoft.PackageDependencyResolution.targets(86,5): message :       PrepareResourceNames;
       C:\Program Files\dotnet\sdk\9.0.308\Sdks\Microsoft.NET.Sdk\targets\Microsoft.PackageDependencyResolution.targets(86,5): message :       ResGen;
       C:\Program Files\dotnet\sdk\9.0.308\Sdks\Microsoft.NET.Sdk\targets\Microsoft.PackageDependencyResolution.targets(86,5): message :       CompileLicxFiles
       C:\Program Files\dotnet\sdk\9.0.308\Sdks\Microsoft.NET.Sdk\targets\Microsoft.PackageDependencyResolution.targets(86,5): message :     
       C:\Program Files\dotnet\sdk\9.0.308\Sdks\Microsoft.NET.Sdk\targets\Microsoft.PackageDependencyResolution.targets(86,5): message :     ”(先前值:“
       C:\Program Files\dotnet\sdk\9.0.308\Sdks\Microsoft.NET.Sdk\targets\Microsoft.PackageDependencyResolution.targets(86,5): message :       ;
       C:\Program Files\dotnet\sdk\9.0.308\Sdks\Microsoft.NET.Sdk\targets\Microsoft.PackageDependencyResolution.targets(86,5): message :       PrepareResourceNames;
       C:\Program Files\dotnet\sdk\9.0.308\Sdks\Microsoft.NET.Sdk\targets\Microsoft.PackageDependencyResolution.targets(86,5): message :       ResGen;
       C:\Program Files\dotnet\sdk\9.0.308\Sdks\Microsoft.NET.Sdk\targets\Microsoft.PackageDependencyResolution.targets(86,5): message :       CompileLicxFiles
       C:\Program Files\dotnet\sdk\9.0.308\Sdks\Microsoft.NET.Sdk\targets\Microsoft.PackageDependencyResolution.targets(86,5): message :     ”)
       C:\Program Files\dotnet\sdk\9.0.308\Sdks\Microsoft.NET.Sdk\targets\Microsoft.NET.Sdk.DefaultItems.targets(27,5): message : 在 C:\Program Files\dotnet\sdk\9.0.308\Sdks\Microsoft.NET.Sdk\targets\Microsoft.NET.Sdk.DefaultItems.targets (27,5) 处重新分配属性: $(DefaultItemExcludes)=“;bin\Debug\/**;obj\Debug\/**;bin\/**”(先前值:“;bin\Debug\/**;obj\Debug\/**”)
       C:\Program Files\dotnet\sdk\9.0.308\Sdks\Microsoft.NET.Sdk\targets\Microsoft.NET.Sdk.DefaultItems.targets(29,5): message : 在 C:\Program Files\dotnet\sdk\9.0.308\Sdks\Microsoft.NET.Sdk\targets\Microsoft.NET.Sdk.DefaultItems.targets (29,5) 处重新分配属性: $(DefaultItemExcludes)=“;bin\Debug\/**;obj\Debug\/**;bin\/**;obj\/**”(先前值:“;bin\Debug\/**;obj\Debug\/**;bin\/**”)
       C:\Program Files\dotnet\sdk\9.0.308\Sdks\Microsoft.NET.Sdk\targets\Microsoft.NET.Sdk.DefaultItems.targets(32,5): message : 在 C:\Program Files\dotnet\sdk\9.0.308\Sdks\Microsoft.NET.Sdk\targets\Microsoft.NET.Sdk.DefaultItems.targets (32,5) 处重新分配属性: $(DefaultItemExcludes)=“;bin\Debug\/**;obj\Debug\/**;bin\/**;obj\/**;**/*.user”(先前值:“;bin\Debug\/**;obj\Debug\/**;bin\/**;obj\/**”)
       C:\Program Files\dotnet\sdk\9.0.308\Sdks\Microsoft.NET.Sdk\targets\Microsoft.NET.Sdk.DefaultItems.targets(33,5): message : 在 C:\Program Files\dotnet\sdk\9.0.308\Sdks\Microsoft.NET.Sdk\targets\Microsoft.NET.Sdk.DefaultItems.targets (33,5) 处重新分配属性: $(DefaultItemExcludes)=“;bin\Debug\/**;obj\Debug\/**;bin\/**;obj\/**;**/*.user;**/*.*proj”(先前值:“;bin\Debug\/**;obj\Debug\/**;bin\/**;obj\/**;**/*.user”)
       C:\Program Files\dotnet\sdk\9.0.308\Sdks\Microsoft.NET.Sdk\targets\Microsoft.NET.Sdk.DefaultItems.targets(34,5): message : 在 C:\Program Files\dotnet\sdk\9.0.308\Sdks\Microsoft.NET.Sdk\targets\Microsoft.NET.Sdk.DefaultItems.targets (34,5) 处重新分配属性: $(DefaultItemExcludes)=“;bin\Debug\/**;obj\Debug\/**;bin\/**;obj\/**;**/*.user;**/*.*proj;**/*.sln”(先前值:“;bin\Debug\/**;obj\Debug\/**;bin\/**;obj\/**;**/*.user;**/*.*proj”)
       C:\Program Files\dotnet\sdk\9.0.308\Sdks\Microsoft.NET.Sdk\targets\Microsoft.NET.Sdk.DefaultItems.targets(35,5): message : 在 C:\Program Files\dotnet\sdk\9.0.308\Sdks\Microsoft.NET.Sdk\targets\Microsoft.NET.Sdk.DefaultItems.targets (35,5) 处重新分配属性: $(DefaultItemExcludes)=“;bin\Debug\/**;obj\Debug\/**;bin\/**;obj\/**;**/*.user;**/*.*proj;**/*.sln;**/*.slnx”(先前值:“;bin\Debug\/**;obj\Debug\/**;bin\/**;obj\/**;**/*.user;**/*.*proj;**/*.sln”)
       C:\Program Files\dotnet\sdk\9.0.308\Sdks\Microsoft.NET.Sdk\targets\Microsoft.NET.Sdk.DefaultItems.targets(36,5): message : 在 C:\Program Files\dotnet\sdk\9.0.308\Sdks\Microsoft.NET.Sdk\targets\Microsoft.NET.Sdk.DefaultItems.targets (36,5) 处重新分配属性: $(DefaultItemExcludes)=“;bin\Debug\/**;obj\Debug\/**;bin\/**;obj\/**;**/*.user;**/*.*proj;**/*.sln;**/*.slnx;**/*.vssscc”(先前值:“;bin\Debug\/**;obj\Debug\/**;bin\/**;obj\/**;**/*.user;**/*.*proj;**/*.sln;**/*.slnx”)
       C:\Program Files\dotnet\sdk\9.0.308\Sdks\Microsoft.NET.Sdk\targets\Microsoft.NET.Sdk.DefaultItems.targets(37,5): message : 在 C:\Program Files\dotnet\sdk\9.0.308\Sdks\Microsoft.NET.Sdk\targets\Microsoft.NET.Sdk.DefaultItems.targets (37,5) 处重新分配属性: $(DefaultItemExcludes)=“;bin\Debug\/**;obj\Debug\/**;bin\/**;obj\/**;**/*.user;**/*.*proj;**/*.sln;**/*.slnx;**/*.vssscc;**/.DS_Store”(先前值:“;bin\Debug\/**;obj\Debug\/**;bin\/**;obj\/**;**/*.user;**/*.*proj;**/*.sln;**/*.slnx;**/*.vssscc”)
       C:\Program Files\dotnet\sdk\9.0.308\Sdks\Microsoft.NET.Sdk\targets\Microsoft.NET.Sdk.FrameworkReferenceResolution.targets(14,5): message : 在 C:\Program Files\dotnet\sdk\9.0.308\Sdks\Microsoft.NET.Sdk\targets\Microsoft.NET.Sdk.FrameworkReferenceResolution.targets (14,5) 处重新分配属性: $(ResolveAssemblyReferencesDependsOn)=“
       C:\Program Files\dotnet\sdk\9.0.308\Sdks\Microsoft.NET.Sdk\targets\Microsoft.NET.Sdk.FrameworkReferenceResolution.targets(14,5): message :       
       C:\Program Files\dotnet\sdk\9.0.308\Sdks\Microsoft.NET.Sdk\targets\Microsoft.NET.Sdk.FrameworkReferenceResolution.targets(14,5): message :       
       C:\Program Files\dotnet\sdk\9.0.308\Sdks\Microsoft.NET.Sdk\targets\Microsoft.NET.Sdk.FrameworkReferenceResolution.targets(14,5): message :       ResolveProjectReferences;
       C:\Program Files\dotnet\sdk\9.0.308\Sdks\Microsoft.NET.Sdk\targets\Microsoft.NET.Sdk.FrameworkReferenceResolution.targets(14,5): message :       FindInvalidProjectReferences;
       C:\Program Files\dotnet\sdk\9.0.308\Sdks\Microsoft.NET.Sdk\targets\Microsoft.NET.Sdk.FrameworkReferenceResolution.targets(14,5): message :       GetFrameworkPaths;
       C:\Program Files\dotnet\sdk\9.0.308\Sdks\Microsoft.NET.Sdk\targets\Microsoft.NET.Sdk.FrameworkReferenceResolution.targets(14,5): message :       GetReferenceAssemblyPaths;
       C:\Program Files\dotnet\sdk\9.0.308\Sdks\Microsoft.NET.Sdk\targets\Microsoft.NET.Sdk.FrameworkReferenceResolution.targets(14,5): message :       PrepareForBuild;
       C:\Program Files\dotnet\sdk\9.0.308\Sdks\Microsoft.NET.Sdk\targets\Microsoft.NET.Sdk.FrameworkReferenceResolution.targets(14,5): message :       ResolveSDKReferences;
       C:\Program Files\dotnet\sdk\9.0.308\Sdks\Microsoft.NET.Sdk\targets\Microsoft.NET.Sdk.FrameworkReferenceResolution.targets(14,5): message :       ExpandSDKReferences;
       C:\Program Files\dotnet\sdk\9.0.308\Sdks\Microsoft.NET.Sdk\targets\Microsoft.NET.Sdk.FrameworkReferenceResolution.targets(14,5): message :     ;
       C:\Program Files\dotnet\sdk\9.0.308\Sdks\Microsoft.NET.Sdk\targets\Microsoft.NET.Sdk.FrameworkReferenceResolution.targets(14,5): message :       ResolvePackageDependenciesForBuild;
       C:\Program Files\dotnet\sdk\9.0.308\Sdks\Microsoft.NET.Sdk\targets\Microsoft.NET.Sdk.FrameworkReferenceResolution.targets(14,5): message :       _HandlePackageFileConflicts;
       C:\Program Files\dotnet\sdk\9.0.308\Sdks\Microsoft.NET.Sdk\targets\Microsoft.NET.Sdk.FrameworkReferenceResolution.targets(14,5): message :     ;
       C:\Program Files\dotnet\sdk\9.0.308\Sdks\Microsoft.NET.Sdk\targets\Microsoft.NET.Sdk.FrameworkReferenceResolution.targets(14,5): message :       ResolveTargetingPackAssets;
       C:\Program Files\dotnet\sdk\9.0.308\Sdks\Microsoft.NET.Sdk\targets\Microsoft.NET.Sdk.FrameworkReferenceResolution.targets(14,5): message :     ”(先前值:“
       C:\Program Files\dotnet\sdk\9.0.308\Sdks\Microsoft.NET.Sdk\targets\Microsoft.NET.Sdk.FrameworkReferenceResolution.targets(14,5): message :       
       C:\Program Files\dotnet\sdk\9.0.308\Sdks\Microsoft.NET.Sdk\targets\Microsoft.NET.Sdk.FrameworkReferenceResolution.targets(14,5): message :       ResolveProjectReferences;
       C:\Program Files\dotnet\sdk\9.0.308\Sdks\Microsoft.NET.Sdk\targets\Microsoft.NET.Sdk.FrameworkReferenceResolution.targets(14,5): message :       FindInvalidProjectReferences;
       C:\Program Files\dotnet\sdk\9.0.308\Sdks\Microsoft.NET.Sdk\targets\Microsoft.NET.Sdk.FrameworkReferenceResolution.targets(14,5): message :       GetFrameworkPaths;
       C:\Program Files\dotnet\sdk\9.0.308\Sdks\Microsoft.NET.Sdk\targets\Microsoft.NET.Sdk.FrameworkReferenceResolution.targets(14,5): message :       GetReferenceAssemblyPaths;
       C:\Program Files\dotnet\sdk\9.0.308\Sdks\Microsoft.NET.Sdk\targets\Microsoft.NET.Sdk.FrameworkReferenceResolution.targets(14,5): message :       PrepareForBuild;
       C:\Program Files\dotnet\sdk\9.0.308\Sdks\Microsoft.NET.Sdk\targets\Microsoft.NET.Sdk.FrameworkReferenceResolution.targets(14,5): message :       ResolveSDKReferences;
       C:\Program Files\dotnet\sdk\9.0.308\Sdks\Microsoft.NET.Sdk\targets\Microsoft.NET.Sdk.FrameworkReferenceResolution.targets(14,5): message :       ExpandSDKReferences;
       C:\Program Files\dotnet\sdk\9.0.308\Sdks\Microsoft.NET.Sdk\targets\Microsoft.NET.Sdk.FrameworkReferenceResolution.targets(14,5): message :     ;
       C:\Program Files\dotnet\sdk\9.0.308\Sdks\Microsoft.NET.Sdk\targets\Microsoft.NET.Sdk.FrameworkReferenceResolution.targets(14,5): message :       ResolvePackageDependenciesForBuild;
       C:\Program Files\dotnet\sdk\9.0.308\Sdks\Microsoft.NET.Sdk\targets\Microsoft.NET.Sdk.FrameworkReferenceResolution.targets(14,5): message :       _HandlePackageFileConflicts;
       C:\Program Files\dotnet\sdk\9.0.308\Sdks\Microsoft.NET.Sdk\targets\Microsoft.NET.Sdk.FrameworkReferenceResolution.targets(14,5): message :     ”)
       C:\Program Files\dotnet\sdk\9.0.308\Sdks\Microsoft.NET.Sdk\targets\Microsoft.NET.Sdk.targets(44,5): message : 在 C:\Program Files\dotnet\sdk\9.0.308\Sdks\Microsoft.NET.Sdk\targets\Microsoft.NET.Sdk.targets (44,5) 处重新分配属性: $(_GenerateRuntimeConfigurationPropertyInputsCache)=“d:\MyProject\FrontCRM(C#)\tests\CRM.Core.Tests\obj\Debug\net9.0\CRM.Core.Tests.genruntimeconfig.cache”(先前值:“obj\Debug\net9.0\CRM.Core.Tests.genruntimeconfig.cache”)
       C:\Program Files\dotnet\sdk\9.0.308\Sdks\Microsoft.NET.Sdk\targets\Microsoft.NET.Sdk.targets(46,5): message : 在 C:\Program Files\dotnet\sdk\9.0.308\Sdks\Microsoft.NET.Sdk\targets\Microsoft.NET.Sdk.targets (46,5) 处重新分配属性: $(_GeneratePublishDependencyFilePropertyInputsCache)=“d:\MyProject\FrontCRM(C#)\tests\CRM.Core.Tests\obj\Debug\net9.0\CRM.Core.Tests.genpublishdeps.cache”(先前值:“obj\Debug\net9.0\CRM.Core.Tests.genpublishdeps.cache”)
       C:\Program Files\dotnet\sdk\9.0.308\Sdks\Microsoft.NET.Sdk\targets\Microsoft.NET.Sdk.targets(48,5): message : 在 C:\Program Files\dotnet\sdk\9.0.308\Sdks\Microsoft.NET.Sdk\targets\Microsoft.NET.Sdk.targets (48,5) 处重新分配属性: $(_GenerateSingleFileBundlePropertyInputsCache)=“d:\MyProject\FrontCRM(C#)\tests\CRM.Core.Tests\obj\Debug\net9.0\CRM.Core.Tests.genbundle.cache”(先前值:“obj\Debug\net9.0\CRM.Core.Tests.genbundle.cache”)
       C:\Program Files\dotnet\sdk\9.0.308\Sdks\Microsoft.NET.Sdk\targets\Microsoft.NET.Sdk.targets(81,5): message : 在 C:\Program Files\dotnet\sdk\9.0.308\Sdks\Microsoft.NET.Sdk\targets\Microsoft.NET.Sdk.targets (81,5) 处重新分配属性: $(GenerateRuntimeConfigDevFile)=“false”(先前值:“true”)
       C:\Program Files\dotnet\sdk\9.0.308\Sdks\Microsoft.NET.Sdk\targets\Microsoft.NET.Sdk.targets(97,5): message : 值为“C:\Users\admin”的属性“USERPROFILE”从环境中展开。
       C:\Program Files\dotnet\sdk\9.0.308\Sdks\Microsoft.NET.Sdk\targets\Microsoft.NET.Sdk.targets(97,5): message : 在 C:\Program Files\dotnet\sdk\9.0.308\Sdks\Microsoft.NET.Sdk\targets\Microsoft.NET.Sdk.targets (97,5) 处重新分配属性: $(_DefaultUserProfileRuntimeStorePath)=“C:\Users\admin”(先前值:“”)
       C:\Program Files\dotnet\sdk\9.0.308\Sdks\Microsoft.NET.Sdk\targets\Microsoft.NET.Sdk.targets(98,5): message : 在 C:\Program Files\dotnet\sdk\9.0.308\Sdks\Microsoft.NET.Sdk\targets\Microsoft.NET.Sdk.targets (98,5) 处重新分配属性: $(_DefaultUserProfileRuntimeStorePath)=“C:\Users\admin\.dotnet\store”(先前值:“C:\Users\admin”)
       C:\Program Files\dotnet\sdk\9.0.308\Sdks\Microsoft.NET.Sdk\targets\Microsoft.NET.Sdk.targets(140,5): message : 在 C:\Program Files\dotnet\sdk\9.0.308\Sdks\Microsoft.NET.Sdk\targets\Microsoft.NET.Sdk.targets (140,5) 处重新分配属性: $(AvailablePlatforms)=“Any CPU,x86,x64,ARM32”(先前值:“Any CPU,x86,x64”)
       C:\Program Files\dotnet\sdk\9.0.308\Sdks\Microsoft.NET.Sdk\targets\Microsoft.NET.Sdk.targets(144,5): message : 在 C:\Program Files\dotnet\sdk\9.0.308\Sdks\Microsoft.NET.Sdk\targets\Microsoft.NET.Sdk.targets (144,5) 处重新分配属性: $(AvailablePlatforms)=“Any CPU,x86,x64,ARM32,ARM64”(先前值:“Any CPU,x86,x64,ARM32”)
       C:\Program Files\dotnet\sdk\9.0.308\Sdks\Microsoft.NET.Sdk\targets\Microsoft.NET.Sdk.targets(201,5): message : 在 C:\Program Files\dotnet\sdk\9.0.308\Sdks\Microsoft.NET.Sdk\targets\Microsoft.NET.Sdk.targets (201,5) 处重新分配属性: $(CoreBuildDependsOn)=“
       C:\Program Files\dotnet\sdk\9.0.308\Sdks\Microsoft.NET.Sdk\targets\Microsoft.NET.Sdk.targets(201,5): message :       _CheckForBuildWithNoBuild;
       C:\Program Files\dotnet\sdk\9.0.308\Sdks\Microsoft.NET.Sdk\targets\Microsoft.NET.Sdk.targets(201,5): message :       
       C:\Program Files\dotnet\sdk\9.0.308\Sdks\Microsoft.NET.Sdk\targets\Microsoft.NET.Sdk.targets(201,5): message :       BuildOnlySettings;
       C:\Program Files\dotnet\sdk\9.0.308\Sdks\Microsoft.NET.Sdk\targets\Microsoft.NET.Sdk.targets(201,5): message :       PrepareForBuild;
       C:\Program Files\dotnet\sdk\9.0.308\Sdks\Microsoft.NET.Sdk\targets\Microsoft.NET.Sdk.targets(201,5): message :       PreBuildEvent;
       C:\Program Files\dotnet\sdk\9.0.308\Sdks\Microsoft.NET.Sdk\targets\Microsoft.NET.Sdk.targets(201,5): message :       ResolveReferences;
       C:\Program Files\dotnet\sdk\9.0.308\Sdks\Microsoft.NET.Sdk\targets\Microsoft.NET.Sdk.targets(201,5): message :       PrepareResources;
       C:\Program Files\dotnet\sdk\9.0.308\Sdks\Microsoft.NET.Sdk\targets\Microsoft.NET.Sdk.targets(201,5): message :       ResolveKeySource;
       C:\Program Files\dotnet\sdk\9.0.308\Sdks\Microsoft.NET.Sdk\targets\Microsoft.NET.Sdk.targets(201,5): message :       Compile;
       C:\Program Files\dotnet\sdk\9.0.308\Sdks\Microsoft.NET.Sdk\targets\Microsoft.NET.Sdk.targets(201,5): message :       ExportWindowsMDFile;
       C:\Program Files\dotnet\sdk\9.0.308\Sdks\Microsoft.NET.Sdk\targets\Microsoft.NET.Sdk.targets(201,5): message :       UnmanagedUnregistration;
       C:\Program Files\dotnet\sdk\9.0.308\Sdks\Microsoft.NET.Sdk\targets\Microsoft.NET.Sdk.targets(201,5): message :       GenerateSerializationAssemblies;
       C:\Program Files\dotnet\sdk\9.0.308\Sdks\Microsoft.NET.Sdk\targets\Microsoft.NET.Sdk.targets(201,5): message :       CreateSatelliteAssemblies;
       C:\Program Files\dotnet\sdk\9.0.308\Sdks\Microsoft.NET.Sdk\targets\Microsoft.NET.Sdk.targets(201,5): message :       GenerateManifests;
       C:\Program Files\dotnet\sdk\9.0.308\Sdks\Microsoft.NET.Sdk\targets\Microsoft.NET.Sdk.targets(201,5): message :       GetTargetPath;
       C:\Program Files\dotnet\sdk\9.0.308\Sdks\Microsoft.NET.Sdk\targets\Microsoft.NET.Sdk.targets(201,5): message :       PrepareForRun;
       C:\Program Files\dotnet\sdk\9.0.308\Sdks\Microsoft.NET.Sdk\targets\Microsoft.NET.Sdk.targets(201,5): message :       UnmanagedRegistration;
       C:\Program Files\dotnet\sdk\9.0.308\Sdks\Microsoft.NET.Sdk\targets\Microsoft.NET.Sdk.targets(201,5): message :       IncrementalClean;
       C:\Program Files\dotnet\sdk\9.0.308\Sdks\Microsoft.NET.Sdk\targets\Microsoft.NET.Sdk.targets(201,5): message :       PostBuildEvent
       C:\Program Files\dotnet\sdk\9.0.308\Sdks\Microsoft.NET.Sdk\targets\Microsoft.NET.Sdk.targets(201,5): message :     ;
       C:\Program Files\dotnet\sdk\9.0.308\Sdks\Microsoft.NET.Sdk\targets\Microsoft.NET.Sdk.targets(201,5): message :       GenerateBuildDependencyFile;
       C:\Program Files\dotnet\sdk\9.0.308\Sdks\Microsoft.NET.Sdk\targets\Microsoft.NET.Sdk.targets(201,5): message :       GenerateBuildRuntimeConfigurationFiles
       C:\Program Files\dotnet\sdk\9.0.308\Sdks\Microsoft.NET.Sdk\targets\Microsoft.NET.Sdk.targets(201,5): message :     ”(先前值:“
       C:\Program Files\dotnet\sdk\9.0.308\Sdks\Microsoft.NET.Sdk\targets\Microsoft.NET.Sdk.targets(201,5): message :       BuildOnlySettings;
       C:\Program Files\dotnet\sdk\9.0.308\Sdks\Microsoft.NET.Sdk\targets\Microsoft.NET.Sdk.targets(201,5): message :       PrepareForBuild;
       C:\Program Files\dotnet\sdk\9.0.308\Sdks\Microsoft.NET.Sdk\targets\Microsoft.NET.Sdk.targets(201,5): message :       PreBuildEvent;
       C:\Program Files\dotnet\sdk\9.0.308\Sdks\Microsoft.NET.Sdk\targets\Microsoft.NET.Sdk.targets(201,5): message :       ResolveReferences;
       C:\Program Files\dotnet\sdk\9.0.308\Sdks\Microsoft.NET.Sdk\targets\Microsoft.NET.Sdk.targets(201,5): message :       PrepareResources;
       C:\Program Files\dotnet\sdk\9.0.308\Sdks\Microsoft.NET.Sdk\targets\Microsoft.NET.Sdk.targets(201,5): message :       ResolveKeySource;
       C:\Program Files\dotnet\sdk\9.0.308\Sdks\Microsoft.NET.Sdk\targets\Microsoft.NET.Sdk.targets(201,5): message :       Compile;
       C:\Program Files\dotnet\sdk\9.0.308\Sdks\Microsoft.NET.Sdk\targets\Microsoft.NET.Sdk.targets(201,5): message :       ExportWindowsMDFile;
       C:\Program Files\dotnet\sdk\9.0.308\Sdks\Microsoft.NET.Sdk\targets\Microsoft.NET.Sdk.targets(201,5): message :       UnmanagedUnregistration;
       C:\Program Files\dotnet\sdk\9.0.308\Sdks\Microsoft.NET.Sdk\targets\Microsoft.NET.Sdk.targets(201,5): message :       GenerateSerializationAssemblies;
       C:\Program Files\dotnet\sdk\9.0.308\Sdks\Microsoft.NET.Sdk\targets\Microsoft.NET.Sdk.targets(201,5): message :       CreateSatelliteAssemblies;
       C:\Program Files\dotnet\sdk\9.0.308\Sdks\Microsoft.NET.Sdk\targets\Microsoft.NET.Sdk.targets(201,5): message :       GenerateManifests;
       C:\Program Files\dotnet\sdk\9.0.308\Sdks\Microsoft.NET.Sdk\targets\Microsoft.NET.Sdk.targets(201,5): message :       GetTargetPath;
       C:\Program Files\dotnet\sdk\9.0.308\Sdks\Microsoft.NET.Sdk\targets\Microsoft.NET.Sdk.targets(201,5): message :       PrepareForRun;
       C:\Program Files\dotnet\sdk\9.0.308\Sdks\Microsoft.NET.Sdk\targets\Microsoft.NET.Sdk.targets(201,5): message :       UnmanagedRegistration;
       C:\Program Files\dotnet\sdk\9.0.308\Sdks\Microsoft.NET.Sdk\targets\Microsoft.NET.Sdk.targets(201,5): message :       IncrementalClean;
       C:\Program Files\dotnet\sdk\9.0.308\Sdks\Microsoft.NET.Sdk\targets\Microsoft.NET.Sdk.targets(201,5): message :       PostBuildEvent
       C:\Program Files\dotnet\sdk\9.0.308\Sdks\Microsoft.NET.Sdk\targets\Microsoft.NET.Sdk.targets(201,5): message :     ”)
       C:\Program Files\dotnet\sdk\9.0.308\Sdks\Microsoft.NET.Sdk\targets\Microsoft.NET.Sdk.targets(210,5): message : 在 C:\Program Files\dotnet\sdk\9.0.308\Sdks\Microsoft.NET.Sdk\targets\Microsoft.NET.Sdk.targets (210,5) 处重新分配属性: $(CoreCleanDependsOn)=“
       C:\Program Files\dotnet\sdk\9.0.308\Sdks\Microsoft.NET.Sdk\targets\Microsoft.NET.Sdk.targets(210,5): message :       _SdkBeforeClean;
       C:\Program Files\dotnet\sdk\9.0.308\Sdks\Microsoft.NET.Sdk\targets\Microsoft.NET.Sdk.targets(210,5): message :       
       C:\Program Files\dotnet\sdk\9.0.308\Sdks\Microsoft.NET.Sdk\targets\Microsoft.NET.Sdk.targets(210,5): message :     ”(先前值:“”)
       C:\Program Files\dotnet\sdk\9.0.308\Sdks\Microsoft.NET.Sdk\targets\Microsoft.NET.Sdk.targets(217,5): message : 在 C:\Program Files\dotnet\sdk\9.0.308\Sdks\Microsoft.NET.Sdk\targets\Microsoft.NET.Sdk.targets (217,5) 处重新分配属性: $(RebuildDependsOn)=“
       C:\Program Files\dotnet\sdk\9.0.308\Sdks\Microsoft.NET.Sdk\targets\Microsoft.NET.Sdk.targets(217,5): message :       _SdkBeforeRebuild;
       C:\Program Files\dotnet\sdk\9.0.308\Sdks\Microsoft.NET.Sdk\targets\Microsoft.NET.Sdk.targets(217,5): message :       
       C:\Program Files\dotnet\sdk\9.0.308\Sdks\Microsoft.NET.Sdk\targets\Microsoft.NET.Sdk.targets(217,5): message :       BeforeRebuild;
       C:\Program Files\dotnet\sdk\9.0.308\Sdks\Microsoft.NET.Sdk\targets\Microsoft.NET.Sdk.targets(217,5): message :       Clean;
       C:\Program Files\dotnet\sdk\9.0.308\Sdks\Microsoft.NET.Sdk\targets\Microsoft.NET.Sdk.targets(217,5): message :       Build;
       C:\Program Files\dotnet\sdk\9.0.308\Sdks\Microsoft.NET.Sdk\targets\Microsoft.NET.Sdk.targets(217,5): message :       AfterRebuild;
       C:\Program Files\dotnet\sdk\9.0.308\Sdks\Microsoft.NET.Sdk\targets\Microsoft.NET.Sdk.targets(217,5): message :     
       C:\Program Files\dotnet\sdk\9.0.308\Sdks\Microsoft.NET.Sdk\targets\Microsoft.NET.Sdk.targets(217,5): message :     ”(先前值:“
       C:\Program Files\dotnet\sdk\9.0.308\Sdks\Microsoft.NET.Sdk\targets\Microsoft.NET.Sdk.targets(217,5): message :       BeforeRebuild;
       C:\Program Files\dotnet\sdk\9.0.308\Sdks\Microsoft.NET.Sdk\targets\Microsoft.NET.Sdk.targets(217,5): message :       Clean;
       C:\Program Files\dotnet\sdk\9.0.308\Sdks\Microsoft.NET.Sdk\targets\Microsoft.NET.Sdk.targets(217,5): message :       Build;
       C:\Program Files\dotnet\sdk\9.0.308\Sdks\Microsoft.NET.Sdk\targets\Microsoft.NET.Sdk.targets(217,5): message :       AfterRebuild;
       C:\Program Files\dotnet\sdk\9.0.308\Sdks\Microsoft.NET.Sdk\targets\Microsoft.NET.Sdk.targets(217,5): message :     ”)
       C:\Program Files\dotnet\sdk\9.0.308\Sdks\Microsoft.NET.Sdk\targets\Microsoft.NET.Sdk.targets(784,5): message : 在 C:\Program Files\dotnet\sdk\9.0.308\Sdks\Microsoft.NET.Sdk\targets\Microsoft.NET.Sdk.targets (784,5) 处重新分配属性: $(CompileDependsOn)=“
       C:\Program Files\dotnet\sdk\9.0.308\Sdks\Microsoft.NET.Sdk\targets\Microsoft.NET.Sdk.targets(784,5): message :       
       C:\Program Files\dotnet\sdk\9.0.308\Sdks\Microsoft.NET.Sdk\targets\Microsoft.NET.Sdk.targets(784,5): message :       ResolveReferences;
       C:\Program Files\dotnet\sdk\9.0.308\Sdks\Microsoft.NET.Sdk\targets\Microsoft.NET.Sdk.targets(784,5): message :       ResolveKeySource;
       C:\Program Files\dotnet\sdk\9.0.308\Sdks\Microsoft.NET.Sdk\targets\Microsoft.NET.Sdk.targets(784,5): message :       SetWin32ManifestProperties;
       C:\Program Files\dotnet\sdk\9.0.308\Sdks\Microsoft.NET.Sdk\targets\Microsoft.NET.Sdk.targets(784,5): message :       _SetPreferNativeArm64Win32ManifestProperties;
       C:\Program Files\dotnet\sdk\9.0.308\Sdks\Microsoft.NET.Sdk\targets\Microsoft.NET.Sdk.targets(784,5): message :       FindReferenceAssembliesForReferences;
       C:\Program Files\dotnet\sdk\9.0.308\Sdks\Microsoft.NET.Sdk\targets\Microsoft.NET.Sdk.targets(784,5): message :       _GenerateCompileInputs;
       C:\Program Files\dotnet\sdk\9.0.308\Sdks\Microsoft.NET.Sdk\targets\Microsoft.NET.Sdk.targets(784,5): message :       BeforeCompile;
       C:\Program Files\dotnet\sdk\9.0.308\Sdks\Microsoft.NET.Sdk\targets\Microsoft.NET.Sdk.targets(784,5): message :       _TimeStampBeforeCompile;
       C:\Program Files\dotnet\sdk\9.0.308\Sdks\Microsoft.NET.Sdk\targets\Microsoft.NET.Sdk.targets(784,5): message :       _GenerateCompileDependencyCache;
       C:\Program Files\dotnet\sdk\9.0.308\Sdks\Microsoft.NET.Sdk\targets\Microsoft.NET.Sdk.targets(784,5): message :       CoreCompile;
       C:\Program Files\dotnet\sdk\9.0.308\Sdks\Microsoft.NET.Sdk\targets\Microsoft.NET.Sdk.targets(784,5): message :       _TimeStampAfterCompile;
       C:\Program Files\dotnet\sdk\9.0.308\Sdks\Microsoft.NET.Sdk\targets\Microsoft.NET.Sdk.targets(784,5): message :       AfterCompile;
       C:\Program Files\dotnet\sdk\9.0.308\Sdks\Microsoft.NET.Sdk\targets\Microsoft.NET.Sdk.targets(784,5): message :     ;
       C:\Program Files\dotnet\sdk\9.0.308\Sdks\Microsoft.NET.Sdk\targets\Microsoft.NET.Sdk.targets(784,5): message :       _CreateAppHost;
       C:\Program Files\dotnet\sdk\9.0.308\Sdks\Microsoft.NET.Sdk\targets\Microsoft.NET.Sdk.targets(784,5): message :       _CreateComHost;
       C:\Program Files\dotnet\sdk\9.0.308\Sdks\Microsoft.NET.Sdk\targets\Microsoft.NET.Sdk.targets(784,5): message :       _GetIjwHostPaths;
       C:\Program Files\dotnet\sdk\9.0.308\Sdks\Microsoft.NET.Sdk\targets\Microsoft.NET.Sdk.targets(784,5): message :     ”(先前值:“
       C:\Program Files\dotnet\sdk\9.0.308\Sdks\Microsoft.NET.Sdk\targets\Microsoft.NET.Sdk.targets(784,5): message :       ResolveReferences;
       C:\Program Files\dotnet\sdk\9.0.308\Sdks\Microsoft.NET.Sdk\targets\Microsoft.NET.Sdk.targets(784,5): message :       ResolveKeySource;
       C:\Program Files\dotnet\sdk\9.0.308\Sdks\Microsoft.NET.Sdk\targets\Microsoft.NET.Sdk.targets(784,5): message :       SetWin32ManifestProperties;
       C:\Program Files\dotnet\sdk\9.0.308\Sdks\Microsoft.NET.Sdk\targets\Microsoft.NET.Sdk.targets(784,5): message :       _SetPreferNativeArm64Win32ManifestProperties;
       C:\Program Files\dotnet\sdk\9.0.308\Sdks\Microsoft.NET.Sdk\targets\Microsoft.NET.Sdk.targets(784,5): message :       FindReferenceAssembliesForReferences;
       C:\Program Files\dotnet\sdk\9.0.308\Sdks\Microsoft.NET.Sdk\targets\Microsoft.NET.Sdk.targets(784,5): message :       _GenerateCompileInputs;
       C:\Program Files\dotnet\sdk\9.0.308\Sdks\Microsoft.NET.Sdk\targets\Microsoft.NET.Sdk.targets(784,5): message :       BeforeCompile;
       C:\Program Files\dotnet\sdk\9.0.308\Sdks\Microsoft.NET.Sdk\targets\Microsoft.NET.Sdk.targets(784,5): message :       _TimeStampBeforeCompile;
       C:\Program Files\dotnet\sdk\9.0.308\Sdks\Microsoft.NET.Sdk\targets\Microsoft.NET.Sdk.targets(784,5): message :       _GenerateCompileDependencyCache;
       C:\Program Files\dotnet\sdk\9.0.308\Sdks\Microsoft.NET.Sdk\targets\Microsoft.NET.Sdk.targets(784,5): message :       CoreCompile;
       C:\Program Files\dotnet\sdk\9.0.308\Sdks\Microsoft.NET.Sdk\targets\Microsoft.NET.Sdk.targets(784,5): message :       _TimeStampAfterCompile;
       C:\Program Files\dotnet\sdk\9.0.308\Sdks\Microsoft.NET.Sdk\targets\Microsoft.NET.Sdk.targets(784,5): message :       AfterCompile;
       C:\Program Files\dotnet\sdk\9.0.308\Sdks\Microsoft.NET.Sdk\targets\Microsoft.NET.Sdk.targets(784,5): message :     ”)
       C:\Program Files\dotnet\sdk\9.0.308\Sdks\Microsoft.NET.Sdk\targets\Microsoft.NET.Sdk.targets(1184,5): message : 在 C:\Program Files\dotnet\sdk\9.0.308\Sdks\Microsoft.NET.Sdk\targets\Microsoft.NET.Sdk.targets (1184,5) 处重新分配属性: $(CreateSatelliteAssembliesDependsOn)=“
       C:\Program Files\dotnet\sdk\9.0.308\Sdks\Microsoft.NET.Sdk\targets\Microsoft.NET.Sdk.targets(1184,5): message :       
       C:\Program Files\dotnet\sdk\9.0.308\Sdks\Microsoft.NET.Sdk\targets\Microsoft.NET.Sdk.targets(1184,5): message :       ;
       C:\Program Files\dotnet\sdk\9.0.308\Sdks\Microsoft.NET.Sdk\targets\Microsoft.NET.Sdk.targets(1184,5): message :       _GenerateSatelliteAssemblyInputs;
       C:\Program Files\dotnet\sdk\9.0.308\Sdks\Microsoft.NET.Sdk\targets\Microsoft.NET.Sdk.targets(1184,5): message :       ComputeIntermediateSatelliteAssemblies;
       C:\Program Files\dotnet\sdk\9.0.308\Sdks\Microsoft.NET.Sdk\targets\Microsoft.NET.Sdk.targets(1184,5): message :       GenerateSatelliteAssemblies
       C:\Program Files\dotnet\sdk\9.0.308\Sdks\Microsoft.NET.Sdk\targets\Microsoft.NET.Sdk.targets(1184,5): message :     ;
       C:\Program Files\dotnet\sdk\9.0.308\Sdks\Microsoft.NET.Sdk\targets\Microsoft.NET.Sdk.targets(1184,5): message :       CoreGenerateSatelliteAssemblies
       C:\Program Files\dotnet\sdk\9.0.308\Sdks\Microsoft.NET.Sdk\targets\Microsoft.NET.Sdk.targets(1184,5): message :     ”(先前值:“
       C:\Program Files\dotnet\sdk\9.0.308\Sdks\Microsoft.NET.Sdk\targets\Microsoft.NET.Sdk.targets(1184,5): message :       ;
       C:\Program Files\dotnet\sdk\9.0.308\Sdks\Microsoft.NET.Sdk\targets\Microsoft.NET.Sdk.targets(1184,5): message :       _GenerateSatelliteAssemblyInputs;
       C:\Program Files\dotnet\sdk\9.0.308\Sdks\Microsoft.NET.Sdk\targets\Microsoft.NET.Sdk.targets(1184,5): message :       ComputeIntermediateSatelliteAssemblies;
       C:\Program Files\dotnet\sdk\9.0.308\Sdks\Microsoft.NET.Sdk\targets\Microsoft.NET.Sdk.targets(1184,5): message :       GenerateSatelliteAssemblies
       C:\Program Files\dotnet\sdk\9.0.308\Sdks\Microsoft.NET.Sdk\targets\Microsoft.NET.Sdk.targets(1184,5): message :     ”)
       C:\Program Files\dotnet\sdk\9.0.308\Sdks\Microsoft.SourceLink.GitLab\build\Microsoft.SourceLink.GitLab.targets(12,5): message : 在 C:\Program Files\dotnet\sdk\9.0.308\Sdks\Microsoft.SourceLink.GitLab\build\Microsoft.SourceLink.GitLab.targets (12,5) 处重新分配属性: $(SourceLinkUrlInitializerTargets)=“;_InitializeGitHubSourceLinkUrl;_InitializeGitLabSourceLinkUrl”(先前值:“;_InitializeGitHubSourceLinkUrl”)
       C:\Program Files\dotnet\sdk\9.0.308\Sdks\Microsoft.SourceLink.GitLab\build\Microsoft.SourceLink.GitLab.targets(13,5): message : 在 C:\Program Files\dotnet\sdk\9.0.308\Sdks\Microsoft.SourceLink.GitLab\build\Microsoft.SourceLink.GitLab.targets (13,5) 处重新分配属性: $(SourceControlManagerUrlTranslationTargets)=“;TranslateGitHubUrlsInSourceControlInformation;TranslateGitLabUrlsInSourceControlInformation”(先前值:“;TranslateGitHubUrlsInSourceControlInformation”)
       C:\Program Files\dotnet\sdk\9.0.308\Sdks\Microsoft.SourceLink.AzureRepos.Git\build\Microsoft.SourceLink.AzureRepos.Git.targets(12,5): message : 在 C:\Program Files\dotnet\sdk\9.0.308\Sdks\Microsoft.SourceLink.AzureRepos.Git\build\Microsoft.SourceLink.AzureRepos.Git.targets (12,5) 处重新分配属性: $(SourceLinkUrlInitializerTargets)=“;_InitializeGitHubSourceLinkUrl;_InitializeGitLabSourceLinkUrl;_InitializeAzureReposGitSourceLinkUrl”(先前值:“;_InitializeGitHubSourceLinkUrl;_InitializeGitLabSourceLinkUrl”)
       C:\Program Files\dotnet\sdk\9.0.308\Sdks\Microsoft.SourceLink.AzureRepos.Git\build\Microsoft.SourceLink.AzureRepos.Git.targets(13,5): message : 在 C:\Program Files\dotnet\sdk\9.0.308\Sdks\Microsoft.SourceLink.AzureRepos.Git\build\Microsoft.SourceLink.AzureRepos.Git.targets (13,5) 处重新分配属性: $(SourceControlManagerUrlTranslationTargets)=“;TranslateGitHubUrlsInSourceControlInformation;TranslateGitLabUrlsInSourceControlInformation;TranslateAzureReposGitUrlsInSourceControlInformation”(先前值:“;TranslateGitHubUrlsInSourceControlInformation;TranslateGitLabUrlsInSourceControlInformation”)
       C:\Program Files\dotnet\sdk\9.0.308\Sdks\Microsoft.SourceLink.Bitbucket.Git\build\Microsoft.SourceLink.Bitbucket.Git.targets(12,5): message : 在 C:\Program Files\dotnet\sdk\9.0.308\Sdks\Microsoft.SourceLink.Bitbucket.Git\build\Microsoft.SourceLink.Bitbucket.Git.targets (12,5) 处重新分配属性: $(SourceLinkUrlInitializerTargets)=“;_InitializeGitHubSourceLinkUrl;_InitializeGitLabSourceLinkUrl;_InitializeAzureReposGitSourceLinkUrl;_InitializeBitbucketGitSourceLinkUrl”(先前值:“;_InitializeGitHubSourceLinkUrl;_InitializeGitLabSourceLinkUrl;_InitializeAzureReposGitSourceLinkUrl”)
       C:\Program Files\dotnet\sdk\9.0.308\Sdks\Microsoft.SourceLink.Bitbucket.Git\build\Microsoft.SourceLink.Bitbucket.Git.targets(13,5): message : 在 C:\Program Files\dotnet\sdk\9.0.308\Sdks\Microsoft.SourceLink.Bitbucket.Git\build\Microsoft.SourceLink.Bitbucket.Git.targets (13,5) 处重新分配属性: $(SourceControlManagerUrlTranslationTargets)=“;TranslateGitHubUrlsInSourceControlInformation;TranslateGitLabUrlsInSourceControlInformation;TranslateAzureReposGitUrlsInSourceControlInformation;TranslateBitbucketGitUrlsInSourceControlInformation”(先前值:“;TranslateGitHubUrlsInSourceControlInformation;TranslateGitLabUrlsInSourceControlInformation;TranslateAzureReposGitUrlsInSourceControlInformation”)
       C:\Program Files\dotnet\sdk\9.0.308\Sdks\Microsoft.NET.Sdk\targets\Microsoft.NET.DesignerSupport.targets(21,5): message : 在 C:\Program Files\dotnet\sdk\9.0.308\Sdks\Microsoft.NET.Sdk\targets\Microsoft.NET.DesignerSupport.targets (21,5) 处重新分配属性: $(DesignerRuntimeImplementationProjectOutputGroupDependsOn)=“
       C:\Program Files\dotnet\sdk\9.0.308\Sdks\Microsoft.NET.Sdk\targets\Microsoft.NET.DesignerSupport.targets(21,5): message :       
       C:\Program Files\dotnet\sdk\9.0.308\Sdks\Microsoft.NET.Sdk\targets\Microsoft.NET.DesignerSupport.targets(21,5): message :       ;
       C:\Program Files\dotnet\sdk\9.0.308\Sdks\Microsoft.NET.Sdk\targets\Microsoft.NET.DesignerSupport.targets(21,5): message :       
       C:\Program Files\dotnet\sdk\9.0.308\Sdks\Microsoft.NET.Sdk\targets\Microsoft.NET.DesignerSupport.targets(21,5): message :       ;
       C:\Program Files\dotnet\sdk\9.0.308\Sdks\Microsoft.NET.Sdk\targets\Microsoft.NET.DesignerSupport.targets(21,5): message :       BuildOnlySettings;
       C:\Program Files\dotnet\sdk\9.0.308\Sdks\Microsoft.NET.Sdk\targets\Microsoft.NET.DesignerSupport.targets(21,5): message :       PrepareForBuild;
       C:\Program Files\dotnet\sdk\9.0.308\Sdks\Microsoft.NET.Sdk\targets\Microsoft.NET.DesignerSupport.targets(21,5): message :       AssignTargetPaths;
       C:\Program Files\dotnet\sdk\9.0.308\Sdks\Microsoft.NET.Sdk\targets\Microsoft.NET.DesignerSupport.targets(21,5): message :       ResolveReferences
       C:\Program Files\dotnet\sdk\9.0.308\Sdks\Microsoft.NET.Sdk\targets\Microsoft.NET.DesignerSupport.targets(21,5): message :     
       C:\Program Files\dotnet\sdk\9.0.308\Sdks\Microsoft.NET.Sdk\targets\Microsoft.NET.DesignerSupport.targets(21,5): message :     ;
       C:\Program Files\dotnet\sdk\9.0.308\Sdks\Microsoft.NET.Sdk\targets\Microsoft.NET.DesignerSupport.targets(21,5): message :       _GenerateDesignerDepsFile;
       C:\Program Files\dotnet\sdk\9.0.308\Sdks\Microsoft.NET.Sdk\targets\Microsoft.NET.DesignerSupport.targets(21,5): message :       _GenerateDesignerRuntimeConfigFile;
       C:\Program Files\dotnet\sdk\9.0.308\Sdks\Microsoft.NET.Sdk\targets\Microsoft.NET.DesignerSupport.targets(21,5): message :       GetCopyToOutputDirectoryItems;
       C:\Program Files\dotnet\sdk\9.0.308\Sdks\Microsoft.NET.Sdk\targets\Microsoft.NET.DesignerSupport.targets(21,5): message :       _GatherDesignerShadowCopyFiles;
       C:\Program Files\dotnet\sdk\9.0.308\Sdks\Microsoft.NET.Sdk\targets\Microsoft.NET.DesignerSupport.targets(21,5): message :     ”(先前值:“
       C:\Program Files\dotnet\sdk\9.0.308\Sdks\Microsoft.NET.Sdk\targets\Microsoft.NET.DesignerSupport.targets(21,5): message :       ;
       C:\Program Files\dotnet\sdk\9.0.308\Sdks\Microsoft.NET.Sdk\targets\Microsoft.NET.DesignerSupport.targets(21,5): message :       
       C:\Program Files\dotnet\sdk\9.0.308\Sdks\Microsoft.NET.Sdk\targets\Microsoft.NET.DesignerSupport.targets(21,5): message :       ;
       C:\Program Files\dotnet\sdk\9.0.308\Sdks\Microsoft.NET.Sdk\targets\Microsoft.NET.DesignerSupport.targets(21,5): message :       BuildOnlySettings;
       C:\Program Files\dotnet\sdk\9.0.308\Sdks\Microsoft.NET.Sdk\targets\Microsoft.NET.DesignerSupport.targets(21,5): message :       PrepareForBuild;
       C:\Program Files\dotnet\sdk\9.0.308\Sdks\Microsoft.NET.Sdk\targets\Microsoft.NET.DesignerSupport.targets(21,5): message :       AssignTargetPaths;
       C:\Program Files\dotnet\sdk\9.0.308\Sdks\Microsoft.NET.Sdk\targets\Microsoft.NET.DesignerSupport.targets(21,5): message :       ResolveReferences
       C:\Program Files\dotnet\sdk\9.0.308\Sdks\Microsoft.NET.Sdk\targets\Microsoft.NET.DesignerSupport.targets(21,5): message :     
       C:\Program Files\dotnet\sdk\9.0.308\Sdks\Microsoft.NET.Sdk\targets\Microsoft.NET.DesignerSupport.targets(21,5): message :     ”)
       C:\Program Files\dotnet\sdk\9.0.308\Sdks\Microsoft.NET.Sdk\targets\Microsoft.NET.PackTool.targets(68,5): message : 在 C:\Program Files\dotnet\sdk\9.0.308\Sdks\Microsoft.NET.Sdk\targets\Microsoft.NET.PackTool.targets (68,5) 处重新分配属性: $(_GenerateToolsSettingsFileCacheFile)=“d:\MyProject\FrontCRM(C#)\tests\CRM.Core.Tests\obj\Debug\net9.0\CRM.Core.Tests.toolssettingsinput.cache”(先前值:“obj\Debug\net9.0\CRM.Core.Tests.toolssettingsinput.cache”)
       C:\Program Files\dotnet\sdk\9.0.308\Sdks\Microsoft.NET.Sdk\targets\Microsoft.NET.PackTool.targets(137,5): message : 在 C:\Program Files\dotnet\sdk\9.0.308\Sdks\Microsoft.NET.Sdk\targets\Microsoft.NET.PackTool.targets (137,5) 处重新分配属性: $(_ShimInputCacheFile)=“d:\MyProject\FrontCRM(C#)\tests\CRM.Core.Tests\obj\Debug\net9.0\CRM.Core.Tests.shiminput.cache”(先前值:“obj\Debug\net9.0\CRM.Core.Tests.shiminput.cache”)
       C:\Program Files\dotnet\sdk\9.0.308\Sdks\Microsoft.NET.Sdk\targets\Microsoft.NET.PackTool.targets(139,5): message : 在 C:\Program Files\dotnet\sdk\9.0.308\Sdks\Microsoft.NET.Sdk\targets\Microsoft.NET.PackTool.targets (139,5) 处重新分配属性: $(_ShimCreatedSentinelFile)=“d:\MyProject\FrontCRM(C#)\tests\CRM.Core.Tests\obj\Debug\net9.0\CRM.Core.Tests.shimcreated.sentinel”(先前值:“obj\Debug\net9.0\CRM.Core.Tests.shimcreated.sentinel”)
       C:\Program Files\dotnet\sdk\9.0.308\Sdks\Microsoft.NET.Sdk\targets\Microsoft.NET.Sdk.CSharp.targets(31,5): message : 在 C:\Program Files\dotnet\sdk\9.0.308\Sdks\Microsoft.NET.Sdk\targets\Microsoft.NET.Sdk.CSharp.targets (31,5) 处重新分配属性: $(DefineConstants)=“TRACE;DEBUG”(先前值:“TRACE”)
       C:\Program Files\dotnet\sdk\9.0.308\Sdks\Microsoft.NET.Sdk\targets\Microsoft.NET.Sdk.CSharp.targets(34,5): message : 在 C:\Program Files\dotnet\sdk\9.0.308\Sdks\Microsoft.NET.Sdk\targets\Microsoft.NET.Sdk.CSharp.targets (34,5) 处重新分配属性: $(DefineConstants)=“TRACE;DEBUG;NET;NET9_0;NETCOREAPP”(先前值:“TRACE;DEBUG”)
       C:\Program Files\dotnet\sdk\9.0.308\Sdks\Microsoft.NET.Sdk\targets\Microsoft.NET.Sdk.CSharp.targets(48,5): message : 在 C:\Program Files\dotnet\sdk\9.0.308\Sdks\Microsoft.NET.Sdk\targets\Microsoft.NET.Sdk.CSharp.targets (48,5) 处重新分配属性: $(WarningsAsErrors)=“;NU1605;SYSLIB0011”(先前值:“;NU1605”)
       C:\Program Files\dotnet\sdk\9.0.308\Sdks\NuGet.Build.Tasks.Pack\build\NuGet.Build.Tasks.Pack.targets(34,5): message : 在 C:\Program Files\dotnet\sdk\9.0.308\Sdks\NuGet.Build.Tasks.Pack\build\NuGet.Build.Tasks.Pack.targets (34,5) 处重新分配属性: $(PackageDescription)=“Package Description”(先前值:“”)
       C:\Program Files\dotnet\sdk\9.0.308\Sdks\NuGet.Build.Tasks.Pack\build\NuGet.Build.Tasks.Pack.targets(59,5): message : 在 C:\Program Files\dotnet\sdk\9.0.308\Sdks\NuGet.Build.Tasks.Pack\build\NuGet.Build.Tasks.Pack.targets (59,5) 处重新分配属性: $(GenerateNuspecDependsOn)=“Build;_LoadPackInputItems; _GetTargetFrameworksOutput; _WalkEachTargetPerFramework; _GetPackageFiles; ”(先前值:“_LoadPackInputItems; _GetTargetFrameworksOutput; _WalkEachTargetPerFramework; _GetPackageFiles; ”)
       C:\Program Files\dotnet\sdk\9.0.308\Sdks\Microsoft.NET.Sdk\Sdk\Sdk.targets(60,5): message : 在 C:\Program Files\dotnet\sdk\9.0.308\Sdks\Microsoft.NET.Sdk\Sdk\Sdk.targets (60,5) 处重新分配属性: $(_IsNotSetContainersTargetsDir)=“true”(先前值:“false”)
       C:\Program Files\dotnet\sdk\9.0.308\Containers\build\Microsoft.NET.Build.Containers.targets(5,5): message : 在 C:\Program Files\dotnet\sdk\9.0.308\Containers\build\Microsoft.NET.Build.Containers.targets (5,5) 处重新分配属性: $(_IsSDKContainerAllowedVersion)=“true”(先前值:“false”)
       C:\Program Files\dotnet\sdk\9.0.308\Containers\build\Microsoft.NET.Build.Containers.targets(15,5): message : 在 C:\Program Files\dotnet\sdk\9.0.308\Containers\build\Microsoft.NET.Build.Containers.targets (15,5) 处重新分配属性: $(_ContainerIsTargetingNet8TFM)=“true”(先前值:“false”)
       正在使用项目“C:\Program Files\dotnet\sdk\9.0.308\Sdks\Microsoft.NET.Sdk\targets\Microsoft.NET.Sdk.FrameworkReferenceResolution.targets”中的目标“ResolveFrameworkReferences”重写项目“C:\Program Files\dotnet\sdk\9.0.308\Microsoft.Common.CurrentVersion.targets”中的目标“ResolveFrameworkReferences”。
       正在使用项目“C:\Program Files\dotnet\sdk\9.0.308\Sdks\Microsoft.NET.Sdk\targets\Microsoft.NET.Sdk.targets”中的目标“Run”重写项目“C:\Program Files\dotnet\sdk\9.0.308\Microsoft.Common.CurrentVersion.targets”中的目标“Run”。
       正在使用项目“C:\Program Files\dotnet\sdk\9.0.308\Sdks\Microsoft.NET.Sdk\targets\Microsoft.NET.Sdk.targets”中的目标“GenerateSupportedTargetFrameworkAlias”重写项目“C:\Program Files\dotnet\sdk\9.0.308\Microsoft.Common.CurrentVersion.targets”中的目标“GenerateSupportedTargetFrameworkAlias”。
       正在使用项目“C:\Program Files\dotnet\sdk\9.0.308\Sdks\Microsoft.NET.Sdk\targets\Microsoft.NET.DisableStandardFrameworkResolution.targets”中的目标“GetReferenceAssemblyPaths”重写项目“C:\Program Files\dotnet\sdk\9.0.308\Microsoft.Common.CurrentVersion.targets”中的目标“GetReferenceAssemblyPaths”。
       正在使用项目“C:\Program Files\dotnet\sdk\9.0.308\Sdks\Microsoft.NET.Sdk\targets\Microsoft.NET.DisableStandardFrameworkResolution.targets”中的目标“GetFrameworkPaths”重写项目“C:\Program Files\dotnet\sdk\9.0.308\Microsoft.Common.CurrentVersion.targets”中的目标“GetFrameworkPaths”。
       正在使用项目“C:\Program Files\dotnet\sdk\9.0.308\Sdks\Microsoft.NET.Sdk\targets\Microsoft.NET.DesignerSupport.targets”中的目标“DesignerRuntimeImplementationProjectOutputGroup”重写项目“C:\Program Files\dotnet\sdk\9.0.308\Microsoft.Common.CurrentVersion.targets”中的目标“DesignerRuntimeImplementationProjectOutputGroup”。
       正在使用项目“C:\Program Files\dotnet\sdk\9.0.308\Sdks\Microsoft.NET.Sdk\targets\Microsoft.NET.Publish.targets”中的目标“Publish”重写项目“C:\Program Files\dotnet\sdk\9.0.308\Microsoft.Common.CurrentVersion.targets”中的目标“Publish”。
       正在使用项目“C:\Program Files\dotnet\sdk\9.0.308\Sdks\Microsoft.NET.Sdk\targets\Microsoft.NET.Publish.targets”中的目标“ResolveReadyToRunCompilers”重写项目“C:\Program Files\dotnet\sdk\9.0.308\Sdks\Microsoft.NET.Sdk\targets\Microsoft.NET.CrossGen.targets”中的目标“ResolveReadyToRunCompilers”。
       正在使用项目“C:\Program Files\dotnet\sdk\9.0.308\Sdks\Microsoft.NET.Sdk\targets\Microsoft.NET.Publish.targets”中的目标“GetCopyToPublishDirectoryItems”重写项目“C:\Program Files\dotnet\sdk\9.0.308\Microsoft.Common.CurrentVersion.targets”中的目标“GetCopyToPublishDirectoryItems”。
     1>项目“d:\MyProject\FrontCRM(C#)\tests\CRM.Core.Tests\CRM.Core.Tests.csproj”在节点 1 上(Restore 个目标)。
     1>来自项目“d:\MyProject\FrontCRM(C#)\tests\CRM.Core.Tests\CRM.Core.Tests.csproj”的文件“C:\Program Files\dotnet\sdk\9.0.308\NuGet.targets”中的目标“_LoadRestoreGraphEntryPoints”(目标“_FilterRestoreGraphProjectInputItems”依赖于它):
     1>由于 false 条件，已跳过任务“GetRestoreSolutionProjectsTask”；( $(MSBuildProjectFullPath.EndsWith('.metaproj')) == 'true' AND @(RestoreGraphProjectInputItems) == '' )计算为( False == 'true' AND d:\MyProject\FrontCRM(C#)\tests\CRM.Core.Tests\CRM.Core.Tests.csproj == '' )。
     1>已完成在项目“CRM.Core.Tests.csproj”中生成目标“_LoadRestoreGraphEntryPoints”的操作。
     1>来自项目“d:\MyProject\FrontCRM(C#)\tests\CRM.Core.Tests\CRM.Core.Tests.csproj”的文件“C:\Program Files\dotnet\sdk\9.0.308\NuGet.targets”中的目标“_FilterRestoreGraphProjectInputItems”(目标“_GenerateRestoreGraph”依赖于它):
       正在使用程序集“Microsoft.Build.Tasks.Core, Version=15.1.0.0, Culture=neutral, PublicKeyToken=b03f5f7f11d50a3a”中的“RemoveDuplicates”任务。
       任务“RemoveDuplicates”
       已完成执行任务“RemoveDuplicates”的操作。
       正在使用程序集“Microsoft.Build.Tasks.Core, Version=15.1.0.0, Culture=neutral, PublicKeyToken=b03f5f7f11d50a3a”中的“MSBuild”任务。
       任务“MSBuild”
         全局属性:
           ExcludeRestorePackageImports=true
     0>在 Evaluation 期间加载的程序集: System.Threading.Overlapped, Version=9.0.0.0, Culture=neutral, PublicKeyToken=b03f5f7f11d50a3a (位置: C:\Program Files\dotnet\shared\Microsoft.NETCore.App\9.0.11\System.Threading.Overlapped.dll，MVID: cd4efbbd-523d-433a-8af0-ad7b5ff87733，AssemblyLoadContext: Default)
       C:\Program Files\dotnet\sdk\9.0.308\Sdks\Microsoft.NET.Sdk\Sdk\Sdk.props(49,11): message : 值为“C:\Program Files\dotnet\sdk\9.0.308\”的属性“MSBuildExtensionsPath”从环境中展开。
       C:\Program Files\dotnet\sdk\9.0.308\Current\Microsoft.Common.props(60,5): message : 在 C:\Program Files\dotnet\sdk\9.0.308\Current\Microsoft.Common.props (60,5) 处重新分配属性: $(MSBuildProjectExtensionsPath)=“d:\MyProject\FrontCRM(C#)\tests\CRM.Core.Tests\obj\”(先前值:“obj\”)
       C:\Program Files\dotnet\sdk\9.0.308\Current\Microsoft.Common.props(84,119): message : 值为“C:\Users\admin\AppData\Local\Microsoft\MSBuild”的属性“MSBuildUserExtensionsPath”从环境中展开。
       C:\Program Files\dotnet\sdk\9.0.308\Sdks\Microsoft.NET.Sdk\targets\Microsoft.NET.Sdk.props(90,5): message : 在 C:\Program Files\dotnet\sdk\9.0.308\Sdks\Microsoft.NET.Sdk\targets\Microsoft.NET.Sdk.props (90,5) 处重新分配属性: $(AssemblySearchPaths)=“{CandidateAssemblyFiles};{HintPathFromItem}”(先前值:“{CandidateAssemblyFiles}”)
       C:\Program Files\dotnet\sdk\9.0.308\Sdks\Microsoft.NET.Sdk\targets\Microsoft.NET.Sdk.props(91,5): message : 在 C:\Program Files\dotnet\sdk\9.0.308\Sdks\Microsoft.NET.Sdk\targets\Microsoft.NET.Sdk.props (91,5) 处重新分配属性: $(AssemblySearchPaths)=“{CandidateAssemblyFiles};{HintPathFromItem};{TargetFrameworkDirectory}”(先前值:“{CandidateAssemblyFiles};{HintPathFromItem}”)
       C:\Program Files\dotnet\sdk\9.0.308\Sdks\Microsoft.NET.Sdk\targets\Microsoft.NET.Sdk.props(92,5): message : 在 C:\Program Files\dotnet\sdk\9.0.308\Sdks\Microsoft.NET.Sdk\targets\Microsoft.NET.Sdk.props (92,5) 处重新分配属性: $(AssemblySearchPaths)=“{CandidateAssemblyFiles};{HintPathFromItem};{TargetFrameworkDirectory};{RawFileName}”(先前值:“{CandidateAssemblyFiles};{HintPathFromItem};{TargetFrameworkDirectory}”)
       C:\Program Files\dotnet\sdk\9.0.308\Sdks\Microsoft.NET.Sdk\targets\Microsoft.NET.PackProjectTool.props(15,5): message : 在 C:\Program Files\dotnet\sdk\9.0.308\Sdks\Microsoft.NET.Sdk\targets\Microsoft.NET.PackProjectTool.props (15,5) 处重新分配属性: $(TargetsForTfmSpecificContentInPackage)=“;PackTool;_PackProjectToolValidation”(先前值:“;PackTool”)
       C:\Program Files\dotnet\sdk\9.0.308\Sdks\Microsoft.NET.Sdk\targets\Microsoft.NET.Sdk.ImportPublishProfile.targets(28,5): message : 在 C:\Program Files\dotnet\sdk\9.0.308\Sdks\Microsoft.NET.Sdk\targets\Microsoft.NET.Sdk.ImportPublishProfile.targets (28,5) 处重新分配属性: $(PublishProfileImported)=“false”(先前值:“true”)
       C:\Program Files\dotnet\sdk\9.0.308\Sdks\Microsoft.NET.Sdk\targets\Microsoft.NET.TargetFrameworkInference.targets(69,5): message : 在 C:\Program Files\dotnet\sdk\9.0.308\Sdks\Microsoft.NET.Sdk\targets\Microsoft.NET.TargetFrameworkInference.targets (69,5) 处重新分配属性: $(TargetPlatformVersion)=“”(先前值:“0.0”)
       C:\Program Files\dotnet\sdk\9.0.308\Sdks\Microsoft.NET.Sdk\targets\Microsoft.NET.DefaultOutputPaths.targets(122,5): message : 在 C:\Program Files\dotnet\sdk\9.0.308\Sdks\Microsoft.NET.Sdk\targets\Microsoft.NET.DefaultOutputPaths.targets (122,5) 处重新分配属性: $(DefaultItemExcludes)=“;bin\Debug\/**;obj\Debug\/**”(先前值:“;bin\Debug\/**”)
       C:\Program Files\dotnet\sdk\9.0.308\Sdks\Microsoft.NET.Sdk\targets\Microsoft.NET.DefaultOutputPaths.targets(137,5): message : 在 C:\Program Files\dotnet\sdk\9.0.308\Sdks\Microsoft.NET.Sdk\targets\Microsoft.NET.DefaultOutputPaths.targets (137,5) 处重新分配属性: $(OutputPath)=“bin\Debug\net9.0\”(先前值:“bin\Debug\”)
       C:\Program Files\dotnet\sdk\9.0.308\Sdks\Microsoft.NET.Sdk\targets\Microsoft.NET.DefaultOutputPaths.targets(142,5): message : 在 C:\Program Files\dotnet\sdk\9.0.308\Sdks\Microsoft.NET.Sdk\targets\Microsoft.NET.DefaultOutputPaths.targets (142,5) 处重新分配属性: $(IntermediateOutputPath)=“obj\Debug\net9.0\”(先前值:“obj\Debug\”)
       C:\Program Files\dotnet\sdk\9.0.308\Sdks\Microsoft.NET.Sdk\targets\Microsoft.NET.Sdk.BeforeCommon.targets(187,5): message : 在 C:\Program Files\dotnet\sdk\9.0.308\Sdks\Microsoft.NET.Sdk\targets\Microsoft.NET.Sdk.BeforeCommon.targets (187,5) 处重新分配属性: $(_FrameworkIdentifierForImplicitDefine)=“NET”(先前值:“NETCOREAPP”)
       C:\Program Files\dotnet\sdk\9.0.308\Sdks\Microsoft.NET.Sdk\targets\Microsoft.NET.Sdk.BeforeCommon.targets(192,5): message : 在 C:\Program Files\dotnet\sdk\9.0.308\Sdks\Microsoft.NET.Sdk\targets\Microsoft.NET.Sdk.BeforeCommon.targets (192,5) 处重新分配属性: $(_FrameworkVersionForImplicitDefine)=“9_0”(先前值:“9.0”)
       C:\Program Files\dotnet\sdk\9.0.308\Roslyn\Microsoft.CSharp.Core.targets(200,5): message : 在 C:\Program Files\dotnet\sdk\9.0.308\Roslyn\Microsoft.CSharp.Core.targets (200,5) 处重新分配属性: $(CommandLineArgsForDesignTimeEvaluation)=“-langversion:13.0 -define:TRACE”(先前值:“-langversion:13.0”)
       C:\Program Files\dotnet\sdk\9.0.308\Microsoft.Common.CurrentVersion.targets(175,5): message : 在 C:\Program Files\dotnet\sdk\9.0.308\Microsoft.Common.CurrentVersion.targets (175,5) 处重新分配属性: $(_DebugSymbolsProduced)=“true”(先前值:“false”)
       C:\Program Files\dotnet\sdk\9.0.308\Microsoft.Common.CurrentVersion.targets(185,5): message : 在 C:\Program Files\dotnet\sdk\9.0.308\Microsoft.Common.CurrentVersion.targets (185,5) 处重新分配属性: $(_DocumentationFileProduced)=“false”(先前值:“true”)
       C:\Program Files\dotnet\sdk\9.0.308\Microsoft.Common.CurrentVersion.targets(392,5): message : 在 C:\Program Files\dotnet\sdk\9.0.308\Microsoft.Common.CurrentVersion.targets (392,5) 处重新分配属性: $(MSBuildCopyMarkerName)=“CRM.Core.865559CE”(先前值:“CRM.Core.Tests.csproj”)
       C:\Program Files\dotnet\sdk\9.0.308\Microsoft.Common.CurrentVersion.targets(393,5): message : 在 C:\Program Files\dotnet\sdk\9.0.308\Microsoft.Common.CurrentVersion.targets (393,5) 处重新分配属性: $(MSBuildCopyMarkerName)=“CRM.Core.865559CE.Up2Date”(先前值:“CRM.Core.865559CE”)
       C:\Program Files\dotnet\sdk\9.0.308\Microsoft.Common.CurrentVersion.targets(541,5): message : 在 C:\Program Files\dotnet\sdk\9.0.308\Microsoft.Common.CurrentVersion.targets (541,5) 处重新分配属性: $(ProcessorArchitecture)=“msil”(先前值:“”)
       C:\Program Files\dotnet\sdk\9.0.308\Microsoft.Common.CurrentVersion.targets(580,5): message : 在 C:\Program Files\dotnet\sdk\9.0.308\Microsoft.Common.CurrentVersion.targets (580,5) 处重新分配属性: $(DelaySign)=“”(先前值:“false”)
       C:\Program Files\dotnet\sdk\9.0.308\Microsoft.Common.CurrentVersion.targets(2619,5): message : 值为“C:\Users\admin\AppData\Local”的属性“LOCALAPPDATA”从环境中展开。
       C:\Program Files\dotnet\sdk\9.0.308\Microsoft.Common.CurrentVersion.targets(3947,5): message : 在 C:\Program Files\dotnet\sdk\9.0.308\Microsoft.Common.CurrentVersion.targets (3947,5) 处重新分配属性: $(_SGenGenerateSerializationAssembliesConfig)=“Auto”(先前值:“”)
       C:\Program Files\dotnet\sdk\9.0.308\Microsoft.Common.CurrentVersion.targets(3948,5): message : 在 C:\Program Files\dotnet\sdk\9.0.308\Microsoft.Common.CurrentVersion.targets (3948,5) 处重新分配属性: $(_SGenGenerateSerializationAssembliesConfig)=“Off”(先前值:“Auto”)
       C:\Program Files\dotnet\sdk\9.0.308\Microsoft.Common.CurrentVersion.targets(5159,5): message : 在 C:\Program Files\dotnet\sdk\9.0.308\Microsoft.Common.CurrentVersion.targets (5159,5) 处重新分配属性: $(_TargetsThatPrepareProjectReferences)=“
       C:\Program Files\dotnet\sdk\9.0.308\Microsoft.Common.CurrentVersion.targets(5159,5): message :       AssignProjectConfiguration;
       C:\Program Files\dotnet\sdk\9.0.308\Microsoft.Common.CurrentVersion.targets(5159,5): message :       _SplitProjectReferencesByFileExistence
       C:\Program Files\dotnet\sdk\9.0.308\Microsoft.Common.CurrentVersion.targets(5159,5): message :     ”(先前值:“_SplitProjectReferencesByFileExistence”)
       C:\Program Files\dotnet\sdk\9.0.308\Microsoft.Common.CurrentVersion.targets(6954,5): message : 值为“C:\Program Files\dotnet\sdk\9.0.308”的属性“MSBuildExtensionsPath32”从环境中展开。
       C:\Program Files\dotnet\sdk\9.0.308\Sdks\Microsoft.NET.Sdk\targets\Microsoft.PackageDependencyResolution.targets(24,5): message : 在 C:\Program Files\dotnet\sdk\9.0.308\Sdks\Microsoft.NET.Sdk\targets\Microsoft.PackageDependencyResolution.targets (24,5) 处重新分配属性: $(ProjectAssetsFile)=“d:\MyProject\FrontCRM(C#)\tests\CRM.Core.Tests\obj\project.assets.json”(先前值:“d:\MyProject\FrontCRM(C#)\tests\CRM.Core.Tests\obj\/project.assets.json”)
       C:\Program Files\dotnet\sdk\9.0.308\Sdks\Microsoft.NET.Sdk\targets\Microsoft.PackageDependencyResolution.targets(29,5): message : 在 C:\Program Files\dotnet\sdk\9.0.308\Sdks\Microsoft.NET.Sdk\targets\Microsoft.PackageDependencyResolution.targets (29,5) 处重新分配属性: $(ProjectAssetsCacheFile)=“d:\MyProject\FrontCRM(C#)\tests\CRM.Core.Tests\obj\Debug\net9.0\CRM.Core.Tests.assets.cache”(先前值:“obj\Debug\net9.0\CRM.Core.Tests.assets.cache”)
       C:\Program Files\dotnet\sdk\9.0.308\Sdks\Microsoft.NET.Sdk\targets\Microsoft.PackageDependencyResolution.targets(80,5): message : 在 C:\Program Files\dotnet\sdk\9.0.308\Sdks\Microsoft.NET.Sdk\targets\Microsoft.PackageDependencyResolution.targets (80,5) 处重新分配属性: $(ResolveAssemblyReferencesDependsOn)=“
       C:\Program Files\dotnet\sdk\9.0.308\Sdks\Microsoft.NET.Sdk\targets\Microsoft.PackageDependencyResolution.targets(80,5): message :       
       C:\Program Files\dotnet\sdk\9.0.308\Sdks\Microsoft.NET.Sdk\targets\Microsoft.PackageDependencyResolution.targets(80,5): message :       ResolveProjectReferences;
       C:\Program Files\dotnet\sdk\9.0.308\Sdks\Microsoft.NET.Sdk\targets\Microsoft.PackageDependencyResolution.targets(80,5): message :       FindInvalidProjectReferences;
       C:\Program Files\dotnet\sdk\9.0.308\Sdks\Microsoft.NET.Sdk\targets\Microsoft.PackageDependencyResolution.targets(80,5): message :       GetFrameworkPaths;
       C:\Program Files\dotnet\sdk\9.0.308\Sdks\Microsoft.NET.Sdk\targets\Microsoft.PackageDependencyResolution.targets(80,5): message :       GetReferenceAssemblyPaths;
       C:\Program Files\dotnet\sdk\9.0.308\Sdks\Microsoft.NET.Sdk\targets\Microsoft.PackageDependencyResolution.targets(80,5): message :       PrepareForBuild;
       C:\Program Files\dotnet\sdk\9.0.308\Sdks\Microsoft.NET.Sdk\targets\Microsoft.PackageDependencyResolution.targets(80,5): message :       ResolveSDKReferences;
       C:\Program Files\dotnet\sdk\9.0.308\Sdks\Microsoft.NET.Sdk\targets\Microsoft.PackageDependencyResolution.targets(80,5): message :       ExpandSDKReferences;
       C:\Program Files\dotnet\sdk\9.0.308\Sdks\Microsoft.NET.Sdk\targets\Microsoft.PackageDependencyResolution.targets(80,5): message :     ;
       C:\Program Files\dotnet\sdk\9.0.308\Sdks\Microsoft.NET.Sdk\targets\Microsoft.PackageDependencyResolution.targets(80,5): message :       ResolvePackageDependenciesForBuild;
       C:\Program Files\dotnet\sdk\9.0.308\Sdks\Microsoft.NET.Sdk\targets\Microsoft.PackageDependencyResolution.targets(80,5): message :       _HandlePackageFileConflicts;
       C:\Program Files\dotnet\sdk\9.0.308\Sdks\Microsoft.NET.Sdk\targets\Microsoft.PackageDependencyResolution.targets(80,5): message :     ”(先前值:“
       C:\Program Files\dotnet\sdk\9.0.308\Sdks\Microsoft.NET.Sdk\targets\Microsoft.PackageDependencyResolution.targets(80,5): message :       ResolveProjectReferences;
       C:\Program Files\dotnet\sdk\9.0.308\Sdks\Microsoft.NET.Sdk\targets\Microsoft.PackageDependencyResolution.targets(80,5): message :       FindInvalidProjectReferences;
       C:\Program Files\dotnet\sdk\9.0.308\Sdks\Microsoft.NET.Sdk\targets\Microsoft.PackageDependencyResolution.targets(80,5): message :       GetFrameworkPaths;
       C:\Program Files\dotnet\sdk\9.0.308\Sdks\Microsoft.NET.Sdk\targets\Microsoft.PackageDependencyResolution.targets(80,5): message :       GetReferenceAssemblyPaths;
       C:\Program Files\dotnet\sdk\9.0.308\Sdks\Microsoft.NET.Sdk\targets\Microsoft.PackageDependencyResolution.targets(80,5): message :       PrepareForBuild;
       C:\Program Files\dotnet\sdk\9.0.308\Sdks\Microsoft.NET.Sdk\targets\Microsoft.PackageDependencyResolution.targets(80,5): message :       ResolveSDKReferences;
       C:\Program Files\dotnet\sdk\9.0.308\Sdks\Microsoft.NET.Sdk\targets\Microsoft.PackageDependencyResolution.targets(80,5): message :       ExpandSDKReferences;
       C:\Program Files\dotnet\sdk\9.0.308\Sdks\Microsoft.NET.Sdk\targets\Microsoft.PackageDependencyResolution.targets(80,5): message :     ”)
       C:\Program Files\dotnet\sdk\9.0.308\Sdks\Microsoft.NET.Sdk\targets\Microsoft.PackageDependencyResolution.targets(86,5): message : 在 C:\Program Files\dotnet\sdk\9.0.308\Sdks\Microsoft.NET.Sdk\targets\Microsoft.PackageDependencyResolution.targets (86,5) 处重新分配属性: $(PrepareResourcesDependsOn)=“
       C:\Program Files\dotnet\sdk\9.0.308\Sdks\Microsoft.NET.Sdk\targets\Microsoft.PackageDependencyResolution.targets(86,5): message :       ResolvePackageDependenciesForBuild;
       C:\Program Files\dotnet\sdk\9.0.308\Sdks\Microsoft.NET.Sdk\targets\Microsoft.PackageDependencyResolution.targets(86,5): message :       _HandlePackageFileConflicts;
       C:\Program Files\dotnet\sdk\9.0.308\Sdks\Microsoft.NET.Sdk\targets\Microsoft.PackageDependencyResolution.targets(86,5): message :       
       C:\Program Files\dotnet\sdk\9.0.308\Sdks\Microsoft.NET.Sdk\targets\Microsoft.PackageDependencyResolution.targets(86,5): message :       ;
       C:\Program Files\dotnet\sdk\9.0.308\Sdks\Microsoft.NET.Sdk\targets\Microsoft.PackageDependencyResolution.targets(86,5): message :       PrepareResourceNames;
       C:\Program Files\dotnet\sdk\9.0.308\Sdks\Microsoft.NET.Sdk\targets\Microsoft.PackageDependencyResolution.targets(86,5): message :       ResGen;
       C:\Program Files\dotnet\sdk\9.0.308\Sdks\Microsoft.NET.Sdk\targets\Microsoft.PackageDependencyResolution.targets(86,5): message :       CompileLicxFiles
       C:\Program Files\dotnet\sdk\9.0.308\Sdks\Microsoft.NET.Sdk\targets\Microsoft.PackageDependencyResolution.targets(86,5): message :     
       C:\Program Files\dotnet\sdk\9.0.308\Sdks\Microsoft.NET.Sdk\targets\Microsoft.PackageDependencyResolution.targets(86,5): message :     ”(先前值:“
       C:\Program Files\dotnet\sdk\9.0.308\Sdks\Microsoft.NET.Sdk\targets\Microsoft.PackageDependencyResolution.targets(86,5): message :       ;
       C:\Program Files\dotnet\sdk\9.0.308\Sdks\Microsoft.NET.Sdk\targets\Microsoft.PackageDependencyResolution.targets(86,5): message :       PrepareResourceNames;
       C:\Program Files\dotnet\sdk\9.0.308\Sdks\Microsoft.NET.Sdk\targets\Microsoft.PackageDependencyResolution.targets(86,5): message :       ResGen;
       C:\Program Files\dotnet\sdk\9.0.308\Sdks\Microsoft.NET.Sdk\targets\Microsoft.PackageDependencyResolution.targets(86,5): message :       CompileLicxFiles
       C:\Program Files\dotnet\sdk\9.0.308\Sdks\Microsoft.NET.Sdk\targets\Microsoft.PackageDependencyResolution.targets(86,5): message :     ”)
       C:\Program Files\dotnet\sdk\9.0.308\Sdks\Microsoft.NET.Sdk\targets\Microsoft.NET.Sdk.DefaultItems.targets(27,5): message : 在 C:\Program Files\dotnet\sdk\9.0.308\Sdks\Microsoft.NET.Sdk\targets\Microsoft.NET.Sdk.DefaultItems.targets (27,5) 处重新分配属性: $(DefaultItemExcludes)=“;bin\Debug\/**;obj\Debug\/**;bin\/**”(先前值:“;bin\Debug\/**;obj\Debug\/**”)
       C:\Program Files\dotnet\sdk\9.0.308\Sdks\Microsoft.NET.Sdk\targets\Microsoft.NET.Sdk.DefaultItems.targets(29,5): message : 在 C:\Program Files\dotnet\sdk\9.0.308\Sdks\Microsoft.NET.Sdk\targets\Microsoft.NET.Sdk.DefaultItems.targets (29,5) 处重新分配属性: $(DefaultItemExcludes)=“;bin\Debug\/**;obj\Debug\/**;bin\/**;obj\/**”(先前值:“;bin\Debug\/**;obj\Debug\/**;bin\/**”)
       C:\Program Files\dotnet\sdk\9.0.308\Sdks\Microsoft.NET.Sdk\targets\Microsoft.NET.Sdk.DefaultItems.targets(32,5): message : 在 C:\Program Files\dotnet\sdk\9.0.308\Sdks\Microsoft.NET.Sdk\targets\Microsoft.NET.Sdk.DefaultItems.targets (32,5) 处重新分配属性: $(DefaultItemExcludes)=“;bin\Debug\/**;obj\Debug\/**;bin\/**;obj\/**;**/*.user”(先前值:“;bin\Debug\/**;obj\Debug\/**;bin\/**;obj\/**”)
       C:\Program Files\dotnet\sdk\9.0.308\Sdks\Microsoft.NET.Sdk\targets\Microsoft.NET.Sdk.DefaultItems.targets(33,5): message : 在 C:\Program Files\dotnet\sdk\9.0.308\Sdks\Microsoft.NET.Sdk\targets\Microsoft.NET.Sdk.DefaultItems.targets (33,5) 处重新分配属性: $(DefaultItemExcludes)=“;bin\Debug\/**;obj\Debug\/**;bin\/**;obj\/**;**/*.user;**/*.*proj”(先前值:“;bin\Debug\/**;obj\Debug\/**;bin\/**;obj\/**;**/*.user”)
       C:\Program Files\dotnet\sdk\9.0.308\Sdks\Microsoft.NET.Sdk\targets\Microsoft.NET.Sdk.DefaultItems.targets(34,5): message : 在 C:\Program Files\dotnet\sdk\9.0.308\Sdks\Microsoft.NET.Sdk\targets\Microsoft.NET.Sdk.DefaultItems.targets (34,5) 处重新分配属性: $(DefaultItemExcludes)=“;bin\Debug\/**;obj\Debug\/**;bin\/**;obj\/**;**/*.user;**/*.*proj;**/*.sln”(先前值:“;bin\Debug\/**;obj\Debug\/**;bin\/**;obj\/**;**/*.user;**/*.*proj”)
       C:\Program Files\dotnet\sdk\9.0.308\Sdks\Microsoft.NET.Sdk\targets\Microsoft.NET.Sdk.DefaultItems.targets(35,5): message : 在 C:\Program Files\dotnet\sdk\9.0.308\Sdks\Microsoft.NET.Sdk\targets\Microsoft.NET.Sdk.DefaultItems.targets (35,5) 处重新分配属性: $(DefaultItemExcludes)=“;bin\Debug\/**;obj\Debug\/**;bin\/**;obj\/**;**/*.user;**/*.*proj;**/*.sln;**/*.slnx”(先前值:“;bin\Debug\/**;obj\Debug\/**;bin\/**;obj\/**;**/*.user;**/*.*proj;**/*.sln”)
       C:\Program Files\dotnet\sdk\9.0.308\Sdks\Microsoft.NET.Sdk\targets\Microsoft.NET.Sdk.DefaultItems.targets(36,5): message : 在 C:\Program Files\dotnet\sdk\9.0.308\Sdks\Microsoft.NET.Sdk\targets\Microsoft.NET.Sdk.DefaultItems.targets (36,5) 处重新分配属性: $(DefaultItemExcludes)=“;bin\Debug\/**;obj\Debug\/**;bin\/**;obj\/**;**/*.user;**/*.*proj;**/*.sln;**/*.slnx;**/*.vssscc”(先前值:“;bin\Debug\/**;obj\Debug\/**;bin\/**;obj\/**;**/*.user;**/*.*proj;**/*.sln;**/*.slnx”)
       C:\Program Files\dotnet\sdk\9.0.308\Sdks\Microsoft.NET.Sdk\targets\Microsoft.NET.Sdk.DefaultItems.targets(37,5): message : 在 C:\Program Files\dotnet\sdk\9.0.308\Sdks\Microsoft.NET.Sdk\targets\Microsoft.NET.Sdk.DefaultItems.targets (37,5) 处重新分配属性: $(DefaultItemExcludes)=“;bin\Debug\/**;obj\Debug\/**;bin\/**;obj\/**;**/*.user;**/*.*proj;**/*.sln;**/*.slnx;**/*.vssscc;**/.DS_Store”(先前值:“;bin\Debug\/**;obj\Debug\/**;bin\/**;obj\/**;**/*.user;**/*.*proj;**/*.sln;**/*.slnx;**/*.vssscc”)
       C:\Program Files\dotnet\sdk\9.0.308\Sdks\Microsoft.NET.Sdk\targets\Microsoft.NET.Sdk.FrameworkReferenceResolution.targets(14,5): message : 在 C:\Program Files\dotnet\sdk\9.0.308\Sdks\Microsoft.NET.Sdk\targets\Microsoft.NET.Sdk.FrameworkReferenceResolution.targets (14,5) 处重新分配属性: $(ResolveAssemblyReferencesDependsOn)=“
       C:\Program Files\dotnet\sdk\9.0.308\Sdks\Microsoft.NET.Sdk\targets\Microsoft.NET.Sdk.FrameworkReferenceResolution.targets(14,5): message :       
       C:\Program Files\dotnet\sdk\9.0.308\Sdks\Microsoft.NET.Sdk\targets\Microsoft.NET.Sdk.FrameworkReferenceResolution.targets(14,5): message :       
       C:\Program Files\dotnet\sdk\9.0.308\Sdks\Microsoft.NET.Sdk\targets\Microsoft.NET.Sdk.FrameworkReferenceResolution.targets(14,5): message :       ResolveProjectReferences;
       C:\Program Files\dotnet\sdk\9.0.308\Sdks\Microsoft.NET.Sdk\targets\Microsoft.NET.Sdk.FrameworkReferenceResolution.targets(14,5): message :       FindInvalidProjectReferences;
       C:\Program Files\dotnet\sdk\9.0.308\Sdks\Microsoft.NET.Sdk\targets\Microsoft.NET.Sdk.FrameworkReferenceResolution.targets(14,5): message :       GetFrameworkPaths;
       C:\Program Files\dotnet\sdk\9.0.308\Sdks\Microsoft.NET.Sdk\targets\Microsoft.NET.Sdk.FrameworkReferenceResolution.targets(14,5): message :       GetReferenceAssemblyPaths;
       C:\Program Files\dotnet\sdk\9.0.308\Sdks\Microsoft.NET.Sdk\targets\Microsoft.NET.Sdk.FrameworkReferenceResolution.targets(14,5): message :       PrepareForBuild;
       C:\Program Files\dotnet\sdk\9.0.308\Sdks\Microsoft.NET.Sdk\targets\Microsoft.NET.Sdk.FrameworkReferenceResolution.targets(14,5): message :       ResolveSDKReferences;
       C:\Program Files\dotnet\sdk\9.0.308\Sdks\Microsoft.NET.Sdk\targets\Microsoft.NET.Sdk.FrameworkReferenceResolution.targets(14,5): message :       ExpandSDKReferences;
       C:\Program Files\dotnet\sdk\9.0.308\Sdks\Microsoft.NET.Sdk\targets\Microsoft.NET.Sdk.FrameworkReferenceResolution.targets(14,5): message :     ;
       C:\Program Files\dotnet\sdk\9.0.308\Sdks\Microsoft.NET.Sdk\targets\Microsoft.NET.Sdk.FrameworkReferenceResolution.targets(14,5): message :       ResolvePackageDependenciesForBuild;
       C:\Program Files\dotnet\sdk\9.0.308\Sdks\Microsoft.NET.Sdk\targets\Microsoft.NET.Sdk.FrameworkReferenceResolution.targets(14,5): message :       _HandlePackageFileConflicts;
       C:\Program Files\dotnet\sdk\9.0.308\Sdks\Microsoft.NET.Sdk\targets\Microsoft.NET.Sdk.FrameworkReferenceResolution.targets(14,5): message :     ;
       C:\Program Files\dotnet\sdk\9.0.308\Sdks\Microsoft.NET.Sdk\targets\Microsoft.NET.Sdk.FrameworkReferenceResolution.targets(14,5): message :       ResolveTargetingPackAssets;
       C:\Program Files\dotnet\sdk\9.0.308\Sdks\Microsoft.NET.Sdk\targets\Microsoft.NET.Sdk.FrameworkReferenceResolution.targets(14,5): message :     ”(先前值:“
       C:\Program Files\dotnet\sdk\9.0.308\Sdks\Microsoft.NET.Sdk\targets\Microsoft.NET.Sdk.FrameworkReferenceResolution.targets(14,5): message :       
       C:\Program Files\dotnet\sdk\9.0.308\Sdks\Microsoft.NET.Sdk\targets\Microsoft.NET.Sdk.FrameworkReferenceResolution.targets(14,5): message :       ResolveProjectReferences;
       C:\Program Files\dotnet\sdk\9.0.308\Sdks\Microsoft.NET.Sdk\targets\Microsoft.NET.Sdk.FrameworkReferenceResolution.targets(14,5): message :       FindInvalidProjectReferences;
       C:\Program Files\dotnet\sdk\9.0.308\Sdks\Microsoft.NET.Sdk\targets\Microsoft.NET.Sdk.FrameworkReferenceResolution.targets(14,5): message :       GetFrameworkPaths;
       C:\Program Files\dotnet\sdk\9.0.308\Sdks\Microsoft.NET.Sdk\targets\Microsoft.NET.Sdk.FrameworkReferenceResolution.targets(14,5): message :       GetReferenceAssemblyPaths;
       C:\Program Files\dotnet\sdk\9.0.308\Sdks\Microsoft.NET.Sdk\targets\Microsoft.NET.Sdk.FrameworkReferenceResolution.targets(14,5): message :       PrepareForBuild;
       C:\Program Files\dotnet\sdk\9.0.308\Sdks\Microsoft.NET.Sdk\targets\Microsoft.NET.Sdk.FrameworkReferenceResolution.targets(14,5): message :       ResolveSDKReferences;
       C:\Program Files\dotnet\sdk\9.0.308\Sdks\Microsoft.NET.Sdk\targets\Microsoft.NET.Sdk.FrameworkReferenceResolution.targets(14,5): message :       ExpandSDKReferences;
       C:\Program Files\dotnet\sdk\9.0.308\Sdks\Microsoft.NET.Sdk\targets\Microsoft.NET.Sdk.FrameworkReferenceResolution.targets(14,5): message :     ;
       C:\Program Files\dotnet\sdk\9.0.308\Sdks\Microsoft.NET.Sdk\targets\Microsoft.NET.Sdk.FrameworkReferenceResolution.targets(14,5): message :       ResolvePackageDependenciesForBuild;
       C:\Program Files\dotnet\sdk\9.0.308\Sdks\Microsoft.NET.Sdk\targets\Microsoft.NET.Sdk.FrameworkReferenceResolution.targets(14,5): message :       _HandlePackageFileConflicts;
       C:\Program Files\dotnet\sdk\9.0.308\Sdks\Microsoft.NET.Sdk\targets\Microsoft.NET.Sdk.FrameworkReferenceResolution.targets(14,5): message :     ”)
       C:\Program Files\dotnet\sdk\9.0.308\Sdks\Microsoft.NET.Sdk\targets\Microsoft.NET.Sdk.targets(44,5): message : 在 C:\Program Files\dotnet\sdk\9.0.308\Sdks\Microsoft.NET.Sdk\targets\Microsoft.NET.Sdk.targets (44,5) 处重新分配属性: $(_GenerateRuntimeConfigurationPropertyInputsCache)=“d:\MyProject\FrontCRM(C#)\tests\CRM.Core.Tests\obj\Debug\net9.0\CRM.Core.Tests.genruntimeconfig.cache”(先前值:“obj\Debug\net9.0\CRM.Core.Tests.genruntimeconfig.cache”)
       C:\Program Files\dotnet\sdk\9.0.308\Sdks\Microsoft.NET.Sdk\targets\Microsoft.NET.Sdk.targets(46,5): message : 在 C:\Program Files\dotnet\sdk\9.0.308\Sdks\Microsoft.NET.Sdk\targets\Microsoft.NET.Sdk.targets (46,5) 处重新分配属性: $(_GeneratePublishDependencyFilePropertyInputsCache)=“d:\MyProject\FrontCRM(C#)\tests\CRM.Core.Tests\obj\Debug\net9.0\CRM.Core.Tests.genpublishdeps.cache”(先前值:“obj\Debug\net9.0\CRM.Core.Tests.genpublishdeps.cache”)
       C:\Program Files\dotnet\sdk\9.0.308\Sdks\Microsoft.NET.Sdk\targets\Microsoft.NET.Sdk.targets(48,5): message : 在 C:\Program Files\dotnet\sdk\9.0.308\Sdks\Microsoft.NET.Sdk\targets\Microsoft.NET.Sdk.targets (48,5) 处重新分配属性: $(_GenerateSingleFileBundlePropertyInputsCache)=“d:\MyProject\FrontCRM(C#)\tests\CRM.Core.Tests\obj\Debug\net9.0\CRM.Core.Tests.genbundle.cache”(先前值:“obj\Debug\net9.0\CRM.Core.Tests.genbundle.cache”)
       C:\Program Files\dotnet\sdk\9.0.308\Sdks\Microsoft.NET.Sdk\targets\Microsoft.NET.Sdk.targets(81,5): message : 在 C:\Program Files\dotnet\sdk\9.0.308\Sdks\Microsoft.NET.Sdk\targets\Microsoft.NET.Sdk.targets (81,5) 处重新分配属性: $(GenerateRuntimeConfigDevFile)=“false”(先前值:“true”)
       C:\Program Files\dotnet\sdk\9.0.308\Sdks\Microsoft.NET.Sdk\targets\Microsoft.NET.Sdk.targets(97,5): message : 值为“C:\Users\admin”的属性“USERPROFILE”从环境中展开。
       C:\Program Files\dotnet\sdk\9.0.308\Sdks\Microsoft.NET.Sdk\targets\Microsoft.NET.Sdk.targets(97,5): message : 在 C:\Program Files\dotnet\sdk\9.0.308\Sdks\Microsoft.NET.Sdk\targets\Microsoft.NET.Sdk.targets (97,5) 处重新分配属性: $(_DefaultUserProfileRuntimeStorePath)=“C:\Users\admin”(先前值:“”)
       C:\Program Files\dotnet\sdk\9.0.308\Sdks\Microsoft.NET.Sdk\targets\Microsoft.NET.Sdk.targets(98,5): message : 在 C:\Program Files\dotnet\sdk\9.0.308\Sdks\Microsoft.NET.Sdk\targets\Microsoft.NET.Sdk.targets (98,5) 处重新分配属性: $(_DefaultUserProfileRuntimeStorePath)=“C:\Users\admin\.dotnet\store”(先前值:“C:\Users\admin”)
       C:\Program Files\dotnet\sdk\9.0.308\Sdks\Microsoft.NET.Sdk\targets\Microsoft.NET.Sdk.targets(140,5): message : 在 C:\Program Files\dotnet\sdk\9.0.308\Sdks\Microsoft.NET.Sdk\targets\Microsoft.NET.Sdk.targets (140,5) 处重新分配属性: $(AvailablePlatforms)=“Any CPU,x86,x64,ARM32”(先前值:“Any CPU,x86,x64”)
       C:\Program Files\dotnet\sdk\9.0.308\Sdks\Microsoft.NET.Sdk\targets\Microsoft.NET.Sdk.targets(144,5): message : 在 C:\Program Files\dotnet\sdk\9.0.308\Sdks\Microsoft.NET.Sdk\targets\Microsoft.NET.Sdk.targets (144,5) 处重新分配属性: $(AvailablePlatforms)=“Any CPU,x86,x64,ARM32,ARM64”(先前值:“Any CPU,x86,x64,ARM32”)
       C:\Program Files\dotnet\sdk\9.0.308\Sdks\Microsoft.NET.Sdk\targets\Microsoft.NET.Sdk.targets(201,5): message : 在 C:\Program Files\dotnet\sdk\9.0.308\Sdks\Microsoft.NET.Sdk\targets\Microsoft.NET.Sdk.targets (201,5) 处重新分配属性: $(CoreBuildDependsOn)=“
       C:\Program Files\dotnet\sdk\9.0.308\Sdks\Microsoft.NET.Sdk\targets\Microsoft.NET.Sdk.targets(201,5): message :       _CheckForBuildWithNoBuild;
       C:\Program Files\dotnet\sdk\9.0.308\Sdks\Microsoft.NET.Sdk\targets\Microsoft.NET.Sdk.targets(201,5): message :       
       C:\Program Files\dotnet\sdk\9.0.308\Sdks\Microsoft.NET.Sdk\targets\Microsoft.NET.Sdk.targets(201,5): message :       BuildOnlySettings;
       C:\Program Files\dotnet\sdk\9.0.308\Sdks\Microsoft.NET.Sdk\targets\Microsoft.NET.Sdk.targets(201,5): message :       PrepareForBuild;
       C:\Program Files\dotnet\sdk\9.0.308\Sdks\Microsoft.NET.Sdk\targets\Microsoft.NET.Sdk.targets(201,5): message :       PreBuildEvent;
       C:\Program Files\dotnet\sdk\9.0.308\Sdks\Microsoft.NET.Sdk\targets\Microsoft.NET.Sdk.targets(201,5): message :       ResolveReferences;
       C:\Program Files\dotnet\sdk\9.0.308\Sdks\Microsoft.NET.Sdk\targets\Microsoft.NET.Sdk.targets(201,5): message :       PrepareResources;
       C:\Program Files\dotnet\sdk\9.0.308\Sdks\Microsoft.NET.Sdk\targets\Microsoft.NET.Sdk.targets(201,5): message :       ResolveKeySource;
       C:\Program Files\dotnet\sdk\9.0.308\Sdks\Microsoft.NET.Sdk\targets\Microsoft.NET.Sdk.targets(201,5): message :       Compile;
       C:\Program Files\dotnet\sdk\9.0.308\Sdks\Microsoft.NET.Sdk\targets\Microsoft.NET.Sdk.targets(201,5): message :       ExportWindowsMDFile;
       C:\Program Files\dotnet\sdk\9.0.308\Sdks\Microsoft.NET.Sdk\targets\Microsoft.NET.Sdk.targets(201,5): message :       UnmanagedUnregistration;
       C:\Program Files\dotnet\sdk\9.0.308\Sdks\Microsoft.NET.Sdk\targets\Microsoft.NET.Sdk.targets(201,5): message :       GenerateSerializationAssemblies;
       C:\Program Files\dotnet\sdk\9.0.308\Sdks\Microsoft.NET.Sdk\targets\Microsoft.NET.Sdk.targets(201,5): message :       CreateSatelliteAssemblies;
       C:\Program Files\dotnet\sdk\9.0.308\Sdks\Microsoft.NET.Sdk\targets\Microsoft.NET.Sdk.targets(201,5): message :       GenerateManifests;
       C:\Program Files\dotnet\sdk\9.0.308\Sdks\Microsoft.NET.Sdk\targets\Microsoft.NET.Sdk.targets(201,5): message :       GetTargetPath;
       C:\Program Files\dotnet\sdk\9.0.308\Sdks\Microsoft.NET.Sdk\targets\Microsoft.NET.Sdk.targets(201,5): message :       PrepareForRun;
       C:\Program Files\dotnet\sdk\9.0.308\Sdks\Microsoft.NET.Sdk\targets\Microsoft.NET.Sdk.targets(201,5): message :       UnmanagedRegistration;
       C:\Program Files\dotnet\sdk\9.0.308\Sdks\Microsoft.NET.Sdk\targets\Microsoft.NET.Sdk.targets(201,5): message :       IncrementalClean;
       C:\Program Files\dotnet\sdk\9.0.308\Sdks\Microsoft.NET.Sdk\targets\Microsoft.NET.Sdk.targets(201,5): message :       PostBuildEvent
       C:\Program Files\dotnet\sdk\9.0.308\Sdks\Microsoft.NET.Sdk\targets\Microsoft.NET.Sdk.targets(201,5): message :     ;
       C:\Program Files\dotnet\sdk\9.0.308\Sdks\Microsoft.NET.Sdk\targets\Microsoft.NET.Sdk.targets(201,5): message :       GenerateBuildDependencyFile;
       C:\Program Files\dotnet\sdk\9.0.308\Sdks\Microsoft.NET.Sdk\targets\Microsoft.NET.Sdk.targets(201,5): message :       GenerateBuildRuntimeConfigurationFiles
       C:\Program Files\dotnet\sdk\9.0.308\Sdks\Microsoft.NET.Sdk\targets\Microsoft.NET.Sdk.targets(201,5): message :     ”(先前值:“
       C:\Program Files\dotnet\sdk\9.0.308\Sdks\Microsoft.NET.Sdk\targets\Microsoft.NET.Sdk.targets(201,5): message :       BuildOnlySettings;
       C:\Program Files\dotnet\sdk\9.0.308\Sdks\Microsoft.NET.Sdk\targets\Microsoft.NET.Sdk.targets(201,5): message :       PrepareForBuild;
       C:\Program Files\dotnet\sdk\9.0.308\Sdks\Microsoft.NET.Sdk\targets\Microsoft.NET.Sdk.targets(201,5): message :       PreBuildEvent;
       C:\Program Files\dotnet\sdk\9.0.308\Sdks\Microsoft.NET.Sdk\targets\Microsoft.NET.Sdk.targets(201,5): message :       ResolveReferences;
       C:\Program Files\dotnet\sdk\9.0.308\Sdks\Microsoft.NET.Sdk\targets\Microsoft.NET.Sdk.targets(201,5): message :       PrepareResources;
       C:\Program Files\dotnet\sdk\9.0.308\Sdks\Microsoft.NET.Sdk\targets\Microsoft.NET.Sdk.targets(201,5): message :       ResolveKeySource;
       C:\Program Files\dotnet\sdk\9.0.308\Sdks\Microsoft.NET.Sdk\targets\Microsoft.NET.Sdk.targets(201,5): message :       Compile;
       C:\Program Files\dotnet\sdk\9.0.308\Sdks\Microsoft.NET.Sdk\targets\Microsoft.NET.Sdk.targets(201,5): message :       ExportWindowsMDFile;
       C:\Program Files\dotnet\sdk\9.0.308\Sdks\Microsoft.NET.Sdk\targets\Microsoft.NET.Sdk.targets(201,5): message :       UnmanagedUnregistration;
       C:\Program Files\dotnet\sdk\9.0.308\Sdks\Microsoft.NET.Sdk\targets\Microsoft.NET.Sdk.targets(201,5): message :       GenerateSerializationAssemblies;
       C:\Program Files\dotnet\sdk\9.0.308\Sdks\Microsoft.NET.Sdk\targets\Microsoft.NET.Sdk.targets(201,5): message :       CreateSatelliteAssemblies;
       C:\Program Files\dotnet\sdk\9.0.308\Sdks\Microsoft.NET.Sdk\targets\Microsoft.NET.Sdk.targets(201,5): message :       GenerateManifests;
       C:\Program Files\dotnet\sdk\9.0.308\Sdks\Microsoft.NET.Sdk\targets\Microsoft.NET.Sdk.targets(201,5): message :       GetTargetPath;
       C:\Program Files\dotnet\sdk\9.0.308\Sdks\Microsoft.NET.Sdk\targets\Microsoft.NET.Sdk.targets(201,5): message :       PrepareForRun;
       C:\Program Files\dotnet\sdk\9.0.308\Sdks\Microsoft.NET.Sdk\targets\Microsoft.NET.Sdk.targets(201,5): message :       UnmanagedRegistration;
       C:\Program Files\dotnet\sdk\9.0.308\Sdks\Microsoft.NET.Sdk\targets\Microsoft.NET.Sdk.targets(201,5): message :       IncrementalClean;
       C:\Program Files\dotnet\sdk\9.0.308\Sdks\Microsoft.NET.Sdk\targets\Microsoft.NET.Sdk.targets(201,5): message :       PostBuildEvent
       C:\Program Files\dotnet\sdk\9.0.308\Sdks\Microsoft.NET.Sdk\targets\Microsoft.NET.Sdk.targets(201,5): message :     ”)
       C:\Program Files\dotnet\sdk\9.0.308\Sdks\Microsoft.NET.Sdk\targets\Microsoft.NET.Sdk.targets(210,5): message : 在 C:\Program Files\dotnet\sdk\9.0.308\Sdks\Microsoft.NET.Sdk\targets\Microsoft.NET.Sdk.targets (210,5) 处重新分配属性: $(CoreCleanDependsOn)=“
       C:\Program Files\dotnet\sdk\9.0.308\Sdks\Microsoft.NET.Sdk\targets\Microsoft.NET.Sdk.targets(210,5): message :       _SdkBeforeClean;
       C:\Program Files\dotnet\sdk\9.0.308\Sdks\Microsoft.NET.Sdk\targets\Microsoft.NET.Sdk.targets(210,5): message :       
       C:\Program Files\dotnet\sdk\9.0.308\Sdks\Microsoft.NET.Sdk\targets\Microsoft.NET.Sdk.targets(210,5): message :     ”(先前值:“”)
       C:\Program Files\dotnet\sdk\9.0.308\Sdks\Microsoft.NET.Sdk\targets\Microsoft.NET.Sdk.targets(217,5): message : 在 C:\Program Files\dotnet\sdk\9.0.308\Sdks\Microsoft.NET.Sdk\targets\Microsoft.NET.Sdk.targets (217,5) 处重新分配属性: $(RebuildDependsOn)=“
       C:\Program Files\dotnet\sdk\9.0.308\Sdks\Microsoft.NET.Sdk\targets\Microsoft.NET.Sdk.targets(217,5): message :       _SdkBeforeRebuild;
       C:\Program Files\dotnet\sdk\9.0.308\Sdks\Microsoft.NET.Sdk\targets\Microsoft.NET.Sdk.targets(217,5): message :       
       C:\Program Files\dotnet\sdk\9.0.308\Sdks\Microsoft.NET.Sdk\targets\Microsoft.NET.Sdk.targets(217,5): message :       BeforeRebuild;
       C:\Program Files\dotnet\sdk\9.0.308\Sdks\Microsoft.NET.Sdk\targets\Microsoft.NET.Sdk.targets(217,5): message :       Clean;
       C:\Program Files\dotnet\sdk\9.0.308\Sdks\Microsoft.NET.Sdk\targets\Microsoft.NET.Sdk.targets(217,5): message :       Build;
       C:\Program Files\dotnet\sdk\9.0.308\Sdks\Microsoft.NET.Sdk\targets\Microsoft.NET.Sdk.targets(217,5): message :       AfterRebuild;
       C:\Program Files\dotnet\sdk\9.0.308\Sdks\Microsoft.NET.Sdk\targets\Microsoft.NET.Sdk.targets(217,5): message :     
       C:\Program Files\dotnet\sdk\9.0.308\Sdks\Microsoft.NET.Sdk\targets\Microsoft.NET.Sdk.targets(217,5): message :     ”(先前值:“
       C:\Program Files\dotnet\sdk\9.0.308\Sdks\Microsoft.NET.Sdk\targets\Microsoft.NET.Sdk.targets(217,5): message :       BeforeRebuild;
       C:\Program Files\dotnet\sdk\9.0.308\Sdks\Microsoft.NET.Sdk\targets\Microsoft.NET.Sdk.targets(217,5): message :       Clean;
       C:\Program Files\dotnet\sdk\9.0.308\Sdks\Microsoft.NET.Sdk\targets\Microsoft.NET.Sdk.targets(217,5): message :       Build;
       C:\Program Files\dotnet\sdk\9.0.308\Sdks\Microsoft.NET.Sdk\targets\Microsoft.NET.Sdk.targets(217,5): message :       AfterRebuild;
       C:\Program Files\dotnet\sdk\9.0.308\Sdks\Microsoft.NET.Sdk\targets\Microsoft.NET.Sdk.targets(217,5): message :     ”)
       C:\Program Files\dotnet\sdk\9.0.308\Sdks\Microsoft.NET.Sdk\targets\Microsoft.NET.Sdk.targets(784,5): message : 在 C:\Program Files\dotnet\sdk\9.0.308\Sdks\Microsoft.NET.Sdk\targets\Microsoft.NET.Sdk.targets (784,5) 处重新分配属性: $(CompileDependsOn)=“
       C:\Program Files\dotnet\sdk\9.0.308\Sdks\Microsoft.NET.Sdk\targets\Microsoft.NET.Sdk.targets(784,5): message :       
       C:\Program Files\dotnet\sdk\9.0.308\Sdks\Microsoft.NET.Sdk\targets\Microsoft.NET.Sdk.targets(784,5): message :       ResolveReferences;
       C:\Program Files\dotnet\sdk\9.0.308\Sdks\Microsoft.NET.Sdk\targets\Microsoft.NET.Sdk.targets(784,5): message :       ResolveKeySource;
       C:\Program Files\dotnet\sdk\9.0.308\Sdks\Microsoft.NET.Sdk\targets\Microsoft.NET.Sdk.targets(784,5): message :       SetWin32ManifestProperties;
       C:\Program Files\dotnet\sdk\9.0.308\Sdks\Microsoft.NET.Sdk\targets\Microsoft.NET.Sdk.targets(784,5): message :       _SetPreferNativeArm64Win32ManifestProperties;
       C:\Program Files\dotnet\sdk\9.0.308\Sdks\Microsoft.NET.Sdk\targets\Microsoft.NET.Sdk.targets(784,5): message :       FindReferenceAssembliesForReferences;
       C:\Program Files\dotnet\sdk\9.0.308\Sdks\Microsoft.NET.Sdk\targets\Microsoft.NET.Sdk.targets(784,5): message :       _GenerateCompileInputs;
       C:\Program Files\dotnet\sdk\9.0.308\Sdks\Microsoft.NET.Sdk\targets\Microsoft.NET.Sdk.targets(784,5): message :       BeforeCompile;
       C:\Program Files\dotnet\sdk\9.0.308\Sdks\Microsoft.NET.Sdk\targets\Microsoft.NET.Sdk.targets(784,5): message :       _TimeStampBeforeCompile;
       C:\Program Files\dotnet\sdk\9.0.308\Sdks\Microsoft.NET.Sdk\targets\Microsoft.NET.Sdk.targets(784,5): message :       _GenerateCompileDependencyCache;
       C:\Program Files\dotnet\sdk\9.0.308\Sdks\Microsoft.NET.Sdk\targets\Microsoft.NET.Sdk.targets(784,5): message :       CoreCompile;
       C:\Program Files\dotnet\sdk\9.0.308\Sdks\Microsoft.NET.Sdk\targets\Microsoft.NET.Sdk.targets(784,5): message :       _TimeStampAfterCompile;
       C:\Program Files\dotnet\sdk\9.0.308\Sdks\Microsoft.NET.Sdk\targets\Microsoft.NET.Sdk.targets(784,5): message :       AfterCompile;
       C:\Program Files\dotnet\sdk\9.0.308\Sdks\Microsoft.NET.Sdk\targets\Microsoft.NET.Sdk.targets(784,5): message :     ;
       C:\Program Files\dotnet\sdk\9.0.308\Sdks\Microsoft.NET.Sdk\targets\Microsoft.NET.Sdk.targets(784,5): message :       _CreateAppHost;
       C:\Program Files\dotnet\sdk\9.0.308\Sdks\Microsoft.NET.Sdk\targets\Microsoft.NET.Sdk.targets(784,5): message :       _CreateComHost;
       C:\Program Files\dotnet\sdk\9.0.308\Sdks\Microsoft.NET.Sdk\targets\Microsoft.NET.Sdk.targets(784,5): message :       _GetIjwHostPaths;
       C:\Program Files\dotnet\sdk\9.0.308\Sdks\Microsoft.NET.Sdk\targets\Microsoft.NET.Sdk.targets(784,5): message :     ”(先前值:“
       C:\Program Files\dotnet\sdk\9.0.308\Sdks\Microsoft.NET.Sdk\targets\Microsoft.NET.Sdk.targets(784,5): message :       ResolveReferences;
       C:\Program Files\dotnet\sdk\9.0.308\Sdks\Microsoft.NET.Sdk\targets\Microsoft.NET.Sdk.targets(784,5): message :       ResolveKeySource;
       C:\Program Files\dotnet\sdk\9.0.308\Sdks\Microsoft.NET.Sdk\targets\Microsoft.NET.Sdk.targets(784,5): message :       SetWin32ManifestProperties;
       C:\Program Files\dotnet\sdk\9.0.308\Sdks\Microsoft.NET.Sdk\targets\Microsoft.NET.Sdk.targets(784,5): message :       _SetPreferNativeArm64Win32ManifestProperties;
       C:\Program Files\dotnet\sdk\9.0.308\Sdks\Microsoft.NET.Sdk\targets\Microsoft.NET.Sdk.targets(784,5): message :       FindReferenceAssembliesForReferences;
       C:\Program Files\dotnet\sdk\9.0.308\Sdks\Microsoft.NET.Sdk\targets\Microsoft.NET.Sdk.targets(784,5): message :       _GenerateCompileInputs;
       C:\Program Files\dotnet\sdk\9.0.308\Sdks\Microsoft.NET.Sdk\targets\Microsoft.NET.Sdk.targets(784,5): message :       BeforeCompile;
       C:\Program Files\dotnet\sdk\9.0.308\Sdks\Microsoft.NET.Sdk\targets\Microsoft.NET.Sdk.targets(784,5): message :       _TimeStampBeforeCompile;
       C:\Program Files\dotnet\sdk\9.0.308\Sdks\Microsoft.NET.Sdk\targets\Microsoft.NET.Sdk.targets(784,5): message :       _GenerateCompileDependencyCache;
       C:\Program Files\dotnet\sdk\9.0.308\Sdks\Microsoft.NET.Sdk\targets\Microsoft.NET.Sdk.targets(784,5): message :       CoreCompile;
       C:\Program Files\dotnet\sdk\9.0.308\Sdks\Microsoft.NET.Sdk\targets\Microsoft.NET.Sdk.targets(784,5): message :       _TimeStampAfterCompile;
       C:\Program Files\dotnet\sdk\9.0.308\Sdks\Microsoft.NET.Sdk\targets\Microsoft.NET.Sdk.targets(784,5): message :       AfterCompile;
       C:\Program Files\dotnet\sdk\9.0.308\Sdks\Microsoft.NET.Sdk\targets\Microsoft.NET.Sdk.targets(784,5): message :     ”)
       C:\Program Files\dotnet\sdk\9.0.308\Sdks\Microsoft.NET.Sdk\targets\Microsoft.NET.Sdk.targets(1184,5): message : 在 C:\Program Files\dotnet\sdk\9.0.308\Sdks\Microsoft.NET.Sdk\targets\Microsoft.NET.Sdk.targets (1184,5) 处重新分配属性: $(CreateSatelliteAssembliesDependsOn)=“
       C:\Program Files\dotnet\sdk\9.0.308\Sdks\Microsoft.NET.Sdk\targets\Microsoft.NET.Sdk.targets(1184,5): message :       
       C:\Program Files\dotnet\sdk\9.0.308\Sdks\Microsoft.NET.Sdk\targets\Microsoft.NET.Sdk.targets(1184,5): message :       ;
       C:\Program Files\dotnet\sdk\9.0.308\Sdks\Microsoft.NET.Sdk\targets\Microsoft.NET.Sdk.targets(1184,5): message :       _GenerateSatelliteAssemblyInputs;
       C:\Program Files\dotnet\sdk\9.0.308\Sdks\Microsoft.NET.Sdk\targets\Microsoft.NET.Sdk.targets(1184,5): message :       ComputeIntermediateSatelliteAssemblies;
       C:\Program Files\dotnet\sdk\9.0.308\Sdks\Microsoft.NET.Sdk\targets\Microsoft.NET.Sdk.targets(1184,5): message :       GenerateSatelliteAssemblies
       C:\Program Files\dotnet\sdk\9.0.308\Sdks\Microsoft.NET.Sdk\targets\Microsoft.NET.Sdk.targets(1184,5): message :     ;
       C:\Program Files\dotnet\sdk\9.0.308\Sdks\Microsoft.NET.Sdk\targets\Microsoft.NET.Sdk.targets(1184,5): message :       CoreGenerateSatelliteAssemblies
       C:\Program Files\dotnet\sdk\9.0.308\Sdks\Microsoft.NET.Sdk\targets\Microsoft.NET.Sdk.targets(1184,5): message :     ”(先前值:“
       C:\Program Files\dotnet\sdk\9.0.308\Sdks\Microsoft.NET.Sdk\targets\Microsoft.NET.Sdk.targets(1184,5): message :       ;
       C:\Program Files\dotnet\sdk\9.0.308\Sdks\Microsoft.NET.Sdk\targets\Microsoft.NET.Sdk.targets(1184,5): message :       _GenerateSatelliteAssemblyInputs;
       C:\Program Files\dotnet\sdk\9.0.308\Sdks\Microsoft.NET.Sdk\targets\Microsoft.NET.Sdk.targets(1184,5): message :       ComputeIntermediateSatelliteAssemblies;
       C:\Program Files\dotnet\sdk\9.0.308\Sdks\Microsoft.NET.Sdk\targets\Microsoft.NET.Sdk.targets(1184,5): message :       GenerateSatelliteAssemblies
       C:\Program Files\dotnet\sdk\9.0.308\Sdks\Microsoft.NET.Sdk\targets\Microsoft.NET.Sdk.targets(1184,5): message :     ”)
       C:\Program Files\dotnet\sdk\9.0.308\Sdks\Microsoft.SourceLink.GitLab\build\Microsoft.SourceLink.GitLab.targets(12,5): message : 在 C:\Program Files\dotnet\sdk\9.0.308\Sdks\Microsoft.SourceLink.GitLab\build\Microsoft.SourceLink.GitLab.targets (12,5) 处重新分配属性: $(SourceLinkUrlInitializerTargets)=“;_InitializeGitHubSourceLinkUrl;_InitializeGitLabSourceLinkUrl”(先前值:“;_InitializeGitHubSourceLinkUrl”)
       C:\Program Files\dotnet\sdk\9.0.308\Sdks\Microsoft.SourceLink.GitLab\build\Microsoft.SourceLink.GitLab.targets(13,5): message : 在 C:\Program Files\dotnet\sdk\9.0.308\Sdks\Microsoft.SourceLink.GitLab\build\Microsoft.SourceLink.GitLab.targets (13,5) 处重新分配属性: $(SourceControlManagerUrlTranslationTargets)=“;TranslateGitHubUrlsInSourceControlInformation;TranslateGitLabUrlsInSourceControlInformation”(先前值:“;TranslateGitHubUrlsInSourceControlInformation”)
       C:\Program Files\dotnet\sdk\9.0.308\Sdks\Microsoft.SourceLink.AzureRepos.Git\build\Microsoft.SourceLink.AzureRepos.Git.targets(12,5): message : 在 C:\Program Files\dotnet\sdk\9.0.308\Sdks\Microsoft.SourceLink.AzureRepos.Git\build\Microsoft.SourceLink.AzureRepos.Git.targets (12,5) 处重新分配属性: $(SourceLinkUrlInitializerTargets)=“;_InitializeGitHubSourceLinkUrl;_InitializeGitLabSourceLinkUrl;_InitializeAzureReposGitSourceLinkUrl”(先前值:“;_InitializeGitHubSourceLinkUrl;_InitializeGitLabSourceLinkUrl”)
       C:\Program Files\dotnet\sdk\9.0.308\Sdks\Microsoft.SourceLink.AzureRepos.Git\build\Microsoft.SourceLink.AzureRepos.Git.targets(13,5): message : 在 C:\Program Files\dotnet\sdk\9.0.308\Sdks\Microsoft.SourceLink.AzureRepos.Git\build\Microsoft.SourceLink.AzureRepos.Git.targets (13,5) 处重新分配属性: $(SourceControlManagerUrlTranslationTargets)=“;TranslateGitHubUrlsInSourceControlInformation;TranslateGitLabUrlsInSourceControlInformation;TranslateAzureReposGitUrlsInSourceControlInformation”(先前值:“;TranslateGitHubUrlsInSourceControlInformation;TranslateGitLabUrlsInSourceControlInformation”)
       C:\Program Files\dotnet\sdk\9.0.308\Sdks\Microsoft.SourceLink.Bitbucket.Git\build\Microsoft.SourceLink.Bitbucket.Git.targets(12,5): message : 在 C:\Program Files\dotnet\sdk\9.0.308\Sdks\Microsoft.SourceLink.Bitbucket.Git\build\Microsoft.SourceLink.Bitbucket.Git.targets (12,5) 处重新分配属性: $(SourceLinkUrlInitializerTargets)=“;_InitializeGitHubSourceLinkUrl;_InitializeGitLabSourceLinkUrl;_InitializeAzureReposGitSourceLinkUrl;_InitializeBitbucketGitSourceLinkUrl”(先前值:“;_InitializeGitHubSourceLinkUrl;_InitializeGitLabSourceLinkUrl;_InitializeAzureReposGitSourceLinkUrl”)
       C:\Program Files\dotnet\sdk\9.0.308\Sdks\Microsoft.SourceLink.Bitbucket.Git\build\Microsoft.SourceLink.Bitbucket.Git.targets(13,5): message : 在 C:\Program Files\dotnet\sdk\9.0.308\Sdks\Microsoft.SourceLink.Bitbucket.Git\build\Microsoft.SourceLink.Bitbucket.Git.targets (13,5) 处重新分配属性: $(SourceControlManagerUrlTranslationTargets)=“;TranslateGitHubUrlsInSourceControlInformation;TranslateGitLabUrlsInSourceControlInformation;TranslateAzureReposGitUrlsInSourceControlInformation;TranslateBitbucketGitUrlsInSourceControlInformation”(先前值:“;TranslateGitHubUrlsInSourceControlInformation;TranslateGitLabUrlsInSourceControlInformation;TranslateAzureReposGitUrlsInSourceControlInformation”)
       C:\Program Files\dotnet\sdk\9.0.308\Sdks\Microsoft.NET.Sdk\targets\Microsoft.NET.DesignerSupport.targets(21,5): message : 在 C:\Program Files\dotnet\sdk\9.0.308\Sdks\Microsoft.NET.Sdk\targets\Microsoft.NET.DesignerSupport.targets (21,5) 处重新分配属性: $(DesignerRuntimeImplementationProjectOutputGroupDependsOn)=“
       C:\Program Files\dotnet\sdk\9.0.308\Sdks\Microsoft.NET.Sdk\targets\Microsoft.NET.DesignerSupport.targets(21,5): message :       
       C:\Program Files\dotnet\sdk\9.0.308\Sdks\Microsoft.NET.Sdk\targets\Microsoft.NET.DesignerSupport.targets(21,5): message :       ;
       C:\Program Files\dotnet\sdk\9.0.308\Sdks\Microsoft.NET.Sdk\targets\Microsoft.NET.DesignerSupport.targets(21,5): message :       
       C:\Program Files\dotnet\sdk\9.0.308\Sdks\Microsoft.NET.Sdk\targets\Microsoft.NET.DesignerSupport.targets(21,5): message :       ;
       C:\Program Files\dotnet\sdk\9.0.308\Sdks\Microsoft.NET.Sdk\targets\Microsoft.NET.DesignerSupport.targets(21,5): message :       BuildOnlySettings;
       C:\Program Files\dotnet\sdk\9.0.308\Sdks\Microsoft.NET.Sdk\targets\Microsoft.NET.DesignerSupport.targets(21,5): message :       PrepareForBuild;
       C:\Program Files\dotnet\sdk\9.0.308\Sdks\Microsoft.NET.Sdk\targets\Microsoft.NET.DesignerSupport.targets(21,5): message :       AssignTargetPaths;
       C:\Program Files\dotnet\sdk\9.0.308\Sdks\Microsoft.NET.Sdk\targets\Microsoft.NET.DesignerSupport.targets(21,5): message :       ResolveReferences
       C:\Program Files\dotnet\sdk\9.0.308\Sdks\Microsoft.NET.Sdk\targets\Microsoft.NET.DesignerSupport.targets(21,5): message :     
       C:\Program Files\dotnet\sdk\9.0.308\Sdks\Microsoft.NET.Sdk\targets\Microsoft.NET.DesignerSupport.targets(21,5): message :     ;
       C:\Program Files\dotnet\sdk\9.0.308\Sdks\Microsoft.NET.Sdk\targets\Microsoft.NET.DesignerSupport.targets(21,5): message :       _GenerateDesignerDepsFile;
       C:\Program Files\dotnet\sdk\9.0.308\Sdks\Microsoft.NET.Sdk\targets\Microsoft.NET.DesignerSupport.targets(21,5): message :       _GenerateDesignerRuntimeConfigFile;
       C:\Program Files\dotnet\sdk\9.0.308\Sdks\Microsoft.NET.Sdk\targets\Microsoft.NET.DesignerSupport.targets(21,5): message :       GetCopyToOutputDirectoryItems;
       C:\Program Files\dotnet\sdk\9.0.308\Sdks\Microsoft.NET.Sdk\targets\Microsoft.NET.DesignerSupport.targets(21,5): message :       _GatherDesignerShadowCopyFiles;
       C:\Program Files\dotnet\sdk\9.0.308\Sdks\Microsoft.NET.Sdk\targets\Microsoft.NET.DesignerSupport.targets(21,5): message :     ”(先前值:“
       C:\Program Files\dotnet\sdk\9.0.308\Sdks\Microsoft.NET.Sdk\targets\Microsoft.NET.DesignerSupport.targets(21,5): message :       ;
       C:\Program Files\dotnet\sdk\9.0.308\Sdks\Microsoft.NET.Sdk\targets\Microsoft.NET.DesignerSupport.targets(21,5): message :       
       C:\Program Files\dotnet\sdk\9.0.308\Sdks\Microsoft.NET.Sdk\targets\Microsoft.NET.DesignerSupport.targets(21,5): message :       ;
       C:\Program Files\dotnet\sdk\9.0.308\Sdks\Microsoft.NET.Sdk\targets\Microsoft.NET.DesignerSupport.targets(21,5): message :       BuildOnlySettings;
       C:\Program Files\dotnet\sdk\9.0.308\Sdks\Microsoft.NET.Sdk\targets\Microsoft.NET.DesignerSupport.targets(21,5): message :       PrepareForBuild;
       C:\Program Files\dotnet\sdk\9.0.308\Sdks\Microsoft.NET.Sdk\targets\Microsoft.NET.DesignerSupport.targets(21,5): message :       AssignTargetPaths;
       C:\Program Files\dotnet\sdk\9.0.308\Sdks\Microsoft.NET.Sdk\targets\Microsoft.NET.DesignerSupport.targets(21,5): message :       ResolveReferences
       C:\Program Files\dotnet\sdk\9.0.308\Sdks\Microsoft.NET.Sdk\targets\Microsoft.NET.DesignerSupport.targets(21,5): message :     
       C:\Program Files\dotnet\sdk\9.0.308\Sdks\Microsoft.NET.Sdk\targets\Microsoft.NET.DesignerSupport.targets(21,5): message :     ”)
       C:\Program Files\dotnet\sdk\9.0.308\Sdks\Microsoft.NET.Sdk\targets\Microsoft.NET.PackTool.targets(68,5): message : 在 C:\Program Files\dotnet\sdk\9.0.308\Sdks\Microsoft.NET.Sdk\targets\Microsoft.NET.PackTool.targets (68,5) 处重新分配属性: $(_GenerateToolsSettingsFileCacheFile)=“d:\MyProject\FrontCRM(C#)\tests\CRM.Core.Tests\obj\Debug\net9.0\CRM.Core.Tests.toolssettingsinput.cache”(先前值:“obj\Debug\net9.0\CRM.Core.Tests.toolssettingsinput.cache”)
       C:\Program Files\dotnet\sdk\9.0.308\Sdks\Microsoft.NET.Sdk\targets\Microsoft.NET.PackTool.targets(137,5): message : 在 C:\Program Files\dotnet\sdk\9.0.308\Sdks\Microsoft.NET.Sdk\targets\Microsoft.NET.PackTool.targets (137,5) 处重新分配属性: $(_ShimInputCacheFile)=“d:\MyProject\FrontCRM(C#)\tests\CRM.Core.Tests\obj\Debug\net9.0\CRM.Core.Tests.shiminput.cache”(先前值:“obj\Debug\net9.0\CRM.Core.Tests.shiminput.cache”)
       C:\Program Files\dotnet\sdk\9.0.308\Sdks\Microsoft.NET.Sdk\targets\Microsoft.NET.PackTool.targets(139,5): message : 在 C:\Program Files\dotnet\sdk\9.0.308\Sdks\Microsoft.NET.Sdk\targets\Microsoft.NET.PackTool.targets (139,5) 处重新分配属性: $(_ShimCreatedSentinelFile)=“d:\MyProject\FrontCRM(C#)\tests\CRM.Core.Tests\obj\Debug\net9.0\CRM.Core.Tests.shimcreated.sentinel”(先前值:“obj\Debug\net9.0\CRM.Core.Tests.shimcreated.sentinel”)
       C:\Program Files\dotnet\sdk\9.0.308\Sdks\Microsoft.NET.Sdk\targets\Microsoft.NET.Sdk.CSharp.targets(31,5): message : 在 C:\Program Files\dotnet\sdk\9.0.308\Sdks\Microsoft.NET.Sdk\targets\Microsoft.NET.Sdk.CSharp.targets (31,5) 处重新分配属性: $(DefineConstants)=“TRACE;DEBUG”(先前值:“TRACE”)
       C:\Program Files\dotnet\sdk\9.0.308\Sdks\Microsoft.NET.Sdk\targets\Microsoft.NET.Sdk.CSharp.targets(34,5): message : 在 C:\Program Files\dotnet\sdk\9.0.308\Sdks\Microsoft.NET.Sdk\targets\Microsoft.NET.Sdk.CSharp.targets (34,5) 处重新分配属性: $(DefineConstants)=“TRACE;DEBUG;NET;NET9_0;NETCOREAPP”(先前值:“TRACE;DEBUG”)
       C:\Program Files\dotnet\sdk\9.0.308\Sdks\Microsoft.NET.Sdk\targets\Microsoft.NET.Sdk.CSharp.targets(48,5): message : 在 C:\Program Files\dotnet\sdk\9.0.308\Sdks\Microsoft.NET.Sdk\targets\Microsoft.NET.Sdk.CSharp.targets (48,5) 处重新分配属性: $(WarningsAsErrors)=“;NU1605;SYSLIB0011”(先前值:“;NU1605”)
       C:\Program Files\dotnet\sdk\9.0.308\Sdks\NuGet.Build.Tasks.Pack\build\NuGet.Build.Tasks.Pack.targets(34,5): message : 在 C:\Program Files\dotnet\sdk\9.0.308\Sdks\NuGet.Build.Tasks.Pack\build\NuGet.Build.Tasks.Pack.targets (34,5) 处重新分配属性: $(PackageDescription)=“Package Description”(先前值:“”)
       C:\Program Files\dotnet\sdk\9.0.308\Sdks\NuGet.Build.Tasks.Pack\build\NuGet.Build.Tasks.Pack.targets(59,5): message : 在 C:\Program Files\dotnet\sdk\9.0.308\Sdks\NuGet.Build.Tasks.Pack\build\NuGet.Build.Tasks.Pack.targets (59,5) 处重新分配属性: $(GenerateNuspecDependsOn)=“Build;_LoadPackInputItems; _GetTargetFrameworksOutput; _WalkEachTargetPerFramework; _GetPackageFiles; ”(先前值:“_LoadPackInputItems; _GetTargetFrameworksOutput; _WalkEachTargetPerFramework; _GetPackageFiles; ”)
       C:\Program Files\dotnet\sdk\9.0.308\Sdks\Microsoft.NET.Sdk\Sdk\Sdk.targets(60,5): message : 在 C:\Program Files\dotnet\sdk\9.0.308\Sdks\Microsoft.NET.Sdk\Sdk\Sdk.targets (60,5) 处重新分配属性: $(_IsNotSetContainersTargetsDir)=“true”(先前值:“false”)
       C:\Program Files\dotnet\sdk\9.0.308\Containers\build\Microsoft.NET.Build.Containers.targets(5,5): message : 在 C:\Program Files\dotnet\sdk\9.0.308\Containers\build\Microsoft.NET.Build.Containers.targets (5,5) 处重新分配属性: $(_IsSDKContainerAllowedVersion)=“true”(先前值:“false”)
       C:\Program Files\dotnet\sdk\9.0.308\Containers\build\Microsoft.NET.Build.Containers.targets(15,5): message : 在 C:\Program Files\dotnet\sdk\9.0.308\Containers\build\Microsoft.NET.Build.Containers.targets (15,5) 处重新分配属性: $(_ContainerIsTargetingNet8TFM)=“true”(先前值:“false”)
       在 Evaluation 期间加载的程序集: System.Collections.NonGeneric, Version=9.0.0.0, Culture=neutral, PublicKeyToken=b03f5f7f11d50a3a (位置: C:\Program Files\dotnet\shared\Microsoft.NETCore.App\9.0.11\System.Collections.NonGeneric.dll，MVID: fdc16d98-c31a-46f7-b8ea-0f5dc6b8b4ce，AssemblyLoadContext: Default)
       正在使用项目“C:\Program Files\dotnet\sdk\9.0.308\Sdks\Microsoft.NET.Sdk\targets\Microsoft.NET.Sdk.FrameworkReferenceResolution.targets”中的目标“ResolveFrameworkReferences”重写项目“C:\Program Files\dotnet\sdk\9.0.308\Microsoft.Common.CurrentVersion.targets”中的目标“ResolveFrameworkReferences”。
       正在使用项目“C:\Program Files\dotnet\sdk\9.0.308\Sdks\Microsoft.NET.Sdk\targets\Microsoft.NET.Sdk.targets”中的目标“Run”重写项目“C:\Program Files\dotnet\sdk\9.0.308\Microsoft.Common.CurrentVersion.targets”中的目标“Run”。
       正在使用项目“C:\Program Files\dotnet\sdk\9.0.308\Sdks\Microsoft.NET.Sdk\targets\Microsoft.NET.Sdk.targets”中的目标“GenerateSupportedTargetFrameworkAlias”重写项目“C:\Program Files\dotnet\sdk\9.0.308\Microsoft.Common.CurrentVersion.targets”中的目标“GenerateSupportedTargetFrameworkAlias”。
       正在使用项目“C:\Program Files\dotnet\sdk\9.0.308\Sdks\Microsoft.NET.Sdk\targets\Microsoft.NET.DisableStandardFrameworkResolution.targets”中的目标“GetReferenceAssemblyPaths”重写项目“C:\Program Files\dotnet\sdk\9.0.308\Microsoft.Common.CurrentVersion.targets”中的目标“GetReferenceAssemblyPaths”。
       正在使用项目“C:\Program Files\dotnet\sdk\9.0.308\Sdks\Microsoft.NET.Sdk\targets\Microsoft.NET.DisableStandardFrameworkResolution.targets”中的目标“GetFrameworkPaths”重写项目“C:\Program Files\dotnet\sdk\9.0.308\Microsoft.Common.CurrentVersion.targets”中的目标“GetFrameworkPaths”。
       正在使用项目“C:\Program Files\dotnet\sdk\9.0.308\Sdks\Microsoft.NET.Sdk\targets\Microsoft.NET.DesignerSupport.targets”中的目标“DesignerRuntimeImplementationProjectOutputGroup”重写项目“C:\Program Files\dotnet\sdk\9.0.308\Microsoft.Common.CurrentVersion.targets”中的目标“DesignerRuntimeImplementationProjectOutputGroup”。
       正在使用项目“C:\Program Files\dotnet\sdk\9.0.308\Sdks\Microsoft.NET.Sdk\targets\Microsoft.NET.Publish.targets”中的目标“Publish”重写项目“C:\Program Files\dotnet\sdk\9.0.308\Microsoft.Common.CurrentVersion.targets”中的目标“Publish”。
       正在使用项目“C:\Program Files\dotnet\sdk\9.0.308\Sdks\Microsoft.NET.Sdk\targets\Microsoft.NET.Publish.targets”中的目标“ResolveReadyToRunCompilers”重写项目“C:\Program Files\dotnet\sdk\9.0.308\Sdks\Microsoft.NET.Sdk\targets\Microsoft.NET.CrossGen.targets”中的目标“ResolveReadyToRunCompilers”。
       正在使用项目“C:\Program Files\dotnet\sdk\9.0.308\Sdks\Microsoft.NET.Sdk\targets\Microsoft.NET.Publish.targets”中的目标“GetCopyToPublishDirectoryItems”重写项目“C:\Program Files\dotnet\sdk\9.0.308\Microsoft.Common.CurrentVersion.targets”中的目标“GetCopyToPublishDirectoryItems”。
     1>项目“d:\MyProject\FrontCRM(C#)\tests\CRM.Core.Tests\CRM.Core.Tests.csproj”(1)正在节点 1 上生成“d:\MyProject\FrontCRM(C#)\tests\CRM.Core.Tests\CRM.Core.Tests.csproj”(1:2) (_IsProjectRestoreSupported 个目标)。
   1:2>来自项目“d:\MyProject\FrontCRM(C#)\tests\CRM.Core.Tests\CRM.Core.Tests.csproj”的文件“C:\Program Files\dotnet\sdk\9.0.308\NuGet.targets”中的目标“_IsProjectRestoreSupported”(入口点):
   1:2>已完成在项目“CRM.Core.Tests.csproj”中生成目标“_IsProjectRestoreSupported”的操作。
   1:2>已完成生成项目“d:\MyProject\FrontCRM(C#)\tests\CRM.Core.Tests\CRM.Core.Tests.csproj”(_IsProjectRestoreSupported 个目标)的操作。
     1>已完成执行任务“MSBuild”的操作。
       由于 false 条件，已跳过任务“MSBuild”；( '$(RestoreUseSkipNonexistentTargets)' != 'true' )计算为( 'true' != 'true' )。
       在 TaskRun 期间加载的程序集: NuGet.Build.Tasks, Version=6.14.0.116, Culture=neutral, PublicKeyToken=31bf3856ad364e35 (位置: C:\Program Files\dotnet\sdk\9.0.308\NuGet.Build.Tasks.dll，MVID: c545d64d-0cbb-4fc0-971c-b5c1c1e75cf3，AssemblyLoadContext: MSBuild plugin C:\Program Files\dotnet\sdk\9.0.308\NuGet.Build.Tasks.dll)
       在 TaskRun 期间加载的程序集: NuGet.Common, Version=6.14.0.116, Culture=neutral, PublicKeyToken=31bf3856ad364e35 (位置: C:\Program Files\dotnet\sdk\9.0.308\NuGet.Common.dll，MVID: 0fbb79ae-e358-4591-bc91-e34371a3d05b，AssemblyLoadContext: MSBuild plugin C:\Program Files\dotnet\sdk\9.0.308\NuGet.Build.Tasks.dll)
       在 TaskRun 期间加载的程序集: NuGet.Commands, Version=6.14.0.116, Culture=neutral, PublicKeyToken=31bf3856ad364e35 (位置: C:\Program Files\dotnet\sdk\9.0.308\NuGet.Commands.dll，MVID: e743f127-1013-45a0-a669-058903e72acf，AssemblyLoadContext: MSBuild plugin C:\Program Files\dotnet\sdk\9.0.308\NuGet.Build.Tasks.dll)
       在 TaskRun 期间加载的程序集: NuGet.ProjectModel, Version=6.14.0.116, Culture=neutral, PublicKeyToken=31bf3856ad364e35 (位置: C:\Program Files\dotnet\sdk\9.0.308\NuGet.ProjectModel.dll，MVID: 08d0df58-191b-4580-9b46-c281ab5b9b36，AssemblyLoadContext: MSBuild plugin C:\Program Files\dotnet\sdk\9.0.308\NuGet.Build.Tasks.dll)
       正在使用程序集“C:\Program Files\dotnet\sdk\9.0.308\NuGet.Build.Tasks.dll”中的“WarnForInvalidProjectsTask”任务。
       任务“WarnForInvalidProjectsTask”
       已完成执行任务“WarnForInvalidProjectsTask”的操作。
     1>已完成在项目“CRM.Core.Tests.csproj”中生成目标“_FilterRestoreGraphProjectInputItems”的操作。
       已跳过目标“_FilterRestoreGraphProjectInputItems”。以前的生成已成功。
     1>来自项目“d:\MyProject\FrontCRM(C#)\tests\CRM.Core.Tests\CRM.Core.Tests.csproj”的文件“C:\Program Files\dotnet\sdk\9.0.308\NuGet.targets”中的目标“_GetAllRestoreProjectPathItems”(目标“_GenerateRestoreGraph”依赖于它):
       正在使用程序集“C:\Program Files\dotnet\sdk\9.0.308\NuGet.Build.Tasks.dll”中的“NuGetMessageTask”任务。
       任务“NuGetMessageTask”
         在 TaskRun (NuGet.Build.Tasks.NuGetMessageTask) 期间加载的程序集: NuGet.Build.Tasks.resources, Version=6.14.0.116, Culture=zh-Hans, PublicKeyToken=31bf3856ad364e35, processorArchitecture=MSIL (位置: C:\Program Files\dotnet\sdk\9.0.308\zh-Hans\NuGet.Build.Tasks.resources.dll，MVID: 0fb5b25c-4537-40de-baee-8ab1caceb730，AssemblyLoadContext: MSBuild plugin C:\Program Files\dotnet\sdk\9.0.308\NuGet.Build.Tasks.dll)
         正在确定要还原的项目…
       已完成执行任务“NuGetMessageTask”的操作。
       任务“MSBuild”
         全局属性:
           ExcludeRestorePackageImports=true
     1>项目“d:\MyProject\FrontCRM(C#)\tests\CRM.Core.Tests\CRM.Core.Tests.csproj”(1)正在节点 1 上生成“d:\MyProject\FrontCRM(C#)\tests\CRM.Core.Tests\CRM.Core.Tests.csproj”(1:3) (_GenerateRestoreProjectPathWalk 个目标)。
   1:3>由于条件的计算结果为 false，已跳过目标“_GenerateRestoreProjectPathItemsAllFrameworks”；( '$(TargetFrameworks)' != '' )的计算结果为( '' != '' )。
   1:3>来自项目“d:\MyProject\FrontCRM(C#)\tests\CRM.Core.Tests\CRM.Core.Tests.csproj”的文件“C:\Program Files\dotnet\sdk\9.0.308\NuGet.targets”中的目标“_GenerateRestoreProjectPathItemsPerFramework”(目标“_GenerateRestoreProjectPathItemsCurrentProject”依赖于它):
       正在使用程序集“Microsoft.Build.Tasks.Core, Version=15.1.0.0, Culture=neutral, PublicKeyToken=b03f5f7f11d50a3a”中的“ConvertToAbsolutePath”任务。
       任务“ConvertToAbsolutePath”
       已完成执行任务“ConvertToAbsolutePath”的操作。
   1:3>已完成在项目“CRM.Core.Tests.csproj”中生成目标“_GenerateRestoreProjectPathItemsPerFramework”的操作。
   1:3>来自项目“d:\MyProject\FrontCRM(C#)\tests\CRM.Core.Tests\CRM.Core.Tests.csproj”的文件“C:\Program Files\dotnet\sdk\9.0.308\NuGet.targets”中的目标“_GenerateRestoreProjectPathItemsCurrentProject”(目标“_GenerateRestoreProjectPathItems”依赖于它):
   1:3>已完成在项目“CRM.Core.Tests.csproj”中生成目标“_GenerateRestoreProjectPathItemsCurrentProject”的操作。
   1:3>来自项目“d:\MyProject\FrontCRM(C#)\tests\CRM.Core.Tests\CRM.Core.Tests.csproj”的文件“C:\Program Files\dotnet\sdk\9.0.308\NuGet.targets”中的目标“_GenerateRestoreProjectPathItems”(目标“_GenerateRestoreProjectPathWalk”依赖于它):
       任务“RemoveDuplicates”
       已完成执行任务“RemoveDuplicates”的操作。
   1:3>已完成在项目“CRM.Core.Tests.csproj”中生成目标“_GenerateRestoreProjectPathItems”的操作。
   1:3>来自项目“d:\MyProject\FrontCRM(C#)\tests\CRM.Core.Tests\CRM.Core.Tests.csproj”的文件“C:\Program Files\dotnet\sdk\9.0.308\NuGet.targets”中的目标“_GenerateRestoreProjectPathWalk”(入口点):
       任务“MSBuild”
         全局属性:
           ExcludeRestorePackageImports=true
     0>C:\Program Files\dotnet\sdk\9.0.308\Sdks\Microsoft.NET.Sdk\Sdk\Sdk.props(49,11): message : 值为“C:\Program Files\dotnet\sdk\9.0.308\”的属性“MSBuildExtensionsPath”从环境中展开。
       C:\Program Files\dotnet\sdk\9.0.308\Current\Microsoft.Common.props(60,5): message : 在 C:\Program Files\dotnet\sdk\9.0.308\Current\Microsoft.Common.props (60,5) 处重新分配属性: $(MSBuildProjectExtensionsPath)=“d:\MyProject\FrontCRM(C#)\CRM.Core\obj\”(先前值:“obj\”)
       C:\Program Files\dotnet\sdk\9.0.308\Current\Microsoft.Common.props(84,119): message : 值为“C:\Users\admin\AppData\Local\Microsoft\MSBuild”的属性“MSBuildUserExtensionsPath”从环境中展开。
       C:\Program Files\dotnet\sdk\9.0.308\Sdks\Microsoft.NET.Sdk\targets\Microsoft.NET.Sdk.props(90,5): message : 在 C:\Program Files\dotnet\sdk\9.0.308\Sdks\Microsoft.NET.Sdk\targets\Microsoft.NET.Sdk.props (90,5) 处重新分配属性: $(AssemblySearchPaths)=“{CandidateAssemblyFiles};{HintPathFromItem}”(先前值:“{CandidateAssemblyFiles}”)
       C:\Program Files\dotnet\sdk\9.0.308\Sdks\Microsoft.NET.Sdk\targets\Microsoft.NET.Sdk.props(91,5): message : 在 C:\Program Files\dotnet\sdk\9.0.308\Sdks\Microsoft.NET.Sdk\targets\Microsoft.NET.Sdk.props (91,5) 处重新分配属性: $(AssemblySearchPaths)=“{CandidateAssemblyFiles};{HintPathFromItem};{TargetFrameworkDirectory}”(先前值:“{CandidateAssemblyFiles};{HintPathFromItem}”)
       C:\Program Files\dotnet\sdk\9.0.308\Sdks\Microsoft.NET.Sdk\targets\Microsoft.NET.Sdk.props(92,5): message : 在 C:\Program Files\dotnet\sdk\9.0.308\Sdks\Microsoft.NET.Sdk\targets\Microsoft.NET.Sdk.props (92,5) 处重新分配属性: $(AssemblySearchPaths)=“{CandidateAssemblyFiles};{HintPathFromItem};{TargetFrameworkDirectory};{RawFileName}”(先前值:“{CandidateAssemblyFiles};{HintPathFromItem};{TargetFrameworkDirectory}”)
       C:\Program Files\dotnet\sdk\9.0.308\Sdks\Microsoft.NET.Sdk\targets\Microsoft.NET.PackProjectTool.props(15,5): message : 在 C:\Program Files\dotnet\sdk\9.0.308\Sdks\Microsoft.NET.Sdk\targets\Microsoft.NET.PackProjectTool.props (15,5) 处重新分配属性: $(TargetsForTfmSpecificContentInPackage)=“;PackTool;_PackProjectToolValidation”(先前值:“;PackTool”)
       C:\Program Files\dotnet\sdk\9.0.308\Sdks\Microsoft.NET.Sdk\targets\Microsoft.NET.Sdk.ImportPublishProfile.targets(28,5): message : 在 C:\Program Files\dotnet\sdk\9.0.308\Sdks\Microsoft.NET.Sdk\targets\Microsoft.NET.Sdk.ImportPublishProfile.targets (28,5) 处重新分配属性: $(PublishProfileImported)=“false”(先前值:“true”)
       C:\Program Files\dotnet\sdk\9.0.308\Sdks\Microsoft.NET.Sdk\targets\Microsoft.NET.TargetFrameworkInference.targets(69,5): message : 在 C:\Program Files\dotnet\sdk\9.0.308\Sdks\Microsoft.NET.Sdk\targets\Microsoft.NET.TargetFrameworkInference.targets (69,5) 处重新分配属性: $(TargetPlatformVersion)=“”(先前值:“0.0”)
       C:\Program Files\dotnet\sdk\9.0.308\Sdks\Microsoft.NET.Sdk\targets\Microsoft.NET.DefaultOutputPaths.targets(122,5): message : 在 C:\Program Files\dotnet\sdk\9.0.308\Sdks\Microsoft.NET.Sdk\targets\Microsoft.NET.DefaultOutputPaths.targets (122,5) 处重新分配属性: $(DefaultItemExcludes)=“;bin\Debug\/**;obj\Debug\/**”(先前值:“;bin\Debug\/**”)
       C:\Program Files\dotnet\sdk\9.0.308\Sdks\Microsoft.NET.Sdk\targets\Microsoft.NET.DefaultOutputPaths.targets(137,5): message : 在 C:\Program Files\dotnet\sdk\9.0.308\Sdks\Microsoft.NET.Sdk\targets\Microsoft.NET.DefaultOutputPaths.targets (137,5) 处重新分配属性: $(OutputPath)=“bin\Debug\net9.0\”(先前值:“bin\Debug\”)
       C:\Program Files\dotnet\sdk\9.0.308\Sdks\Microsoft.NET.Sdk\targets\Microsoft.NET.DefaultOutputPaths.targets(142,5): message : 在 C:\Program Files\dotnet\sdk\9.0.308\Sdks\Microsoft.NET.Sdk\targets\Microsoft.NET.DefaultOutputPaths.targets (142,5) 处重新分配属性: $(IntermediateOutputPath)=“obj\Debug\net9.0\”(先前值:“obj\Debug\”)
       C:\Program Files\dotnet\sdk\9.0.308\Sdks\Microsoft.NET.Sdk\targets\Microsoft.NET.Sdk.BeforeCommon.targets(187,5): message : 在 C:\Program Files\dotnet\sdk\9.0.308\Sdks\Microsoft.NET.Sdk\targets\Microsoft.NET.Sdk.BeforeCommon.targets (187,5) 处重新分配属性: $(_FrameworkIdentifierForImplicitDefine)=“NET”(先前值:“NETCOREAPP”)
       C:\Program Files\dotnet\sdk\9.0.308\Sdks\Microsoft.NET.Sdk\targets\Microsoft.NET.Sdk.BeforeCommon.targets(192,5): message : 在 C:\Program Files\dotnet\sdk\9.0.308\Sdks\Microsoft.NET.Sdk\targets\Microsoft.NET.Sdk.BeforeCommon.targets (192,5) 处重新分配属性: $(_FrameworkVersionForImplicitDefine)=“9_0”(先前值:“9.0”)
       C:\Program Files\dotnet\sdk\9.0.308\Roslyn\Microsoft.CSharp.Core.targets(200,5): message : 在 C:\Program Files\dotnet\sdk\9.0.308\Roslyn\Microsoft.CSharp.Core.targets (200,5) 处重新分配属性: $(CommandLineArgsForDesignTimeEvaluation)=“-langversion:13.0 -define:TRACE”(先前值:“-langversion:13.0”)
       C:\Program Files\dotnet\sdk\9.0.308\Microsoft.Common.CurrentVersion.targets(175,5): message : 在 C:\Program Files\dotnet\sdk\9.0.308\Microsoft.Common.CurrentVersion.targets (175,5) 处重新分配属性: $(_DebugSymbolsProduced)=“true”(先前值:“false”)
       C:\Program Files\dotnet\sdk\9.0.308\Microsoft.Common.CurrentVersion.targets(185,5): message : 在 C:\Program Files\dotnet\sdk\9.0.308\Microsoft.Common.CurrentVersion.targets (185,5) 处重新分配属性: $(_DocumentationFileProduced)=“false”(先前值:“true”)
       C:\Program Files\dotnet\sdk\9.0.308\Microsoft.Common.CurrentVersion.targets(393,5): message : 在 C:\Program Files\dotnet\sdk\9.0.308\Microsoft.Common.CurrentVersion.targets (393,5) 处重新分配属性: $(MSBuildCopyMarkerName)=“CRM.Core.csproj.Up2Date”(先前值:“CRM.Core.csproj”)
       C:\Program Files\dotnet\sdk\9.0.308\Microsoft.Common.CurrentVersion.targets(541,5): message : 在 C:\Program Files\dotnet\sdk\9.0.308\Microsoft.Common.CurrentVersion.targets (541,5) 处重新分配属性: $(ProcessorArchitecture)=“msil”(先前值:“”)
       C:\Program Files\dotnet\sdk\9.0.308\Microsoft.Common.CurrentVersion.targets(580,5): message : 在 C:\Program Files\dotnet\sdk\9.0.308\Microsoft.Common.CurrentVersion.targets (580,5) 处重新分配属性: $(DelaySign)=“”(先前值:“false”)
       C:\Program Files\dotnet\sdk\9.0.308\Microsoft.Common.CurrentVersion.targets(2619,5): message : 值为“C:\Users\admin\AppData\Local”的属性“LOCALAPPDATA”从环境中展开。
       C:\Program Files\dotnet\sdk\9.0.308\Microsoft.Common.CurrentVersion.targets(3947,5): message : 在 C:\Program Files\dotnet\sdk\9.0.308\Microsoft.Common.CurrentVersion.targets (3947,5) 处重新分配属性: $(_SGenGenerateSerializationAssembliesConfig)=“Auto”(先前值:“”)
       C:\Program Files\dotnet\sdk\9.0.308\Microsoft.Common.CurrentVersion.targets(3948,5): message : 在 C:\Program Files\dotnet\sdk\9.0.308\Microsoft.Common.CurrentVersion.targets (3948,5) 处重新分配属性: $(_SGenGenerateSerializationAssembliesConfig)=“Off”(先前值:“Auto”)
       C:\Program Files\dotnet\sdk\9.0.308\Microsoft.Common.CurrentVersion.targets(5159,5): message : 在 C:\Program Files\dotnet\sdk\9.0.308\Microsoft.Common.CurrentVersion.targets (5159,5) 处重新分配属性: $(_TargetsThatPrepareProjectReferences)=“
       C:\Program Files\dotnet\sdk\9.0.308\Microsoft.Common.CurrentVersion.targets(5159,5): message :       AssignProjectConfiguration;
       C:\Program Files\dotnet\sdk\9.0.308\Microsoft.Common.CurrentVersion.targets(5159,5): message :       _SplitProjectReferencesByFileExistence
       C:\Program Files\dotnet\sdk\9.0.308\Microsoft.Common.CurrentVersion.targets(5159,5): message :     ”(先前值:“_SplitProjectReferencesByFileExistence”)
       C:\Program Files\dotnet\sdk\9.0.308\Microsoft.Common.CurrentVersion.targets(6954,5): message : 值为“C:\Program Files\dotnet\sdk\9.0.308”的属性“MSBuildExtensionsPath32”从环境中展开。
       C:\Program Files\dotnet\sdk\9.0.308\Sdks\Microsoft.NET.Sdk\targets\Microsoft.PackageDependencyResolution.targets(24,5): message : 在 C:\Program Files\dotnet\sdk\9.0.308\Sdks\Microsoft.NET.Sdk\targets\Microsoft.PackageDependencyResolution.targets (24,5) 处重新分配属性: $(ProjectAssetsFile)=“d:\MyProject\FrontCRM(C#)\CRM.Core\obj\project.assets.json”(先前值:“d:\MyProject\FrontCRM(C#)\CRM.Core\obj\/project.assets.json”)
       C:\Program Files\dotnet\sdk\9.0.308\Sdks\Microsoft.NET.Sdk\targets\Microsoft.PackageDependencyResolution.targets(29,5): message : 在 C:\Program Files\dotnet\sdk\9.0.308\Sdks\Microsoft.NET.Sdk\targets\Microsoft.PackageDependencyResolution.targets (29,5) 处重新分配属性: $(ProjectAssetsCacheFile)=“d:\MyProject\FrontCRM(C#)\CRM.Core\obj\Debug\net9.0\CRM.Core.assets.cache”(先前值:“obj\Debug\net9.0\CRM.Core.assets.cache”)
       C:\Program Files\dotnet\sdk\9.0.308\Sdks\Microsoft.NET.Sdk\targets\Microsoft.PackageDependencyResolution.targets(80,5): message : 在 C:\Program Files\dotnet\sdk\9.0.308\Sdks\Microsoft.NET.Sdk\targets\Microsoft.PackageDependencyResolution.targets (80,5) 处重新分配属性: $(ResolveAssemblyReferencesDependsOn)=“
       C:\Program Files\dotnet\sdk\9.0.308\Sdks\Microsoft.NET.Sdk\targets\Microsoft.PackageDependencyResolution.targets(80,5): message :       
       C:\Program Files\dotnet\sdk\9.0.308\Sdks\Microsoft.NET.Sdk\targets\Microsoft.PackageDependencyResolution.targets(80,5): message :       ResolveProjectReferences;
       C:\Program Files\dotnet\sdk\9.0.308\Sdks\Microsoft.NET.Sdk\targets\Microsoft.PackageDependencyResolution.targets(80,5): message :       FindInvalidProjectReferences;
       C:\Program Files\dotnet\sdk\9.0.308\Sdks\Microsoft.NET.Sdk\targets\Microsoft.PackageDependencyResolution.targets(80,5): message :       GetFrameworkPaths;
       C:\Program Files\dotnet\sdk\9.0.308\Sdks\Microsoft.NET.Sdk\targets\Microsoft.PackageDependencyResolution.targets(80,5): message :       GetReferenceAssemblyPaths;
       C:\Program Files\dotnet\sdk\9.0.308\Sdks\Microsoft.NET.Sdk\targets\Microsoft.PackageDependencyResolution.targets(80,5): message :       PrepareForBuild;
       C:\Program Files\dotnet\sdk\9.0.308\Sdks\Microsoft.NET.Sdk\targets\Microsoft.PackageDependencyResolution.targets(80,5): message :       ResolveSDKReferences;
       C:\Program Files\dotnet\sdk\9.0.308\Sdks\Microsoft.NET.Sdk\targets\Microsoft.PackageDependencyResolution.targets(80,5): message :       ExpandSDKReferences;
       C:\Program Files\dotnet\sdk\9.0.308\Sdks\Microsoft.NET.Sdk\targets\Microsoft.PackageDependencyResolution.targets(80,5): message :     ;
       C:\Program Files\dotnet\sdk\9.0.308\Sdks\Microsoft.NET.Sdk\targets\Microsoft.PackageDependencyResolution.targets(80,5): message :       ResolvePackageDependenciesForBuild;
       C:\Program Files\dotnet\sdk\9.0.308\Sdks\Microsoft.NET.Sdk\targets\Microsoft.PackageDependencyResolution.targets(80,5): message :       _HandlePackageFileConflicts;
       C:\Program Files\dotnet\sdk\9.0.308\Sdks\Microsoft.NET.Sdk\targets\Microsoft.PackageDependencyResolution.targets(80,5): message :     ”(先前值:“
       C:\Program Files\dotnet\sdk\9.0.308\Sdks\Microsoft.NET.Sdk\targets\Microsoft.PackageDependencyResolution.targets(80,5): message :       ResolveProjectReferences;
       C:\Program Files\dotnet\sdk\9.0.308\Sdks\Microsoft.NET.Sdk\targets\Microsoft.PackageDependencyResolution.targets(80,5): message :       FindInvalidProjectReferences;
       C:\Program Files\dotnet\sdk\9.0.308\Sdks\Microsoft.NET.Sdk\targets\Microsoft.PackageDependencyResolution.targets(80,5): message :       GetFrameworkPaths;
       C:\Program Files\dotnet\sdk\9.0.308\Sdks\Microsoft.NET.Sdk\targets\Microsoft.PackageDependencyResolution.targets(80,5): message :       GetReferenceAssemblyPaths;
       C:\Program Files\dotnet\sdk\9.0.308\Sdks\Microsoft.NET.Sdk\targets\Microsoft.PackageDependencyResolution.targets(80,5): message :       PrepareForBuild;
       C:\Program Files\dotnet\sdk\9.0.308\Sdks\Microsoft.NET.Sdk\targets\Microsoft.PackageDependencyResolution.targets(80,5): message :       ResolveSDKReferences;
       C:\Program Files\dotnet\sdk\9.0.308\Sdks\Microsoft.NET.Sdk\targets\Microsoft.PackageDependencyResolution.targets(80,5): message :       ExpandSDKReferences;
       C:\Program Files\dotnet\sdk\9.0.308\Sdks\Microsoft.NET.Sdk\targets\Microsoft.PackageDependencyResolution.targets(80,5): message :     ”)
       C:\Program Files\dotnet\sdk\9.0.308\Sdks\Microsoft.NET.Sdk\targets\Microsoft.PackageDependencyResolution.targets(86,5): message : 在 C:\Program Files\dotnet\sdk\9.0.308\Sdks\Microsoft.NET.Sdk\targets\Microsoft.PackageDependencyResolution.targets (86,5) 处重新分配属性: $(PrepareResourcesDependsOn)=“
       C:\Program Files\dotnet\sdk\9.0.308\Sdks\Microsoft.NET.Sdk\targets\Microsoft.PackageDependencyResolution.targets(86,5): message :       ResolvePackageDependenciesForBuild;
       C:\Program Files\dotnet\sdk\9.0.308\Sdks\Microsoft.NET.Sdk\targets\Microsoft.PackageDependencyResolution.targets(86,5): message :       _HandlePackageFileConflicts;
       C:\Program Files\dotnet\sdk\9.0.308\Sdks\Microsoft.NET.Sdk\targets\Microsoft.PackageDependencyResolution.targets(86,5): message :       
       C:\Program Files\dotnet\sdk\9.0.308\Sdks\Microsoft.NET.Sdk\targets\Microsoft.PackageDependencyResolution.targets(86,5): message :       ;
       C:\Program Files\dotnet\sdk\9.0.308\Sdks\Microsoft.NET.Sdk\targets\Microsoft.PackageDependencyResolution.targets(86,5): message :       PrepareResourceNames;
       C:\Program Files\dotnet\sdk\9.0.308\Sdks\Microsoft.NET.Sdk\targets\Microsoft.PackageDependencyResolution.targets(86,5): message :       ResGen;
       C:\Program Files\dotnet\sdk\9.0.308\Sdks\Microsoft.NET.Sdk\targets\Microsoft.PackageDependencyResolution.targets(86,5): message :       CompileLicxFiles
       C:\Program Files\dotnet\sdk\9.0.308\Sdks\Microsoft.NET.Sdk\targets\Microsoft.PackageDependencyResolution.targets(86,5): message :     
       C:\Program Files\dotnet\sdk\9.0.308\Sdks\Microsoft.NET.Sdk\targets\Microsoft.PackageDependencyResolution.targets(86,5): message :     ”(先前值:“
       C:\Program Files\dotnet\sdk\9.0.308\Sdks\Microsoft.NET.Sdk\targets\Microsoft.PackageDependencyResolution.targets(86,5): message :       ;
       C:\Program Files\dotnet\sdk\9.0.308\Sdks\Microsoft.NET.Sdk\targets\Microsoft.PackageDependencyResolution.targets(86,5): message :       PrepareResourceNames;
       C:\Program Files\dotnet\sdk\9.0.308\Sdks\Microsoft.NET.Sdk\targets\Microsoft.PackageDependencyResolution.targets(86,5): message :       ResGen;
       C:\Program Files\dotnet\sdk\9.0.308\Sdks\Microsoft.NET.Sdk\targets\Microsoft.PackageDependencyResolution.targets(86,5): message :       CompileLicxFiles
       C:\Program Files\dotnet\sdk\9.0.308\Sdks\Microsoft.NET.Sdk\targets\Microsoft.PackageDependencyResolution.targets(86,5): message :     ”)
       C:\Program Files\dotnet\sdk\9.0.308\Sdks\Microsoft.NET.Sdk\targets\Microsoft.NET.Sdk.DefaultItems.targets(27,5): message : 在 C:\Program Files\dotnet\sdk\9.0.308\Sdks\Microsoft.NET.Sdk\targets\Microsoft.NET.Sdk.DefaultItems.targets (27,5) 处重新分配属性: $(DefaultItemExcludes)=“;bin\Debug\/**;obj\Debug\/**;bin\/**”(先前值:“;bin\Debug\/**;obj\Debug\/**”)
       C:\Program Files\dotnet\sdk\9.0.308\Sdks\Microsoft.NET.Sdk\targets\Microsoft.NET.Sdk.DefaultItems.targets(29,5): message : 在 C:\Program Files\dotnet\sdk\9.0.308\Sdks\Microsoft.NET.Sdk\targets\Microsoft.NET.Sdk.DefaultItems.targets (29,5) 处重新分配属性: $(DefaultItemExcludes)=“;bin\Debug\/**;obj\Debug\/**;bin\/**;obj\/**”(先前值:“;bin\Debug\/**;obj\Debug\/**;bin\/**”)
       C:\Program Files\dotnet\sdk\9.0.308\Sdks\Microsoft.NET.Sdk\targets\Microsoft.NET.Sdk.DefaultItems.targets(32,5): message : 在 C:\Program Files\dotnet\sdk\9.0.308\Sdks\Microsoft.NET.Sdk\targets\Microsoft.NET.Sdk.DefaultItems.targets (32,5) 处重新分配属性: $(DefaultItemExcludes)=“;bin\Debug\/**;obj\Debug\/**;bin\/**;obj\/**;**/*.user”(先前值:“;bin\Debug\/**;obj\Debug\/**;bin\/**;obj\/**”)
       C:\Program Files\dotnet\sdk\9.0.308\Sdks\Microsoft.NET.Sdk\targets\Microsoft.NET.Sdk.DefaultItems.targets(33,5): message : 在 C:\Program Files\dotnet\sdk\9.0.308\Sdks\Microsoft.NET.Sdk\targets\Microsoft.NET.Sdk.DefaultItems.targets (33,5) 处重新分配属性: $(DefaultItemExcludes)=“;bin\Debug\/**;obj\Debug\/**;bin\/**;obj\/**;**/*.user;**/*.*proj”(先前值:“;bin\Debug\/**;obj\Debug\/**;bin\/**;obj\/**;**/*.user”)
       C:\Program Files\dotnet\sdk\9.0.308\Sdks\Microsoft.NET.Sdk\targets\Microsoft.NET.Sdk.DefaultItems.targets(34,5): message : 在 C:\Program Files\dotnet\sdk\9.0.308\Sdks\Microsoft.NET.Sdk\targets\Microsoft.NET.Sdk.DefaultItems.targets (34,5) 处重新分配属性: $(DefaultItemExcludes)=“;bin\Debug\/**;obj\Debug\/**;bin\/**;obj\/**;**/*.user;**/*.*proj;**/*.sln”(先前值:“;bin\Debug\/**;obj\Debug\/**;bin\/**;obj\/**;**/*.user;**/*.*proj”)
       C:\Program Files\dotnet\sdk\9.0.308\Sdks\Microsoft.NET.Sdk\targets\Microsoft.NET.Sdk.DefaultItems.targets(35,5): message : 在 C:\Program Files\dotnet\sdk\9.0.308\Sdks\Microsoft.NET.Sdk\targets\Microsoft.NET.Sdk.DefaultItems.targets (35,5) 处重新分配属性: $(DefaultItemExcludes)=“;bin\Debug\/**;obj\Debug\/**;bin\/**;obj\/**;**/*.user;**/*.*proj;**/*.sln;**/*.slnx”(先前值:“;bin\Debug\/**;obj\Debug\/**;bin\/**;obj\/**;**/*.user;**/*.*proj;**/*.sln”)
       C:\Program Files\dotnet\sdk\9.0.308\Sdks\Microsoft.NET.Sdk\targets\Microsoft.NET.Sdk.DefaultItems.targets(36,5): message : 在 C:\Program Files\dotnet\sdk\9.0.308\Sdks\Microsoft.NET.Sdk\targets\Microsoft.NET.Sdk.DefaultItems.targets (36,5) 处重新分配属性: $(DefaultItemExcludes)=“;bin\Debug\/**;obj\Debug\/**;bin\/**;obj\/**;**/*.user;**/*.*proj;**/*.sln;**/*.slnx;**/*.vssscc”(先前值:“;bin\Debug\/**;obj\Debug\/**;bin\/**;obj\/**;**/*.user;**/*.*proj;**/*.sln;**/*.slnx”)
       C:\Program Files\dotnet\sdk\9.0.308\Sdks\Microsoft.NET.Sdk\targets\Microsoft.NET.Sdk.DefaultItems.targets(37,5): message : 在 C:\Program Files\dotnet\sdk\9.0.308\Sdks\Microsoft.NET.Sdk\targets\Microsoft.NET.Sdk.DefaultItems.targets (37,5) 处重新分配属性: $(DefaultItemExcludes)=“;bin\Debug\/**;obj\Debug\/**;bin\/**;obj\/**;**/*.user;**/*.*proj;**/*.sln;**/*.slnx;**/*.vssscc;**/.DS_Store”(先前值:“;bin\Debug\/**;obj\Debug\/**;bin\/**;obj\/**;**/*.user;**/*.*proj;**/*.sln;**/*.slnx;**/*.vssscc”)
       C:\Program Files\dotnet\sdk\9.0.308\Sdks\Microsoft.NET.Sdk\targets\Microsoft.NET.Sdk.FrameworkReferenceResolution.targets(14,5): message : 在 C:\Program Files\dotnet\sdk\9.0.308\Sdks\Microsoft.NET.Sdk\targets\Microsoft.NET.Sdk.FrameworkReferenceResolution.targets (14,5) 处重新分配属性: $(ResolveAssemblyReferencesDependsOn)=“
       C:\Program Files\dotnet\sdk\9.0.308\Sdks\Microsoft.NET.Sdk\targets\Microsoft.NET.Sdk.FrameworkReferenceResolution.targets(14,5): message :       
       C:\Program Files\dotnet\sdk\9.0.308\Sdks\Microsoft.NET.Sdk\targets\Microsoft.NET.Sdk.FrameworkReferenceResolution.targets(14,5): message :       
       C:\Program Files\dotnet\sdk\9.0.308\Sdks\Microsoft.NET.Sdk\targets\Microsoft.NET.Sdk.FrameworkReferenceResolution.targets(14,5): message :       ResolveProjectReferences;
       C:\Program Files\dotnet\sdk\9.0.308\Sdks\Microsoft.NET.Sdk\targets\Microsoft.NET.Sdk.FrameworkReferenceResolution.targets(14,5): message :       FindInvalidProjectReferences;
       C:\Program Files\dotnet\sdk\9.0.308\Sdks\Microsoft.NET.Sdk\targets\Microsoft.NET.Sdk.FrameworkReferenceResolution.targets(14,5): message :       GetFrameworkPaths;
       C:\Program Files\dotnet\sdk\9.0.308\Sdks\Microsoft.NET.Sdk\targets\Microsoft.NET.Sdk.FrameworkReferenceResolution.targets(14,5): message :       GetReferenceAssemblyPaths;
       C:\Program Files\dotnet\sdk\9.0.308\Sdks\Microsoft.NET.Sdk\targets\Microsoft.NET.Sdk.FrameworkReferenceResolution.targets(14,5): message :       PrepareForBuild;
       C:\Program Files\dotnet\sdk\9.0.308\Sdks\Microsoft.NET.Sdk\targets\Microsoft.NET.Sdk.FrameworkReferenceResolution.targets(14,5): message :       ResolveSDKReferences;
       C:\Program Files\dotnet\sdk\9.0.308\Sdks\Microsoft.NET.Sdk\targets\Microsoft.NET.Sdk.FrameworkReferenceResolution.targets(14,5): message :       ExpandSDKReferences;
       C:\Program Files\dotnet\sdk\9.0.308\Sdks\Microsoft.NET.Sdk\targets\Microsoft.NET.Sdk.FrameworkReferenceResolution.targets(14,5): message :     ;
       C:\Program Files\dotnet\sdk\9.0.308\Sdks\Microsoft.NET.Sdk\targets\Microsoft.NET.Sdk.FrameworkReferenceResolution.targets(14,5): message :       ResolvePackageDependenciesForBuild;
       C:\Program Files\dotnet\sdk\9.0.308\Sdks\Microsoft.NET.Sdk\targets\Microsoft.NET.Sdk.FrameworkReferenceResolution.targets(14,5): message :       _HandlePackageFileConflicts;
       C:\Program Files\dotnet\sdk\9.0.308\Sdks\Microsoft.NET.Sdk\targets\Microsoft.NET.Sdk.FrameworkReferenceResolution.targets(14,5): message :     ;
       C:\Program Files\dotnet\sdk\9.0.308\Sdks\Microsoft.NET.Sdk\targets\Microsoft.NET.Sdk.FrameworkReferenceResolution.targets(14,5): message :       ResolveTargetingPackAssets;
       C:\Program Files\dotnet\sdk\9.0.308\Sdks\Microsoft.NET.Sdk\targets\Microsoft.NET.Sdk.FrameworkReferenceResolution.targets(14,5): message :     ”(先前值:“
       C:\Program Files\dotnet\sdk\9.0.308\Sdks\Microsoft.NET.Sdk\targets\Microsoft.NET.Sdk.FrameworkReferenceResolution.targets(14,5): message :       
       C:\Program Files\dotnet\sdk\9.0.308\Sdks\Microsoft.NET.Sdk\targets\Microsoft.NET.Sdk.FrameworkReferenceResolution.targets(14,5): message :       ResolveProjectReferences;
       C:\Program Files\dotnet\sdk\9.0.308\Sdks\Microsoft.NET.Sdk\targets\Microsoft.NET.Sdk.FrameworkReferenceResolution.targets(14,5): message :       FindInvalidProjectReferences;
       C:\Program Files\dotnet\sdk\9.0.308\Sdks\Microsoft.NET.Sdk\targets\Microsoft.NET.Sdk.FrameworkReferenceResolution.targets(14,5): message :       GetFrameworkPaths;
       C:\Program Files\dotnet\sdk\9.0.308\Sdks\Microsoft.NET.Sdk\targets\Microsoft.NET.Sdk.FrameworkReferenceResolution.targets(14,5): message :       GetReferenceAssemblyPaths;
       C:\Program Files\dotnet\sdk\9.0.308\Sdks\Microsoft.NET.Sdk\targets\Microsoft.NET.Sdk.FrameworkReferenceResolution.targets(14,5): message :       PrepareForBuild;
       C:\Program Files\dotnet\sdk\9.0.308\Sdks\Microsoft.NET.Sdk\targets\Microsoft.NET.Sdk.FrameworkReferenceResolution.targets(14,5): message :       ResolveSDKReferences;
       C:\Program Files\dotnet\sdk\9.0.308\Sdks\Microsoft.NET.Sdk\targets\Microsoft.NET.Sdk.FrameworkReferenceResolution.targets(14,5): message :       ExpandSDKReferences;
       C:\Program Files\dotnet\sdk\9.0.308\Sdks\Microsoft.NET.Sdk\targets\Microsoft.NET.Sdk.FrameworkReferenceResolution.targets(14,5): message :     ;
       C:\Program Files\dotnet\sdk\9.0.308\Sdks\Microsoft.NET.Sdk\targets\Microsoft.NET.Sdk.FrameworkReferenceResolution.targets(14,5): message :       ResolvePackageDependenciesForBuild;
       C:\Program Files\dotnet\sdk\9.0.308\Sdks\Microsoft.NET.Sdk\targets\Microsoft.NET.Sdk.FrameworkReferenceResolution.targets(14,5): message :       _HandlePackageFileConflicts;
       C:\Program Files\dotnet\sdk\9.0.308\Sdks\Microsoft.NET.Sdk\targets\Microsoft.NET.Sdk.FrameworkReferenceResolution.targets(14,5): message :     ”)
       C:\Program Files\dotnet\sdk\9.0.308\Sdks\Microsoft.NET.Sdk\targets\Microsoft.NET.Sdk.targets(44,5): message : 在 C:\Program Files\dotnet\sdk\9.0.308\Sdks\Microsoft.NET.Sdk\targets\Microsoft.NET.Sdk.targets (44,5) 处重新分配属性: $(_GenerateRuntimeConfigurationPropertyInputsCache)=“d:\MyProject\FrontCRM(C#)\CRM.Core\obj\Debug\net9.0\CRM.Core.genruntimeconfig.cache”(先前值:“obj\Debug\net9.0\CRM.Core.genruntimeconfig.cache”)
       C:\Program Files\dotnet\sdk\9.0.308\Sdks\Microsoft.NET.Sdk\targets\Microsoft.NET.Sdk.targets(46,5): message : 在 C:\Program Files\dotnet\sdk\9.0.308\Sdks\Microsoft.NET.Sdk\targets\Microsoft.NET.Sdk.targets (46,5) 处重新分配属性: $(_GeneratePublishDependencyFilePropertyInputsCache)=“d:\MyProject\FrontCRM(C#)\CRM.Core\obj\Debug\net9.0\CRM.Core.genpublishdeps.cache”(先前值:“obj\Debug\net9.0\CRM.Core.genpublishdeps.cache”)
       C:\Program Files\dotnet\sdk\9.0.308\Sdks\Microsoft.NET.Sdk\targets\Microsoft.NET.Sdk.targets(48,5): message : 在 C:\Program Files\dotnet\sdk\9.0.308\Sdks\Microsoft.NET.Sdk\targets\Microsoft.NET.Sdk.targets (48,5) 处重新分配属性: $(_GenerateSingleFileBundlePropertyInputsCache)=“d:\MyProject\FrontCRM(C#)\CRM.Core\obj\Debug\net9.0\CRM.Core.genbundle.cache”(先前值:“obj\Debug\net9.0\CRM.Core.genbundle.cache”)
       C:\Program Files\dotnet\sdk\9.0.308\Sdks\Microsoft.NET.Sdk\targets\Microsoft.NET.Sdk.targets(81,5): message : 在 C:\Program Files\dotnet\sdk\9.0.308\Sdks\Microsoft.NET.Sdk\targets\Microsoft.NET.Sdk.targets (81,5) 处重新分配属性: $(GenerateRuntimeConfigDevFile)=“false”(先前值:“true”)
       C:\Program Files\dotnet\sdk\9.0.308\Sdks\Microsoft.NET.Sdk\targets\Microsoft.NET.Sdk.targets(97,5): message : 值为“C:\Users\admin”的属性“USERPROFILE”从环境中展开。
       C:\Program Files\dotnet\sdk\9.0.308\Sdks\Microsoft.NET.Sdk\targets\Microsoft.NET.Sdk.targets(97,5): message : 在 C:\Program Files\dotnet\sdk\9.0.308\Sdks\Microsoft.NET.Sdk\targets\Microsoft.NET.Sdk.targets (97,5) 处重新分配属性: $(_DefaultUserProfileRuntimeStorePath)=“C:\Users\admin”(先前值:“”)
       C:\Program Files\dotnet\sdk\9.0.308\Sdks\Microsoft.NET.Sdk\targets\Microsoft.NET.Sdk.targets(98,5): message : 在 C:\Program Files\dotnet\sdk\9.0.308\Sdks\Microsoft.NET.Sdk\targets\Microsoft.NET.Sdk.targets (98,5) 处重新分配属性: $(_DefaultUserProfileRuntimeStorePath)=“C:\Users\admin\.dotnet\store”(先前值:“C:\Users\admin”)
       C:\Program Files\dotnet\sdk\9.0.308\Sdks\Microsoft.NET.Sdk\targets\Microsoft.NET.Sdk.targets(140,5): message : 在 C:\Program Files\dotnet\sdk\9.0.308\Sdks\Microsoft.NET.Sdk\targets\Microsoft.NET.Sdk.targets (140,5) 处重新分配属性: $(AvailablePlatforms)=“Any CPU,x86,x64,ARM32”(先前值:“Any CPU,x86,x64”)
       C:\Program Files\dotnet\sdk\9.0.308\Sdks\Microsoft.NET.Sdk\targets\Microsoft.NET.Sdk.targets(144,5): message : 在 C:\Program Files\dotnet\sdk\9.0.308\Sdks\Microsoft.NET.Sdk\targets\Microsoft.NET.Sdk.targets (144,5) 处重新分配属性: $(AvailablePlatforms)=“Any CPU,x86,x64,ARM32,ARM64”(先前值:“Any CPU,x86,x64,ARM32”)
       C:\Program Files\dotnet\sdk\9.0.308\Sdks\Microsoft.NET.Sdk\targets\Microsoft.NET.Sdk.targets(201,5): message : 在 C:\Program Files\dotnet\sdk\9.0.308\Sdks\Microsoft.NET.Sdk\targets\Microsoft.NET.Sdk.targets (201,5) 处重新分配属性: $(CoreBuildDependsOn)=“
       C:\Program Files\dotnet\sdk\9.0.308\Sdks\Microsoft.NET.Sdk\targets\Microsoft.NET.Sdk.targets(201,5): message :       _CheckForBuildWithNoBuild;
       C:\Program Files\dotnet\sdk\9.0.308\Sdks\Microsoft.NET.Sdk\targets\Microsoft.NET.Sdk.targets(201,5): message :       
       C:\Program Files\dotnet\sdk\9.0.308\Sdks\Microsoft.NET.Sdk\targets\Microsoft.NET.Sdk.targets(201,5): message :       BuildOnlySettings;
       C:\Program Files\dotnet\sdk\9.0.308\Sdks\Microsoft.NET.Sdk\targets\Microsoft.NET.Sdk.targets(201,5): message :       PrepareForBuild;
       C:\Program Files\dotnet\sdk\9.0.308\Sdks\Microsoft.NET.Sdk\targets\Microsoft.NET.Sdk.targets(201,5): message :       PreBuildEvent;
       C:\Program Files\dotnet\sdk\9.0.308\Sdks\Microsoft.NET.Sdk\targets\Microsoft.NET.Sdk.targets(201,5): message :       ResolveReferences;
       C:\Program Files\dotnet\sdk\9.0.308\Sdks\Microsoft.NET.Sdk\targets\Microsoft.NET.Sdk.targets(201,5): message :       PrepareResources;
       C:\Program Files\dotnet\sdk\9.0.308\Sdks\Microsoft.NET.Sdk\targets\Microsoft.NET.Sdk.targets(201,5): message :       ResolveKeySource;
       C:\Program Files\dotnet\sdk\9.0.308\Sdks\Microsoft.NET.Sdk\targets\Microsoft.NET.Sdk.targets(201,5): message :       Compile;
       C:\Program Files\dotnet\sdk\9.0.308\Sdks\Microsoft.NET.Sdk\targets\Microsoft.NET.Sdk.targets(201,5): message :       ExportWindowsMDFile;
       C:\Program Files\dotnet\sdk\9.0.308\Sdks\Microsoft.NET.Sdk\targets\Microsoft.NET.Sdk.targets(201,5): message :       UnmanagedUnregistration;
       C:\Program Files\dotnet\sdk\9.0.308\Sdks\Microsoft.NET.Sdk\targets\Microsoft.NET.Sdk.targets(201,5): message :       GenerateSerializationAssemblies;
       C:\Program Files\dotnet\sdk\9.0.308\Sdks\Microsoft.NET.Sdk\targets\Microsoft.NET.Sdk.targets(201,5): message :       CreateSatelliteAssemblies;
       C:\Program Files\dotnet\sdk\9.0.308\Sdks\Microsoft.NET.Sdk\targets\Microsoft.NET.Sdk.targets(201,5): message :       GenerateManifests;
       C:\Program Files\dotnet\sdk\9.0.308\Sdks\Microsoft.NET.Sdk\targets\Microsoft.NET.Sdk.targets(201,5): message :       GetTargetPath;
       C:\Program Files\dotnet\sdk\9.0.308\Sdks\Microsoft.NET.Sdk\targets\Microsoft.NET.Sdk.targets(201,5): message :       PrepareForRun;
       C:\Program Files\dotnet\sdk\9.0.308\Sdks\Microsoft.NET.Sdk\targets\Microsoft.NET.Sdk.targets(201,5): message :       UnmanagedRegistration;
       C:\Program Files\dotnet\sdk\9.0.308\Sdks\Microsoft.NET.Sdk\targets\Microsoft.NET.Sdk.targets(201,5): message :       IncrementalClean;
       C:\Program Files\dotnet\sdk\9.0.308\Sdks\Microsoft.NET.Sdk\targets\Microsoft.NET.Sdk.targets(201,5): message :       PostBuildEvent
       C:\Program Files\dotnet\sdk\9.0.308\Sdks\Microsoft.NET.Sdk\targets\Microsoft.NET.Sdk.targets(201,5): message :     ;
       C:\Program Files\dotnet\sdk\9.0.308\Sdks\Microsoft.NET.Sdk\targets\Microsoft.NET.Sdk.targets(201,5): message :       GenerateBuildDependencyFile;
       C:\Program Files\dotnet\sdk\9.0.308\Sdks\Microsoft.NET.Sdk\targets\Microsoft.NET.Sdk.targets(201,5): message :       GenerateBuildRuntimeConfigurationFiles
       C:\Program Files\dotnet\sdk\9.0.308\Sdks\Microsoft.NET.Sdk\targets\Microsoft.NET.Sdk.targets(201,5): message :     ”(先前值:“
       C:\Program Files\dotnet\sdk\9.0.308\Sdks\Microsoft.NET.Sdk\targets\Microsoft.NET.Sdk.targets(201,5): message :       BuildOnlySettings;
       C:\Program Files\dotnet\sdk\9.0.308\Sdks\Microsoft.NET.Sdk\targets\Microsoft.NET.Sdk.targets(201,5): message :       PrepareForBuild;
       C:\Program Files\dotnet\sdk\9.0.308\Sdks\Microsoft.NET.Sdk\targets\Microsoft.NET.Sdk.targets(201,5): message :       PreBuildEvent;
       C:\Program Files\dotnet\sdk\9.0.308\Sdks\Microsoft.NET.Sdk\targets\Microsoft.NET.Sdk.targets(201,5): message :       ResolveReferences;
       C:\Program Files\dotnet\sdk\9.0.308\Sdks\Microsoft.NET.Sdk\targets\Microsoft.NET.Sdk.targets(201,5): message :       PrepareResources;
       C:\Program Files\dotnet\sdk\9.0.308\Sdks\Microsoft.NET.Sdk\targets\Microsoft.NET.Sdk.targets(201,5): message :       ResolveKeySource;
       C:\Program Files\dotnet\sdk\9.0.308\Sdks\Microsoft.NET.Sdk\targets\Microsoft.NET.Sdk.targets(201,5): message :       Compile;
       C:\Program Files\dotnet\sdk\9.0.308\Sdks\Microsoft.NET.Sdk\targets\Microsoft.NET.Sdk.targets(201,5): message :       ExportWindowsMDFile;
       C:\Program Files\dotnet\sdk\9.0.308\Sdks\Microsoft.NET.Sdk\targets\Microsoft.NET.Sdk.targets(201,5): message :       UnmanagedUnregistration;
       C:\Program Files\dotnet\sdk\9.0.308\Sdks\Microsoft.NET.Sdk\targets\Microsoft.NET.Sdk.targets(201,5): message :       GenerateSerializationAssemblies;
       C:\Program Files\dotnet\sdk\9.0.308\Sdks\Microsoft.NET.Sdk\targets\Microsoft.NET.Sdk.targets(201,5): message :       CreateSatelliteAssemblies;
       C:\Program Files\dotnet\sdk\9.0.308\Sdks\Microsoft.NET.Sdk\targets\Microsoft.NET.Sdk.targets(201,5): message :       GenerateManifests;
       C:\Program Files\dotnet\sdk\9.0.308\Sdks\Microsoft.NET.Sdk\targets\Microsoft.NET.Sdk.targets(201,5): message :       GetTargetPath;
       C:\Program Files\dotnet\sdk\9.0.308\Sdks\Microsoft.NET.Sdk\targets\Microsoft.NET.Sdk.targets(201,5): message :       PrepareForRun;
       C:\Program Files\dotnet\sdk\9.0.308\Sdks\Microsoft.NET.Sdk\targets\Microsoft.NET.Sdk.targets(201,5): message :       UnmanagedRegistration;
       C:\Program Files\dotnet\sdk\9.0.308\Sdks\Microsoft.NET.Sdk\targets\Microsoft.NET.Sdk.targets(201,5): message :       IncrementalClean;
       C:\Program Files\dotnet\sdk\9.0.308\Sdks\Microsoft.NET.Sdk\targets\Microsoft.NET.Sdk.targets(201,5): message :       PostBuildEvent
       C:\Program Files\dotnet\sdk\9.0.308\Sdks\Microsoft.NET.Sdk\targets\Microsoft.NET.Sdk.targets(201,5): message :     ”)
       C:\Program Files\dotnet\sdk\9.0.308\Sdks\Microsoft.NET.Sdk\targets\Microsoft.NET.Sdk.targets(210,5): message : 在 C:\Program Files\dotnet\sdk\9.0.308\Sdks\Microsoft.NET.Sdk\targets\Microsoft.NET.Sdk.targets (210,5) 处重新分配属性: $(CoreCleanDependsOn)=“
       C:\Program Files\dotnet\sdk\9.0.308\Sdks\Microsoft.NET.Sdk\targets\Microsoft.NET.Sdk.targets(210,5): message :       _SdkBeforeClean;
       C:\Program Files\dotnet\sdk\9.0.308\Sdks\Microsoft.NET.Sdk\targets\Microsoft.NET.Sdk.targets(210,5): message :       
       C:\Program Files\dotnet\sdk\9.0.308\Sdks\Microsoft.NET.Sdk\targets\Microsoft.NET.Sdk.targets(210,5): message :     ”(先前值:“”)
       C:\Program Files\dotnet\sdk\9.0.308\Sdks\Microsoft.NET.Sdk\targets\Microsoft.NET.Sdk.targets(217,5): message : 在 C:\Program Files\dotnet\sdk\9.0.308\Sdks\Microsoft.NET.Sdk\targets\Microsoft.NET.Sdk.targets (217,5) 处重新分配属性: $(RebuildDependsOn)=“
       C:\Program Files\dotnet\sdk\9.0.308\Sdks\Microsoft.NET.Sdk\targets\Microsoft.NET.Sdk.targets(217,5): message :       _SdkBeforeRebuild;
       C:\Program Files\dotnet\sdk\9.0.308\Sdks\Microsoft.NET.Sdk\targets\Microsoft.NET.Sdk.targets(217,5): message :       
       C:\Program Files\dotnet\sdk\9.0.308\Sdks\Microsoft.NET.Sdk\targets\Microsoft.NET.Sdk.targets(217,5): message :       BeforeRebuild;
       C:\Program Files\dotnet\sdk\9.0.308\Sdks\Microsoft.NET.Sdk\targets\Microsoft.NET.Sdk.targets(217,5): message :       Clean;
       C:\Program Files\dotnet\sdk\9.0.308\Sdks\Microsoft.NET.Sdk\targets\Microsoft.NET.Sdk.targets(217,5): message :       Build;
       C:\Program Files\dotnet\sdk\9.0.308\Sdks\Microsoft.NET.Sdk\targets\Microsoft.NET.Sdk.targets(217,5): message :       AfterRebuild;
       C:\Program Files\dotnet\sdk\9.0.308\Sdks\Microsoft.NET.Sdk\targets\Microsoft.NET.Sdk.targets(217,5): message :     
       C:\Program Files\dotnet\sdk\9.0.308\Sdks\Microsoft.NET.Sdk\targets\Microsoft.NET.Sdk.targets(217,5): message :     ”(先前值:“
       C:\Program Files\dotnet\sdk\9.0.308\Sdks\Microsoft.NET.Sdk\targets\Microsoft.NET.Sdk.targets(217,5): message :       BeforeRebuild;
       C:\Program Files\dotnet\sdk\9.0.308\Sdks\Microsoft.NET.Sdk\targets\Microsoft.NET.Sdk.targets(217,5): message :       Clean;
       C:\Program Files\dotnet\sdk\9.0.308\Sdks\Microsoft.NET.Sdk\targets\Microsoft.NET.Sdk.targets(217,5): message :       Build;
       C:\Program Files\dotnet\sdk\9.0.308\Sdks\Microsoft.NET.Sdk\targets\Microsoft.NET.Sdk.targets(217,5): message :       AfterRebuild;
       C:\Program Files\dotnet\sdk\9.0.308\Sdks\Microsoft.NET.Sdk\targets\Microsoft.NET.Sdk.targets(217,5): message :     ”)
       C:\Program Files\dotnet\sdk\9.0.308\Sdks\Microsoft.NET.Sdk\targets\Microsoft.NET.Sdk.targets(784,5): message : 在 C:\Program Files\dotnet\sdk\9.0.308\Sdks\Microsoft.NET.Sdk\targets\Microsoft.NET.Sdk.targets (784,5) 处重新分配属性: $(CompileDependsOn)=“
       C:\Program Files\dotnet\sdk\9.0.308\Sdks\Microsoft.NET.Sdk\targets\Microsoft.NET.Sdk.targets(784,5): message :       
       C:\Program Files\dotnet\sdk\9.0.308\Sdks\Microsoft.NET.Sdk\targets\Microsoft.NET.Sdk.targets(784,5): message :       ResolveReferences;
       C:\Program Files\dotnet\sdk\9.0.308\Sdks\Microsoft.NET.Sdk\targets\Microsoft.NET.Sdk.targets(784,5): message :       ResolveKeySource;
       C:\Program Files\dotnet\sdk\9.0.308\Sdks\Microsoft.NET.Sdk\targets\Microsoft.NET.Sdk.targets(784,5): message :       SetWin32ManifestProperties;
       C:\Program Files\dotnet\sdk\9.0.308\Sdks\Microsoft.NET.Sdk\targets\Microsoft.NET.Sdk.targets(784,5): message :       _SetPreferNativeArm64Win32ManifestProperties;
       C:\Program Files\dotnet\sdk\9.0.308\Sdks\Microsoft.NET.Sdk\targets\Microsoft.NET.Sdk.targets(784,5): message :       FindReferenceAssembliesForReferences;
       C:\Program Files\dotnet\sdk\9.0.308\Sdks\Microsoft.NET.Sdk\targets\Microsoft.NET.Sdk.targets(784,5): message :       _GenerateCompileInputs;
       C:\Program Files\dotnet\sdk\9.0.308\Sdks\Microsoft.NET.Sdk\targets\Microsoft.NET.Sdk.targets(784,5): message :       BeforeCompile;
       C:\Program Files\dotnet\sdk\9.0.308\Sdks\Microsoft.NET.Sdk\targets\Microsoft.NET.Sdk.targets(784,5): message :       _TimeStampBeforeCompile;
       C:\Program Files\dotnet\sdk\9.0.308\Sdks\Microsoft.NET.Sdk\targets\Microsoft.NET.Sdk.targets(784,5): message :       _GenerateCompileDependencyCache;
       C:\Program Files\dotnet\sdk\9.0.308\Sdks\Microsoft.NET.Sdk\targets\Microsoft.NET.Sdk.targets(784,5): message :       CoreCompile;
       C:\Program Files\dotnet\sdk\9.0.308\Sdks\Microsoft.NET.Sdk\targets\Microsoft.NET.Sdk.targets(784,5): message :       _TimeStampAfterCompile;
       C:\Program Files\dotnet\sdk\9.0.308\Sdks\Microsoft.NET.Sdk\targets\Microsoft.NET.Sdk.targets(784,5): message :       AfterCompile;
       C:\Program Files\dotnet\sdk\9.0.308\Sdks\Microsoft.NET.Sdk\targets\Microsoft.NET.Sdk.targets(784,5): message :     ;
       C:\Program Files\dotnet\sdk\9.0.308\Sdks\Microsoft.NET.Sdk\targets\Microsoft.NET.Sdk.targets(784,5): message :       _CreateAppHost;
       C:\Program Files\dotnet\sdk\9.0.308\Sdks\Microsoft.NET.Sdk\targets\Microsoft.NET.Sdk.targets(784,5): message :       _CreateComHost;
       C:\Program Files\dotnet\sdk\9.0.308\Sdks\Microsoft.NET.Sdk\targets\Microsoft.NET.Sdk.targets(784,5): message :       _GetIjwHostPaths;
       C:\Program Files\dotnet\sdk\9.0.308\Sdks\Microsoft.NET.Sdk\targets\Microsoft.NET.Sdk.targets(784,5): message :     ”(先前值:“
       C:\Program Files\dotnet\sdk\9.0.308\Sdks\Microsoft.NET.Sdk\targets\Microsoft.NET.Sdk.targets(784,5): message :       ResolveReferences;
       C:\Program Files\dotnet\sdk\9.0.308\Sdks\Microsoft.NET.Sdk\targets\Microsoft.NET.Sdk.targets(784,5): message :       ResolveKeySource;
       C:\Program Files\dotnet\sdk\9.0.308\Sdks\Microsoft.NET.Sdk\targets\Microsoft.NET.Sdk.targets(784,5): message :       SetWin32ManifestProperties;
       C:\Program Files\dotnet\sdk\9.0.308\Sdks\Microsoft.NET.Sdk\targets\Microsoft.NET.Sdk.targets(784,5): message :       _SetPreferNativeArm64Win32ManifestProperties;
       C:\Program Files\dotnet\sdk\9.0.308\Sdks\Microsoft.NET.Sdk\targets\Microsoft.NET.Sdk.targets(784,5): message :       FindReferenceAssembliesForReferences;
       C:\Program Files\dotnet\sdk\9.0.308\Sdks\Microsoft.NET.Sdk\targets\Microsoft.NET.Sdk.targets(784,5): message :       _GenerateCompileInputs;
       C:\Program Files\dotnet\sdk\9.0.308\Sdks\Microsoft.NET.Sdk\targets\Microsoft.NET.Sdk.targets(784,5): message :       BeforeCompile;
       C:\Program Files\dotnet\sdk\9.0.308\Sdks\Microsoft.NET.Sdk\targets\Microsoft.NET.Sdk.targets(784,5): message :       _TimeStampBeforeCompile;
       C:\Program Files\dotnet\sdk\9.0.308\Sdks\Microsoft.NET.Sdk\targets\Microsoft.NET.Sdk.targets(784,5): message :       _GenerateCompileDependencyCache;
       C:\Program Files\dotnet\sdk\9.0.308\Sdks\Microsoft.NET.Sdk\targets\Microsoft.NET.Sdk.targets(784,5): message :       CoreCompile;
       C:\Program Files\dotnet\sdk\9.0.308\Sdks\Microsoft.NET.Sdk\targets\Microsoft.NET.Sdk.targets(784,5): message :       _TimeStampAfterCompile;
       C:\Program Files\dotnet\sdk\9.0.308\Sdks\Microsoft.NET.Sdk\targets\Microsoft.NET.Sdk.targets(784,5): message :       AfterCompile;
       C:\Program Files\dotnet\sdk\9.0.308\Sdks\Microsoft.NET.Sdk\targets\Microsoft.NET.Sdk.targets(784,5): message :     ”)
       C:\Program Files\dotnet\sdk\9.0.308\Sdks\Microsoft.NET.Sdk\targets\Microsoft.NET.Sdk.targets(1184,5): message : 在 C:\Program Files\dotnet\sdk\9.0.308\Sdks\Microsoft.NET.Sdk\targets\Microsoft.NET.Sdk.targets (1184,5) 处重新分配属性: $(CreateSatelliteAssembliesDependsOn)=“
       C:\Program Files\dotnet\sdk\9.0.308\Sdks\Microsoft.NET.Sdk\targets\Microsoft.NET.Sdk.targets(1184,5): message :       
       C:\Program Files\dotnet\sdk\9.0.308\Sdks\Microsoft.NET.Sdk\targets\Microsoft.NET.Sdk.targets(1184,5): message :       ;
       C:\Program Files\dotnet\sdk\9.0.308\Sdks\Microsoft.NET.Sdk\targets\Microsoft.NET.Sdk.targets(1184,5): message :       _GenerateSatelliteAssemblyInputs;
       C:\Program Files\dotnet\sdk\9.0.308\Sdks\Microsoft.NET.Sdk\targets\Microsoft.NET.Sdk.targets(1184,5): message :       ComputeIntermediateSatelliteAssemblies;
       C:\Program Files\dotnet\sdk\9.0.308\Sdks\Microsoft.NET.Sdk\targets\Microsoft.NET.Sdk.targets(1184,5): message :       GenerateSatelliteAssemblies
       C:\Program Files\dotnet\sdk\9.0.308\Sdks\Microsoft.NET.Sdk\targets\Microsoft.NET.Sdk.targets(1184,5): message :     ;
       C:\Program Files\dotnet\sdk\9.0.308\Sdks\Microsoft.NET.Sdk\targets\Microsoft.NET.Sdk.targets(1184,5): message :       CoreGenerateSatelliteAssemblies
       C:\Program Files\dotnet\sdk\9.0.308\Sdks\Microsoft.NET.Sdk\targets\Microsoft.NET.Sdk.targets(1184,5): message :     ”(先前值:“
       C:\Program Files\dotnet\sdk\9.0.308\Sdks\Microsoft.NET.Sdk\targets\Microsoft.NET.Sdk.targets(1184,5): message :       ;
       C:\Program Files\dotnet\sdk\9.0.308\Sdks\Microsoft.NET.Sdk\targets\Microsoft.NET.Sdk.targets(1184,5): message :       _GenerateSatelliteAssemblyInputs;
       C:\Program Files\dotnet\sdk\9.0.308\Sdks\Microsoft.NET.Sdk\targets\Microsoft.NET.Sdk.targets(1184,5): message :       ComputeIntermediateSatelliteAssemblies;
       C:\Program Files\dotnet\sdk\9.0.308\Sdks\Microsoft.NET.Sdk\targets\Microsoft.NET.Sdk.targets(1184,5): message :       GenerateSatelliteAssemblies
       C:\Program Files\dotnet\sdk\9.0.308\Sdks\Microsoft.NET.Sdk\targets\Microsoft.NET.Sdk.targets(1184,5): message :     ”)
       C:\Program Files\dotnet\sdk\9.0.308\Sdks\Microsoft.SourceLink.GitLab\build\Microsoft.SourceLink.GitLab.targets(12,5): message : 在 C:\Program Files\dotnet\sdk\9.0.308\Sdks\Microsoft.SourceLink.GitLab\build\Microsoft.SourceLink.GitLab.targets (12,5) 处重新分配属性: $(SourceLinkUrlInitializerTargets)=“;_InitializeGitHubSourceLinkUrl;_InitializeGitLabSourceLinkUrl”(先前值:“;_InitializeGitHubSourceLinkUrl”)
       C:\Program Files\dotnet\sdk\9.0.308\Sdks\Microsoft.SourceLink.GitLab\build\Microsoft.SourceLink.GitLab.targets(13,5): message : 在 C:\Program Files\dotnet\sdk\9.0.308\Sdks\Microsoft.SourceLink.GitLab\build\Microsoft.SourceLink.GitLab.targets (13,5) 处重新分配属性: $(SourceControlManagerUrlTranslationTargets)=“;TranslateGitHubUrlsInSourceControlInformation;TranslateGitLabUrlsInSourceControlInformation”(先前值:“;TranslateGitHubUrlsInSourceControlInformation”)
       C:\Program Files\dotnet\sdk\9.0.308\Sdks\Microsoft.SourceLink.AzureRepos.Git\build\Microsoft.SourceLink.AzureRepos.Git.targets(12,5): message : 在 C:\Program Files\dotnet\sdk\9.0.308\Sdks\Microsoft.SourceLink.AzureRepos.Git\build\Microsoft.SourceLink.AzureRepos.Git.targets (12,5) 处重新分配属性: $(SourceLinkUrlInitializerTargets)=“;_InitializeGitHubSourceLinkUrl;_InitializeGitLabSourceLinkUrl;_InitializeAzureReposGitSourceLinkUrl”(先前值:“;_InitializeGitHubSourceLinkUrl;_InitializeGitLabSourceLinkUrl”)
       C:\Program Files\dotnet\sdk\9.0.308\Sdks\Microsoft.SourceLink.AzureRepos.Git\build\Microsoft.SourceLink.AzureRepos.Git.targets(13,5): message : 在 C:\Program Files\dotnet\sdk\9.0.308\Sdks\Microsoft.SourceLink.AzureRepos.Git\build\Microsoft.SourceLink.AzureRepos.Git.targets (13,5) 处重新分配属性: $(SourceControlManagerUrlTranslationTargets)=“;TranslateGitHubUrlsInSourceControlInformation;TranslateGitLabUrlsInSourceControlInformation;TranslateAzureReposGitUrlsInSourceControlInformation”(先前值:“;TranslateGitHubUrlsInSourceControlInformation;TranslateGitLabUrlsInSourceControlInformation”)
       C:\Program Files\dotnet\sdk\9.0.308\Sdks\Microsoft.SourceLink.Bitbucket.Git\build\Microsoft.SourceLink.Bitbucket.Git.targets(12,5): message : 在 C:\Program Files\dotnet\sdk\9.0.308\Sdks\Microsoft.SourceLink.Bitbucket.Git\build\Microsoft.SourceLink.Bitbucket.Git.targets (12,5) 处重新分配属性: $(SourceLinkUrlInitializerTargets)=“;_InitializeGitHubSourceLinkUrl;_InitializeGitLabSourceLinkUrl;_InitializeAzureReposGitSourceLinkUrl;_InitializeBitbucketGitSourceLinkUrl”(先前值:“;_InitializeGitHubSourceLinkUrl;_InitializeGitLabSourceLinkUrl;_InitializeAzureReposGitSourceLinkUrl”)
       C:\Program Files\dotnet\sdk\9.0.308\Sdks\Microsoft.SourceLink.Bitbucket.Git\build\Microsoft.SourceLink.Bitbucket.Git.targets(13,5): message : 在 C:\Program Files\dotnet\sdk\9.0.308\Sdks\Microsoft.SourceLink.Bitbucket.Git\build\Microsoft.SourceLink.Bitbucket.Git.targets (13,5) 处重新分配属性: $(SourceControlManagerUrlTranslationTargets)=“;TranslateGitHubUrlsInSourceControlInformation;TranslateGitLabUrlsInSourceControlInformation;TranslateAzureReposGitUrlsInSourceControlInformation;TranslateBitbucketGitUrlsInSourceControlInformation”(先前值:“;TranslateGitHubUrlsInSourceControlInformation;TranslateGitLabUrlsInSourceControlInformation;TranslateAzureReposGitUrlsInSourceControlInformation”)
       C:\Program Files\dotnet\sdk\9.0.308\Sdks\Microsoft.NET.Sdk\targets\Microsoft.NET.DesignerSupport.targets(21,5): message : 在 C:\Program Files\dotnet\sdk\9.0.308\Sdks\Microsoft.NET.Sdk\targets\Microsoft.NET.DesignerSupport.targets (21,5) 处重新分配属性: $(DesignerRuntimeImplementationProjectOutputGroupDependsOn)=“
       C:\Program Files\dotnet\sdk\9.0.308\Sdks\Microsoft.NET.Sdk\targets\Microsoft.NET.DesignerSupport.targets(21,5): message :       
       C:\Program Files\dotnet\sdk\9.0.308\Sdks\Microsoft.NET.Sdk\targets\Microsoft.NET.DesignerSupport.targets(21,5): message :       ;
       C:\Program Files\dotnet\sdk\9.0.308\Sdks\Microsoft.NET.Sdk\targets\Microsoft.NET.DesignerSupport.targets(21,5): message :       
       C:\Program Files\dotnet\sdk\9.0.308\Sdks\Microsoft.NET.Sdk\targets\Microsoft.NET.DesignerSupport.targets(21,5): message :       ;
       C:\Program Files\dotnet\sdk\9.0.308\Sdks\Microsoft.NET.Sdk\targets\Microsoft.NET.DesignerSupport.targets(21,5): message :       BuildOnlySettings;
       C:\Program Files\dotnet\sdk\9.0.308\Sdks\Microsoft.NET.Sdk\targets\Microsoft.NET.DesignerSupport.targets(21,5): message :       PrepareForBuild;
       C:\Program Files\dotnet\sdk\9.0.308\Sdks\Microsoft.NET.Sdk\targets\Microsoft.NET.DesignerSupport.targets(21,5): message :       AssignTargetPaths;
       C:\Program Files\dotnet\sdk\9.0.308\Sdks\Microsoft.NET.Sdk\targets\Microsoft.NET.DesignerSupport.targets(21,5): message :       ResolveReferences
       C:\Program Files\dotnet\sdk\9.0.308\Sdks\Microsoft.NET.Sdk\targets\Microsoft.NET.DesignerSupport.targets(21,5): message :     
       C:\Program Files\dotnet\sdk\9.0.308\Sdks\Microsoft.NET.Sdk\targets\Microsoft.NET.DesignerSupport.targets(21,5): message :     ;
       C:\Program Files\dotnet\sdk\9.0.308\Sdks\Microsoft.NET.Sdk\targets\Microsoft.NET.DesignerSupport.targets(21,5): message :       _GenerateDesignerDepsFile;
       C:\Program Files\dotnet\sdk\9.0.308\Sdks\Microsoft.NET.Sdk\targets\Microsoft.NET.DesignerSupport.targets(21,5): message :       _GenerateDesignerRuntimeConfigFile;
       C:\Program Files\dotnet\sdk\9.0.308\Sdks\Microsoft.NET.Sdk\targets\Microsoft.NET.DesignerSupport.targets(21,5): message :       GetCopyToOutputDirectoryItems;
       C:\Program Files\dotnet\sdk\9.0.308\Sdks\Microsoft.NET.Sdk\targets\Microsoft.NET.DesignerSupport.targets(21,5): message :       _GatherDesignerShadowCopyFiles;
       C:\Program Files\dotnet\sdk\9.0.308\Sdks\Microsoft.NET.Sdk\targets\Microsoft.NET.DesignerSupport.targets(21,5): message :     ”(先前值:“
       C:\Program Files\dotnet\sdk\9.0.308\Sdks\Microsoft.NET.Sdk\targets\Microsoft.NET.DesignerSupport.targets(21,5): message :       ;
       C:\Program Files\dotnet\sdk\9.0.308\Sdks\Microsoft.NET.Sdk\targets\Microsoft.NET.DesignerSupport.targets(21,5): message :       
       C:\Program Files\dotnet\sdk\9.0.308\Sdks\Microsoft.NET.Sdk\targets\Microsoft.NET.DesignerSupport.targets(21,5): message :       ;
       C:\Program Files\dotnet\sdk\9.0.308\Sdks\Microsoft.NET.Sdk\targets\Microsoft.NET.DesignerSupport.targets(21,5): message :       BuildOnlySettings;
       C:\Program Files\dotnet\sdk\9.0.308\Sdks\Microsoft.NET.Sdk\targets\Microsoft.NET.DesignerSupport.targets(21,5): message :       PrepareForBuild;
       C:\Program Files\dotnet\sdk\9.0.308\Sdks\Microsoft.NET.Sdk\targets\Microsoft.NET.DesignerSupport.targets(21,5): message :       AssignTargetPaths;
       C:\Program Files\dotnet\sdk\9.0.308\Sdks\Microsoft.NET.Sdk\targets\Microsoft.NET.DesignerSupport.targets(21,5): message :       ResolveReferences
       C:\Program Files\dotnet\sdk\9.0.308\Sdks\Microsoft.NET.Sdk\targets\Microsoft.NET.DesignerSupport.targets(21,5): message :     
       C:\Program Files\dotnet\sdk\9.0.308\Sdks\Microsoft.NET.Sdk\targets\Microsoft.NET.DesignerSupport.targets(21,5): message :     ”)
       C:\Program Files\dotnet\sdk\9.0.308\Sdks\Microsoft.NET.Sdk\targets\Microsoft.NET.PackTool.targets(68,5): message : 在 C:\Program Files\dotnet\sdk\9.0.308\Sdks\Microsoft.NET.Sdk\targets\Microsoft.NET.PackTool.targets (68,5) 处重新分配属性: $(_GenerateToolsSettingsFileCacheFile)=“d:\MyProject\FrontCRM(C#)\CRM.Core\obj\Debug\net9.0\CRM.Core.toolssettingsinput.cache”(先前值:“obj\Debug\net9.0\CRM.Core.toolssettingsinput.cache”)
       C:\Program Files\dotnet\sdk\9.0.308\Sdks\Microsoft.NET.Sdk\targets\Microsoft.NET.PackTool.targets(137,5): message : 在 C:\Program Files\dotnet\sdk\9.0.308\Sdks\Microsoft.NET.Sdk\targets\Microsoft.NET.PackTool.targets (137,5) 处重新分配属性: $(_ShimInputCacheFile)=“d:\MyProject\FrontCRM(C#)\CRM.Core\obj\Debug\net9.0\CRM.Core.shiminput.cache”(先前值:“obj\Debug\net9.0\CRM.Core.shiminput.cache”)
       C:\Program Files\dotnet\sdk\9.0.308\Sdks\Microsoft.NET.Sdk\targets\Microsoft.NET.PackTool.targets(139,5): message : 在 C:\Program Files\dotnet\sdk\9.0.308\Sdks\Microsoft.NET.Sdk\targets\Microsoft.NET.PackTool.targets (139,5) 处重新分配属性: $(_ShimCreatedSentinelFile)=“d:\MyProject\FrontCRM(C#)\CRM.Core\obj\Debug\net9.0\CRM.Core.shimcreated.sentinel”(先前值:“obj\Debug\net9.0\CRM.Core.shimcreated.sentinel”)
       C:\Program Files\dotnet\sdk\9.0.308\Sdks\Microsoft.NET.Sdk\targets\Microsoft.NET.Sdk.CSharp.targets(31,5): message : 在 C:\Program Files\dotnet\sdk\9.0.308\Sdks\Microsoft.NET.Sdk\targets\Microsoft.NET.Sdk.CSharp.targets (31,5) 处重新分配属性: $(DefineConstants)=“TRACE;DEBUG”(先前值:“TRACE”)
       C:\Program Files\dotnet\sdk\9.0.308\Sdks\Microsoft.NET.Sdk\targets\Microsoft.NET.Sdk.CSharp.targets(34,5): message : 在 C:\Program Files\dotnet\sdk\9.0.308\Sdks\Microsoft.NET.Sdk\targets\Microsoft.NET.Sdk.CSharp.targets (34,5) 处重新分配属性: $(DefineConstants)=“TRACE;DEBUG;NET;NET9_0;NETCOREAPP”(先前值:“TRACE;DEBUG”)
       C:\Program Files\dotnet\sdk\9.0.308\Sdks\Microsoft.NET.Sdk\targets\Microsoft.NET.Sdk.CSharp.targets(48,5): message : 在 C:\Program Files\dotnet\sdk\9.0.308\Sdks\Microsoft.NET.Sdk\targets\Microsoft.NET.Sdk.CSharp.targets (48,5) 处重新分配属性: $(WarningsAsErrors)=“;NU1605;SYSLIB0011”(先前值:“;NU1605”)
       C:\Program Files\dotnet\sdk\9.0.308\Sdks\NuGet.Build.Tasks.Pack\build\NuGet.Build.Tasks.Pack.targets(34,5): message : 在 C:\Program Files\dotnet\sdk\9.0.308\Sdks\NuGet.Build.Tasks.Pack\build\NuGet.Build.Tasks.Pack.targets (34,5) 处重新分配属性: $(PackageDescription)=“Package Description”(先前值:“”)
       C:\Program Files\dotnet\sdk\9.0.308\Sdks\NuGet.Build.Tasks.Pack\build\NuGet.Build.Tasks.Pack.targets(59,5): message : 在 C:\Program Files\dotnet\sdk\9.0.308\Sdks\NuGet.Build.Tasks.Pack\build\NuGet.Build.Tasks.Pack.targets (59,5) 处重新分配属性: $(GenerateNuspecDependsOn)=“Build;_LoadPackInputItems; _GetTargetFrameworksOutput; _WalkEachTargetPerFramework; _GetPackageFiles; ”(先前值:“_LoadPackInputItems; _GetTargetFrameworksOutput; _WalkEachTargetPerFramework; _GetPackageFiles; ”)
       C:\Program Files\dotnet\sdk\9.0.308\Sdks\Microsoft.NET.Sdk\Sdk\Sdk.targets(60,5): message : 在 C:\Program Files\dotnet\sdk\9.0.308\Sdks\Microsoft.NET.Sdk\Sdk\Sdk.targets (60,5) 处重新分配属性: $(_IsNotSetContainersTargetsDir)=“true”(先前值:“false”)
       C:\Program Files\dotnet\sdk\9.0.308\Containers\build\Microsoft.NET.Build.Containers.targets(5,5): message : 在 C:\Program Files\dotnet\sdk\9.0.308\Containers\build\Microsoft.NET.Build.Containers.targets (5,5) 处重新分配属性: $(_IsSDKContainerAllowedVersion)=“true”(先前值:“false”)
       C:\Program Files\dotnet\sdk\9.0.308\Containers\build\Microsoft.NET.Build.Containers.targets(15,5): message : 在 C:\Program Files\dotnet\sdk\9.0.308\Containers\build\Microsoft.NET.Build.Containers.targets (15,5) 处重新分配属性: $(_ContainerIsTargetingNet8TFM)=“true”(先前值:“false”)
       正在使用项目“C:\Program Files\dotnet\sdk\9.0.308\Sdks\Microsoft.NET.Sdk\targets\Microsoft.NET.Sdk.FrameworkReferenceResolution.targets”中的目标“ResolveFrameworkReferences”重写项目“C:\Program Files\dotnet\sdk\9.0.308\Microsoft.Common.CurrentVersion.targets”中的目标“ResolveFrameworkReferences”。
       正在使用项目“C:\Program Files\dotnet\sdk\9.0.308\Sdks\Microsoft.NET.Sdk\targets\Microsoft.NET.Sdk.targets”中的目标“Run”重写项目“C:\Program Files\dotnet\sdk\9.0.308\Microsoft.Common.CurrentVersion.targets”中的目标“Run”。
       正在使用项目“C:\Program Files\dotnet\sdk\9.0.308\Sdks\Microsoft.NET.Sdk\targets\Microsoft.NET.Sdk.targets”中的目标“GenerateSupportedTargetFrameworkAlias”重写项目“C:\Program Files\dotnet\sdk\9.0.308\Microsoft.Common.CurrentVersion.targets”中的目标“GenerateSupportedTargetFrameworkAlias”。
       正在使用项目“C:\Program Files\dotnet\sdk\9.0.308\Sdks\Microsoft.NET.Sdk\targets\Microsoft.NET.DisableStandardFrameworkResolution.targets”中的目标“GetReferenceAssemblyPaths”重写项目“C:\Program Files\dotnet\sdk\9.0.308\Microsoft.Common.CurrentVersion.targets”中的目标“GetReferenceAssemblyPaths”。
       正在使用项目“C:\Program Files\dotnet\sdk\9.0.308\Sdks\Microsoft.NET.Sdk\targets\Microsoft.NET.DisableStandardFrameworkResolution.targets”中的目标“GetFrameworkPaths”重写项目“C:\Program Files\dotnet\sdk\9.0.308\Microsoft.Common.CurrentVersion.targets”中的目标“GetFrameworkPaths”。
       正在使用项目“C:\Program Files\dotnet\sdk\9.0.308\Sdks\Microsoft.NET.Sdk\targets\Microsoft.NET.DesignerSupport.targets”中的目标“DesignerRuntimeImplementationProjectOutputGroup”重写项目“C:\Program Files\dotnet\sdk\9.0.308\Microsoft.Common.CurrentVersion.targets”中的目标“DesignerRuntimeImplementationProjectOutputGroup”。
       正在使用项目“C:\Program Files\dotnet\sdk\9.0.308\Sdks\Microsoft.NET.Sdk\targets\Microsoft.NET.Publish.targets”中的目标“Publish”重写项目“C:\Program Files\dotnet\sdk\9.0.308\Microsoft.Common.CurrentVersion.targets”中的目标“Publish”。
       正在使用项目“C:\Program Files\dotnet\sdk\9.0.308\Sdks\Microsoft.NET.Sdk\targets\Microsoft.NET.Publish.targets”中的目标“ResolveReadyToRunCompilers”重写项目“C:\Program Files\dotnet\sdk\9.0.308\Sdks\Microsoft.NET.Sdk\targets\Microsoft.NET.CrossGen.targets”中的目标“ResolveReadyToRunCompilers”。
       正在使用项目“C:\Program Files\dotnet\sdk\9.0.308\Sdks\Microsoft.NET.Sdk\targets\Microsoft.NET.Publish.targets”中的目标“GetCopyToPublishDirectoryItems”重写项目“C:\Program Files\dotnet\sdk\9.0.308\Microsoft.Common.CurrentVersion.targets”中的目标“GetCopyToPublishDirectoryItems”。
   1:3>项目“d:\MyProject\FrontCRM(C#)\tests\CRM.Core.Tests\CRM.Core.Tests.csproj”(1:3)正在节点 1 上生成“d:\MyProject\FrontCRM(C#)\CRM.Core\CRM.Core.csproj”(2) (_GenerateRestoreProjectPathWalk 个目标)。
     2>由于条件的计算结果为 false，已跳过目标“_GenerateRestoreProjectPathItemsAllFrameworks”；( '$(TargetFrameworks)' != '' )的计算结果为( '' != '' )。
     2>来自项目“d:\MyProject\FrontCRM(C#)\CRM.Core\CRM.Core.csproj”的文件“C:\Program Files\dotnet\sdk\9.0.308\NuGet.targets”中的目标“_GenerateRestoreProjectPathItemsPerFramework”(目标“_GenerateRestoreProjectPathItemsCurrentProject”依赖于它):
       任务“ConvertToAbsolutePath”
       已完成执行任务“ConvertToAbsolutePath”的操作。
     2>已完成在项目“CRM.Core.csproj”中生成目标“_GenerateRestoreProjectPathItemsPerFramework”的操作。
     2>来自项目“d:\MyProject\FrontCRM(C#)\CRM.Core\CRM.Core.csproj”的文件“C:\Program Files\dotnet\sdk\9.0.308\NuGet.targets”中的目标“_GenerateRestoreProjectPathItemsCurrentProject”(目标“_GenerateRestoreProjectPathItems”依赖于它):
     2>已完成在项目“CRM.Core.csproj”中生成目标“_GenerateRestoreProjectPathItemsCurrentProject”的操作。
     2>来自项目“d:\MyProject\FrontCRM(C#)\CRM.Core\CRM.Core.csproj”的文件“C:\Program Files\dotnet\sdk\9.0.308\NuGet.targets”中的目标“_GenerateRestoreProjectPathItems”(目标“_GenerateRestoreProjectPathWalk”依赖于它):
       任务“RemoveDuplicates”
       已完成执行任务“RemoveDuplicates”的操作。
     2>已完成在项目“CRM.Core.csproj”中生成目标“_GenerateRestoreProjectPathItems”的操作。
     2>来自项目“d:\MyProject\FrontCRM(C#)\CRM.Core\CRM.Core.csproj”的文件“C:\Program Files\dotnet\sdk\9.0.308\NuGet.targets”中的目标“_GenerateRestoreProjectPathWalk”(入口点):
       任务“MSBuild”
       已完成执行任务“MSBuild”的操作。
       由于 false 条件，已跳过任务“MSBuild”；( '$(RestoreUseSkipNonexistentTargets)' != 'true' )计算为( 'true' != 'true' )。
       任务“RemoveDuplicates”
       已完成执行任务“RemoveDuplicates”的操作。
     2>已完成在项目“CRM.Core.csproj”中生成目标“_GenerateRestoreProjectPathWalk”的操作。
     2>已完成生成项目“d:\MyProject\FrontCRM(C#)\CRM.Core\CRM.Core.csproj”(_GenerateRestoreProjectPathWalk 个目标)的操作。
     0>C:\Program Files\dotnet\sdk\9.0.308\Sdks\Microsoft.NET.Sdk\Sdk\Sdk.props(49,11): message : 值为“C:\Program Files\dotnet\sdk\9.0.308\”的属性“MSBuildExtensionsPath”从环境中展开。
       C:\Program Files\dotnet\sdk\9.0.308\Current\Microsoft.Common.props(60,5): message : 在 C:\Program Files\dotnet\sdk\9.0.308\Current\Microsoft.Common.props (60,5) 处重新分配属性: $(MSBuildProjectExtensionsPath)=“d:\MyProject\FrontCRM(C#)\tests\CRM.TestCommon\obj\”(先前值:“obj\”)
       C:\Program Files\dotnet\sdk\9.0.308\Current\Microsoft.Common.props(84,119): message : 值为“C:\Users\admin\AppData\Local\Microsoft\MSBuild”的属性“MSBuildUserExtensionsPath”从环境中展开。
       C:\Program Files\dotnet\sdk\9.0.308\Sdks\Microsoft.NET.Sdk\targets\Microsoft.NET.Sdk.props(90,5): message : 在 C:\Program Files\dotnet\sdk\9.0.308\Sdks\Microsoft.NET.Sdk\targets\Microsoft.NET.Sdk.props (90,5) 处重新分配属性: $(AssemblySearchPaths)=“{CandidateAssemblyFiles};{HintPathFromItem}”(先前值:“{CandidateAssemblyFiles}”)
       C:\Program Files\dotnet\sdk\9.0.308\Sdks\Microsoft.NET.Sdk\targets\Microsoft.NET.Sdk.props(91,5): message : 在 C:\Program Files\dotnet\sdk\9.0.308\Sdks\Microsoft.NET.Sdk\targets\Microsoft.NET.Sdk.props (91,5) 处重新分配属性: $(AssemblySearchPaths)=“{CandidateAssemblyFiles};{HintPathFromItem};{TargetFrameworkDirectory}”(先前值:“{CandidateAssemblyFiles};{HintPathFromItem}”)
       C:\Program Files\dotnet\sdk\9.0.308\Sdks\Microsoft.NET.Sdk\targets\Microsoft.NET.Sdk.props(92,5): message : 在 C:\Program Files\dotnet\sdk\9.0.308\Sdks\Microsoft.NET.Sdk\targets\Microsoft.NET.Sdk.props (92,5) 处重新分配属性: $(AssemblySearchPaths)=“{CandidateAssemblyFiles};{HintPathFromItem};{TargetFrameworkDirectory};{RawFileName}”(先前值:“{CandidateAssemblyFiles};{HintPathFromItem};{TargetFrameworkDirectory}”)
       C:\Program Files\dotnet\sdk\9.0.308\Sdks\Microsoft.NET.Sdk\targets\Microsoft.NET.PackProjectTool.props(15,5): message : 在 C:\Program Files\dotnet\sdk\9.0.308\Sdks\Microsoft.NET.Sdk\targets\Microsoft.NET.PackProjectTool.props (15,5) 处重新分配属性: $(TargetsForTfmSpecificContentInPackage)=“;PackTool;_PackProjectToolValidation”(先前值:“;PackTool”)
       C:\Program Files\dotnet\sdk\9.0.308\Sdks\Microsoft.NET.Sdk\targets\Microsoft.NET.Sdk.ImportPublishProfile.targets(28,5): message : 在 C:\Program Files\dotnet\sdk\9.0.308\Sdks\Microsoft.NET.Sdk\targets\Microsoft.NET.Sdk.ImportPublishProfile.targets (28,5) 处重新分配属性: $(PublishProfileImported)=“false”(先前值:“true”)
       在 Evaluation 期间加载的程序集: NuGet.Frameworks, Version=6.14.0.116, Culture=neutral, PublicKeyToken=31bf3856ad364e35 (位置: C:\Program Files\dotnet\sdk\9.0.308\NuGet.Frameworks.dll，MVID: 6b5909cd-5145-46c4-9595-25461e82c126，AssemblyLoadContext: Assembly.LoadFile(C:\Program Files\dotnet\sdk\9.0.308\NuGet.Frameworks.dll))
       在 Evaluation 期间加载的程序集: netstandard, Version=2.1.0.0, Culture=neutral, PublicKeyToken=cc7b13ffcd2ddd51 (位置: C:\Program Files\dotnet\shared\Microsoft.NETCore.App\9.0.11\netstandard.dll，MVID: 79cef6ec-9b40-4bb0-bcad-113b8a294cac，AssemblyLoadContext: Default)
       C:\Program Files\dotnet\sdk\9.0.308\Sdks\Microsoft.NET.Sdk\targets\Microsoft.NET.TargetFrameworkInference.targets(69,5): message : 在 C:\Program Files\dotnet\sdk\9.0.308\Sdks\Microsoft.NET.Sdk\targets\Microsoft.NET.TargetFrameworkInference.targets (69,5) 处重新分配属性: $(TargetPlatformVersion)=“”(先前值:“0.0”)
       C:\Program Files\dotnet\sdk\9.0.308\Sdks\Microsoft.NET.Sdk\targets\Microsoft.NET.DefaultOutputPaths.targets(122,5): message : 在 C:\Program Files\dotnet\sdk\9.0.308\Sdks\Microsoft.NET.Sdk\targets\Microsoft.NET.DefaultOutputPaths.targets (122,5) 处重新分配属性: $(DefaultItemExcludes)=“;bin\Debug\/**;obj\Debug\/**”(先前值:“;bin\Debug\/**”)
       C:\Program Files\dotnet\sdk\9.0.308\Sdks\Microsoft.NET.Sdk\targets\Microsoft.NET.DefaultOutputPaths.targets(137,5): message : 在 C:\Program Files\dotnet\sdk\9.0.308\Sdks\Microsoft.NET.Sdk\targets\Microsoft.NET.DefaultOutputPaths.targets (137,5) 处重新分配属性: $(OutputPath)=“bin\Debug\net9.0\”(先前值:“bin\Debug\”)
       C:\Program Files\dotnet\sdk\9.0.308\Sdks\Microsoft.NET.Sdk\targets\Microsoft.NET.DefaultOutputPaths.targets(142,5): message : 在 C:\Program Files\dotnet\sdk\9.0.308\Sdks\Microsoft.NET.Sdk\targets\Microsoft.NET.DefaultOutputPaths.targets (142,5) 处重新分配属性: $(IntermediateOutputPath)=“obj\Debug\net9.0\”(先前值:“obj\Debug\”)
       C:\Program Files\dotnet\sdk\9.0.308\Sdks\Microsoft.NET.Sdk\targets\Microsoft.NET.Sdk.BeforeCommon.targets(187,5): message : 在 C:\Program Files\dotnet\sdk\9.0.308\Sdks\Microsoft.NET.Sdk\targets\Microsoft.NET.Sdk.BeforeCommon.targets (187,5) 处重新分配属性: $(_FrameworkIdentifierForImplicitDefine)=“NET”(先前值:“NETCOREAPP”)
       C:\Program Files\dotnet\sdk\9.0.308\Sdks\Microsoft.NET.Sdk\targets\Microsoft.NET.Sdk.BeforeCommon.targets(192,5): message : 在 C:\Program Files\dotnet\sdk\9.0.308\Sdks\Microsoft.NET.Sdk\targets\Microsoft.NET.Sdk.BeforeCommon.targets (192,5) 处重新分配属性: $(_FrameworkVersionForImplicitDefine)=“9_0”(先前值:“9.0”)
       C:\Program Files\dotnet\sdk\9.0.308\Roslyn\Microsoft.CSharp.Core.targets(200,5): message : 在 C:\Program Files\dotnet\sdk\9.0.308\Roslyn\Microsoft.CSharp.Core.targets (200,5) 处重新分配属性: $(CommandLineArgsForDesignTimeEvaluation)=“-langversion:13.0 -define:TRACE”(先前值:“-langversion:13.0”)
       在 Evaluation 期间加载的程序集: Microsoft.Build.Utilities.Core, Version=15.1.0.0, Culture=neutral, PublicKeyToken=b03f5f7f11d50a3a (位置: C:\Program Files\dotnet\sdk\9.0.308\Microsoft.Build.Utilities.Core.dll，MVID: e694cd1c-cab1-43ec-a25d-8ec3134e8f67，AssemblyLoadContext: Default)
       C:\Program Files\dotnet\sdk\9.0.308\Microsoft.Common.CurrentVersion.targets(175,5): message : 在 C:\Program Files\dotnet\sdk\9.0.308\Microsoft.Common.CurrentVersion.targets (175,5) 处重新分配属性: $(_DebugSymbolsProduced)=“true”(先前值:“false”)
       C:\Program Files\dotnet\sdk\9.0.308\Microsoft.Common.CurrentVersion.targets(185,5): message : 在 C:\Program Files\dotnet\sdk\9.0.308\Microsoft.Common.CurrentVersion.targets (185,5) 处重新分配属性: $(_DocumentationFileProduced)=“false”(先前值:“true”)
       C:\Program Files\dotnet\sdk\9.0.308\Microsoft.Common.CurrentVersion.targets(392,5): message : 在 C:\Program Files\dotnet\sdk\9.0.308\Microsoft.Common.CurrentVersion.targets (392,5) 处重新分配属性: $(MSBuildCopyMarkerName)=“CRM.Test.94FF688A”(先前值:“CRM.TestCommon.csproj”)
       C:\Program Files\dotnet\sdk\9.0.308\Microsoft.Common.CurrentVersion.targets(393,5): message : 在 C:\Program Files\dotnet\sdk\9.0.308\Microsoft.Common.CurrentVersion.targets (393,5) 处重新分配属性: $(MSBuildCopyMarkerName)=“CRM.Test.94FF688A.Up2Date”(先前值:“CRM.Test.94FF688A”)
       C:\Program Files\dotnet\sdk\9.0.308\Microsoft.Common.CurrentVersion.targets(541,5): message : 在 C:\Program Files\dotnet\sdk\9.0.308\Microsoft.Common.CurrentVersion.targets (541,5) 处重新分配属性: $(ProcessorArchitecture)=“msil”(先前值:“”)
       C:\Program Files\dotnet\sdk\9.0.308\Microsoft.Common.CurrentVersion.targets(580,5): message : 在 C:\Program Files\dotnet\sdk\9.0.308\Microsoft.Common.CurrentVersion.targets (580,5) 处重新分配属性: $(DelaySign)=“”(先前值:“false”)
       C:\Program Files\dotnet\sdk\9.0.308\Microsoft.Common.CurrentVersion.targets(2619,5): message : 值为“C:\Users\admin\AppData\Local”的属性“LOCALAPPDATA”从环境中展开。
       C:\Program Files\dotnet\sdk\9.0.308\Microsoft.Common.CurrentVersion.targets(3947,5): message : 在 C:\Program Files\dotnet\sdk\9.0.308\Microsoft.Common.CurrentVersion.targets (3947,5) 处重新分配属性: $(_SGenGenerateSerializationAssembliesConfig)=“Auto”(先前值:“”)
       C:\Program Files\dotnet\sdk\9.0.308\Microsoft.Common.CurrentVersion.targets(3948,5): message : 在 C:\Program Files\dotnet\sdk\9.0.308\Microsoft.Common.CurrentVersion.targets (3948,5) 处重新分配属性: $(_SGenGenerateSerializationAssembliesConfig)=“Off”(先前值:“Auto”)
       C:\Program Files\dotnet\sdk\9.0.308\Microsoft.Common.CurrentVersion.targets(5159,5): message : 在 C:\Program Files\dotnet\sdk\9.0.308\Microsoft.Common.CurrentVersion.targets (5159,5) 处重新分配属性: $(_TargetsThatPrepareProjectReferences)=“
       C:\Program Files\dotnet\sdk\9.0.308\Microsoft.Common.CurrentVersion.targets(5159,5): message :       AssignProjectConfiguration;
       C:\Program Files\dotnet\sdk\9.0.308\Microsoft.Common.CurrentVersion.targets(5159,5): message :       _SplitProjectReferencesByFileExistence
       C:\Program Files\dotnet\sdk\9.0.308\Microsoft.Common.CurrentVersion.targets(5159,5): message :     ”(先前值:“_SplitProjectReferencesByFileExistence”)
       C:\Program Files\dotnet\sdk\9.0.308\Microsoft.Common.CurrentVersion.targets(6954,5): message : 值为“C:\Program Files\dotnet\sdk\9.0.308”的属性“MSBuildExtensionsPath32”从环境中展开。
       在 Evaluation 期间加载的程序集: System.Threading.Tasks.Parallel, Version=9.0.0.0, Culture=neutral, PublicKeyToken=b03f5f7f11d50a3a (位置: C:\Program Files\dotnet\shared\Microsoft.NETCore.App\9.0.11\System.Threading.Tasks.Parallel.dll，MVID: f258132d-614b-4953-b99c-9d0ef2e1ac97，AssemblyLoadContext: Default)
       C:\Program Files\dotnet\sdk\9.0.308\Sdks\Microsoft.NET.Sdk\targets\Microsoft.PackageDependencyResolution.targets(24,5): message : 在 C:\Program Files\dotnet\sdk\9.0.308\Sdks\Microsoft.NET.Sdk\targets\Microsoft.PackageDependencyResolution.targets (24,5) 处重新分配属性: $(ProjectAssetsFile)=“d:\MyProject\FrontCRM(C#)\tests\CRM.TestCommon\obj\project.assets.json”(先前值:“d:\MyProject\FrontCRM(C#)\tests\CRM.TestCommon\obj\/project.assets.json”)
       C:\Program Files\dotnet\sdk\9.0.308\Sdks\Microsoft.NET.Sdk\targets\Microsoft.PackageDependencyResolution.targets(29,5): message : 在 C:\Program Files\dotnet\sdk\9.0.308\Sdks\Microsoft.NET.Sdk\targets\Microsoft.PackageDependencyResolution.targets (29,5) 处重新分配属性: $(ProjectAssetsCacheFile)=“d:\MyProject\FrontCRM(C#)\tests\CRM.TestCommon\obj\Debug\net9.0\CRM.TestCommon.assets.cache”(先前值:“obj\Debug\net9.0\CRM.TestCommon.assets.cache”)
       C:\Program Files\dotnet\sdk\9.0.308\Sdks\Microsoft.NET.Sdk\targets\Microsoft.PackageDependencyResolution.targets(80,5): message : 在 C:\Program Files\dotnet\sdk\9.0.308\Sdks\Microsoft.NET.Sdk\targets\Microsoft.PackageDependencyResolution.targets (80,5) 处重新分配属性: $(ResolveAssemblyReferencesDependsOn)=“
       C:\Program Files\dotnet\sdk\9.0.308\Sdks\Microsoft.NET.Sdk\targets\Microsoft.PackageDependencyResolution.targets(80,5): message :       
       C:\Program Files\dotnet\sdk\9.0.308\Sdks\Microsoft.NET.Sdk\targets\Microsoft.PackageDependencyResolution.targets(80,5): message :       ResolveProjectReferences;
       C:\Program Files\dotnet\sdk\9.0.308\Sdks\Microsoft.NET.Sdk\targets\Microsoft.PackageDependencyResolution.targets(80,5): message :       FindInvalidProjectReferences;
       C:\Program Files\dotnet\sdk\9.0.308\Sdks\Microsoft.NET.Sdk\targets\Microsoft.PackageDependencyResolution.targets(80,5): message :       GetFrameworkPaths;
       C:\Program Files\dotnet\sdk\9.0.308\Sdks\Microsoft.NET.Sdk\targets\Microsoft.PackageDependencyResolution.targets(80,5): message :       GetReferenceAssemblyPaths;
       C:\Program Files\dotnet\sdk\9.0.308\Sdks\Microsoft.NET.Sdk\targets\Microsoft.PackageDependencyResolution.targets(80,5): message :       PrepareForBuild;
       C:\Program Files\dotnet\sdk\9.0.308\Sdks\Microsoft.NET.Sdk\targets\Microsoft.PackageDependencyResolution.targets(80,5): message :       ResolveSDKReferences;
       C:\Program Files\dotnet\sdk\9.0.308\Sdks\Microsoft.NET.Sdk\targets\Microsoft.PackageDependencyResolution.targets(80,5): message :       ExpandSDKReferences;
       C:\Program Files\dotnet\sdk\9.0.308\Sdks\Microsoft.NET.Sdk\targets\Microsoft.PackageDependencyResolution.targets(80,5): message :     ;
       C:\Program Files\dotnet\sdk\9.0.308\Sdks\Microsoft.NET.Sdk\targets\Microsoft.PackageDependencyResolution.targets(80,5): message :       ResolvePackageDependenciesForBuild;
       C:\Program Files\dotnet\sdk\9.0.308\Sdks\Microsoft.NET.Sdk\targets\Microsoft.PackageDependencyResolution.targets(80,5): message :       _HandlePackageFileConflicts;
       C:\Program Files\dotnet\sdk\9.0.308\Sdks\Microsoft.NET.Sdk\targets\Microsoft.PackageDependencyResolution.targets(80,5): message :     ”(先前值:“
       C:\Program Files\dotnet\sdk\9.0.308\Sdks\Microsoft.NET.Sdk\targets\Microsoft.PackageDependencyResolution.targets(80,5): message :       ResolveProjectReferences;
       C:\Program Files\dotnet\sdk\9.0.308\Sdks\Microsoft.NET.Sdk\targets\Microsoft.PackageDependencyResolution.targets(80,5): message :       FindInvalidProjectReferences;
       C:\Program Files\dotnet\sdk\9.0.308\Sdks\Microsoft.NET.Sdk\targets\Microsoft.PackageDependencyResolution.targets(80,5): message :       GetFrameworkPaths;
       C:\Program Files\dotnet\sdk\9.0.308\Sdks\Microsoft.NET.Sdk\targets\Microsoft.PackageDependencyResolution.targets(80,5): message :       GetReferenceAssemblyPaths;
       C:\Program Files\dotnet\sdk\9.0.308\Sdks\Microsoft.NET.Sdk\targets\Microsoft.PackageDependencyResolution.targets(80,5): message :       PrepareForBuild;
       C:\Program Files\dotnet\sdk\9.0.308\Sdks\Microsoft.NET.Sdk\targets\Microsoft.PackageDependencyResolution.targets(80,5): message :       ResolveSDKReferences;
       C:\Program Files\dotnet\sdk\9.0.308\Sdks\Microsoft.NET.Sdk\targets\Microsoft.PackageDependencyResolution.targets(80,5): message :       ExpandSDKReferences;
       C:\Program Files\dotnet\sdk\9.0.308\Sdks\Microsoft.NET.Sdk\targets\Microsoft.PackageDependencyResolution.targets(80,5): message :     ”)
       C:\Program Files\dotnet\sdk\9.0.308\Sdks\Microsoft.NET.Sdk\targets\Microsoft.PackageDependencyResolution.targets(86,5): message : 在 C:\Program Files\dotnet\sdk\9.0.308\Sdks\Microsoft.NET.Sdk\targets\Microsoft.PackageDependencyResolution.targets (86,5) 处重新分配属性: $(PrepareResourcesDependsOn)=“
       C:\Program Files\dotnet\sdk\9.0.308\Sdks\Microsoft.NET.Sdk\targets\Microsoft.PackageDependencyResolution.targets(86,5): message :       ResolvePackageDependenciesForBuild;
       C:\Program Files\dotnet\sdk\9.0.308\Sdks\Microsoft.NET.Sdk\targets\Microsoft.PackageDependencyResolution.targets(86,5): message :       _HandlePackageFileConflicts;
       C:\Program Files\dotnet\sdk\9.0.308\Sdks\Microsoft.NET.Sdk\targets\Microsoft.PackageDependencyResolution.targets(86,5): message :       
       C:\Program Files\dotnet\sdk\9.0.308\Sdks\Microsoft.NET.Sdk\targets\Microsoft.PackageDependencyResolution.targets(86,5): message :       ;
       C:\Program Files\dotnet\sdk\9.0.308\Sdks\Microsoft.NET.Sdk\targets\Microsoft.PackageDependencyResolution.targets(86,5): message :       PrepareResourceNames;
       C:\Program Files\dotnet\sdk\9.0.308\Sdks\Microsoft.NET.Sdk\targets\Microsoft.PackageDependencyResolution.targets(86,5): message :       ResGen;
       C:\Program Files\dotnet\sdk\9.0.308\Sdks\Microsoft.NET.Sdk\targets\Microsoft.PackageDependencyResolution.targets(86,5): message :       CompileLicxFiles
       C:\Program Files\dotnet\sdk\9.0.308\Sdks\Microsoft.NET.Sdk\targets\Microsoft.PackageDependencyResolution.targets(86,5): message :     
       C:\Program Files\dotnet\sdk\9.0.308\Sdks\Microsoft.NET.Sdk\targets\Microsoft.PackageDependencyResolution.targets(86,5): message :     ”(先前值:“
       C:\Program Files\dotnet\sdk\9.0.308\Sdks\Microsoft.NET.Sdk\targets\Microsoft.PackageDependencyResolution.targets(86,5): message :       ;
       C:\Program Files\dotnet\sdk\9.0.308\Sdks\Microsoft.NET.Sdk\targets\Microsoft.PackageDependencyResolution.targets(86,5): message :       PrepareResourceNames;
       C:\Program Files\dotnet\sdk\9.0.308\Sdks\Microsoft.NET.Sdk\targets\Microsoft.PackageDependencyResolution.targets(86,5): message :       ResGen;
       C:\Program Files\dotnet\sdk\9.0.308\Sdks\Microsoft.NET.Sdk\targets\Microsoft.PackageDependencyResolution.targets(86,5): message :       CompileLicxFiles
       C:\Program Files\dotnet\sdk\9.0.308\Sdks\Microsoft.NET.Sdk\targets\Microsoft.PackageDependencyResolution.targets(86,5): message :     ”)
       C:\Program Files\dotnet\sdk\9.0.308\Sdks\Microsoft.NET.Sdk\targets\Microsoft.NET.Sdk.DefaultItems.targets(27,5): message : 在 C:\Program Files\dotnet\sdk\9.0.308\Sdks\Microsoft.NET.Sdk\targets\Microsoft.NET.Sdk.DefaultItems.targets (27,5) 处重新分配属性: $(DefaultItemExcludes)=“;bin\Debug\/**;obj\Debug\/**;bin\/**”(先前值:“;bin\Debug\/**;obj\Debug\/**”)
       C:\Program Files\dotnet\sdk\9.0.308\Sdks\Microsoft.NET.Sdk\targets\Microsoft.NET.Sdk.DefaultItems.targets(29,5): message : 在 C:\Program Files\dotnet\sdk\9.0.308\Sdks\Microsoft.NET.Sdk\targets\Microsoft.NET.Sdk.DefaultItems.targets (29,5) 处重新分配属性: $(DefaultItemExcludes)=“;bin\Debug\/**;obj\Debug\/**;bin\/**;obj\/**”(先前值:“;bin\Debug\/**;obj\Debug\/**;bin\/**”)
       C:\Program Files\dotnet\sdk\9.0.308\Sdks\Microsoft.NET.Sdk\targets\Microsoft.NET.Sdk.DefaultItems.targets(32,5): message : 在 C:\Program Files\dotnet\sdk\9.0.308\Sdks\Microsoft.NET.Sdk\targets\Microsoft.NET.Sdk.DefaultItems.targets (32,5) 处重新分配属性: $(DefaultItemExcludes)=“;bin\Debug\/**;obj\Debug\/**;bin\/**;obj\/**;**/*.user”(先前值:“;bin\Debug\/**;obj\Debug\/**;bin\/**;obj\/**”)
       C:\Program Files\dotnet\sdk\9.0.308\Sdks\Microsoft.NET.Sdk\targets\Microsoft.NET.Sdk.DefaultItems.targets(33,5): message : 在 C:\Program Files\dotnet\sdk\9.0.308\Sdks\Microsoft.NET.Sdk\targets\Microsoft.NET.Sdk.DefaultItems.targets (33,5) 处重新分配属性: $(DefaultItemExcludes)=“;bin\Debug\/**;obj\Debug\/**;bin\/**;obj\/**;**/*.user;**/*.*proj”(先前值:“;bin\Debug\/**;obj\Debug\/**;bin\/**;obj\/**;**/*.user”)
       C:\Program Files\dotnet\sdk\9.0.308\Sdks\Microsoft.NET.Sdk\targets\Microsoft.NET.Sdk.DefaultItems.targets(34,5): message : 在 C:\Program Files\dotnet\sdk\9.0.308\Sdks\Microsoft.NET.Sdk\targets\Microsoft.NET.Sdk.DefaultItems.targets (34,5) 处重新分配属性: $(DefaultItemExcludes)=“;bin\Debug\/**;obj\Debug\/**;bin\/**;obj\/**;**/*.user;**/*.*proj;**/*.sln”(先前值:“;bin\Debug\/**;obj\Debug\/**;bin\/**;obj\/**;**/*.user;**/*.*proj”)
       C:\Program Files\dotnet\sdk\9.0.308\Sdks\Microsoft.NET.Sdk\targets\Microsoft.NET.Sdk.DefaultItems.targets(35,5): message : 在 C:\Program Files\dotnet\sdk\9.0.308\Sdks\Microsoft.NET.Sdk\targets\Microsoft.NET.Sdk.DefaultItems.targets (35,5) 处重新分配属性: $(DefaultItemExcludes)=“;bin\Debug\/**;obj\Debug\/**;bin\/**;obj\/**;**/*.user;**/*.*proj;**/*.sln;**/*.slnx”(先前值:“;bin\Debug\/**;obj\Debug\/**;bin\/**;obj\/**;**/*.user;**/*.*proj;**/*.sln”)
       C:\Program Files\dotnet\sdk\9.0.308\Sdks\Microsoft.NET.Sdk\targets\Microsoft.NET.Sdk.DefaultItems.targets(36,5): message : 在 C:\Program Files\dotnet\sdk\9.0.308\Sdks\Microsoft.NET.Sdk\targets\Microsoft.NET.Sdk.DefaultItems.targets (36,5) 处重新分配属性: $(DefaultItemExcludes)=“;bin\Debug\/**;obj\Debug\/**;bin\/**;obj\/**;**/*.user;**/*.*proj;**/*.sln;**/*.slnx;**/*.vssscc”(先前值:“;bin\Debug\/**;obj\Debug\/**;bin\/**;obj\/**;**/*.user;**/*.*proj;**/*.sln;**/*.slnx”)
       C:\Program Files\dotnet\sdk\9.0.308\Sdks\Microsoft.NET.Sdk\targets\Microsoft.NET.Sdk.DefaultItems.targets(37,5): message : 在 C:\Program Files\dotnet\sdk\9.0.308\Sdks\Microsoft.NET.Sdk\targets\Microsoft.NET.Sdk.DefaultItems.targets (37,5) 处重新分配属性: $(DefaultItemExcludes)=“;bin\Debug\/**;obj\Debug\/**;bin\/**;obj\/**;**/*.user;**/*.*proj;**/*.sln;**/*.slnx;**/*.vssscc;**/.DS_Store”(先前值:“;bin\Debug\/**;obj\Debug\/**;bin\/**;obj\/**;**/*.user;**/*.*proj;**/*.sln;**/*.slnx;**/*.vssscc”)
       C:\Program Files\dotnet\sdk\9.0.308\Sdks\Microsoft.NET.Sdk\targets\Microsoft.NET.Sdk.FrameworkReferenceResolution.targets(14,5): message : 在 C:\Program Files\dotnet\sdk\9.0.308\Sdks\Microsoft.NET.Sdk\targets\Microsoft.NET.Sdk.FrameworkReferenceResolution.targets (14,5) 处重新分配属性: $(ResolveAssemblyReferencesDependsOn)=“
       C:\Program Files\dotnet\sdk\9.0.308\Sdks\Microsoft.NET.Sdk\targets\Microsoft.NET.Sdk.FrameworkReferenceResolution.targets(14,5): message :       
       C:\Program Files\dotnet\sdk\9.0.308\Sdks\Microsoft.NET.Sdk\targets\Microsoft.NET.Sdk.FrameworkReferenceResolution.targets(14,5): message :       
       C:\Program Files\dotnet\sdk\9.0.308\Sdks\Microsoft.NET.Sdk\targets\Microsoft.NET.Sdk.FrameworkReferenceResolution.targets(14,5): message :       ResolveProjectReferences;
       C:\Program Files\dotnet\sdk\9.0.308\Sdks\Microsoft.NET.Sdk\targets\Microsoft.NET.Sdk.FrameworkReferenceResolution.targets(14,5): message :       FindInvalidProjectReferences;
       C:\Program Files\dotnet\sdk\9.0.308\Sdks\Microsoft.NET.Sdk\targets\Microsoft.NET.Sdk.FrameworkReferenceResolution.targets(14,5): message :       GetFrameworkPaths;
       C:\Program Files\dotnet\sdk\9.0.308\Sdks\Microsoft.NET.Sdk\targets\Microsoft.NET.Sdk.FrameworkReferenceResolution.targets(14,5): message :       GetReferenceAssemblyPaths;
       C:\Program Files\dotnet\sdk\9.0.308\Sdks\Microsoft.NET.Sdk\targets\Microsoft.NET.Sdk.FrameworkReferenceResolution.targets(14,5): message :       PrepareForBuild;
       C:\Program Files\dotnet\sdk\9.0.308\Sdks\Microsoft.NET.Sdk\targets\Microsoft.NET.Sdk.FrameworkReferenceResolution.targets(14,5): message :       ResolveSDKReferences;
       C:\Program Files\dotnet\sdk\9.0.308\Sdks\Microsoft.NET.Sdk\targets\Microsoft.NET.Sdk.FrameworkReferenceResolution.targets(14,5): message :       ExpandSDKReferences;
       C:\Program Files\dotnet\sdk\9.0.308\Sdks\Microsoft.NET.Sdk\targets\Microsoft.NET.Sdk.FrameworkReferenceResolution.targets(14,5): message :     ;
       C:\Program Files\dotnet\sdk\9.0.308\Sdks\Microsoft.NET.Sdk\targets\Microsoft.NET.Sdk.FrameworkReferenceResolution.targets(14,5): message :       ResolvePackageDependenciesForBuild;
       C:\Program Files\dotnet\sdk\9.0.308\Sdks\Microsoft.NET.Sdk\targets\Microsoft.NET.Sdk.FrameworkReferenceResolution.targets(14,5): message :       _HandlePackageFileConflicts;
       C:\Program Files\dotnet\sdk\9.0.308\Sdks\Microsoft.NET.Sdk\targets\Microsoft.NET.Sdk.FrameworkReferenceResolution.targets(14,5): message :     ;
       C:\Program Files\dotnet\sdk\9.0.308\Sdks\Microsoft.NET.Sdk\targets\Microsoft.NET.Sdk.FrameworkReferenceResolution.targets(14,5): message :       ResolveTargetingPackAssets;
       C:\Program Files\dotnet\sdk\9.0.308\Sdks\Microsoft.NET.Sdk\targets\Microsoft.NET.Sdk.FrameworkReferenceResolution.targets(14,5): message :     ”(先前值:“
       C:\Program Files\dotnet\sdk\9.0.308\Sdks\Microsoft.NET.Sdk\targets\Microsoft.NET.Sdk.FrameworkReferenceResolution.targets(14,5): message :       
       C:\Program Files\dotnet\sdk\9.0.308\Sdks\Microsoft.NET.Sdk\targets\Microsoft.NET.Sdk.FrameworkReferenceResolution.targets(14,5): message :       ResolveProjectReferences;
       C:\Program Files\dotnet\sdk\9.0.308\Sdks\Microsoft.NET.Sdk\targets\Microsoft.NET.Sdk.FrameworkReferenceResolution.targets(14,5): message :       FindInvalidProjectReferences;
       C:\Program Files\dotnet\sdk\9.0.308\Sdks\Microsoft.NET.Sdk\targets\Microsoft.NET.Sdk.FrameworkReferenceResolution.targets(14,5): message :       GetFrameworkPaths;
       C:\Program Files\dotnet\sdk\9.0.308\Sdks\Microsoft.NET.Sdk\targets\Microsoft.NET.Sdk.FrameworkReferenceResolution.targets(14,5): message :       GetReferenceAssemblyPaths;
       C:\Program Files\dotnet\sdk\9.0.308\Sdks\Microsoft.NET.Sdk\targets\Microsoft.NET.Sdk.FrameworkReferenceResolution.targets(14,5): message :       PrepareForBuild;
       C:\Program Files\dotnet\sdk\9.0.308\Sdks\Microsoft.NET.Sdk\targets\Microsoft.NET.Sdk.FrameworkReferenceResolution.targets(14,5): message :       ResolveSDKReferences;
       C:\Program Files\dotnet\sdk\9.0.308\Sdks\Microsoft.NET.Sdk\targets\Microsoft.NET.Sdk.FrameworkReferenceResolution.targets(14,5): message :       ExpandSDKReferences;
       C:\Program Files\dotnet\sdk\9.0.308\Sdks\Microsoft.NET.Sdk\targets\Microsoft.NET.Sdk.FrameworkReferenceResolution.targets(14,5): message :     ;
       C:\Program Files\dotnet\sdk\9.0.308\Sdks\Microsoft.NET.Sdk\targets\Microsoft.NET.Sdk.FrameworkReferenceResolution.targets(14,5): message :       ResolvePackageDependenciesForBuild;
       C:\Program Files\dotnet\sdk\9.0.308\Sdks\Microsoft.NET.Sdk\targets\Microsoft.NET.Sdk.FrameworkReferenceResolution.targets(14,5): message :       _HandlePackageFileConflicts;
       C:\Program Files\dotnet\sdk\9.0.308\Sdks\Microsoft.NET.Sdk\targets\Microsoft.NET.Sdk.FrameworkReferenceResolution.targets(14,5): message :     ”)
       C:\Program Files\dotnet\sdk\9.0.308\Sdks\Microsoft.NET.Sdk\targets\Microsoft.NET.Sdk.targets(44,5): message : 在 C:\Program Files\dotnet\sdk\9.0.308\Sdks\Microsoft.NET.Sdk\targets\Microsoft.NET.Sdk.targets (44,5) 处重新分配属性: $(_GenerateRuntimeConfigurationPropertyInputsCache)=“d:\MyProject\FrontCRM(C#)\tests\CRM.TestCommon\obj\Debug\net9.0\CRM.TestCommon.genruntimeconfig.cache”(先前值:“obj\Debug\net9.0\CRM.TestCommon.genruntimeconfig.cache”)
       C:\Program Files\dotnet\sdk\9.0.308\Sdks\Microsoft.NET.Sdk\targets\Microsoft.NET.Sdk.targets(46,5): message : 在 C:\Program Files\dotnet\sdk\9.0.308\Sdks\Microsoft.NET.Sdk\targets\Microsoft.NET.Sdk.targets (46,5) 处重新分配属性: $(_GeneratePublishDependencyFilePropertyInputsCache)=“d:\MyProject\FrontCRM(C#)\tests\CRM.TestCommon\obj\Debug\net9.0\CRM.TestCommon.genpublishdeps.cache”(先前值:“obj\Debug\net9.0\CRM.TestCommon.genpublishdeps.cache”)
       C:\Program Files\dotnet\sdk\9.0.308\Sdks\Microsoft.NET.Sdk\targets\Microsoft.NET.Sdk.targets(48,5): message : 在 C:\Program Files\dotnet\sdk\9.0.308\Sdks\Microsoft.NET.Sdk\targets\Microsoft.NET.Sdk.targets (48,5) 处重新分配属性: $(_GenerateSingleFileBundlePropertyInputsCache)=“d:\MyProject\FrontCRM(C#)\tests\CRM.TestCommon\obj\Debug\net9.0\CRM.TestCommon.genbundle.cache”(先前值:“obj\Debug\net9.0\CRM.TestCommon.genbundle.cache”)
       C:\Program Files\dotnet\sdk\9.0.308\Sdks\Microsoft.NET.Sdk\targets\Microsoft.NET.Sdk.targets(81,5): message : 在 C:\Program Files\dotnet\sdk\9.0.308\Sdks\Microsoft.NET.Sdk\targets\Microsoft.NET.Sdk.targets (81,5) 处重新分配属性: $(GenerateRuntimeConfigDevFile)=“false”(先前值:“true”)
       C:\Program Files\dotnet\sdk\9.0.308\Sdks\Microsoft.NET.Sdk\targets\Microsoft.NET.Sdk.targets(97,5): message : 值为“C:\Users\admin”的属性“USERPROFILE”从环境中展开。
       C:\Program Files\dotnet\sdk\9.0.308\Sdks\Microsoft.NET.Sdk\targets\Microsoft.NET.Sdk.targets(97,5): message : 在 C:\Program Files\dotnet\sdk\9.0.308\Sdks\Microsoft.NET.Sdk\targets\Microsoft.NET.Sdk.targets (97,5) 处重新分配属性: $(_DefaultUserProfileRuntimeStorePath)=“C:\Users\admin”(先前值:“”)
       C:\Program Files\dotnet\sdk\9.0.308\Sdks\Microsoft.NET.Sdk\targets\Microsoft.NET.Sdk.targets(98,5): message : 在 C:\Program Files\dotnet\sdk\9.0.308\Sdks\Microsoft.NET.Sdk\targets\Microsoft.NET.Sdk.targets (98,5) 处重新分配属性: $(_DefaultUserProfileRuntimeStorePath)=“C:\Users\admin\.dotnet\store”(先前值:“C:\Users\admin”)
       C:\Program Files\dotnet\sdk\9.0.308\Sdks\Microsoft.NET.Sdk\targets\Microsoft.NET.Sdk.targets(140,5): message : 在 C:\Program Files\dotnet\sdk\9.0.308\Sdks\Microsoft.NET.Sdk\targets\Microsoft.NET.Sdk.targets (140,5) 处重新分配属性: $(AvailablePlatforms)=“Any CPU,x86,x64,ARM32”(先前值:“Any CPU,x86,x64”)
       C:\Program Files\dotnet\sdk\9.0.308\Sdks\Microsoft.NET.Sdk\targets\Microsoft.NET.Sdk.targets(144,5): message : 在 C:\Program Files\dotnet\sdk\9.0.308\Sdks\Microsoft.NET.Sdk\targets\Microsoft.NET.Sdk.targets (144,5) 处重新分配属性: $(AvailablePlatforms)=“Any CPU,x86,x64,ARM32,ARM64”(先前值:“Any CPU,x86,x64,ARM32”)
       C:\Program Files\dotnet\sdk\9.0.308\Sdks\Microsoft.NET.Sdk\targets\Microsoft.NET.Sdk.targets(201,5): message : 在 C:\Program Files\dotnet\sdk\9.0.308\Sdks\Microsoft.NET.Sdk\targets\Microsoft.NET.Sdk.targets (201,5) 处重新分配属性: $(CoreBuildDependsOn)=“
       C:\Program Files\dotnet\sdk\9.0.308\Sdks\Microsoft.NET.Sdk\targets\Microsoft.NET.Sdk.targets(201,5): message :       _CheckForBuildWithNoBuild;
       C:\Program Files\dotnet\sdk\9.0.308\Sdks\Microsoft.NET.Sdk\targets\Microsoft.NET.Sdk.targets(201,5): message :       
       C:\Program Files\dotnet\sdk\9.0.308\Sdks\Microsoft.NET.Sdk\targets\Microsoft.NET.Sdk.targets(201,5): message :       BuildOnlySettings;
       C:\Program Files\dotnet\sdk\9.0.308\Sdks\Microsoft.NET.Sdk\targets\Microsoft.NET.Sdk.targets(201,5): message :       PrepareForBuild;
       C:\Program Files\dotnet\sdk\9.0.308\Sdks\Microsoft.NET.Sdk\targets\Microsoft.NET.Sdk.targets(201,5): message :       PreBuildEvent;
       C:\Program Files\dotnet\sdk\9.0.308\Sdks\Microsoft.NET.Sdk\targets\Microsoft.NET.Sdk.targets(201,5): message :       ResolveReferences;
       C:\Program Files\dotnet\sdk\9.0.308\Sdks\Microsoft.NET.Sdk\targets\Microsoft.NET.Sdk.targets(201,5): message :       PrepareResources;
       C:\Program Files\dotnet\sdk\9.0.308\Sdks\Microsoft.NET.Sdk\targets\Microsoft.NET.Sdk.targets(201,5): message :       ResolveKeySource;
       C:\Program Files\dotnet\sdk\9.0.308\Sdks\Microsoft.NET.Sdk\targets\Microsoft.NET.Sdk.targets(201,5): message :       Compile;
       C:\Program Files\dotnet\sdk\9.0.308\Sdks\Microsoft.NET.Sdk\targets\Microsoft.NET.Sdk.targets(201,5): message :       ExportWindowsMDFile;
       C:\Program Files\dotnet\sdk\9.0.308\Sdks\Microsoft.NET.Sdk\targets\Microsoft.NET.Sdk.targets(201,5): message :       UnmanagedUnregistration;
       C:\Program Files\dotnet\sdk\9.0.308\Sdks\Microsoft.NET.Sdk\targets\Microsoft.NET.Sdk.targets(201,5): message :       GenerateSerializationAssemblies;
       C:\Program Files\dotnet\sdk\9.0.308\Sdks\Microsoft.NET.Sdk\targets\Microsoft.NET.Sdk.targets(201,5): message :       CreateSatelliteAssemblies;
       C:\Program Files\dotnet\sdk\9.0.308\Sdks\Microsoft.NET.Sdk\targets\Microsoft.NET.Sdk.targets(201,5): message :       GenerateManifests;
       C:\Program Files\dotnet\sdk\9.0.308\Sdks\Microsoft.NET.Sdk\targets\Microsoft.NET.Sdk.targets(201,5): message :       GetTargetPath;
       C:\Program Files\dotnet\sdk\9.0.308\Sdks\Microsoft.NET.Sdk\targets\Microsoft.NET.Sdk.targets(201,5): message :       PrepareForRun;
       C:\Program Files\dotnet\sdk\9.0.308\Sdks\Microsoft.NET.Sdk\targets\Microsoft.NET.Sdk.targets(201,5): message :       UnmanagedRegistration;
       C:\Program Files\dotnet\sdk\9.0.308\Sdks\Microsoft.NET.Sdk\targets\Microsoft.NET.Sdk.targets(201,5): message :       IncrementalClean;
       C:\Program Files\dotnet\sdk\9.0.308\Sdks\Microsoft.NET.Sdk\targets\Microsoft.NET.Sdk.targets(201,5): message :       PostBuildEvent
       C:\Program Files\dotnet\sdk\9.0.308\Sdks\Microsoft.NET.Sdk\targets\Microsoft.NET.Sdk.targets(201,5): message :     ;
       C:\Program Files\dotnet\sdk\9.0.308\Sdks\Microsoft.NET.Sdk\targets\Microsoft.NET.Sdk.targets(201,5): message :       GenerateBuildDependencyFile;
       C:\Program Files\dotnet\sdk\9.0.308\Sdks\Microsoft.NET.Sdk\targets\Microsoft.NET.Sdk.targets(201,5): message :       GenerateBuildRuntimeConfigurationFiles
       C:\Program Files\dotnet\sdk\9.0.308\Sdks\Microsoft.NET.Sdk\targets\Microsoft.NET.Sdk.targets(201,5): message :     ”(先前值:“
       C:\Program Files\dotnet\sdk\9.0.308\Sdks\Microsoft.NET.Sdk\targets\Microsoft.NET.Sdk.targets(201,5): message :       BuildOnlySettings;
       C:\Program Files\dotnet\sdk\9.0.308\Sdks\Microsoft.NET.Sdk\targets\Microsoft.NET.Sdk.targets(201,5): message :       PrepareForBuild;
       C:\Program Files\dotnet\sdk\9.0.308\Sdks\Microsoft.NET.Sdk\targets\Microsoft.NET.Sdk.targets(201,5): message :       PreBuildEvent;
       C:\Program Files\dotnet\sdk\9.0.308\Sdks\Microsoft.NET.Sdk\targets\Microsoft.NET.Sdk.targets(201,5): message :       ResolveReferences;
       C:\Program Files\dotnet\sdk\9.0.308\Sdks\Microsoft.NET.Sdk\targets\Microsoft.NET.Sdk.targets(201,5): message :       PrepareResources;
       C:\Program Files\dotnet\sdk\9.0.308\Sdks\Microsoft.NET.Sdk\targets\Microsoft.NET.Sdk.targets(201,5): message :       ResolveKeySource;
       C:\Program Files\dotnet\sdk\9.0.308\Sdks\Microsoft.NET.Sdk\targets\Microsoft.NET.Sdk.targets(201,5): message :       Compile;
       C:\Program Files\dotnet\sdk\9.0.308\Sdks\Microsoft.NET.Sdk\targets\Microsoft.NET.Sdk.targets(201,5): message :       ExportWindowsMDFile;
       C:\Program Files\dotnet\sdk\9.0.308\Sdks\Microsoft.NET.Sdk\targets\Microsoft.NET.Sdk.targets(201,5): message :       UnmanagedUnregistration;
       C:\Program Files\dotnet\sdk\9.0.308\Sdks\Microsoft.NET.Sdk\targets\Microsoft.NET.Sdk.targets(201,5): message :       GenerateSerializationAssemblies;
       C:\Program Files\dotnet\sdk\9.0.308\Sdks\Microsoft.NET.Sdk\targets\Microsoft.NET.Sdk.targets(201,5): message :       CreateSatelliteAssemblies;
       C:\Program Files\dotnet\sdk\9.0.308\Sdks\Microsoft.NET.Sdk\targets\Microsoft.NET.Sdk.targets(201,5): message :       GenerateManifests;
       C:\Program Files\dotnet\sdk\9.0.308\Sdks\Microsoft.NET.Sdk\targets\Microsoft.NET.Sdk.targets(201,5): message :       GetTargetPath;
       C:\Program Files\dotnet\sdk\9.0.308\Sdks\Microsoft.NET.Sdk\targets\Microsoft.NET.Sdk.targets(201,5): message :       PrepareForRun;
       C:\Program Files\dotnet\sdk\9.0.308\Sdks\Microsoft.NET.Sdk\targets\Microsoft.NET.Sdk.targets(201,5): message :       UnmanagedRegistration;
       C:\Program Files\dotnet\sdk\9.0.308\Sdks\Microsoft.NET.Sdk\targets\Microsoft.NET.Sdk.targets(201,5): message :       IncrementalClean;
       C:\Program Files\dotnet\sdk\9.0.308\Sdks\Microsoft.NET.Sdk\targets\Microsoft.NET.Sdk.targets(201,5): message :       PostBuildEvent
       C:\Program Files\dotnet\sdk\9.0.308\Sdks\Microsoft.NET.Sdk\targets\Microsoft.NET.Sdk.targets(201,5): message :     ”)
       C:\Program Files\dotnet\sdk\9.0.308\Sdks\Microsoft.NET.Sdk\targets\Microsoft.NET.Sdk.targets(210,5): message : 在 C:\Program Files\dotnet\sdk\9.0.308\Sdks\Microsoft.NET.Sdk\targets\Microsoft.NET.Sdk.targets (210,5) 处重新分配属性: $(CoreCleanDependsOn)=“
       C:\Program Files\dotnet\sdk\9.0.308\Sdks\Microsoft.NET.Sdk\targets\Microsoft.NET.Sdk.targets(210,5): message :       _SdkBeforeClean;
       C:\Program Files\dotnet\sdk\9.0.308\Sdks\Microsoft.NET.Sdk\targets\Microsoft.NET.Sdk.targets(210,5): message :       
       C:\Program Files\dotnet\sdk\9.0.308\Sdks\Microsoft.NET.Sdk\targets\Microsoft.NET.Sdk.targets(210,5): message :     ”(先前值:“”)
       C:\Program Files\dotnet\sdk\9.0.308\Sdks\Microsoft.NET.Sdk\targets\Microsoft.NET.Sdk.targets(217,5): message : 在 C:\Program Files\dotnet\sdk\9.0.308\Sdks\Microsoft.NET.Sdk\targets\Microsoft.NET.Sdk.targets (217,5) 处重新分配属性: $(RebuildDependsOn)=“
       C:\Program Files\dotnet\sdk\9.0.308\Sdks\Microsoft.NET.Sdk\targets\Microsoft.NET.Sdk.targets(217,5): message :       _SdkBeforeRebuild;
       C:\Program Files\dotnet\sdk\9.0.308\Sdks\Microsoft.NET.Sdk\targets\Microsoft.NET.Sdk.targets(217,5): message :       
       C:\Program Files\dotnet\sdk\9.0.308\Sdks\Microsoft.NET.Sdk\targets\Microsoft.NET.Sdk.targets(217,5): message :       BeforeRebuild;
       C:\Program Files\dotnet\sdk\9.0.308\Sdks\Microsoft.NET.Sdk\targets\Microsoft.NET.Sdk.targets(217,5): message :       Clean;
       C:\Program Files\dotnet\sdk\9.0.308\Sdks\Microsoft.NET.Sdk\targets\Microsoft.NET.Sdk.targets(217,5): message :       Build;
       C:\Program Files\dotnet\sdk\9.0.308\Sdks\Microsoft.NET.Sdk\targets\Microsoft.NET.Sdk.targets(217,5): message :       AfterRebuild;
       C:\Program Files\dotnet\sdk\9.0.308\Sdks\Microsoft.NET.Sdk\targets\Microsoft.NET.Sdk.targets(217,5): message :     
       C:\Program Files\dotnet\sdk\9.0.308\Sdks\Microsoft.NET.Sdk\targets\Microsoft.NET.Sdk.targets(217,5): message :     ”(先前值:“
       C:\Program Files\dotnet\sdk\9.0.308\Sdks\Microsoft.NET.Sdk\targets\Microsoft.NET.Sdk.targets(217,5): message :       BeforeRebuild;
       C:\Program Files\dotnet\sdk\9.0.308\Sdks\Microsoft.NET.Sdk\targets\Microsoft.NET.Sdk.targets(217,5): message :       Clean;
       C:\Program Files\dotnet\sdk\9.0.308\Sdks\Microsoft.NET.Sdk\targets\Microsoft.NET.Sdk.targets(217,5): message :       Build;
       C:\Program Files\dotnet\sdk\9.0.308\Sdks\Microsoft.NET.Sdk\targets\Microsoft.NET.Sdk.targets(217,5): message :       AfterRebuild;
       C:\Program Files\dotnet\sdk\9.0.308\Sdks\Microsoft.NET.Sdk\targets\Microsoft.NET.Sdk.targets(217,5): message :     ”)
       C:\Program Files\dotnet\sdk\9.0.308\Sdks\Microsoft.NET.Sdk\targets\Microsoft.NET.Sdk.targets(784,5): message : 在 C:\Program Files\dotnet\sdk\9.0.308\Sdks\Microsoft.NET.Sdk\targets\Microsoft.NET.Sdk.targets (784,5) 处重新分配属性: $(CompileDependsOn)=“
       C:\Program Files\dotnet\sdk\9.0.308\Sdks\Microsoft.NET.Sdk\targets\Microsoft.NET.Sdk.targets(784,5): message :       
       C:\Program Files\dotnet\sdk\9.0.308\Sdks\Microsoft.NET.Sdk\targets\Microsoft.NET.Sdk.targets(784,5): message :       ResolveReferences;
       C:\Program Files\dotnet\sdk\9.0.308\Sdks\Microsoft.NET.Sdk\targets\Microsoft.NET.Sdk.targets(784,5): message :       ResolveKeySource;
       C:\Program Files\dotnet\sdk\9.0.308\Sdks\Microsoft.NET.Sdk\targets\Microsoft.NET.Sdk.targets(784,5): message :       SetWin32ManifestProperties;
       C:\Program Files\dotnet\sdk\9.0.308\Sdks\Microsoft.NET.Sdk\targets\Microsoft.NET.Sdk.targets(784,5): message :       _SetPreferNativeArm64Win32ManifestProperties;
       C:\Program Files\dotnet\sdk\9.0.308\Sdks\Microsoft.NET.Sdk\targets\Microsoft.NET.Sdk.targets(784,5): message :       FindReferenceAssembliesForReferences;
       C:\Program Files\dotnet\sdk\9.0.308\Sdks\Microsoft.NET.Sdk\targets\Microsoft.NET.Sdk.targets(784,5): message :       _GenerateCompileInputs;
       C:\Program Files\dotnet\sdk\9.0.308\Sdks\Microsoft.NET.Sdk\targets\Microsoft.NET.Sdk.targets(784,5): message :       BeforeCompile;
       C:\Program Files\dotnet\sdk\9.0.308\Sdks\Microsoft.NET.Sdk\targets\Microsoft.NET.Sdk.targets(784,5): message :       _TimeStampBeforeCompile;
       C:\Program Files\dotnet\sdk\9.0.308\Sdks\Microsoft.NET.Sdk\targets\Microsoft.NET.Sdk.targets(784,5): message :       _GenerateCompileDependencyCache;
       C:\Program Files\dotnet\sdk\9.0.308\Sdks\Microsoft.NET.Sdk\targets\Microsoft.NET.Sdk.targets(784,5): message :       CoreCompile;
       C:\Program Files\dotnet\sdk\9.0.308\Sdks\Microsoft.NET.Sdk\targets\Microsoft.NET.Sdk.targets(784,5): message :       _TimeStampAfterCompile;
       C:\Program Files\dotnet\sdk\9.0.308\Sdks\Microsoft.NET.Sdk\targets\Microsoft.NET.Sdk.targets(784,5): message :       AfterCompile;
       C:\Program Files\dotnet\sdk\9.0.308\Sdks\Microsoft.NET.Sdk\targets\Microsoft.NET.Sdk.targets(784,5): message :     ;
       C:\Program Files\dotnet\sdk\9.0.308\Sdks\Microsoft.NET.Sdk\targets\Microsoft.NET.Sdk.targets(784,5): message :       _CreateAppHost;
       C:\Program Files\dotnet\sdk\9.0.308\Sdks\Microsoft.NET.Sdk\targets\Microsoft.NET.Sdk.targets(784,5): message :       _CreateComHost;
       C:\Program Files\dotnet\sdk\9.0.308\Sdks\Microsoft.NET.Sdk\targets\Microsoft.NET.Sdk.targets(784,5): message :       _GetIjwHostPaths;
       C:\Program Files\dotnet\sdk\9.0.308\Sdks\Microsoft.NET.Sdk\targets\Microsoft.NET.Sdk.targets(784,5): message :     ”(先前值:“
       C:\Program Files\dotnet\sdk\9.0.308\Sdks\Microsoft.NET.Sdk\targets\Microsoft.NET.Sdk.targets(784,5): message :       ResolveReferences;
       C:\Program Files\dotnet\sdk\9.0.308\Sdks\Microsoft.NET.Sdk\targets\Microsoft.NET.Sdk.targets(784,5): message :       ResolveKeySource;
       C:\Program Files\dotnet\sdk\9.0.308\Sdks\Microsoft.NET.Sdk\targets\Microsoft.NET.Sdk.targets(784,5): message :       SetWin32ManifestProperties;
       C:\Program Files\dotnet\sdk\9.0.308\Sdks\Microsoft.NET.Sdk\targets\Microsoft.NET.Sdk.targets(784,5): message :       _SetPreferNativeArm64Win32ManifestProperties;
       C:\Program Files\dotnet\sdk\9.0.308\Sdks\Microsoft.NET.Sdk\targets\Microsoft.NET.Sdk.targets(784,5): message :       FindReferenceAssembliesForReferences;
       C:\Program Files\dotnet\sdk\9.0.308\Sdks\Microsoft.NET.Sdk\targets\Microsoft.NET.Sdk.targets(784,5): message :       _GenerateCompileInputs;
       C:\Program Files\dotnet\sdk\9.0.308\Sdks\Microsoft.NET.Sdk\targets\Microsoft.NET.Sdk.targets(784,5): message :       BeforeCompile;
       C:\Program Files\dotnet\sdk\9.0.308\Sdks\Microsoft.NET.Sdk\targets\Microsoft.NET.Sdk.targets(784,5): message :       _TimeStampBeforeCompile;
       C:\Program Files\dotnet\sdk\9.0.308\Sdks\Microsoft.NET.Sdk\targets\Microsoft.NET.Sdk.targets(784,5): message :       _GenerateCompileDependencyCache;
       C:\Program Files\dotnet\sdk\9.0.308\Sdks\Microsoft.NET.Sdk\targets\Microsoft.NET.Sdk.targets(784,5): message :       CoreCompile;
       C:\Program Files\dotnet\sdk\9.0.308\Sdks\Microsoft.NET.Sdk\targets\Microsoft.NET.Sdk.targets(784,5): message :       _TimeStampAfterCompile;
       C:\Program Files\dotnet\sdk\9.0.308\Sdks\Microsoft.NET.Sdk\targets\Microsoft.NET.Sdk.targets(784,5): message :       AfterCompile;
       C:\Program Files\dotnet\sdk\9.0.308\Sdks\Microsoft.NET.Sdk\targets\Microsoft.NET.Sdk.targets(784,5): message :     ”)
       C:\Program Files\dotnet\sdk\9.0.308\Sdks\Microsoft.NET.Sdk\targets\Microsoft.NET.Sdk.targets(1184,5): message : 在 C:\Program Files\dotnet\sdk\9.0.308\Sdks\Microsoft.NET.Sdk\targets\Microsoft.NET.Sdk.targets (1184,5) 处重新分配属性: $(CreateSatelliteAssembliesDependsOn)=“
       C:\Program Files\dotnet\sdk\9.0.308\Sdks\Microsoft.NET.Sdk\targets\Microsoft.NET.Sdk.targets(1184,5): message :       
       C:\Program Files\dotnet\sdk\9.0.308\Sdks\Microsoft.NET.Sdk\targets\Microsoft.NET.Sdk.targets(1184,5): message :       ;
       C:\Program Files\dotnet\sdk\9.0.308\Sdks\Microsoft.NET.Sdk\targets\Microsoft.NET.Sdk.targets(1184,5): message :       _GenerateSatelliteAssemblyInputs;
       C:\Program Files\dotnet\sdk\9.0.308\Sdks\Microsoft.NET.Sdk\targets\Microsoft.NET.Sdk.targets(1184,5): message :       ComputeIntermediateSatelliteAssemblies;
       C:\Program Files\dotnet\sdk\9.0.308\Sdks\Microsoft.NET.Sdk\targets\Microsoft.NET.Sdk.targets(1184,5): message :       GenerateSatelliteAssemblies
       C:\Program Files\dotnet\sdk\9.0.308\Sdks\Microsoft.NET.Sdk\targets\Microsoft.NET.Sdk.targets(1184,5): message :     ;
       C:\Program Files\dotnet\sdk\9.0.308\Sdks\Microsoft.NET.Sdk\targets\Microsoft.NET.Sdk.targets(1184,5): message :       CoreGenerateSatelliteAssemblies
       C:\Program Files\dotnet\sdk\9.0.308\Sdks\Microsoft.NET.Sdk\targets\Microsoft.NET.Sdk.targets(1184,5): message :     ”(先前值:“
       C:\Program Files\dotnet\sdk\9.0.308\Sdks\Microsoft.NET.Sdk\targets\Microsoft.NET.Sdk.targets(1184,5): message :       ;
       C:\Program Files\dotnet\sdk\9.0.308\Sdks\Microsoft.NET.Sdk\targets\Microsoft.NET.Sdk.targets(1184,5): message :       _GenerateSatelliteAssemblyInputs;
       C:\Program Files\dotnet\sdk\9.0.308\Sdks\Microsoft.NET.Sdk\targets\Microsoft.NET.Sdk.targets(1184,5): message :       ComputeIntermediateSatelliteAssemblies;
       C:\Program Files\dotnet\sdk\9.0.308\Sdks\Microsoft.NET.Sdk\targets\Microsoft.NET.Sdk.targets(1184,5): message :       GenerateSatelliteAssemblies
       C:\Program Files\dotnet\sdk\9.0.308\Sdks\Microsoft.NET.Sdk\targets\Microsoft.NET.Sdk.targets(1184,5): message :     ”)
       C:\Program Files\dotnet\sdk\9.0.308\Sdks\Microsoft.SourceLink.GitLab\build\Microsoft.SourceLink.GitLab.targets(12,5): message : 在 C:\Program Files\dotnet\sdk\9.0.308\Sdks\Microsoft.SourceLink.GitLab\build\Microsoft.SourceLink.GitLab.targets (12,5) 处重新分配属性: $(SourceLinkUrlInitializerTargets)=“;_InitializeGitHubSourceLinkUrl;_InitializeGitLabSourceLinkUrl”(先前值:“;_InitializeGitHubSourceLinkUrl”)
       C:\Program Files\dotnet\sdk\9.0.308\Sdks\Microsoft.SourceLink.GitLab\build\Microsoft.SourceLink.GitLab.targets(13,5): message : 在 C:\Program Files\dotnet\sdk\9.0.308\Sdks\Microsoft.SourceLink.GitLab\build\Microsoft.SourceLink.GitLab.targets (13,5) 处重新分配属性: $(SourceControlManagerUrlTranslationTargets)=“;TranslateGitHubUrlsInSourceControlInformation;TranslateGitLabUrlsInSourceControlInformation”(先前值:“;TranslateGitHubUrlsInSourceControlInformation”)
       C:\Program Files\dotnet\sdk\9.0.308\Sdks\Microsoft.SourceLink.AzureRepos.Git\build\Microsoft.SourceLink.AzureRepos.Git.targets(12,5): message : 在 C:\Program Files\dotnet\sdk\9.0.308\Sdks\Microsoft.SourceLink.AzureRepos.Git\build\Microsoft.SourceLink.AzureRepos.Git.targets (12,5) 处重新分配属性: $(SourceLinkUrlInitializerTargets)=“;_InitializeGitHubSourceLinkUrl;_InitializeGitLabSourceLinkUrl;_InitializeAzureReposGitSourceLinkUrl”(先前值:“;_InitializeGitHubSourceLinkUrl;_InitializeGitLabSourceLinkUrl”)
       C:\Program Files\dotnet\sdk\9.0.308\Sdks\Microsoft.SourceLink.AzureRepos.Git\build\Microsoft.SourceLink.AzureRepos.Git.targets(13,5): message : 在 C:\Program Files\dotnet\sdk\9.0.308\Sdks\Microsoft.SourceLink.AzureRepos.Git\build\Microsoft.SourceLink.AzureRepos.Git.targets (13,5) 处重新分配属性: $(SourceControlManagerUrlTranslationTargets)=“;TranslateGitHubUrlsInSourceControlInformation;TranslateGitLabUrlsInSourceControlInformation;TranslateAzureReposGitUrlsInSourceControlInformation”(先前值:“;TranslateGitHubUrlsInSourceControlInformation;TranslateGitLabUrlsInSourceControlInformation”)
       C:\Program Files\dotnet\sdk\9.0.308\Sdks\Microsoft.SourceLink.Bitbucket.Git\build\Microsoft.SourceLink.Bitbucket.Git.targets(12,5): message : 在 C:\Program Files\dotnet\sdk\9.0.308\Sdks\Microsoft.SourceLink.Bitbucket.Git\build\Microsoft.SourceLink.Bitbucket.Git.targets (12,5) 处重新分配属性: $(SourceLinkUrlInitializerTargets)=“;_InitializeGitHubSourceLinkUrl;_InitializeGitLabSourceLinkUrl;_InitializeAzureReposGitSourceLinkUrl;_InitializeBitbucketGitSourceLinkUrl”(先前值:“;_InitializeGitHubSourceLinkUrl;_InitializeGitLabSourceLinkUrl;_InitializeAzureReposGitSourceLinkUrl”)
       C:\Program Files\dotnet\sdk\9.0.308\Sdks\Microsoft.SourceLink.Bitbucket.Git\build\Microsoft.SourceLink.Bitbucket.Git.targets(13,5): message : 在 C:\Program Files\dotnet\sdk\9.0.308\Sdks\Microsoft.SourceLink.Bitbucket.Git\build\Microsoft.SourceLink.Bitbucket.Git.targets (13,5) 处重新分配属性: $(SourceControlManagerUrlTranslationTargets)=“;TranslateGitHubUrlsInSourceControlInformation;TranslateGitLabUrlsInSourceControlInformation;TranslateAzureReposGitUrlsInSourceControlInformation;TranslateBitbucketGitUrlsInSourceControlInformation”(先前值:“;TranslateGitHubUrlsInSourceControlInformation;TranslateGitLabUrlsInSourceControlInformation;TranslateAzureReposGitUrlsInSourceControlInformation”)
       C:\Program Files\dotnet\sdk\9.0.308\Sdks\Microsoft.NET.Sdk\targets\Microsoft.NET.DesignerSupport.targets(21,5): message : 在 C:\Program Files\dotnet\sdk\9.0.308\Sdks\Microsoft.NET.Sdk\targets\Microsoft.NET.DesignerSupport.targets (21,5) 处重新分配属性: $(DesignerRuntimeImplementationProjectOutputGroupDependsOn)=“
       C:\Program Files\dotnet\sdk\9.0.308\Sdks\Microsoft.NET.Sdk\targets\Microsoft.NET.DesignerSupport.targets(21,5): message :       
       C:\Program Files\dotnet\sdk\9.0.308\Sdks\Microsoft.NET.Sdk\targets\Microsoft.NET.DesignerSupport.targets(21,5): message :       ;
       C:\Program Files\dotnet\sdk\9.0.308\Sdks\Microsoft.NET.Sdk\targets\Microsoft.NET.DesignerSupport.targets(21,5): message :       
       C:\Program Files\dotnet\sdk\9.0.308\Sdks\Microsoft.NET.Sdk\targets\Microsoft.NET.DesignerSupport.targets(21,5): message :       ;
       C:\Program Files\dotnet\sdk\9.0.308\Sdks\Microsoft.NET.Sdk\targets\Microsoft.NET.DesignerSupport.targets(21,5): message :       BuildOnlySettings;
       C:\Program Files\dotnet\sdk\9.0.308\Sdks\Microsoft.NET.Sdk\targets\Microsoft.NET.DesignerSupport.targets(21,5): message :       PrepareForBuild;
       C:\Program Files\dotnet\sdk\9.0.308\Sdks\Microsoft.NET.Sdk\targets\Microsoft.NET.DesignerSupport.targets(21,5): message :       AssignTargetPaths;
       C:\Program Files\dotnet\sdk\9.0.308\Sdks\Microsoft.NET.Sdk\targets\Microsoft.NET.DesignerSupport.targets(21,5): message :       ResolveReferences
       C:\Program Files\dotnet\sdk\9.0.308\Sdks\Microsoft.NET.Sdk\targets\Microsoft.NET.DesignerSupport.targets(21,5): message :     
       C:\Program Files\dotnet\sdk\9.0.308\Sdks\Microsoft.NET.Sdk\targets\Microsoft.NET.DesignerSupport.targets(21,5): message :     ;
       C:\Program Files\dotnet\sdk\9.0.308\Sdks\Microsoft.NET.Sdk\targets\Microsoft.NET.DesignerSupport.targets(21,5): message :       _GenerateDesignerDepsFile;
       C:\Program Files\dotnet\sdk\9.0.308\Sdks\Microsoft.NET.Sdk\targets\Microsoft.NET.DesignerSupport.targets(21,5): message :       _GenerateDesignerRuntimeConfigFile;
       C:\Program Files\dotnet\sdk\9.0.308\Sdks\Microsoft.NET.Sdk\targets\Microsoft.NET.DesignerSupport.targets(21,5): message :       GetCopyToOutputDirectoryItems;
       C:\Program Files\dotnet\sdk\9.0.308\Sdks\Microsoft.NET.Sdk\targets\Microsoft.NET.DesignerSupport.targets(21,5): message :       _GatherDesignerShadowCopyFiles;
       C:\Program Files\dotnet\sdk\9.0.308\Sdks\Microsoft.NET.Sdk\targets\Microsoft.NET.DesignerSupport.targets(21,5): message :     ”(先前值:“
       C:\Program Files\dotnet\sdk\9.0.308\Sdks\Microsoft.NET.Sdk\targets\Microsoft.NET.DesignerSupport.targets(21,5): message :       ;
       C:\Program Files\dotnet\sdk\9.0.308\Sdks\Microsoft.NET.Sdk\targets\Microsoft.NET.DesignerSupport.targets(21,5): message :       
       C:\Program Files\dotnet\sdk\9.0.308\Sdks\Microsoft.NET.Sdk\targets\Microsoft.NET.DesignerSupport.targets(21,5): message :       ;
       C:\Program Files\dotnet\sdk\9.0.308\Sdks\Microsoft.NET.Sdk\targets\Microsoft.NET.DesignerSupport.targets(21,5): message :       BuildOnlySettings;
       C:\Program Files\dotnet\sdk\9.0.308\Sdks\Microsoft.NET.Sdk\targets\Microsoft.NET.DesignerSupport.targets(21,5): message :       PrepareForBuild;
       C:\Program Files\dotnet\sdk\9.0.308\Sdks\Microsoft.NET.Sdk\targets\Microsoft.NET.DesignerSupport.targets(21,5): message :       AssignTargetPaths;
       C:\Program Files\dotnet\sdk\9.0.308\Sdks\Microsoft.NET.Sdk\targets\Microsoft.NET.DesignerSupport.targets(21,5): message :       ResolveReferences
       C:\Program Files\dotnet\sdk\9.0.308\Sdks\Microsoft.NET.Sdk\targets\Microsoft.NET.DesignerSupport.targets(21,5): message :     
       C:\Program Files\dotnet\sdk\9.0.308\Sdks\Microsoft.NET.Sdk\targets\Microsoft.NET.DesignerSupport.targets(21,5): message :     ”)
       C:\Program Files\dotnet\sdk\9.0.308\Sdks\Microsoft.NET.Sdk\targets\Microsoft.NET.PackTool.targets(68,5): message : 在 C:\Program Files\dotnet\sdk\9.0.308\Sdks\Microsoft.NET.Sdk\targets\Microsoft.NET.PackTool.targets (68,5) 处重新分配属性: $(_GenerateToolsSettingsFileCacheFile)=“d:\MyProject\FrontCRM(C#)\tests\CRM.TestCommon\obj\Debug\net9.0\CRM.TestCommon.toolssettingsinput.cache”(先前值:“obj\Debug\net9.0\CRM.TestCommon.toolssettingsinput.cache”)
       C:\Program Files\dotnet\sdk\9.0.308\Sdks\Microsoft.NET.Sdk\targets\Microsoft.NET.PackTool.targets(137,5): message : 在 C:\Program Files\dotnet\sdk\9.0.308\Sdks\Microsoft.NET.Sdk\targets\Microsoft.NET.PackTool.targets (137,5) 处重新分配属性: $(_ShimInputCacheFile)=“d:\MyProject\FrontCRM(C#)\tests\CRM.TestCommon\obj\Debug\net9.0\CRM.TestCommon.shiminput.cache”(先前值:“obj\Debug\net9.0\CRM.TestCommon.shiminput.cache”)
       C:\Program Files\dotnet\sdk\9.0.308\Sdks\Microsoft.NET.Sdk\targets\Microsoft.NET.PackTool.targets(139,5): message : 在 C:\Program Files\dotnet\sdk\9.0.308\Sdks\Microsoft.NET.Sdk\targets\Microsoft.NET.PackTool.targets (139,5) 处重新分配属性: $(_ShimCreatedSentinelFile)=“d:\MyProject\FrontCRM(C#)\tests\CRM.TestCommon\obj\Debug\net9.0\CRM.TestCommon.shimcreated.sentinel”(先前值:“obj\Debug\net9.0\CRM.TestCommon.shimcreated.sentinel”)
       C:\Program Files\dotnet\sdk\9.0.308\Sdks\Microsoft.NET.Sdk\targets\Microsoft.NET.Sdk.CSharp.targets(31,5): message : 在 C:\Program Files\dotnet\sdk\9.0.308\Sdks\Microsoft.NET.Sdk\targets\Microsoft.NET.Sdk.CSharp.targets (31,5) 处重新分配属性: $(DefineConstants)=“TRACE;DEBUG”(先前值:“TRACE”)
       C:\Program Files\dotnet\sdk\9.0.308\Sdks\Microsoft.NET.Sdk\targets\Microsoft.NET.Sdk.CSharp.targets(34,5): message : 在 C:\Program Files\dotnet\sdk\9.0.308\Sdks\Microsoft.NET.Sdk\targets\Microsoft.NET.Sdk.CSharp.targets (34,5) 处重新分配属性: $(DefineConstants)=“TRACE;DEBUG;NET;NET9_0;NETCOREAPP”(先前值:“TRACE;DEBUG”)
       C:\Program Files\dotnet\sdk\9.0.308\Sdks\Microsoft.NET.Sdk\targets\Microsoft.NET.Sdk.CSharp.targets(48,5): message : 在 C:\Program Files\dotnet\sdk\9.0.308\Sdks\Microsoft.NET.Sdk\targets\Microsoft.NET.Sdk.CSharp.targets (48,5) 处重新分配属性: $(WarningsAsErrors)=“;NU1605;SYSLIB0011”(先前值:“;NU1605”)
       C:\Program Files\dotnet\sdk\9.0.308\Sdks\NuGet.Build.Tasks.Pack\build\NuGet.Build.Tasks.Pack.targets(34,5): message : 在 C:\Program Files\dotnet\sdk\9.0.308\Sdks\NuGet.Build.Tasks.Pack\build\NuGet.Build.Tasks.Pack.targets (34,5) 处重新分配属性: $(PackageDescription)=“Package Description”(先前值:“”)
       C:\Program Files\dotnet\sdk\9.0.308\Sdks\NuGet.Build.Tasks.Pack\build\NuGet.Build.Tasks.Pack.targets(59,5): message : 在 C:\Program Files\dotnet\sdk\9.0.308\Sdks\NuGet.Build.Tasks.Pack\build\NuGet.Build.Tasks.Pack.targets (59,5) 处重新分配属性: $(GenerateNuspecDependsOn)=“Build;_LoadPackInputItems; _GetTargetFrameworksOutput; _WalkEachTargetPerFramework; _GetPackageFiles; ”(先前值:“_LoadPackInputItems; _GetTargetFrameworksOutput; _WalkEachTargetPerFramework; _GetPackageFiles; ”)
       C:\Program Files\dotnet\sdk\9.0.308\Sdks\Microsoft.NET.Sdk\Sdk\Sdk.targets(60,5): message : 在 C:\Program Files\dotnet\sdk\9.0.308\Sdks\Microsoft.NET.Sdk\Sdk\Sdk.targets (60,5) 处重新分配属性: $(_IsNotSetContainersTargetsDir)=“true”(先前值:“false”)
       C:\Program Files\dotnet\sdk\9.0.308\Containers\build\Microsoft.NET.Build.Containers.targets(5,5): message : 在 C:\Program Files\dotnet\sdk\9.0.308\Containers\build\Microsoft.NET.Build.Containers.targets (5,5) 处重新分配属性: $(_IsSDKContainerAllowedVersion)=“true”(先前值:“false”)
       C:\Program Files\dotnet\sdk\9.0.308\Containers\build\Microsoft.NET.Build.Containers.targets(15,5): message : 在 C:\Program Files\dotnet\sdk\9.0.308\Containers\build\Microsoft.NET.Build.Containers.targets (15,5) 处重新分配属性: $(_ContainerIsTargetingNet8TFM)=“true”(先前值:“false”)
       在 Evaluation 期间加载的程序集: System.Numerics.Vectors, Version=9.0.0.0, Culture=neutral, PublicKeyToken=b03f5f7f11d50a3a (位置: C:\Program Files\dotnet\shared\Microsoft.NETCore.App\9.0.11\System.Numerics.Vectors.dll，MVID: 120660e3-ff78-4e4f-91c0-260b0a60cb3c，AssemblyLoadContext: Default)
       正在使用项目“C:\Program Files\dotnet\sdk\9.0.308\Sdks\Microsoft.NET.Sdk\targets\Microsoft.NET.Sdk.FrameworkReferenceResolution.targets”中的目标“ResolveFrameworkReferences”重写项目“C:\Program Files\dotnet\sdk\9.0.308\Microsoft.Common.CurrentVersion.targets”中的目标“ResolveFrameworkReferences”。
       正在使用项目“C:\Program Files\dotnet\sdk\9.0.308\Sdks\Microsoft.NET.Sdk\targets\Microsoft.NET.Sdk.targets”中的目标“Run”重写项目“C:\Program Files\dotnet\sdk\9.0.308\Microsoft.Common.CurrentVersion.targets”中的目标“Run”。
       正在使用项目“C:\Program Files\dotnet\sdk\9.0.308\Sdks\Microsoft.NET.Sdk\targets\Microsoft.NET.Sdk.targets”中的目标“GenerateSupportedTargetFrameworkAlias”重写项目“C:\Program Files\dotnet\sdk\9.0.308\Microsoft.Common.CurrentVersion.targets”中的目标“GenerateSupportedTargetFrameworkAlias”。
       正在使用项目“C:\Program Files\dotnet\sdk\9.0.308\Sdks\Microsoft.NET.Sdk\targets\Microsoft.NET.DisableStandardFrameworkResolution.targets”中的目标“GetReferenceAssemblyPaths”重写项目“C:\Program Files\dotnet\sdk\9.0.308\Microsoft.Common.CurrentVersion.targets”中的目标“GetReferenceAssemblyPaths”。
       正在使用项目“C:\Program Files\dotnet\sdk\9.0.308\Sdks\Microsoft.NET.Sdk\targets\Microsoft.NET.DisableStandardFrameworkResolution.targets”中的目标“GetFrameworkPaths”重写项目“C:\Program Files\dotnet\sdk\9.0.308\Microsoft.Common.CurrentVersion.targets”中的目标“GetFrameworkPaths”。
       正在使用项目“C:\Program Files\dotnet\sdk\9.0.308\Sdks\Microsoft.NET.Sdk\targets\Microsoft.NET.DesignerSupport.targets”中的目标“DesignerRuntimeImplementationProjectOutputGroup”重写项目“C:\Program Files\dotnet\sdk\9.0.308\Microsoft.Common.CurrentVersion.targets”中的目标“DesignerRuntimeImplementationProjectOutputGroup”。
       正在使用项目“C:\Program Files\dotnet\sdk\9.0.308\Sdks\Microsoft.NET.Sdk\targets\Microsoft.NET.Publish.targets”中的目标“Publish”重写项目“C:\Program Files\dotnet\sdk\9.0.308\Microsoft.Common.CurrentVersion.targets”中的目标“Publish”。
       正在使用项目“C:\Program Files\dotnet\sdk\9.0.308\Sdks\Microsoft.NET.Sdk\targets\Microsoft.NET.Publish.targets”中的目标“ResolveReadyToRunCompilers”重写项目“C:\Program Files\dotnet\sdk\9.0.308\Sdks\Microsoft.NET.Sdk\targets\Microsoft.NET.CrossGen.targets”中的目标“ResolveReadyToRunCompilers”。
       正在使用项目“C:\Program Files\dotnet\sdk\9.0.308\Sdks\Microsoft.NET.Sdk\targets\Microsoft.NET.Publish.targets”中的目标“GetCopyToPublishDirectoryItems”重写项目“C:\Program Files\dotnet\sdk\9.0.308\Microsoft.Common.CurrentVersion.targets”中的目标“GetCopyToPublishDirectoryItems”。
   1:3>项目“d:\MyProject\FrontCRM(C#)\tests\CRM.Core.Tests\CRM.Core.Tests.csproj”(1:3)正在节点 2 上生成“d:\MyProject\FrontCRM(C#)\tests\CRM.TestCommon\CRM.TestCommon.csproj”(3) (_GenerateRestoreProjectPathWalk 个目标)。
     3>由于条件的计算结果为 false，已跳过目标“_GenerateRestoreProjectPathItemsAllFrameworks”；( '$(TargetFrameworks)' != '' )的计算结果为( '' != '' )。
     3>来自项目“d:\MyProject\FrontCRM(C#)\tests\CRM.TestCommon\CRM.TestCommon.csproj”的文件“C:\Program Files\dotnet\sdk\9.0.308\NuGet.targets”中的目标“_GenerateRestoreProjectPathItemsPerFramework”(目标“_GenerateRestoreProjectPathItemsCurrentProject”依赖于它):
       正在使用程序集“Microsoft.Build.Tasks.Core, Version=15.1.0.0, Culture=neutral, PublicKeyToken=b03f5f7f11d50a3a”中的“ConvertToAbsolutePath”任务。
       任务“ConvertToAbsolutePath”
       已完成执行任务“ConvertToAbsolutePath”的操作。
     3>已完成在项目“CRM.TestCommon.csproj”中生成目标“_GenerateRestoreProjectPathItemsPerFramework”的操作。
     3>来自项目“d:\MyProject\FrontCRM(C#)\tests\CRM.TestCommon\CRM.TestCommon.csproj”的文件“C:\Program Files\dotnet\sdk\9.0.308\NuGet.targets”中的目标“_GenerateRestoreProjectPathItemsCurrentProject”(目标“_GenerateRestoreProjectPathItems”依赖于它):
     3>已完成在项目“CRM.TestCommon.csproj”中生成目标“_GenerateRestoreProjectPathItemsCurrentProject”的操作。
     3>来自项目“d:\MyProject\FrontCRM(C#)\tests\CRM.TestCommon\CRM.TestCommon.csproj”的文件“C:\Program Files\dotnet\sdk\9.0.308\NuGet.targets”中的目标“_GenerateRestoreProjectPathItems”(目标“_GenerateRestoreProjectPathWalk”依赖于它):
       正在使用程序集“Microsoft.Build.Tasks.Core, Version=15.1.0.0, Culture=neutral, PublicKeyToken=b03f5f7f11d50a3a”中的“RemoveDuplicates”任务。
       任务“RemoveDuplicates”
       已完成执行任务“RemoveDuplicates”的操作。
     3>已完成在项目“CRM.TestCommon.csproj”中生成目标“_GenerateRestoreProjectPathItems”的操作。
     3>来自项目“d:\MyProject\FrontCRM(C#)\tests\CRM.TestCommon\CRM.TestCommon.csproj”的文件“C:\Program Files\dotnet\sdk\9.0.308\NuGet.targets”中的目标“_GenerateRestoreProjectPathWalk”(入口点):
       正在使用程序集“Microsoft.Build.Tasks.Core, Version=15.1.0.0, Culture=neutral, PublicKeyToken=b03f5f7f11d50a3a”中的“MSBuild”任务。
       任务“MSBuild”
       已完成执行任务“MSBuild”的操作。
       由于 false 条件，已跳过任务“MSBuild”；( '$(RestoreUseSkipNonexistentTargets)' != 'true' )计算为( 'true' != 'true' )。
       任务“RemoveDuplicates”
       已完成执行任务“RemoveDuplicates”的操作。
     3>已完成在项目“CRM.TestCommon.csproj”中生成目标“_GenerateRestoreProjectPathWalk”的操作。
     3>已完成生成项目“d:\MyProject\FrontCRM(C#)\tests\CRM.TestCommon\CRM.TestCommon.csproj”(_GenerateRestoreProjectPathWalk 个目标)的操作。
   1:3>已完成执行任务“MSBuild”的操作。
       由于 false 条件，已跳过任务“MSBuild”；( '$(RestoreUseSkipNonexistentTargets)' != 'true' )计算为( 'true' != 'true' )。
       任务“RemoveDuplicates”
       已完成执行任务“RemoveDuplicates”的操作。
   1:3>已完成在项目“CRM.Core.Tests.csproj”中生成目标“_GenerateRestoreProjectPathWalk”的操作。
   1:3>已完成生成项目“d:\MyProject\FrontCRM(C#)\tests\CRM.Core.Tests\CRM.Core.Tests.csproj”(_GenerateRestoreProjectPathWalk 个目标)的操作。
     1>已完成执行任务“MSBuild”的操作。
       由于 false 条件，已跳过任务“MSBuild”；( '$(RestoreUseSkipNonexistentTargets)' != 'true' )计算为( 'true' != 'true' )。
       任务“RemoveDuplicates”
       已完成执行任务“RemoveDuplicates”的操作。
       任务“MSBuild”
         全局属性:
           ExcludeRestorePackageImports=true
     1>项目“d:\MyProject\FrontCRM(C#)\tests\CRM.Core.Tests\CRM.Core.Tests.csproj”(1)正在节点 1 上生成“d:\MyProject\FrontCRM(C#)\tests\CRM.Core.Tests\CRM.Core.Tests.csproj”(1:4) (_IsProjectRestoreSupported 个目标)。
   1:4>已跳过目标“_IsProjectRestoreSupported”。以前的生成已成功。
   1:4>已完成生成项目“d:\MyProject\FrontCRM(C#)\tests\CRM.Core.Tests\CRM.Core.Tests.csproj”(_IsProjectRestoreSupported 个目标)的操作。
     1>项目“d:\MyProject\FrontCRM(C#)\tests\CRM.Core.Tests\CRM.Core.Tests.csproj”(1)正在节点 1 上生成“d:\MyProject\FrontCRM(C#)\CRM.Core\CRM.Core.csproj”(2:2) (_IsProjectRestoreSupported 个目标)。
   2:2>来自项目“d:\MyProject\FrontCRM(C#)\CRM.Core\CRM.Core.csproj”的文件“C:\Program Files\dotnet\sdk\9.0.308\NuGet.targets”中的目标“_IsProjectRestoreSupported”(入口点):
   2:2>已完成在项目“CRM.Core.csproj”中生成目标“_IsProjectRestoreSupported”的操作。
   2:2>已完成生成项目“d:\MyProject\FrontCRM(C#)\CRM.Core\CRM.Core.csproj”(_IsProjectRestoreSupported 个目标)的操作。
     1>项目“d:\MyProject\FrontCRM(C#)\tests\CRM.Core.Tests\CRM.Core.Tests.csproj”(1)正在节点 2 上生成“d:\MyProject\FrontCRM(C#)\tests\CRM.TestCommon\CRM.TestCommon.csproj”(3:2) (_IsProjectRestoreSupported 个目标)。
   3:2>来自项目“d:\MyProject\FrontCRM(C#)\tests\CRM.TestCommon\CRM.TestCommon.csproj”的文件“C:\Program Files\dotnet\sdk\9.0.308\NuGet.targets”中的目标“_IsProjectRestoreSupported”(入口点):
   3:2>已完成在项目“CRM.TestCommon.csproj”中生成目标“_IsProjectRestoreSupported”的操作。
   3:2>已完成生成项目“d:\MyProject\FrontCRM(C#)\tests\CRM.TestCommon\CRM.TestCommon.csproj”(_IsProjectRestoreSupported 个目标)的操作。
     1>已完成执行任务“MSBuild”的操作。
       由于 false 条件，已跳过任务“MSBuild”；( '$(RestoreUseSkipNonexistentTargets)' != 'true' )计算为( 'true' != 'true' )。
     1>已完成在项目“CRM.Core.Tests.csproj”中生成目标“_GetAllRestoreProjectPathItems”的操作。
     1>来自项目“d:\MyProject\FrontCRM(C#)\tests\CRM.Core.Tests\CRM.Core.Tests.csproj”的文件“C:\Program Files\dotnet\sdk\9.0.308\NuGet.targets”中的目标“_GenerateRestoreGraph”(目标“Restore”依赖于它):
       正在使用程序集“Microsoft.Build.Tasks.Core, Version=15.1.0.0, Culture=neutral, PublicKeyToken=b03f5f7f11d50a3a”中的“Message”任务。
       任务“Message”
         Generating dg file
       已完成执行任务“Message”的操作。
       任务“Message”
         d:\MyProject\FrontCRM(C#)\CRM.Core\CRM.Core.csproj
       已完成执行任务“Message”的操作。
       任务“Message”
         d:\MyProject\FrontCRM(C#)\tests\CRM.TestCommon\CRM.TestCommon.csproj
       已完成执行任务“Message”的操作。
       任务“Message”
         d:\MyProject\FrontCRM(C#)\tests\CRM.Core.Tests\CRM.Core.Tests.csproj
       已完成执行任务“Message”的操作。
       任务“MSBuild”
         全局属性:
           ExcludeRestorePackageImports=true
     1>项目“d:\MyProject\FrontCRM(C#)\tests\CRM.Core.Tests\CRM.Core.Tests.csproj”(1)正在节点 1 上生成“d:\MyProject\FrontCRM(C#)\CRM.Core\CRM.Core.csproj”(2:3) (_GenerateRestoreGraphProjectEntry 个目标)。
   2:3>来自项目“d:\MyProject\FrontCRM(C#)\CRM.Core\CRM.Core.csproj”的文件“C:\Program Files\dotnet\sdk\9.0.308\NuGet.targets”中的目标“_GetProjectJsonPath”(目标“_GetRestoreProjectStyle”依赖于它):
   2:3>由于 false 条件，已跳过任务“GetRestoreProjectJsonPathTask”；( '$(RestoreProjectStyle)' == 'ProjectJson' OR '$(RestoreProjectStyle)' == '' )计算为( 'PackageReference' == 'ProjectJson' OR 'PackageReference' == '' )。
   2:3>已完成在项目“CRM.Core.csproj”中生成目标“_GetProjectJsonPath”的操作。
       由于条件的计算结果为 false，已跳过目标“_CheckForUnsupportedTargetPlatformIdentifier”；('$(TargetPlatformIdentifier)' != '' and '$(TargetFrameworkIdentifier)' == '.NETCoreApp' and $([MSBuild]::VersionGreaterThanOrEquals($(TargetFrameworkVersion), 5.0)) And ('$(DesignTimeBuild)' != 'true' Or '@(MissingWorkloadPack)' == ''))的计算结果为('' != '' and '.NETCoreApp' == '.NETCoreApp' and True And ('' != 'true' Or '' == ''))。
       由于条件的计算结果为 false，已跳过目标“_CheckForMissingWorkload”；('@(MissingWorkloadPack)' != '' And '$(DesignTimeBuild)' != 'true')的计算结果为('' != '' And '' != 'true')。
     1>项目“d:\MyProject\FrontCRM(C#)\tests\CRM.Core.Tests\CRM.Core.Tests.csproj”(1)正在节点 2 上生成“d:\MyProject\FrontCRM(C#)\tests\CRM.TestCommon\CRM.TestCommon.csproj”(3:3) (_GenerateRestoreGraphProjectEntry 个目标)。
   3:3>来自项目“d:\MyProject\FrontCRM(C#)\tests\CRM.TestCommon\CRM.TestCommon.csproj”的文件“C:\Program Files\dotnet\sdk\9.0.308\NuGet.targets”中的目标“_GetProjectJsonPath”(目标“_GetRestoreProjectStyle”依赖于它):
   3:3>由于 false 条件，已跳过任务“GetRestoreProjectJsonPathTask”；( '$(RestoreProjectStyle)' == 'ProjectJson' OR '$(RestoreProjectStyle)' == '' )计算为( 'PackageReference' == 'ProjectJson' OR 'PackageReference' == '' )。
   2:3>来自项目“d:\MyProject\FrontCRM(C#)\CRM.Core\CRM.Core.csproj”的文件“C:\Program Files\dotnet\sdk\9.0.308\Sdks\Microsoft.NET.Sdk\targets\Microsoft.NET.TargetFrameworkInference.targets”中的目标“_CheckForUnsupportedNETCoreVersion”(目标“CollectPackageReferences”依赖于它):
   2:3>由于 false 条件，已跳过任务“NETSdkError”；('$(_TargetFrameworkVersionWithoutV)' > '$(NETCoreAppMaximumVersion)' and '$(DisplayVSMessage)' != 'true')计算为('9.0' > '9.0' and '' != 'true')。
       由于 false 条件，已跳过任务“NETSdkError”；('$(DisplayVSMessage)' == 'true')计算为('' == 'true')。
   2:3>已完成在项目“CRM.Core.csproj”中生成目标“_CheckForUnsupportedNETCoreVersion”的操作。
   3:3>已完成在项目“CRM.TestCommon.csproj”中生成目标“_GetProjectJsonPath”的操作。
       由于条件的计算结果为 false，已跳过目标“_CheckForUnsupportedTargetPlatformIdentifier”；('$(TargetPlatformIdentifier)' != '' and '$(TargetFrameworkIdentifier)' == '.NETCoreApp' and $([MSBuild]::VersionGreaterThanOrEquals($(TargetFrameworkVersion), 5.0)) And ('$(DesignTimeBuild)' != 'true' Or '@(MissingWorkloadPack)' == ''))的计算结果为('' != '' and '.NETCoreApp' == '.NETCoreApp' and True And ('' != 'true' Or '' == ''))。
       由于条件的计算结果为 false，已跳过目标“_CheckForMissingWorkload”；('@(MissingWorkloadPack)' != '' And '$(DesignTimeBuild)' != 'true')的计算结果为('' != '' And '' != 'true')。
   3:3>来自项目“d:\MyProject\FrontCRM(C#)\tests\CRM.TestCommon\CRM.TestCommon.csproj”的文件“C:\Program Files\dotnet\sdk\9.0.308\Sdks\Microsoft.NET.Sdk\targets\Microsoft.NET.TargetFrameworkInference.targets”中的目标“_CheckForUnsupportedNETCoreVersion”(目标“CollectPackageReferences”依赖于它):
       由于 false 条件，已跳过任务“NETSdkError”；('$(_TargetFrameworkVersionWithoutV)' > '$(NETCoreAppMaximumVersion)' and '$(DisplayVSMessage)' != 'true')计算为('9.0' > '9.0' and '' != 'true')。
       由于 false 条件，已跳过任务“NETSdkError”；('$(DisplayVSMessage)' == 'true')计算为('' == 'true')。
   2:3>由于条件的计算结果为 false，已跳过目标“_CheckForEolTargetFrameworks”；('@(_EolNetCoreTargetFrameworkVersions->AnyHaveMetadataValue('Identity', '$(_TargetFrameworkVersionWithoutV)'))' and '$(TargetFrameworkIdentifier)' == '.NETCoreApp' and '$(CheckEolTargetFramework)' == 'true')的计算结果为('false' and '.NETCoreApp' == '.NETCoreApp' and '' == 'true')。
   3:3>已完成在项目“CRM.TestCommon.csproj”中生成目标“_CheckForUnsupportedNETCoreVersion”的操作。
   2:3>由于条件的计算结果为 false，已跳过目标“_CheckForEolWorkloads”；('@(EolWorkload)' != '' and '$(CheckEolWorkloads)' == 'true')的计算结果为('' != '' and 'true' == 'true')。
       由于条件的计算结果为 false，已跳过目标“_CheckForNotRecommendedNETStandardVersion”；('$(TargetFrameworkIdentifier)' == '.NETStandard' and $([MSBuild]::VersionLessThan($(TargetFrameworkVersion), '2.0')))的计算结果为('.NETCoreApp' == '.NETStandard' and False)。
   2:3>来自项目“d:\MyProject\FrontCRM(C#)\CRM.Core\CRM.Core.csproj”的文件“C:\Program Files\dotnet\sdk\9.0.308\Sdks\Microsoft.NET.Sdk\targets\Microsoft.NET.TargetFrameworkInference.targets”中的目标“_CheckForUnsupportedCppNETCoreVersion”(目标“CollectPackageReferences”依赖于它):
       由于 false 条件，已跳过任务“NETSdkError”；('$(TargetFrameworkIdentifier)' == '.NETCoreApp' and '$(_TargetFrameworkVersionWithoutV)' < '3.1' and ('$(Language)' == 'C++' and '$(_EnablePackageReferencesInVCProjects)' != 'true'))计算为('.NETCoreApp' == '.NETCoreApp' and '9.0' < '3.1' and ('C#' == 'C++' and '' != 'true'))。
   2:3>已完成在项目“CRM.Core.csproj”中生成目标“_CheckForUnsupportedCppNETCoreVersion”的操作。
       由于条件的计算结果为 false，已跳过目标“_CheckForUnsupportedNETStandardVersion”；('$(TargetFrameworkIdentifier)' == '.NETStandard' And '$(NETStandardMaximumVersion)' != '')的计算结果为('.NETCoreApp' == '.NETStandard' And '' != '')。
       由于条件的计算结果为 false，已跳过目标“_CheckForUnsupportedTargetFrameworkAndFeatureCombination”；('$(TargetFrameworkIdentifier)' == '.NETFramework')的计算结果为('.NETCoreApp' == '.NETFramework')。
       由于条件的计算结果为 false，已跳过目标“ApplyImplicitVersions”；('@(PackageReference)' != '')的计算结果为('' != '')。
       由于条件的计算结果为 false，已跳过目标“IncludeTargetingPackReference”；('$(TargetFrameworkMoniker)' != '' and '$(TargetFrameworkIdentifier)' == '.NETFramework' and '$(AutomaticallyUseReferenceAssemblyPackages)' == 'true')的计算结果为('.NETCoreApp,Version=v9.0' != '' and '.NETCoreApp' == '.NETFramework' and 'true' == 'true')。
   3:3>由于条件的计算结果为 false，已跳过目标“_CheckForEolTargetFrameworks”；('@(_EolNetCoreTargetFrameworkVersions->AnyHaveMetadataValue('Identity', '$(_TargetFrameworkVersionWithoutV)'))' and '$(TargetFrameworkIdentifier)' == '.NETCoreApp' and '$(CheckEolTargetFramework)' == 'true')的计算结果为('false' and '.NETCoreApp' == '.NETCoreApp' and '' == 'true')。
       由于条件的计算结果为 false，已跳过目标“_CheckForEolWorkloads”；('@(EolWorkload)' != '' and '$(CheckEolWorkloads)' == 'true')的计算结果为('' != '' and 'true' == 'true')。
       由于条件的计算结果为 false，已跳过目标“_CheckForNotRecommendedNETStandardVersion”；('$(TargetFrameworkIdentifier)' == '.NETStandard' and $([MSBuild]::VersionLessThan($(TargetFrameworkVersion), '2.0')))的计算结果为('.NETCoreApp' == '.NETStandard' and False)。
   3:3>来自项目“d:\MyProject\FrontCRM(C#)\tests\CRM.TestCommon\CRM.TestCommon.csproj”的文件“C:\Program Files\dotnet\sdk\9.0.308\Sdks\Microsoft.NET.Sdk\targets\Microsoft.NET.TargetFrameworkInference.targets”中的目标“_CheckForUnsupportedCppNETCoreVersion”(目标“CollectPackageReferences”依赖于它):
       由于 false 条件，已跳过任务“NETSdkError”；('$(TargetFrameworkIdentifier)' == '.NETCoreApp' and '$(_TargetFrameworkVersionWithoutV)' < '3.1' and ('$(Language)' == 'C++' and '$(_EnablePackageReferencesInVCProjects)' != 'true'))计算为('.NETCoreApp' == '.NETCoreApp' and '9.0' < '3.1' and ('C#' == 'C++' and '' != 'true'))。
   3:3>已完成在项目“CRM.TestCommon.csproj”中生成目标“_CheckForUnsupportedCppNETCoreVersion”的操作。
       由于条件的计算结果为 false，已跳过目标“_CheckForUnsupportedNETStandardVersion”；('$(TargetFrameworkIdentifier)' == '.NETStandard' And '$(NETStandardMaximumVersion)' != '')的计算结果为('.NETCoreApp' == '.NETStandard' And '' != '')。
       由于条件的计算结果为 false，已跳过目标“_CheckForUnsupportedTargetFrameworkAndFeatureCombination”；('$(TargetFrameworkIdentifier)' == '.NETFramework')的计算结果为('.NETCoreApp' == '.NETFramework')。
       由于条件的计算结果为 false，已跳过目标“ApplyImplicitVersions”；('@(PackageReference)' != '')的计算结果为('' != '')。
       由于条件的计算结果为 false，已跳过目标“IncludeTargetingPackReference”；('$(TargetFrameworkMoniker)' != '' and '$(TargetFrameworkIdentifier)' == '.NETFramework' and '$(AutomaticallyUseReferenceAssemblyPackages)' == 'true')的计算结果为('.NETCoreApp,Version=v9.0' != '' and '.NETCoreApp' == '.NETFramework' and 'true' == 'true')。
   2:3>来自项目“d:\MyProject\FrontCRM(C#)\CRM.Core\CRM.Core.csproj”的文件“C:\Program Files\dotnet\sdk\9.0.308\Sdks\Microsoft.NET.Sdk\targets\Microsoft.NET.Sdk.DefaultItems.Shared.targets”中的目标“CheckForImplicitPackageReferenceOverrides”(目标“CollectPackageReferences”依赖于它):
   2:3>正在使用程序集“C:\Program Files\dotnet\sdk\9.0.308\Sdks\Microsoft.NET.Sdk\targets\..\tools\net9.0\Microsoft.NET.Build.Tasks.dll”中的“CheckForImplicitPackageReferenceOverrides”任务。
       任务“CheckForImplicitPackageReferenceOverrides”
   3:3>来自项目“d:\MyProject\FrontCRM(C#)\tests\CRM.TestCommon\CRM.TestCommon.csproj”的文件“C:\Program Files\dotnet\sdk\9.0.308\Sdks\Microsoft.NET.Sdk\targets\Microsoft.NET.Sdk.DefaultItems.Shared.targets”中的目标“CheckForImplicitPackageReferenceOverrides”(目标“CollectPackageReferences”依赖于它):
   3:3>正在使用程序集“C:\Program Files\dotnet\sdk\9.0.308\Sdks\Microsoft.NET.Sdk\targets\..\tools\net9.0\Microsoft.NET.Build.Tasks.dll”中的“CheckForImplicitPackageReferenceOverrides”任务。
       任务“CheckForImplicitPackageReferenceOverrides”
   2:3>已完成执行任务“CheckForImplicitPackageReferenceOverrides”的操作。
   2:3>已完成在项目“CRM.Core.csproj”中生成目标“CheckForImplicitPackageReferenceOverrides”的操作。
   3:3>已完成执行任务“CheckForImplicitPackageReferenceOverrides”的操作。
   2:3>由于条件的计算结果为 false，已跳过目标“AddWindowsSdkKnownFrameworkReferences”；('$(TargetFrameworkIdentifier)' == '.NETCoreApp' And '$(TargetPlatformIdentifier)' == 'Windows'
                     And ('$(Language)' != 'C++' Or '$(IncludeWindowsSDKRefFrameworkReferences)' == 'true'))的计算结果为('.NETCoreApp' == '.NETCoreApp' And '' == 'Windows'
                     And ('C#' != 'C++' Or '' == 'true'))。
       由于条件的计算结果为 false，已跳过目标“_NormalizeTargetPlatformVersion”；('$(TargetPlatformVersion)' != '' and '$(TargetFrameworkIdentifier)' == '.NETCoreApp' and $([MSBuild]::VersionGreaterThanOrEquals($(TargetFrameworkVersion), 5.0)) and ('$(Language)' != 'C++' or '$(_EnablePackageReferencesInVCProjects)' == 'true'))的计算结果为('' != '' and '.NETCoreApp' == '.NETCoreApp' and True and ('C#' != 'C++' or '' == 'true'))。
   2:3>来自项目“d:\MyProject\FrontCRM(C#)\CRM.Core\CRM.Core.csproj”的文件“C:\Program Files\dotnet\sdk\9.0.308\Sdks\Microsoft.NET.Sdk\targets\Microsoft.NET.RuntimeIdentifierInference.targets”中的目标“_CheckForLanguageAndFeatureCombinationSupport”(目标“ProcessFrameworkReferences”依赖于它):
       由于 false 条件，已跳过任务“NETSdkError”；(('$(Language)' == 'C++' and '$(_EnablePackageReferencesInVCProjects)' != 'true') and $(OutputType) != 'library' and '$(TargetFrameworkIdentifier)' == '.NETCoreApp')计算为(('C#' == 'C++' and '' != 'true') and Library != 'library' and '.NETCoreApp' == '.NETCoreApp')。
       由于 false 条件，已跳过任务“NETSdkError”；(('$(Language)' == 'C++' and '$(_EnablePackageReferencesInVCProjects)' != 'true') and $(EnableComHosting) == 'true')计算为(('C#' == 'C++' and '' != 'true') and  == 'true')。
       由于 false 条件，已跳过任务“NETSdkError”；(('$(Language)' == 'C++' and '$(_EnablePackageReferencesInVCProjects)' != 'true') and $(SelfContained) == 'true')计算为(('C#' == 'C++' and '' != 'true') and  == 'true')。
   2:3>已完成在项目“CRM.Core.csproj”中生成目标“_CheckForLanguageAndFeatureCombinationSupport”的操作。
       由于条件的计算结果为 false，已跳过目标“ApplyImplicitVersions”；('@(PackageReference)' != '')的计算结果为('' != '')。
   3:3>已完成在项目“CRM.TestCommon.csproj”中生成目标“CheckForImplicitPackageReferenceOverrides”的操作。
       由于条件的计算结果为 false，已跳过目标“AddWindowsSdkKnownFrameworkReferences”；('$(TargetFrameworkIdentifier)' == '.NETCoreApp' And '$(TargetPlatformIdentifier)' == 'Windows'
                            And ('$(Language)' != 'C++' Or '$(IncludeWindowsSDKRefFrameworkReferences)' == 'true'))的计算结果为('.NETCoreApp' == '.NETCoreApp' And '' == 'Windows'
                            And ('C#' != 'C++' Or '' == 'true'))。
       由于条件的计算结果为 false，已跳过目标“_NormalizeTargetPlatformVersion”；('$(TargetPlatformVersion)' != '' and '$(TargetFrameworkIdentifier)' == '.NETCoreApp' and $([MSBuild]::VersionGreaterThanOrEquals($(TargetFrameworkVersion), 5.0)) and ('$(Language)' != 'C++' or '$(_EnablePackageReferencesInVCProjects)' == 'true'))的计算结果为('' != '' and '.NETCoreApp' == '.NETCoreApp' and True and ('C#' != 'C++' or '' == 'true'))。
   3:3>来自项目“d:\MyProject\FrontCRM(C#)\tests\CRM.TestCommon\CRM.TestCommon.csproj”的文件“C:\Program Files\dotnet\sdk\9.0.308\Sdks\Microsoft.NET.Sdk\targets\Microsoft.NET.RuntimeIdentifierInference.targets”中的目标“_CheckForLanguageAndFeatureCombinationSupport”(目标“ProcessFrameworkReferences”依赖于它):
       由于 false 条件，已跳过任务“NETSdkError”；(('$(Language)' == 'C++' and '$(_EnablePackageReferencesInVCProjects)' != 'true') and $(OutputType) != 'library' and '$(TargetFrameworkIdentifier)' == '.NETCoreApp')计算为(('C#' == 'C++' and '' != 'true') and Library != 'library' and '.NETCoreApp' == '.NETCoreApp')。
       由于 false 条件，已跳过任务“NETSdkError”；(('$(Language)' == 'C++' and '$(_EnablePackageReferencesInVCProjects)' != 'true') and $(EnableComHosting) == 'true')计算为(('C#' == 'C++' and '' != 'true') and  == 'true')。
       由于 false 条件，已跳过任务“NETSdkError”；(('$(Language)' == 'C++' and '$(_EnablePackageReferencesInVCProjects)' != 'true') and $(SelfContained) == 'true')计算为(('C#' == 'C++' and '' != 'true') and  == 'true')。
   3:3>已完成在项目“CRM.TestCommon.csproj”中生成目标“_CheckForLanguageAndFeatureCombinationSupport”的操作。
       由于条件的计算结果为 false，已跳过目标“ApplyImplicitVersions”；('@(PackageReference)' != '')的计算结果为('' != '')。
   2:3>来自项目“d:\MyProject\FrontCRM(C#)\CRM.Core\CRM.Core.csproj”的文件“C:\Program Files\dotnet\sdk\9.0.308\Sdks\Microsoft.NET.Sdk\targets\Microsoft.NET.Publish.targets”中的目标“_ComputeToolPackInputsToProcessFrameworkReferences”(目标“ProcessFrameworkReferences”依赖于它):
   2:3>已完成在项目“CRM.Core.csproj”中生成目标“_ComputeToolPackInputsToProcessFrameworkReferences”的操作。
   2:3>来自项目“d:\MyProject\FrontCRM(C#)\CRM.Core\CRM.Core.csproj”的文件“C:\Program Files\dotnet\sdk\9.0.308\Sdks\Microsoft.NET.Sdk\targets\Microsoft.NET.Sdk.FrameworkReferenceResolution.targets”中的目标“ProcessFrameworkReferences”(目标“CollectPackageReferences”依赖于它):
       正在使用程序集“C:\Program Files\dotnet\sdk\9.0.308\Sdks\Microsoft.NET.Sdk\targets\..\tools\net9.0\Microsoft.NET.Build.Tasks.dll”中的“CheckForDuplicateFrameworkReferences”任务。
       任务“CheckForDuplicateFrameworkReferences”
       已完成执行任务“CheckForDuplicateFrameworkReferences”的操作。
       正在使用程序集“C:\Program Files\dotnet\sdk\9.0.308\Sdks\Microsoft.NET.Sdk\targets\..\tools\net9.0\Microsoft.NET.Build.Tasks.dll”中的“ProcessFrameworkReferences”任务。
       任务“ProcessFrameworkReferences”
   3:3>来自项目“d:\MyProject\FrontCRM(C#)\tests\CRM.TestCommon\CRM.TestCommon.csproj”的文件“C:\Program Files\dotnet\sdk\9.0.308\Sdks\Microsoft.NET.Sdk\targets\Microsoft.NET.Publish.targets”中的目标“_ComputeToolPackInputsToProcessFrameworkReferences”(目标“ProcessFrameworkReferences”依赖于它):
   3:3>已完成在项目“CRM.TestCommon.csproj”中生成目标“_ComputeToolPackInputsToProcessFrameworkReferences”的操作。
   3:3>来自项目“d:\MyProject\FrontCRM(C#)\tests\CRM.TestCommon\CRM.TestCommon.csproj”的文件“C:\Program Files\dotnet\sdk\9.0.308\Sdks\Microsoft.NET.Sdk\targets\Microsoft.NET.Sdk.FrameworkReferenceResolution.targets”中的目标“ProcessFrameworkReferences”(目标“CollectPackageReferences”依赖于它):
       正在使用程序集“C:\Program Files\dotnet\sdk\9.0.308\Sdks\Microsoft.NET.Sdk\targets\..\tools\net9.0\Microsoft.NET.Build.Tasks.dll”中的“CheckForDuplicateFrameworkReferences”任务。
       任务“CheckForDuplicateFrameworkReferences”
       已完成执行任务“CheckForDuplicateFrameworkReferences”的操作。
       正在使用程序集“C:\Program Files\dotnet\sdk\9.0.308\Sdks\Microsoft.NET.Sdk\targets\..\tools\net9.0\Microsoft.NET.Build.Tasks.dll”中的“ProcessFrameworkReferences”任务。
       任务“ProcessFrameworkReferences”
   2:3>已完成执行任务“ProcessFrameworkReferences”的操作。
       正在使用程序集“C:\Program Files\dotnet\sdk\9.0.308\Sdks\Microsoft.NET.Sdk\targets\..\tools\net9.0\Microsoft.NET.Build.Tasks.dll”中的“ResolveAppHosts”任务。
       任务“ResolveAppHosts”
       已完成执行任务“ResolveAppHosts”的操作。
   2:3>已完成在项目“CRM.Core.csproj”中生成目标“ProcessFrameworkReferences”的操作。
       由于条件的计算结果为 false，已跳过目标“IncludeTargetingPackReference”；('$(TargetFrameworkMoniker)' != '' and '$(TargetFrameworkIdentifier)' == '.NETFramework' and '$(AutomaticallyUseReferenceAssemblyPackages)' == 'true')的计算结果为('.NETCoreApp,Version=v9.0' != '' and '.NETCoreApp' == '.NETFramework' and 'true' == 'true')。
       由于条件的计算结果为 false，已跳过目标“_CheckMicrosoftNetCompilersToolsetFrameworkPackageReference”；('$(MSBuildRuntimeType)' == 'Full')的计算结果为('Core' == 'Full')。
   2:3>来自项目“d:\MyProject\FrontCRM(C#)\CRM.Core\CRM.Core.csproj”的文件“C:\Program Files\dotnet\sdk\9.0.308\Sdks\Microsoft.NET.Sdk\targets\Microsoft.NET.ObsoleteReferences.targets”中的目标“_CheckForObsoleteDotNetCliToolReferences”(目标“CollectPackageReferences”依赖于它):
       由于 false 条件，已跳过任务“NETSdkWarning”；( '%(_ReferenceToObsoleteDotNetCliTool.Identity)' != '' )计算为( '' != '' )。
   2:3>已完成在项目“CRM.Core.csproj”中生成目标“_CheckForObsoleteDotNetCliToolReferences”的操作。
   2:3>来自项目“d:\MyProject\FrontCRM(C#)\CRM.Core\CRM.Core.csproj”的文件“C:\Program Files\dotnet\sdk\9.0.308\NuGet.targets”中的目标“CollectPackageReferences”(目标“_GetRestoreProjectStyle”依赖于它):
       正在使用程序集“C:\Program Files\dotnet\sdk\9.0.308\NuGet.Build.Tasks.dll”中的“CheckForDuplicateNuGetItemsTask”任务。
       任务“CheckForDuplicateNuGetItemsTask”
       已完成执行任务“CheckForDuplicateNuGetItemsTask”的操作。
   2:3>已完成在项目“CRM.Core.csproj”中生成目标“CollectPackageReferences”的操作。
   2:3>来自项目“d:\MyProject\FrontCRM(C#)\CRM.Core\CRM.Core.csproj”的文件“C:\Program Files\dotnet\sdk\9.0.308\NuGet.targets”中的目标“_GetRestoreProjectStyle”(目标“_GenerateRestoreSpecs”依赖于它):
       正在使用程序集“C:\Program Files\dotnet\sdk\9.0.308\NuGet.Build.Tasks.dll”中的“GetRestoreProjectStyleTask”任务。
       任务“GetRestoreProjectStyleTask”
       已完成执行任务“GetRestoreProjectStyleTask”的操作。
   2:3>已完成在项目“CRM.Core.csproj”中生成目标“_GetRestoreProjectStyle”的操作。
   2:3>来自项目“d:\MyProject\FrontCRM(C#)\CRM.Core\CRM.Core.csproj”的文件“C:\Program Files\dotnet\sdk\9.0.308\NuGet.targets”中的目标“_GenerateRestoreSpecs”(目标“_GenerateRestoreGraphProjectEntry”依赖于它):
       任务“Message”
         Restore entry point d:\MyProject\FrontCRM(C#)\CRM.Core\CRM.Core.csproj
       已完成执行任务“Message”的操作。
   2:3>已完成在项目“CRM.Core.csproj”中生成目标“_GenerateRestoreSpecs”的操作。
   2:3>来自项目“d:\MyProject\FrontCRM(C#)\CRM.Core\CRM.Core.csproj”的文件“C:\Program Files\dotnet\sdk\9.0.308\NuGet.targets”中的目标“_GetRestoreSettingsOverrides”(目标“_GetRestoreSettings”依赖于它):
       由于 false 条件，已跳过任务“MSBuild”；( '$(RestorePackagesPath)' != '' )计算为( '' != '' )。
       由于 false 条件，已跳过任务“MSBuild”；( '$(RestoreRepositoryPathOverride)' != '' )计算为( '' != '' )。
       由于 false 条件，已跳过任务“MSBuild”；( '$(RestoreSources)' != '' )计算为( '' != '' )。
       由于 false 条件，已跳过任务“MSBuild”；( '$(RestoreFallbackFolders)' != '' )计算为( '' != '' )。
   2:3>已完成在项目“CRM.Core.csproj”中生成目标“_GetRestoreSettingsOverrides”的操作。
   2:3>来自项目“d:\MyProject\FrontCRM(C#)\CRM.Core\CRM.Core.csproj”的文件“C:\Program Files\dotnet\sdk\9.0.308\NuGet.targets”中的目标“_GetRestoreSettingsPerFramework”(目标“_GetRestoreSettingsCurrentProject”依赖于它):
   2:3>已完成在项目“CRM.Core.csproj”中生成目标“_GetRestoreSettingsPerFramework”的操作。
   2:3>来自项目“d:\MyProject\FrontCRM(C#)\CRM.Core\CRM.Core.csproj”的文件“C:\Program Files\dotnet\sdk\9.0.308\NuGet.targets”中的目标“_GetRestoreSettingsCurrentProject”(目标“_GetRestoreSettings”依赖于它):
   2:3>已完成在项目“CRM.Core.csproj”中生成目标“_GetRestoreSettingsCurrentProject”的操作。
       由于条件的计算结果为 false，已跳过目标“_GetRestoreSettingsAllFrameworks”；( '$(TargetFrameworks)' != '' AND '$(PackageReferenceCompatibleProjectStyle)' == 'true' )的计算结果为( '' != '' AND 'True' == 'true' )。
   2:3>来自项目“d:\MyProject\FrontCRM(C#)\CRM.Core\CRM.Core.csproj”的文件“C:\Program Files\dotnet\sdk\9.0.308\NuGet.targets”中的目标“_GetRestoreSettings”(目标“_GenerateDotnetCliToolReferenceSpecs”依赖于它):
       正在使用程序集“C:\Program Files\dotnet\sdk\9.0.308\NuGet.Build.Tasks.dll”中的“GetRestoreSettingsTask”任务。
       任务“GetRestoreSettingsTask”
         在 TaskRun (NuGet.Build.Tasks.GetRestoreSettingsTask) 期间加载的程序集: NuGet.Configuration, Version=6.14.0.116, Culture=neutral, PublicKeyToken=31bf3856ad364e35 (位置: C:\Program Files\dotnet\sdk\9.0.308\NuGet.Configuration.dll，MVID: b0f2e3cc-b478-45a0-a863-e83c6e00406f，AssemblyLoadContext: MSBuild plugin C:\Program Files\dotnet\sdk\9.0.308\NuGet.Build.Tasks.dll)
   3:3>已完成执行任务“ProcessFrameworkReferences”的操作。
       正在使用程序集“C:\Program Files\dotnet\sdk\9.0.308\Sdks\Microsoft.NET.Sdk\targets\..\tools\net9.0\Microsoft.NET.Build.Tasks.dll”中的“ResolveAppHosts”任务。
       任务“ResolveAppHosts”
       已完成执行任务“ResolveAppHosts”的操作。
   3:3>已完成在项目“CRM.TestCommon.csproj”中生成目标“ProcessFrameworkReferences”的操作。
       由于条件的计算结果为 false，已跳过目标“IncludeTargetingPackReference”；('$(TargetFrameworkMoniker)' != '' and '$(TargetFrameworkIdentifier)' == '.NETFramework' and '$(AutomaticallyUseReferenceAssemblyPackages)' == 'true')的计算结果为('.NETCoreApp,Version=v9.0' != '' and '.NETCoreApp' == '.NETFramework' and 'true' == 'true')。
       由于条件的计算结果为 false，已跳过目标“_CheckMicrosoftNetCompilersToolsetFrameworkPackageReference”；('$(MSBuildRuntimeType)' == 'Full')的计算结果为('Core' == 'Full')。
   3:3>来自项目“d:\MyProject\FrontCRM(C#)\tests\CRM.TestCommon\CRM.TestCommon.csproj”的文件“C:\Program Files\dotnet\sdk\9.0.308\Sdks\Microsoft.NET.Sdk\targets\Microsoft.NET.ObsoleteReferences.targets”中的目标“_CheckForObsoleteDotNetCliToolReferences”(目标“CollectPackageReferences”依赖于它):
       由于 false 条件，已跳过任务“NETSdkWarning”；( '%(_ReferenceToObsoleteDotNetCliTool.Identity)' != '' )计算为( '' != '' )。
   3:3>已完成在项目“CRM.TestCommon.csproj”中生成目标“_CheckForObsoleteDotNetCliToolReferences”的操作。
   3:3>来自项目“d:\MyProject\FrontCRM(C#)\tests\CRM.TestCommon\CRM.TestCommon.csproj”的文件“C:\Program Files\dotnet\sdk\9.0.308\NuGet.targets”中的目标“CollectPackageReferences”(目标“_GetRestoreProjectStyle”依赖于它):
       在 TaskRun 期间加载的程序集: NuGet.Build.Tasks, Version=6.14.0.116, Culture=neutral, PublicKeyToken=31bf3856ad364e35 (位置: C:\Program Files\dotnet\sdk\9.0.308\NuGet.Build.Tasks.dll，MVID: c545d64d-0cbb-4fc0-971c-b5c1c1e75cf3，AssemblyLoadContext: MSBuild plugin C:\Program Files\dotnet\sdk\9.0.308\NuGet.Build.Tasks.dll)
       在 TaskRun 期间加载的程序集: NuGet.Common, Version=6.14.0.116, Culture=neutral, PublicKeyToken=31bf3856ad364e35 (位置: C:\Program Files\dotnet\sdk\9.0.308\NuGet.Common.dll，MVID: 0fbb79ae-e358-4591-bc91-e34371a3d05b，AssemblyLoadContext: MSBuild plugin C:\Program Files\dotnet\sdk\9.0.308\NuGet.Build.Tasks.dll)
       在 TaskRun 期间加载的程序集: NuGet.Commands, Version=6.14.0.116, Culture=neutral, PublicKeyToken=31bf3856ad364e35 (位置: C:\Program Files\dotnet\sdk\9.0.308\NuGet.Commands.dll，MVID: e743f127-1013-45a0-a669-058903e72acf，AssemblyLoadContext: MSBuild plugin C:\Program Files\dotnet\sdk\9.0.308\NuGet.Build.Tasks.dll)
       在 TaskRun 期间加载的程序集: NuGet.ProjectModel, Version=6.14.0.116, Culture=neutral, PublicKeyToken=31bf3856ad364e35 (位置: C:\Program Files\dotnet\sdk\9.0.308\NuGet.ProjectModel.dll，MVID: 08d0df58-191b-4580-9b46-c281ab5b9b36，AssemblyLoadContext: MSBuild plugin C:\Program Files\dotnet\sdk\9.0.308\NuGet.Build.Tasks.dll)
       正在使用程序集“C:\Program Files\dotnet\sdk\9.0.308\NuGet.Build.Tasks.dll”中的“CheckForDuplicateNuGetItemsTask”任务。
       任务“CheckForDuplicateNuGetItemsTask”
       已完成执行任务“CheckForDuplicateNuGetItemsTask”的操作。
   3:3>已完成在项目“CRM.TestCommon.csproj”中生成目标“CollectPackageReferences”的操作。
   3:3>来自项目“d:\MyProject\FrontCRM(C#)\tests\CRM.TestCommon\CRM.TestCommon.csproj”的文件“C:\Program Files\dotnet\sdk\9.0.308\NuGet.targets”中的目标“_GetRestoreProjectStyle”(目标“_GenerateRestoreSpecs”依赖于它):
       正在使用程序集“C:\Program Files\dotnet\sdk\9.0.308\NuGet.Build.Tasks.dll”中的“GetRestoreProjectStyleTask”任务。
       任务“GetRestoreProjectStyleTask”
   2:3>已完成执行任务“GetRestoreSettingsTask”的操作。
   2:3>已完成在项目“CRM.Core.csproj”中生成目标“_GetRestoreSettings”的操作。
   3:3>已完成执行任务“GetRestoreProjectStyleTask”的操作。
   3:3>已完成在项目“CRM.TestCommon.csproj”中生成目标“_GetRestoreProjectStyle”的操作。
   2:3>来自项目“d:\MyProject\FrontCRM(C#)\CRM.Core\CRM.Core.csproj”的文件“C:\Program Files\dotnet\sdk\9.0.308\NuGet.targets”中的目标“_GenerateDotnetCliToolReferenceSpecs”(目标“_GenerateRestoreGraphProjectEntry”依赖于它):
   2:3>正在使用程序集“C:\Program Files\dotnet\sdk\9.0.308\NuGet.Build.Tasks.dll”中的“GetRestoreDotnetCliToolsTask”任务。
       任务“GetRestoreDotnetCliToolsTask”
   3:3>来自项目“d:\MyProject\FrontCRM(C#)\tests\CRM.TestCommon\CRM.TestCommon.csproj”的文件“C:\Program Files\dotnet\sdk\9.0.308\NuGet.targets”中的目标“_GenerateRestoreSpecs”(目标“_GenerateRestoreGraphProjectEntry”依赖于它):
   3:3>正在使用程序集“Microsoft.Build.Tasks.Core, Version=15.1.0.0, Culture=neutral, PublicKeyToken=b03f5f7f11d50a3a”中的“Message”任务。
   2:3>已完成执行任务“GetRestoreDotnetCliToolsTask”的操作。
   2:3>已完成在项目“CRM.Core.csproj”中生成目标“_GenerateDotnetCliToolReferenceSpecs”的操作。
   2:3>来自项目“d:\MyProject\FrontCRM(C#)\CRM.Core\CRM.Core.csproj”的文件“C:\Program Files\dotnet\sdk\9.0.308\NuGet.targets”中的目标“_GenerateRestoreGraphProjectEntry”(入口点):
   2:3>已完成在项目“CRM.Core.csproj”中生成目标“_GenerateRestoreGraphProjectEntry”的操作。
   3:3>任务“Message”
   2:3>已完成生成项目“d:\MyProject\FrontCRM(C#)\CRM.Core\CRM.Core.csproj”(_GenerateRestoreGraphProjectEntry 个目标)的操作。
   3:3>_GenerateRestoreSpecs:
         Restore entry point d:\MyProject\FrontCRM(C#)\tests\CRM.TestCommon\CRM.TestCommon.csproj
       已完成执行任务“Message”的操作。
   3:3>已完成在项目“CRM.TestCommon.csproj”中生成目标“_GenerateRestoreSpecs”的操作。
   3:3>来自项目“d:\MyProject\FrontCRM(C#)\tests\CRM.TestCommon\CRM.TestCommon.csproj”的文件“C:\Program Files\dotnet\sdk\9.0.308\NuGet.targets”中的目标“_GetRestoreSettingsOverrides”(目标“_GetRestoreSettings”依赖于它):
       由于 false 条件，已跳过任务“MSBuild”；( '$(RestorePackagesPath)' != '' )计算为( '' != '' )。
       由于 false 条件，已跳过任务“MSBuild”；( '$(RestoreRepositoryPathOverride)' != '' )计算为( '' != '' )。
       由于 false 条件，已跳过任务“MSBuild”；( '$(RestoreSources)' != '' )计算为( '' != '' )。
       由于 false 条件，已跳过任务“MSBuild”；( '$(RestoreFallbackFolders)' != '' )计算为( '' != '' )。
   3:3>已完成在项目“CRM.TestCommon.csproj”中生成目标“_GetRestoreSettingsOverrides”的操作。
   3:3>来自项目“d:\MyProject\FrontCRM(C#)\tests\CRM.TestCommon\CRM.TestCommon.csproj”的文件“C:\Program Files\dotnet\sdk\9.0.308\NuGet.targets”中的目标“_GetRestoreSettingsPerFramework”(目标“_GetRestoreSettingsCurrentProject”依赖于它):
   3:3>已完成在项目“CRM.TestCommon.csproj”中生成目标“_GetRestoreSettingsPerFramework”的操作。
   3:3>来自项目“d:\MyProject\FrontCRM(C#)\tests\CRM.TestCommon\CRM.TestCommon.csproj”的文件“C:\Program Files\dotnet\sdk\9.0.308\NuGet.targets”中的目标“_GetRestoreSettingsCurrentProject”(目标“_GetRestoreSettings”依赖于它):
   3:3>已完成在项目“CRM.TestCommon.csproj”中生成目标“_GetRestoreSettingsCurrentProject”的操作。
     1>项目“d:\MyProject\FrontCRM(C#)\tests\CRM.Core.Tests\CRM.Core.Tests.csproj”(1)正在节点 1 上生成“d:\MyProject\FrontCRM(C#)\tests\CRM.Core.Tests\CRM.Core.Tests.csproj”(1:5) (_GenerateRestoreGraphProjectEntry 个目标)。
   1:5>来自项目“d:\MyProject\FrontCRM(C#)\tests\CRM.Core.Tests\CRM.Core.Tests.csproj”的文件“C:\Program Files\dotnet\sdk\9.0.308\NuGet.targets”中的目标“_GetProjectJsonPath”(目标“_GetRestoreProjectStyle”依赖于它):
   1:5>由于 false 条件，已跳过任务“GetRestoreProjectJsonPathTask”；( '$(RestoreProjectStyle)' == 'ProjectJson' OR '$(RestoreProjectStyle)' == '' )计算为( 'PackageReference' == 'ProjectJson' OR 'PackageReference' == '' )。
   1:5>已完成在项目“CRM.Core.Tests.csproj”中生成目标“_GetProjectJsonPath”的操作。
   3:3>由于条件的计算结果为 false，已跳过目标“_GetRestoreSettingsAllFrameworks”；( '$(TargetFrameworks)' != '' AND '$(PackageReferenceCompatibleProjectStyle)' == 'true' )的计算结果为( '' != '' AND 'True' == 'true' )。
   1:5>由于条件的计算结果为 false，已跳过目标“_CheckForUnsupportedTargetPlatformIdentifier”；('$(TargetPlatformIdentifier)' != '' and '$(TargetFrameworkIdentifier)' == '.NETCoreApp' and $([MSBuild]::VersionGreaterThanOrEquals($(TargetFrameworkVersion), 5.0)) And ('$(DesignTimeBuild)' != 'true' Or '@(MissingWorkloadPack)' == ''))的计算结果为('' != '' and '.NETCoreApp' == '.NETCoreApp' and True And ('' != 'true' Or '' == ''))。
       由于条件的计算结果为 false，已跳过目标“_CheckForMissingWorkload”；('@(MissingWorkloadPack)' != '' And '$(DesignTimeBuild)' != 'true')的计算结果为('' != '' And '' != 'true')。
   3:3>来自项目“d:\MyProject\FrontCRM(C#)\tests\CRM.TestCommon\CRM.TestCommon.csproj”的文件“C:\Program Files\dotnet\sdk\9.0.308\NuGet.targets”中的目标“_GetRestoreSettings”(目标“_GenerateDotnetCliToolReferenceSpecs”依赖于它):
   3:3>正在使用程序集“C:\Program Files\dotnet\sdk\9.0.308\NuGet.Build.Tasks.dll”中的“GetRestoreSettingsTask”任务。
       任务“GetRestoreSettingsTask”
   1:5>来自项目“d:\MyProject\FrontCRM(C#)\tests\CRM.Core.Tests\CRM.Core.Tests.csproj”的文件“C:\Program Files\dotnet\sdk\9.0.308\Sdks\Microsoft.NET.Sdk\targets\Microsoft.NET.TargetFrameworkInference.targets”中的目标“_CheckForUnsupportedNETCoreVersion”(目标“CollectPackageReferences”依赖于它):
   1:5>由于 false 条件，已跳过任务“NETSdkError”；('$(_TargetFrameworkVersionWithoutV)' > '$(NETCoreAppMaximumVersion)' and '$(DisplayVSMessage)' != 'true')计算为('9.0' > '9.0' and '' != 'true')。
       由于 false 条件，已跳过任务“NETSdkError”；('$(DisplayVSMessage)' == 'true')计算为('' == 'true')。
   1:5>已完成在项目“CRM.Core.Tests.csproj”中生成目标“_CheckForUnsupportedNETCoreVersion”的操作。
       由于条件的计算结果为 false，已跳过目标“_CheckForEolTargetFrameworks”；('@(_EolNetCoreTargetFrameworkVersions->AnyHaveMetadataValue('Identity', '$(_TargetFrameworkVersionWithoutV)'))' and '$(TargetFrameworkIdentifier)' == '.NETCoreApp' and '$(CheckEolTargetFramework)' == 'true')的计算结果为('false' and '.NETCoreApp' == '.NETCoreApp' and '' == 'true')。
       由于条件的计算结果为 false，已跳过目标“_CheckForEolWorkloads”；('@(EolWorkload)' != '' and '$(CheckEolWorkloads)' == 'true')的计算结果为('' != '' and 'true' == 'true')。
       由于条件的计算结果为 false，已跳过目标“_CheckForNotRecommendedNETStandardVersion”；('$(TargetFrameworkIdentifier)' == '.NETStandard' and $([MSBuild]::VersionLessThan($(TargetFrameworkVersion), '2.0')))的计算结果为('.NETCoreApp' == '.NETStandard' and False)。
   1:5>来自项目“d:\MyProject\FrontCRM(C#)\tests\CRM.Core.Tests\CRM.Core.Tests.csproj”的文件“C:\Program Files\dotnet\sdk\9.0.308\Sdks\Microsoft.NET.Sdk\targets\Microsoft.NET.TargetFrameworkInference.targets”中的目标“_CheckForUnsupportedCppNETCoreVersion”(目标“CollectPackageReferences”依赖于它):
       由于 false 条件，已跳过任务“NETSdkError”；('$(TargetFrameworkIdentifier)' == '.NETCoreApp' and '$(_TargetFrameworkVersionWithoutV)' < '3.1' and ('$(Language)' == 'C++' and '$(_EnablePackageReferencesInVCProjects)' != 'true'))计算为('.NETCoreApp' == '.NETCoreApp' and '9.0' < '3.1' and ('C#' == 'C++' and '' != 'true'))。
   1:5>已完成在项目“CRM.Core.Tests.csproj”中生成目标“_CheckForUnsupportedCppNETCoreVersion”的操作。
       由于条件的计算结果为 false，已跳过目标“_CheckForUnsupportedNETStandardVersion”；('$(TargetFrameworkIdentifier)' == '.NETStandard' And '$(NETStandardMaximumVersion)' != '')的计算结果为('.NETCoreApp' == '.NETStandard' And '' != '')。
       由于条件的计算结果为 false，已跳过目标“_CheckForUnsupportedTargetFrameworkAndFeatureCombination”；('$(TargetFrameworkIdentifier)' == '.NETFramework')的计算结果为('.NETCoreApp' == '.NETFramework')。
   3:3>_GetRestoreSettings:
         在 TaskRun (NuGet.Build.Tasks.GetRestoreSettingsTask) 期间加载的程序集: NuGet.Configuration, Version=6.14.0.116, Culture=neutral, PublicKeyToken=31bf3856ad364e35 (位置: C:\Program Files\dotnet\sdk\9.0.308\NuGet.Configuration.dll，MVID: b0f2e3cc-b478-45a0-a863-e83c6e00406f，AssemblyLoadContext: MSBuild plugin C:\Program Files\dotnet\sdk\9.0.308\NuGet.Build.Tasks.dll)
   1:5>来自项目“d:\MyProject\FrontCRM(C#)\tests\CRM.Core.Tests\CRM.Core.Tests.csproj”的文件“C:\Program Files\dotnet\sdk\9.0.308\Sdks\Microsoft.NET.Sdk\targets\Microsoft.NET.Sdk.DefaultItems.Shared.targets”中的目标“UpdateAspNetToFrameworkReference”(目标“ApplyImplicitVersions”依赖于它):
   1:5>正在使用程序集“C:\Program Files\dotnet\sdk\9.0.308\Sdks\Microsoft.NET.Sdk\targets\..\tools\net9.0\Microsoft.NET.Build.Tasks.dll”中的“CheckIfPackageReferenceShouldBeFrameworkReference”任务。
       任务“CheckIfPackageReferenceShouldBeFrameworkReference”
       已完成执行任务“CheckIfPackageReferenceShouldBeFrameworkReference”的操作。
       由于 false 条件，已跳过任务“NETSdkError”；('$(_ShouldRemoveAspNetCoreAll)' == 'true')计算为('False' == 'true')。
       任务“CheckIfPackageReferenceShouldBeFrameworkReference”
       已完成执行任务“CheckIfPackageReferenceShouldBeFrameworkReference”的操作。
       由于 false 条件，已跳过任务“NETSdkWarning”；('$(_ShouldRemoveAspNetCoreApp)' == 'true')计算为('False' == 'true')。
   1:5>已完成在项目“CRM.Core.Tests.csproj”中生成目标“UpdateAspNetToFrameworkReference”的操作。
   3:3>_GetRestoreSettings:
         在 TaskRun (NuGet.Build.Tasks.GetRestoreSettingsTask) 期间加载的程序集: System.Xml.XDocument, Version=9.0.0.0, Culture=neutral, PublicKeyToken=b03f5f7f11d50a3a (位置: C:\Program Files\dotnet\shared\Microsoft.NETCore.App\9.0.11\System.Xml.XDocument.dll，MVID: 8c59faa4-8d28-4e32-a8fb-a7fbd4d113ee，AssemblyLoadContext: Default)
   1:5>由于条件的计算结果为 false，已跳过目标“IncludeTargetingPackReference”；('$(TargetFrameworkMoniker)' != '' and '$(TargetFrameworkIdentifier)' == '.NETFramework' and '$(AutomaticallyUseReferenceAssemblyPackages)' == 'true')的计算结果为('.NETCoreApp,Version=v9.0' != '' and '.NETCoreApp' == '.NETFramework' and 'true' == 'true')。
   1:5>来自项目“d:\MyProject\FrontCRM(C#)\tests\CRM.Core.Tests\CRM.Core.Tests.csproj”的文件“C:\Program Files\dotnet\sdk\9.0.308\Sdks\Microsoft.NET.Sdk\targets\Microsoft.NET.Sdk.DefaultItems.Shared.targets”中的目标“CheckForImplicitPackageReferenceOverrides”(目标“ApplyImplicitVersions”依赖于它):
       正在使用程序集“C:\Program Files\dotnet\sdk\9.0.308\Sdks\Microsoft.NET.Sdk\targets\..\tools\net9.0\Microsoft.NET.Build.Tasks.dll”中的“CheckForImplicitPackageReferenceOverrides”任务。
       任务“CheckForImplicitPackageReferenceOverrides”
   3:3>_GetRestoreSettings:
         在 TaskRun (NuGet.Build.Tasks.GetRestoreSettingsTask) 期间加载的程序集: System.Private.Xml.Linq, Version=9.0.0.0, Culture=neutral, PublicKeyToken=cc7b13ffcd2ddd51 (位置: C:\Program Files\dotnet\shared\Microsoft.NETCore.App\9.0.11\System.Private.Xml.Linq.dll，MVID: 032320f8-0f54-4111-bfa6-c4dd06731f3e，AssemblyLoadContext: Default)
   1:5>已完成执行任务“CheckForImplicitPackageReferenceOverrides”的操作。
   1:5>已完成在项目“CRM.Core.Tests.csproj”中生成目标“CheckForImplicitPackageReferenceOverrides”的操作。
   1:5>来自项目“d:\MyProject\FrontCRM(C#)\tests\CRM.Core.Tests\CRM.Core.Tests.csproj”的文件“C:\Program Files\dotnet\sdk\9.0.308\Sdks\Microsoft.NET.Sdk\targets\Microsoft.NET.Sdk.DefaultItems.Shared.targets”中的目标“ApplyImplicitVersions”(目标“CollectPackageReferences”依赖于它):
       正在使用程序集“C:\Program Files\dotnet\sdk\9.0.308\Sdks\Microsoft.NET.Sdk\targets\..\tools\net9.0\Microsoft.NET.Build.Tasks.dll”中的“ApplyImplicitVersions”任务。
       任务“ApplyImplicitVersions”
       已完成执行任务“ApplyImplicitVersions”的操作。
   1:5>已完成在项目“CRM.Core.Tests.csproj”中生成目标“ApplyImplicitVersions”的操作。
       已跳过目标“CheckForImplicitPackageReferenceOverrides”。以前的生成已成功。
       由于条件的计算结果为 false，已跳过目标“AddWindowsSdkKnownFrameworkReferences”；('$(TargetFrameworkIdentifier)' == '.NETCoreApp' And '$(TargetPlatformIdentifier)' == 'Windows'
                            And ('$(Language)' != 'C++' Or '$(IncludeWindowsSDKRefFrameworkReferences)' == 'true'))的计算结果为('.NETCoreApp' == '.NETCoreApp' And '' == 'Windows'
                            And ('C#' != 'C++' Or '' == 'true'))。
       由于条件的计算结果为 false，已跳过目标“_NormalizeTargetPlatformVersion”；('$(TargetPlatformVersion)' != '' and '$(TargetFrameworkIdentifier)' == '.NETCoreApp' and $([MSBuild]::VersionGreaterThanOrEquals($(TargetFrameworkVersion), 5.0)) and ('$(Language)' != 'C++' or '$(_EnablePackageReferencesInVCProjects)' == 'true'))的计算结果为('' != '' and '.NETCoreApp' == '.NETCoreApp' and True and ('C#' != 'C++' or '' == 'true'))。
   1:5>来自项目“d:\MyProject\FrontCRM(C#)\tests\CRM.Core.Tests\CRM.Core.Tests.csproj”的文件“C:\Program Files\dotnet\sdk\9.0.308\Sdks\Microsoft.NET.Sdk\targets\Microsoft.NET.RuntimeIdentifierInference.targets”中的目标“_CheckForLanguageAndFeatureCombinationSupport”(目标“ProcessFrameworkReferences”依赖于它):
       由于 false 条件，已跳过任务“NETSdkError”；(('$(Language)' == 'C++' and '$(_EnablePackageReferencesInVCProjects)' != 'true') and $(OutputType) != 'library' and '$(TargetFrameworkIdentifier)' == '.NETCoreApp')计算为(('C#' == 'C++' and '' != 'true') and Library != 'library' and '.NETCoreApp' == '.NETCoreApp')。
       由于 false 条件，已跳过任务“NETSdkError”；(('$(Language)' == 'C++' and '$(_EnablePackageReferencesInVCProjects)' != 'true') and $(EnableComHosting) == 'true')计算为(('C#' == 'C++' and '' != 'true') and  == 'true')。
       由于 false 条件，已跳过任务“NETSdkError”；(('$(Language)' == 'C++' and '$(_EnablePackageReferencesInVCProjects)' != 'true') and $(SelfContained) == 'true')计算为(('C#' == 'C++' and '' != 'true') and  == 'true')。
   1:5>已完成在项目“CRM.Core.Tests.csproj”中生成目标“_CheckForLanguageAndFeatureCombinationSupport”的操作。
   1:5>来自项目“d:\MyProject\FrontCRM(C#)\tests\CRM.Core.Tests\CRM.Core.Tests.csproj”的文件“C:\Program Files\dotnet\sdk\9.0.308\Sdks\Microsoft.NET.Sdk\targets\Microsoft.NET.Publish.targets”中的目标“_ComputeToolPackInputsToProcessFrameworkReferences”(目标“ProcessFrameworkReferences”依赖于它):
   1:5>已完成在项目“CRM.Core.Tests.csproj”中生成目标“_ComputeToolPackInputsToProcessFrameworkReferences”的操作。
   3:3>_GetRestoreSettings:
         在 TaskRun (NuGet.Build.Tasks.GetRestoreSettingsTask) 期间加载的程序集: System.Security.Cryptography, Version=9.0.0.0, Culture=neutral, PublicKeyToken=b03f5f7f11d50a3a (位置: C:\Program Files\dotnet\shared\Microsoft.NETCore.App\9.0.11\System.Security.Cryptography.dll，MVID: b2296246-257b-48a2-9b8d-08b3d11a500c，AssemblyLoadContext: Default)
   1:5>来自项目“d:\MyProject\FrontCRM(C#)\tests\CRM.Core.Tests\CRM.Core.Tests.csproj”的文件“C:\Program Files\dotnet\sdk\9.0.308\Sdks\Microsoft.NET.Sdk\targets\Microsoft.NET.Sdk.FrameworkReferenceResolution.targets”中的目标“ProcessFrameworkReferences”(目标“CollectPackageReferences”依赖于它):
   1:5>正在使用程序集“C:\Program Files\dotnet\sdk\9.0.308\Sdks\Microsoft.NET.Sdk\targets\..\tools\net9.0\Microsoft.NET.Build.Tasks.dll”中的“CheckForDuplicateFrameworkReferences”任务。
       任务“CheckForDuplicateFrameworkReferences”
       已完成执行任务“CheckForDuplicateFrameworkReferences”的操作。
       正在使用程序集“C:\Program Files\dotnet\sdk\9.0.308\Sdks\Microsoft.NET.Sdk\targets\..\tools\net9.0\Microsoft.NET.Build.Tasks.dll”中的“ProcessFrameworkReferences”任务。
       任务“ProcessFrameworkReferences”
       已完成执行任务“ProcessFrameworkReferences”的操作。
       正在使用程序集“C:\Program Files\dotnet\sdk\9.0.308\Sdks\Microsoft.NET.Sdk\targets\..\tools\net9.0\Microsoft.NET.Build.Tasks.dll”中的“ResolveAppHosts”任务。
       任务“ResolveAppHosts”
       已完成执行任务“ResolveAppHosts”的操作。
   1:5>已完成在项目“CRM.Core.Tests.csproj”中生成目标“ProcessFrameworkReferences”的操作。
       由于条件的计算结果为 false，已跳过目标“IncludeTargetingPackReference”；('$(TargetFrameworkMoniker)' != '' and '$(TargetFrameworkIdentifier)' == '.NETFramework' and '$(AutomaticallyUseReferenceAssemblyPackages)' == 'true')的计算结果为('.NETCoreApp,Version=v9.0' != '' and '.NETCoreApp' == '.NETFramework' and 'true' == 'true')。
       由于条件的计算结果为 false，已跳过目标“_CheckMicrosoftNetCompilersToolsetFrameworkPackageReference”；('$(MSBuildRuntimeType)' == 'Full')的计算结果为('Core' == 'Full')。
   1:5>来自项目“d:\MyProject\FrontCRM(C#)\tests\CRM.Core.Tests\CRM.Core.Tests.csproj”的文件“C:\Program Files\dotnet\sdk\9.0.308\Sdks\Microsoft.NET.Sdk\targets\Microsoft.NET.ObsoleteReferences.targets”中的目标“_CheckForObsoleteDotNetCliToolReferences”(目标“CollectPackageReferences”依赖于它):
       由于 false 条件，已跳过任务“NETSdkWarning”；( '%(_ReferenceToObsoleteDotNetCliTool.Identity)' != '' )计算为( '' != '' )。
   1:5>已完成在项目“CRM.Core.Tests.csproj”中生成目标“_CheckForObsoleteDotNetCliToolReferences”的操作。
   1:5>来自项目“d:\MyProject\FrontCRM(C#)\tests\CRM.Core.Tests\CRM.Core.Tests.csproj”的文件“C:\Program Files\dotnet\sdk\9.0.308\NuGet.targets”中的目标“CollectPackageReferences”(目标“_GetRestoreProjectStyle”依赖于它):
       正在使用程序集“C:\Program Files\dotnet\sdk\9.0.308\NuGet.Build.Tasks.dll”中的“CheckForDuplicateNuGetItemsTask”任务。
       任务“CheckForDuplicateNuGetItemsTask”
       已完成执行任务“CheckForDuplicateNuGetItemsTask”的操作。
   1:5>已完成在项目“CRM.Core.Tests.csproj”中生成目标“CollectPackageReferences”的操作。
   1:5>来自项目“d:\MyProject\FrontCRM(C#)\tests\CRM.Core.Tests\CRM.Core.Tests.csproj”的文件“C:\Program Files\dotnet\sdk\9.0.308\NuGet.targets”中的目标“_GetRestoreProjectStyle”(目标“_GenerateRestoreSpecs”依赖于它):
       正在使用程序集“C:\Program Files\dotnet\sdk\9.0.308\NuGet.Build.Tasks.dll”中的“GetRestoreProjectStyleTask”任务。
       任务“GetRestoreProjectStyleTask”
       已完成执行任务“GetRestoreProjectStyleTask”的操作。
   1:5>已完成在项目“CRM.Core.Tests.csproj”中生成目标“_GetRestoreProjectStyle”的操作。
   1:5>来自项目“d:\MyProject\FrontCRM(C#)\tests\CRM.Core.Tests\CRM.Core.Tests.csproj”的文件“C:\Program Files\dotnet\sdk\9.0.308\NuGet.targets”中的目标“_GenerateRestoreSpecs”(目标“_GenerateRestoreGraphProjectEntry”依赖于它):
       任务“Message”
         Restore entry point d:\MyProject\FrontCRM(C#)\tests\CRM.Core.Tests\CRM.Core.Tests.csproj
       已完成执行任务“Message”的操作。
   1:5>已完成在项目“CRM.Core.Tests.csproj”中生成目标“_GenerateRestoreSpecs”的操作。
   1:5>来自项目“d:\MyProject\FrontCRM(C#)\tests\CRM.Core.Tests\CRM.Core.Tests.csproj”的文件“C:\Program Files\dotnet\sdk\9.0.308\NuGet.targets”中的目标“_GetRestoreSettingsOverrides”(目标“_GetRestoreSettings”依赖于它):
       由于 false 条件，已跳过任务“MSBuild”；( '$(RestorePackagesPath)' != '' )计算为( '' != '' )。
       由于 false 条件，已跳过任务“MSBuild”；( '$(RestoreRepositoryPathOverride)' != '' )计算为( '' != '' )。
       由于 false 条件，已跳过任务“MSBuild”；( '$(RestoreSources)' != '' )计算为( '' != '' )。
       由于 false 条件，已跳过任务“MSBuild”；( '$(RestoreFallbackFolders)' != '' )计算为( '' != '' )。
   1:5>已完成在项目“CRM.Core.Tests.csproj”中生成目标“_GetRestoreSettingsOverrides”的操作。
   1:5>来自项目“d:\MyProject\FrontCRM(C#)\tests\CRM.Core.Tests\CRM.Core.Tests.csproj”的文件“C:\Program Files\dotnet\sdk\9.0.308\NuGet.targets”中的目标“_GetRestoreSettingsPerFramework”(目标“_GetRestoreSettingsCurrentProject”依赖于它):
   1:5>已完成在项目“CRM.Core.Tests.csproj”中生成目标“_GetRestoreSettingsPerFramework”的操作。
   1:5>来自项目“d:\MyProject\FrontCRM(C#)\tests\CRM.Core.Tests\CRM.Core.Tests.csproj”的文件“C:\Program Files\dotnet\sdk\9.0.308\NuGet.targets”中的目标“_GetRestoreSettingsCurrentProject”(目标“_GetRestoreSettings”依赖于它):
   1:5>已完成在项目“CRM.Core.Tests.csproj”中生成目标“_GetRestoreSettingsCurrentProject”的操作。
       由于条件的计算结果为 false，已跳过目标“_GetRestoreSettingsAllFrameworks”；( '$(TargetFrameworks)' != '' AND '$(PackageReferenceCompatibleProjectStyle)' == 'true' )的计算结果为( '' != '' AND 'True' == 'true' )。
   1:5>来自项目“d:\MyProject\FrontCRM(C#)\tests\CRM.Core.Tests\CRM.Core.Tests.csproj”的文件“C:\Program Files\dotnet\sdk\9.0.308\NuGet.targets”中的目标“_GetRestoreSettings”(目标“_GenerateDotnetCliToolReferenceSpecs”依赖于它):
       正在使用程序集“C:\Program Files\dotnet\sdk\9.0.308\NuGet.Build.Tasks.dll”中的“GetRestoreSettingsTask”任务。
       任务“GetRestoreSettingsTask”
   3:3>已完成执行任务“GetRestoreSettingsTask”的操作。
   3:3>已完成在项目“CRM.TestCommon.csproj”中生成目标“_GetRestoreSettings”的操作。
   3:3>来自项目“d:\MyProject\FrontCRM(C#)\tests\CRM.TestCommon\CRM.TestCommon.csproj”的文件“C:\Program Files\dotnet\sdk\9.0.308\NuGet.targets”中的目标“_GenerateDotnetCliToolReferenceSpecs”(目标“_GenerateRestoreGraphProjectEntry”依赖于它):
       正在使用程序集“C:\Program Files\dotnet\sdk\9.0.308\NuGet.Build.Tasks.dll”中的“GetRestoreDotnetCliToolsTask”任务。
       任务“GetRestoreDotnetCliToolsTask”
       已完成执行任务“GetRestoreDotnetCliToolsTask”的操作。
   3:3>已完成在项目“CRM.TestCommon.csproj”中生成目标“_GenerateDotnetCliToolReferenceSpecs”的操作。
   3:3>来自项目“d:\MyProject\FrontCRM(C#)\tests\CRM.TestCommon\CRM.TestCommon.csproj”的文件“C:\Program Files\dotnet\sdk\9.0.308\NuGet.targets”中的目标“_GenerateRestoreGraphProjectEntry”(入口点):
   3:3>已完成在项目“CRM.TestCommon.csproj”中生成目标“_GenerateRestoreGraphProjectEntry”的操作。
   3:3>已完成生成项目“d:\MyProject\FrontCRM(C#)\tests\CRM.TestCommon\CRM.TestCommon.csproj”(_GenerateRestoreGraphProjectEntry 个目标)的操作。
   1:5>已完成执行任务“GetRestoreSettingsTask”的操作。
   1:5>已完成在项目“CRM.Core.Tests.csproj”中生成目标“_GetRestoreSettings”的操作。
   1:5>来自项目“d:\MyProject\FrontCRM(C#)\tests\CRM.Core.Tests\CRM.Core.Tests.csproj”的文件“C:\Program Files\dotnet\sdk\9.0.308\NuGet.targets”中的目标“_GenerateDotnetCliToolReferenceSpecs”(目标“_GenerateRestoreGraphProjectEntry”依赖于它):
       正在使用程序集“C:\Program Files\dotnet\sdk\9.0.308\NuGet.Build.Tasks.dll”中的“GetRestoreDotnetCliToolsTask”任务。
       任务“GetRestoreDotnetCliToolsTask”
       已完成执行任务“GetRestoreDotnetCliToolsTask”的操作。
   1:5>已完成在项目“CRM.Core.Tests.csproj”中生成目标“_GenerateDotnetCliToolReferenceSpecs”的操作。
   1:5>来自项目“d:\MyProject\FrontCRM(C#)\tests\CRM.Core.Tests\CRM.Core.Tests.csproj”的文件“C:\Program Files\dotnet\sdk\9.0.308\NuGet.targets”中的目标“_GenerateRestoreGraphProjectEntry”(入口点):
   1:5>已完成在项目“CRM.Core.Tests.csproj”中生成目标“_GenerateRestoreGraphProjectEntry”的操作。
   1:5>已完成生成项目“d:\MyProject\FrontCRM(C#)\tests\CRM.Core.Tests\CRM.Core.Tests.csproj”(_GenerateRestoreGraphProjectEntry 个目标)的操作。
     1>已完成执行任务“MSBuild”的操作。
       任务“MSBuild”
         全局属性:
           ExcludeRestorePackageImports=true
     1>项目“d:\MyProject\FrontCRM(C#)\tests\CRM.Core.Tests\CRM.Core.Tests.csproj”(1)正在节点 1 上生成“d:\MyProject\FrontCRM(C#)\CRM.Core\CRM.Core.csproj”(2:4) (_GenerateProjectRestoreGraph 个目标)。
   2:4>已跳过目标“_GetRestoreProjectStyle”。以前的生成已成功。
       已跳过目标“_GetRestoreProjectStyle”。以前的生成已成功。
       已跳过目标“_GetRestoreProjectStyle”。以前的生成已成功。
   2:4>来自项目“d:\MyProject\FrontCRM(C#)\CRM.Core\CRM.Core.csproj”的文件“C:\Program Files\dotnet\sdk\9.0.308\NuGet.targets”中的目标“_GetRestoreTargetFrameworkOverride”(目标“_GetRestoreTargetFrameworksOutput”依赖于它):
       由于 false 条件，已跳过任务“GetGlobalPropertyValueTask”；( '$(TargetFrameworks)' != '' )计算为( '' != '' )。
   2:4>已完成在项目“CRM.Core.csproj”中生成目标“_GetRestoreTargetFrameworkOverride”的操作。
   2:4>来自项目“d:\MyProject\FrontCRM(C#)\CRM.Core\CRM.Core.csproj”的文件“C:\Program Files\dotnet\sdk\9.0.308\NuGet.targets”中的目标“_GetRestoreTargetFrameworksOutput”(目标“_GenerateRestoreProjectSpec”依赖于它):
       正在使用程序集“C:\Program Files\dotnet\sdk\9.0.308\NuGet.Build.Tasks.dll”中的“GetProjectTargetFrameworksTask”任务。
       任务“GetProjectTargetFrameworksTask”
     1>项目“d:\MyProject\FrontCRM(C#)\tests\CRM.Core.Tests\CRM.Core.Tests.csproj”(1)正在节点 2 上生成“d:\MyProject\FrontCRM(C#)\tests\CRM.TestCommon\CRM.TestCommon.csproj”(3:4) (_GenerateProjectRestoreGraph 个目标)。
   3:4>已跳过目标“_GetRestoreProjectStyle”。以前的生成已成功。
       已跳过目标“_GetRestoreProjectStyle”。以前的生成已成功。
       已跳过目标“_GetRestoreProjectStyle”。以前的生成已成功。
   3:4>来自项目“d:\MyProject\FrontCRM(C#)\tests\CRM.TestCommon\CRM.TestCommon.csproj”的文件“C:\Program Files\dotnet\sdk\9.0.308\NuGet.targets”中的目标“_GetRestoreTargetFrameworkOverride”(目标“_GetRestoreTargetFrameworksOutput”依赖于它):
       由于 false 条件，已跳过任务“GetGlobalPropertyValueTask”；( '$(TargetFrameworks)' != '' )计算为( '' != '' )。
   3:4>已完成在项目“CRM.TestCommon.csproj”中生成目标“_GetRestoreTargetFrameworkOverride”的操作。
   3:4>来自项目“d:\MyProject\FrontCRM(C#)\tests\CRM.TestCommon\CRM.TestCommon.csproj”的文件“C:\Program Files\dotnet\sdk\9.0.308\NuGet.targets”中的目标“_GetRestoreTargetFrameworksOutput”(目标“_GenerateRestoreProjectSpec”依赖于它):
       正在使用程序集“C:\Program Files\dotnet\sdk\9.0.308\NuGet.Build.Tasks.dll”中的“GetProjectTargetFrameworksTask”任务。
       任务“GetProjectTargetFrameworksTask”
   2:4>已完成执行任务“GetProjectTargetFrameworksTask”的操作。
   3:4>已完成执行任务“GetProjectTargetFrameworksTask”的操作。
   2:4>已完成在项目“CRM.Core.csproj”中生成目标“_GetRestoreTargetFrameworksOutput”的操作。
       已跳过目标“_GetRestoreSettings”。以前的生成已成功。
   2:4>来自项目“d:\MyProject\FrontCRM(C#)\CRM.Core\CRM.Core.csproj”的文件“C:\Program Files\dotnet\sdk\9.0.308\NuGet.targets”中的目标“_GenerateRestoreProjectSpec”(目标“_GenerateProjectRestoreGraph”依赖于它):
       任务“ConvertToAbsolutePath”
   3:4>已完成在项目“CRM.TestCommon.csproj”中生成目标“_GetRestoreTargetFrameworksOutput”的操作。
       已跳过目标“_GetRestoreSettings”。以前的生成已成功。
   2:4>已完成执行任务“ConvertToAbsolutePath”的操作。
   3:4>来自项目“d:\MyProject\FrontCRM(C#)\tests\CRM.TestCommon\CRM.TestCommon.csproj”的文件“C:\Program Files\dotnet\sdk\9.0.308\NuGet.targets”中的目标“_GenerateRestoreProjectSpec”(目标“_GenerateProjectRestoreGraph”依赖于它):
   3:4>任务“ConvertToAbsolutePath”
   2:4>已完成在项目“CRM.Core.csproj”中生成目标“_GenerateRestoreProjectSpec”的操作。
   3:4>已完成执行任务“ConvertToAbsolutePath”的操作。
   2:4>由于条件的计算结果为 false，已跳过目标“_GenerateProjectRestoreGraphAllFrameworks”；( '$(TargetFrameworks)' != '' )的计算结果为( '' != '' )。
       已跳过目标“_GetRestoreProjectStyle”。以前的生成已成功。
       已跳过目标“CollectPackageReferences”。以前的生成已成功。
   2:4>来自项目“d:\MyProject\FrontCRM(C#)\CRM.Core\CRM.Core.csproj”的文件“C:\Program Files\dotnet\sdk\9.0.308\NuGet.targets”中的目标“CollectPackageDownloads”(目标“_CollectRestoreInputs”依赖于它):
       任务“CheckForDuplicateNuGetItemsTask”
   3:4>已完成在项目“CRM.TestCommon.csproj”中生成目标“_GenerateRestoreProjectSpec”的操作。
       由于条件的计算结果为 false，已跳过目标“_GenerateProjectRestoreGraphAllFrameworks”；( '$(TargetFrameworks)' != '' )的计算结果为( '' != '' )。
       已跳过目标“_GetRestoreProjectStyle”。以前的生成已成功。
       已跳过目标“CollectPackageReferences”。以前的生成已成功。
   2:4>已完成执行任务“CheckForDuplicateNuGetItemsTask”的操作。
   2:4>已完成在项目“CRM.Core.csproj”中生成目标“CollectPackageDownloads”的操作。
   2:4>来自项目“d:\MyProject\FrontCRM(C#)\CRM.Core\CRM.Core.csproj”的文件“C:\Program Files\dotnet\sdk\9.0.308\NuGet.targets”中的目标“CollectFrameworkReferences”(目标“_CollectRestoreInputs”依赖于它):
   2:4>已完成在项目“CRM.Core.csproj”中生成目标“CollectFrameworkReferences”的操作。
   3:4>来自项目“d:\MyProject\FrontCRM(C#)\tests\CRM.TestCommon\CRM.TestCommon.csproj”的文件“C:\Program Files\dotnet\sdk\9.0.308\NuGet.targets”中的目标“CollectPackageDownloads”(目标“_CollectRestoreInputs”依赖于它):
   3:4>任务“CheckForDuplicateNuGetItemsTask”
   2:4>来自项目“d:\MyProject\FrontCRM(C#)\CRM.Core\CRM.Core.csproj”的文件“C:\Program Files\dotnet\sdk\9.0.308\NuGet.targets”中的目标“CollectCentralPackageVersions”(目标“_CollectRestoreInputs”依赖于它):
   2:4>任务“CheckForDuplicateNuGetItemsTask”
       已完成执行任务“CheckForDuplicateNuGetItemsTask”的操作。
   2:4>已完成在项目“CRM.Core.csproj”中生成目标“CollectCentralPackageVersions”的操作。
   2:4>来自项目“d:\MyProject\FrontCRM(C#)\CRM.Core\CRM.Core.csproj”的文件“C:\Program Files\dotnet\sdk\9.0.308\NuGet.targets”中的目标“CollectNuGetAuditSuppressions”(目标“_CollectRestoreInputs”依赖于它):
       任务“CheckForDuplicateNuGetItemsTask”
   3:4>已完成执行任务“CheckForDuplicateNuGetItemsTask”的操作。
   2:4>已完成执行任务“CheckForDuplicateNuGetItemsTask”的操作。
   2:4>已完成在项目“CRM.Core.csproj”中生成目标“CollectNuGetAuditSuppressions”的操作。
       由于条件的计算结果为 false，已跳过目标“AddPrunePackageReferences”；('$(RestoreEnablePackagePruning)' == 'true')的计算结果为('false' == 'true')。
   2:4>来自项目“d:\MyProject\FrontCRM(C#)\CRM.Core\CRM.Core.csproj”的文件“C:\Program Files\dotnet\sdk\9.0.308\NuGet.targets”中的目标“CollectPrunePackageReferences”(目标“_CollectRestoreInputs”依赖于它):
       任务“CheckForDuplicateNuGetItemsTask”
       已完成执行任务“CheckForDuplicateNuGetItemsTask”的操作。
   2:4>已完成在项目“CRM.Core.csproj”中生成目标“CollectPrunePackageReferences”的操作。
   2:4>来自项目“d:\MyProject\FrontCRM(C#)\CRM.Core\CRM.Core.csproj”的文件“C:\Program Files\dotnet\sdk\9.0.308\NuGet.targets”中的目标“_CollectRestoreInputs”(目标“_GenerateProjectRestoreGraphPerFramework”依赖于它):
   2:4>已完成在项目“CRM.Core.csproj”中生成目标“_CollectRestoreInputs”的操作。
       由于条件的计算结果为 false，已跳过目标“PrepRestoreForStoreProjects”；('$(StorePackageName)' != '')的计算结果为('' != '')。
   3:4>已完成在项目“CRM.TestCommon.csproj”中生成目标“CollectPackageDownloads”的操作。
   2:4>来自项目“d:\MyProject\FrontCRM(C#)\CRM.Core\CRM.Core.csproj”的文件“C:\Program Files\dotnet\sdk\9.0.308\NuGet.targets”中的目标“_GenerateProjectRestoreGraphPerFramework”(目标“_GenerateProjectRestoreGraphCurrentProject”依赖于它):
   2:4>正在使用程序集“C:\Program Files\dotnet\sdk\9.0.308\NuGet.Build.Tasks.dll”中的“GetRestoreProjectReferencesTask”任务。
       任务“GetRestoreProjectReferencesTask”
       已完成执行任务“GetRestoreProjectReferencesTask”的操作。
       正在使用程序集“C:\Program Files\dotnet\sdk\9.0.308\NuGet.Build.Tasks.dll”中的“GetRestorePackageReferencesTask”任务。
       任务“GetRestorePackageReferencesTask”
       已完成执行任务“GetRestorePackageReferencesTask”的操作。
       由于 false 条件，已跳过任务“GetCentralPackageVersionsTask”；( '$(PackageReferenceCompatibleProjectStyle)' == 'true' AND '$(_CentralPackageVersionsEnabled)' == 'true' )计算为( 'True' == 'true' AND '' == 'true' )。
       正在使用程序集“C:\Program Files\dotnet\sdk\9.0.308\NuGet.Build.Tasks.dll”中的“GetRestorePackageDownloadsTask”任务。
       任务“GetRestorePackageDownloadsTask”
       已完成执行任务“GetRestorePackageDownloadsTask”的操作。
       正在使用程序集“C:\Program Files\dotnet\sdk\9.0.308\NuGet.Build.Tasks.dll”中的“GetRestoreFrameworkReferencesTask”任务。
       任务“GetRestoreFrameworkReferencesTask”
       已完成执行任务“GetRestoreFrameworkReferencesTask”的操作。
   3:4>来自项目“d:\MyProject\FrontCRM(C#)\tests\CRM.TestCommon\CRM.TestCommon.csproj”的文件“C:\Program Files\dotnet\sdk\9.0.308\NuGet.targets”中的目标“CollectFrameworkReferences”(目标“_CollectRestoreInputs”依赖于它):
   3:4>已完成在项目“CRM.TestCommon.csproj”中生成目标“CollectFrameworkReferences”的操作。
   3:4>来自项目“d:\MyProject\FrontCRM(C#)\tests\CRM.TestCommon\CRM.TestCommon.csproj”的文件“C:\Program Files\dotnet\sdk\9.0.308\NuGet.targets”中的目标“CollectCentralPackageVersions”(目标“_CollectRestoreInputs”依赖于它):
       任务“CheckForDuplicateNuGetItemsTask”
   2:4>_GenerateProjectRestoreGraphPerFramework:
       正在使用程序集“C:\Program Files\dotnet\sdk\9.0.308\NuGet.Build.Tasks.dll”中的“GetRestoreNuGetAuditSuppressionsTask”任务。
       任务“GetRestoreNuGetAuditSuppressionsTask”
       已完成执行任务“GetRestoreNuGetAuditSuppressionsTask”的操作。
       正在使用程序集“C:\Program Files\dotnet\sdk\9.0.308\NuGet.Build.Tasks.dll”中的“GetRestorePrunePackageReferencesTask”任务。
       任务“GetRestorePrunePackageReferencesTask”
       已完成执行任务“GetRestorePrunePackageReferencesTask”的操作。
   3:4>已完成执行任务“CheckForDuplicateNuGetItemsTask”的操作。
   3:4>已完成在项目“CRM.TestCommon.csproj”中生成目标“CollectCentralPackageVersions”的操作。
   2:4>已完成在项目“CRM.Core.csproj”中生成目标“_GenerateProjectRestoreGraphPerFramework”的操作。
   2:4>来自项目“d:\MyProject\FrontCRM(C#)\CRM.Core\CRM.Core.csproj”的文件“C:\Program Files\dotnet\sdk\9.0.308\NuGet.targets”中的目标“_GenerateProjectRestoreGraphCurrentProject”(目标“_GenerateRestoreDependencies”依赖于它):
   2:4>已完成在项目“CRM.Core.csproj”中生成目标“_GenerateProjectRestoreGraphCurrentProject”的操作。
   2:4>来自项目“d:\MyProject\FrontCRM(C#)\CRM.Core\CRM.Core.csproj”的文件“C:\Program Files\dotnet\sdk\9.0.308\NuGet.targets”中的目标“_GenerateRestoreDependencies”(目标“_GenerateProjectRestoreGraph”依赖于它):
   2:4>已完成在项目“CRM.Core.csproj”中生成目标“_GenerateRestoreDependencies”的操作。
   2:4>来自项目“d:\MyProject\FrontCRM(C#)\CRM.Core\CRM.Core.csproj”的文件“C:\Program Files\dotnet\sdk\9.0.308\NuGet.targets”中的目标“_GenerateProjectRestoreGraph”(入口点):
   2:4>已完成在项目“CRM.Core.csproj”中生成目标“_GenerateProjectRestoreGraph”的操作。
   2:4>已完成生成项目“d:\MyProject\FrontCRM(C#)\CRM.Core\CRM.Core.csproj”(_GenerateProjectRestoreGraph 个目标)的操作。
   3:4>来自项目“d:\MyProject\FrontCRM(C#)\tests\CRM.TestCommon\CRM.TestCommon.csproj”的文件“C:\Program Files\dotnet\sdk\9.0.308\NuGet.targets”中的目标“CollectNuGetAuditSuppressions”(目标“_CollectRestoreInputs”依赖于它):
   3:4>任务“CheckForDuplicateNuGetItemsTask”
       已完成执行任务“CheckForDuplicateNuGetItemsTask”的操作。
   3:4>已完成在项目“CRM.TestCommon.csproj”中生成目标“CollectNuGetAuditSuppressions”的操作。
       由于条件的计算结果为 false，已跳过目标“AddPrunePackageReferences”；('$(RestoreEnablePackagePruning)' == 'true')的计算结果为('false' == 'true')。
     1>项目“d:\MyProject\FrontCRM(C#)\tests\CRM.Core.Tests\CRM.Core.Tests.csproj”(1)正在节点 1 上生成“d:\MyProject\FrontCRM(C#)\tests\CRM.Core.Tests\CRM.Core.Tests.csproj”(1:6) (_GenerateProjectRestoreGraph 个目标)。
   1:6>已跳过目标“_GetRestoreProjectStyle”。以前的生成已成功。
       已跳过目标“_GetRestoreProjectStyle”。以前的生成已成功。
       已跳过目标“_GetRestoreProjectStyle”。以前的生成已成功。
   3:4>来自项目“d:\MyProject\FrontCRM(C#)\tests\CRM.TestCommon\CRM.TestCommon.csproj”的文件“C:\Program Files\dotnet\sdk\9.0.308\NuGet.targets”中的目标“CollectPrunePackageReferences”(目标“_CollectRestoreInputs”依赖于它):
   3:4>任务“CheckForDuplicateNuGetItemsTask”
   1:6>来自项目“d:\MyProject\FrontCRM(C#)\tests\CRM.Core.Tests\CRM.Core.Tests.csproj”的文件“C:\Program Files\dotnet\sdk\9.0.308\NuGet.targets”中的目标“_GetRestoreTargetFrameworkOverride”(目标“_GetRestoreTargetFrameworksOutput”依赖于它):
   1:6>由于 false 条件，已跳过任务“GetGlobalPropertyValueTask”；( '$(TargetFrameworks)' != '' )计算为( '' != '' )。
   1:6>已完成在项目“CRM.Core.Tests.csproj”中生成目标“_GetRestoreTargetFrameworkOverride”的操作。
   3:4>已完成执行任务“CheckForDuplicateNuGetItemsTask”的操作。
   3:4>已完成在项目“CRM.TestCommon.csproj”中生成目标“CollectPrunePackageReferences”的操作。
   3:4>来自项目“d:\MyProject\FrontCRM(C#)\tests\CRM.TestCommon\CRM.TestCommon.csproj”的文件“C:\Program Files\dotnet\sdk\9.0.308\NuGet.targets”中的目标“_CollectRestoreInputs”(目标“_GenerateProjectRestoreGraphPerFramework”依赖于它):
   3:4>已完成在项目“CRM.TestCommon.csproj”中生成目标“_CollectRestoreInputs”的操作。
   1:6>来自项目“d:\MyProject\FrontCRM(C#)\tests\CRM.Core.Tests\CRM.Core.Tests.csproj”的文件“C:\Program Files\dotnet\sdk\9.0.308\NuGet.targets”中的目标“_GetRestoreTargetFrameworksOutput”(目标“_GenerateRestoreProjectSpec”依赖于它):
   1:6>正在使用程序集“C:\Program Files\dotnet\sdk\9.0.308\NuGet.Build.Tasks.dll”中的“GetProjectTargetFrameworksTask”任务。
       任务“GetProjectTargetFrameworksTask”
   3:4>由于条件的计算结果为 false，已跳过目标“PrepRestoreForStoreProjects”；('$(StorePackageName)' != '')的计算结果为('' != '')。
   3:4>来自项目“d:\MyProject\FrontCRM(C#)\tests\CRM.TestCommon\CRM.TestCommon.csproj”的文件“C:\Program Files\dotnet\sdk\9.0.308\NuGet.targets”中的目标“_GenerateProjectRestoreGraphPerFramework”(目标“_GenerateProjectRestoreGraphCurrentProject”依赖于它):
       正在使用程序集“C:\Program Files\dotnet\sdk\9.0.308\NuGet.Build.Tasks.dll”中的“GetRestoreProjectReferencesTask”任务。
       任务“GetRestoreProjectReferencesTask”
       已完成执行任务“GetRestoreProjectReferencesTask”的操作。
       正在使用程序集“C:\Program Files\dotnet\sdk\9.0.308\NuGet.Build.Tasks.dll”中的“GetRestorePackageReferencesTask”任务。
       任务“GetRestorePackageReferencesTask”
       已完成执行任务“GetRestorePackageReferencesTask”的操作。
       由于 false 条件，已跳过任务“GetCentralPackageVersionsTask”；( '$(PackageReferenceCompatibleProjectStyle)' == 'true' AND '$(_CentralPackageVersionsEnabled)' == 'true' )计算为( 'True' == 'true' AND '' == 'true' )。
       正在使用程序集“C:\Program Files\dotnet\sdk\9.0.308\NuGet.Build.Tasks.dll”中的“GetRestorePackageDownloadsTask”任务。
   1:6>已完成执行任务“GetProjectTargetFrameworksTask”的操作。
   3:4>任务“GetRestorePackageDownloadsTask”
       已完成执行任务“GetRestorePackageDownloadsTask”的操作。
   1:6>已完成在项目“CRM.Core.Tests.csproj”中生成目标“_GetRestoreTargetFrameworksOutput”的操作。
       已跳过目标“_GetRestoreSettings”。以前的生成已成功。
   3:4>_GenerateProjectRestoreGraphPerFramework:
       正在使用程序集“C:\Program Files\dotnet\sdk\9.0.308\NuGet.Build.Tasks.dll”中的“GetRestoreFrameworkReferencesTask”任务。
   1:6>来自项目“d:\MyProject\FrontCRM(C#)\tests\CRM.Core.Tests\CRM.Core.Tests.csproj”的文件“C:\Program Files\dotnet\sdk\9.0.308\NuGet.targets”中的目标“_GenerateRestoreProjectSpec”(目标“_GenerateProjectRestoreGraph”依赖于它):
   1:6>任务“ConvertToAbsolutePath”
   3:4>任务“GetRestoreFrameworkReferencesTask”
       已完成执行任务“GetRestoreFrameworkReferencesTask”的操作。
   1:6>已完成执行任务“ConvertToAbsolutePath”的操作。
   3:4>_GenerateProjectRestoreGraphPerFramework:
       正在使用程序集“C:\Program Files\dotnet\sdk\9.0.308\NuGet.Build.Tasks.dll”中的“GetRestoreNuGetAuditSuppressionsTask”任务。
       任务“GetRestoreNuGetAuditSuppressionsTask”
       已完成执行任务“GetRestoreNuGetAuditSuppressionsTask”的操作。
       正在使用程序集“C:\Program Files\dotnet\sdk\9.0.308\NuGet.Build.Tasks.dll”中的“GetRestorePrunePackageReferencesTask”任务。
   1:6>已完成在项目“CRM.Core.Tests.csproj”中生成目标“_GenerateRestoreProjectSpec”的操作。
       由于条件的计算结果为 false，已跳过目标“_GenerateProjectRestoreGraphAllFrameworks”；( '$(TargetFrameworks)' != '' )的计算结果为( '' != '' )。
       已跳过目标“_GetRestoreProjectStyle”。以前的生成已成功。
   3:4>任务“GetRestorePrunePackageReferencesTask”
   1:6>已跳过目标“CollectPackageReferences”。以前的生成已成功。
   1:6>来自项目“d:\MyProject\FrontCRM(C#)\tests\CRM.Core.Tests\CRM.Core.Tests.csproj”的文件“C:\Program Files\dotnet\sdk\9.0.308\NuGet.targets”中的目标“CollectPackageDownloads”(目标“_CollectRestoreInputs”依赖于它):
       任务“CheckForDuplicateNuGetItemsTask”
   3:4>已完成执行任务“GetRestorePrunePackageReferencesTask”的操作。
   3:4>已完成在项目“CRM.TestCommon.csproj”中生成目标“_GenerateProjectRestoreGraphPerFramework”的操作。
   1:6>已完成执行任务“CheckForDuplicateNuGetItemsTask”的操作。
   1:6>已完成在项目“CRM.Core.Tests.csproj”中生成目标“CollectPackageDownloads”的操作。
   3:4>来自项目“d:\MyProject\FrontCRM(C#)\tests\CRM.TestCommon\CRM.TestCommon.csproj”的文件“C:\Program Files\dotnet\sdk\9.0.308\NuGet.targets”中的目标“_GenerateProjectRestoreGraphCurrentProject”(目标“_GenerateRestoreDependencies”依赖于它):
   3:4>已完成在项目“CRM.TestCommon.csproj”中生成目标“_GenerateProjectRestoreGraphCurrentProject”的操作。
   1:6>来自项目“d:\MyProject\FrontCRM(C#)\tests\CRM.Core.Tests\CRM.Core.Tests.csproj”的文件“C:\Program Files\dotnet\sdk\9.0.308\NuGet.targets”中的目标“CollectFrameworkReferences”(目标“_CollectRestoreInputs”依赖于它):
   1:6>已完成在项目“CRM.Core.Tests.csproj”中生成目标“CollectFrameworkReferences”的操作。
   1:6>来自项目“d:\MyProject\FrontCRM(C#)\tests\CRM.Core.Tests\CRM.Core.Tests.csproj”的文件“C:\Program Files\dotnet\sdk\9.0.308\NuGet.targets”中的目标“CollectCentralPackageVersions”(目标“_CollectRestoreInputs”依赖于它):
       任务“CheckForDuplicateNuGetItemsTask”
       已完成执行任务“CheckForDuplicateNuGetItemsTask”的操作。
   1:6>已完成在项目“CRM.Core.Tests.csproj”中生成目标“CollectCentralPackageVersions”的操作。
   1:6>来自项目“d:\MyProject\FrontCRM(C#)\tests\CRM.Core.Tests\CRM.Core.Tests.csproj”的文件“C:\Program Files\dotnet\sdk\9.0.308\NuGet.targets”中的目标“CollectNuGetAuditSuppressions”(目标“_CollectRestoreInputs”依赖于它):
       任务“CheckForDuplicateNuGetItemsTask”
   3:4>来自项目“d:\MyProject\FrontCRM(C#)\tests\CRM.TestCommon\CRM.TestCommon.csproj”的文件“C:\Program Files\dotnet\sdk\9.0.308\NuGet.targets”中的目标“_GenerateRestoreDependencies”(目标“_GenerateProjectRestoreGraph”依赖于它):
   3:4>已完成在项目“CRM.TestCommon.csproj”中生成目标“_GenerateRestoreDependencies”的操作。
   1:6>已完成执行任务“CheckForDuplicateNuGetItemsTask”的操作。
   1:6>已完成在项目“CRM.Core.Tests.csproj”中生成目标“CollectNuGetAuditSuppressions”的操作。
       由于条件的计算结果为 false，已跳过目标“AddPrunePackageReferences”；('$(RestoreEnablePackagePruning)' == 'true')的计算结果为('false' == 'true')。
   1:6>来自项目“d:\MyProject\FrontCRM(C#)\tests\CRM.Core.Tests\CRM.Core.Tests.csproj”的文件“C:\Program Files\dotnet\sdk\9.0.308\NuGet.targets”中的目标“CollectPrunePackageReferences”(目标“_CollectRestoreInputs”依赖于它):
       任务“CheckForDuplicateNuGetItemsTask”
       已完成执行任务“CheckForDuplicateNuGetItemsTask”的操作。
   1:6>已完成在项目“CRM.Core.Tests.csproj”中生成目标“CollectPrunePackageReferences”的操作。
   3:4>来自项目“d:\MyProject\FrontCRM(C#)\tests\CRM.TestCommon\CRM.TestCommon.csproj”的文件“C:\Program Files\dotnet\sdk\9.0.308\NuGet.targets”中的目标“_GenerateProjectRestoreGraph”(入口点):
   3:4>已完成在项目“CRM.TestCommon.csproj”中生成目标“_GenerateProjectRestoreGraph”的操作。
   1:6>来自项目“d:\MyProject\FrontCRM(C#)\tests\CRM.Core.Tests\CRM.Core.Tests.csproj”的文件“C:\Program Files\dotnet\sdk\9.0.308\NuGet.targets”中的目标“_CollectRestoreInputs”(目标“_GenerateProjectRestoreGraphPerFramework”依赖于它):
   1:6>已完成在项目“CRM.Core.Tests.csproj”中生成目标“_CollectRestoreInputs”的操作。
       由于条件的计算结果为 false，已跳过目标“PrepRestoreForStoreProjects”；('$(StorePackageName)' != '')的计算结果为('' != '')。
   3:4>已完成生成项目“d:\MyProject\FrontCRM(C#)\tests\CRM.TestCommon\CRM.TestCommon.csproj”(_GenerateProjectRestoreGraph 个目标)的操作。
   1:6>来自项目“d:\MyProject\FrontCRM(C#)\tests\CRM.Core.Tests\CRM.Core.Tests.csproj”的文件“C:\Program Files\dotnet\sdk\9.0.308\NuGet.targets”中的目标“_GenerateProjectRestoreGraphPerFramework”(目标“_GenerateProjectRestoreGraphCurrentProject”依赖于它):
   1:6>正在使用程序集“C:\Program Files\dotnet\sdk\9.0.308\NuGet.Build.Tasks.dll”中的“GetRestoreProjectReferencesTask”任务。
       任务“GetRestoreProjectReferencesTask”
       已完成执行任务“GetRestoreProjectReferencesTask”的操作。
       正在使用程序集“C:\Program Files\dotnet\sdk\9.0.308\NuGet.Build.Tasks.dll”中的“GetRestorePackageReferencesTask”任务。
       任务“GetRestorePackageReferencesTask”
       已完成执行任务“GetRestorePackageReferencesTask”的操作。
       由于 false 条件，已跳过任务“GetCentralPackageVersionsTask”；( '$(PackageReferenceCompatibleProjectStyle)' == 'true' AND '$(_CentralPackageVersionsEnabled)' == 'true' )计算为( 'True' == 'true' AND '' == 'true' )。
       正在使用程序集“C:\Program Files\dotnet\sdk\9.0.308\NuGet.Build.Tasks.dll”中的“GetRestorePackageDownloadsTask”任务。
       任务“GetRestorePackageDownloadsTask”
       已完成执行任务“GetRestorePackageDownloadsTask”的操作。
       正在使用程序集“C:\Program Files\dotnet\sdk\9.0.308\NuGet.Build.Tasks.dll”中的“GetRestoreFrameworkReferencesTask”任务。
       任务“GetRestoreFrameworkReferencesTask”
       已完成执行任务“GetRestoreFrameworkReferencesTask”的操作。
       正在使用程序集“C:\Program Files\dotnet\sdk\9.0.308\NuGet.Build.Tasks.dll”中的“GetRestoreNuGetAuditSuppressionsTask”任务。
       任务“GetRestoreNuGetAuditSuppressionsTask”
       已完成执行任务“GetRestoreNuGetAuditSuppressionsTask”的操作。
       正在使用程序集“C:\Program Files\dotnet\sdk\9.0.308\NuGet.Build.Tasks.dll”中的“GetRestorePrunePackageReferencesTask”任务。
       任务“GetRestorePrunePackageReferencesTask”
       已完成执行任务“GetRestorePrunePackageReferencesTask”的操作。
   1:6>已完成在项目“CRM.Core.Tests.csproj”中生成目标“_GenerateProjectRestoreGraphPerFramework”的操作。
   1:6>来自项目“d:\MyProject\FrontCRM(C#)\tests\CRM.Core.Tests\CRM.Core.Tests.csproj”的文件“C:\Program Files\dotnet\sdk\9.0.308\NuGet.targets”中的目标“_GenerateProjectRestoreGraphCurrentProject”(目标“_GenerateRestoreDependencies”依赖于它):
   1:6>已完成在项目“CRM.Core.Tests.csproj”中生成目标“_GenerateProjectRestoreGraphCurrentProject”的操作。
   1:6>来自项目“d:\MyProject\FrontCRM(C#)\tests\CRM.Core.Tests\CRM.Core.Tests.csproj”的文件“C:\Program Files\dotnet\sdk\9.0.308\NuGet.targets”中的目标“_GenerateRestoreDependencies”(目标“_GenerateProjectRestoreGraph”依赖于它):
   1:6>已完成在项目“CRM.Core.Tests.csproj”中生成目标“_GenerateRestoreDependencies”的操作。
   1:6>来自项目“d:\MyProject\FrontCRM(C#)\tests\CRM.Core.Tests\CRM.Core.Tests.csproj”的文件“C:\Program Files\dotnet\sdk\9.0.308\NuGet.targets”中的目标“_GenerateProjectRestoreGraph”(入口点):
   1:6>已完成在项目“CRM.Core.Tests.csproj”中生成目标“_GenerateProjectRestoreGraph”的操作。
   1:6>已完成生成项目“d:\MyProject\FrontCRM(C#)\tests\CRM.Core.Tests\CRM.Core.Tests.csproj”(_GenerateProjectRestoreGraph 个目标)的操作。
     1>已完成执行任务“MSBuild”的操作。
     1>已完成在项目“CRM.Core.Tests.csproj”中生成目标“_GenerateRestoreGraph”的操作。
       由于条件的计算结果为 false，已跳过目标“_CheckForUnsupportedTargetFramework”；('$(_UnsupportedTargetFrameworkError)' == 'true')的计算结果为('' == 'true')。
     1>来自项目“d:\MyProject\FrontCRM(C#)\tests\CRM.Core.Tests\CRM.Core.Tests.csproj”的文件“C:\Program Files\dotnet\sdk\9.0.308\Sdks\Microsoft.NET.Sdk\targets\Microsoft.NET.TargetFrameworkInference.targets”中的目标“_CollectTargetFrameworkForTelemetry”(目标“Restore”依赖于它):
       正在使用程序集“C:\Program Files\dotnet\sdk\9.0.308\Sdks\Microsoft.NET.Sdk\targets\..\tools\net9.0\Microsoft.NET.Build.Tasks.dll”中的“AllowEmptyTelemetry”任务。
       任务“AllowEmptyTelemetry”
       已完成执行任务“AllowEmptyTelemetry”的操作。
     1>已完成在项目“CRM.Core.Tests.csproj”中生成目标“_CollectTargetFrameworkForTelemetry”的操作。
     1>来自项目“d:\MyProject\FrontCRM(C#)\tests\CRM.Core.Tests\CRM.Core.Tests.csproj”的文件“C:\Program Files\dotnet\sdk\9.0.308\Sdks\Microsoft.NET.Sdk\targets\Microsoft.NET.TargetFrameworkInference.targets”中的目标“_CheckForUnsupportedNETCoreVersion”(目标“Restore”依赖于它):
       由于 false 条件，已跳过任务“NETSdkError”；('$(_TargetFrameworkVersionWithoutV)' > '$(NETCoreAppMaximumVersion)' and '$(DisplayVSMessage)' != 'true')计算为('9.0' > '9.0' and '' != 'true')。
       由于 false 条件，已跳过任务“NETSdkError”；('$(DisplayVSMessage)' == 'true')计算为('' == 'true')。
     1>已完成在项目“CRM.Core.Tests.csproj”中生成目标“_CheckForUnsupportedNETCoreVersion”的操作。
       由于条件的计算结果为 false，已跳过目标“_CheckForEolTargetFrameworks”；('@(_EolNetCoreTargetFrameworkVersions->AnyHaveMetadataValue('Identity', '$(_TargetFrameworkVersionWithoutV)'))' and '$(TargetFrameworkIdentifier)' == '.NETCoreApp' and '$(CheckEolTargetFramework)' == 'true')的计算结果为('false' and '.NETCoreApp' == '.NETCoreApp' and '' == 'true')。
       由于条件的计算结果为 false，已跳过目标“_CheckForEolWorkloads”；('@(EolWorkload)' != '' and '$(CheckEolWorkloads)' == 'true')的计算结果为('' != '' and 'true' == 'true')。
       由于条件的计算结果为 false，已跳过目标“_CheckForNotRecommendedNETStandardVersion”；('$(TargetFrameworkIdentifier)' == '.NETStandard' and $([MSBuild]::VersionLessThan($(TargetFrameworkVersion), '2.0')))的计算结果为('.NETCoreApp' == '.NETStandard' and False)。
     1>来自项目“d:\MyProject\FrontCRM(C#)\tests\CRM.Core.Tests\CRM.Core.Tests.csproj”的文件“C:\Program Files\dotnet\sdk\9.0.308\Sdks\Microsoft.NET.Sdk\targets\Microsoft.NET.TargetFrameworkInference.targets”中的目标“_CheckForUnsupportedCppNETCoreVersion”(目标“Restore”依赖于它):
       由于 false 条件，已跳过任务“NETSdkError”；('$(TargetFrameworkIdentifier)' == '.NETCoreApp' and '$(_TargetFrameworkVersionWithoutV)' < '3.1' and ('$(Language)' == 'C++' and '$(_EnablePackageReferencesInVCProjects)' != 'true'))计算为('.NETCoreApp' == '.NETCoreApp' and '9.0' < '3.1' and ('C#' == 'C++' and '' != 'true'))。
     1>已完成在项目“CRM.Core.Tests.csproj”中生成目标“_CheckForUnsupportedCppNETCoreVersion”的操作。
       由于条件的计算结果为 false，已跳过目标“_CheckForUnsupportedNETStandardVersion”；('$(TargetFrameworkIdentifier)' == '.NETStandard' And '$(NETStandardMaximumVersion)' != '')的计算结果为('.NETCoreApp' == '.NETStandard' And '' != '')。
       由于条件的计算结果为 false，已跳过目标“_CheckForUnsupportedTargetFrameworkAndFeatureCombination”；('$(TargetFrameworkIdentifier)' == '.NETFramework')的计算结果为('.NETCoreApp' == '.NETFramework')。
     1>来自项目“d:\MyProject\FrontCRM(C#)\tests\CRM.Core.Tests\CRM.Core.Tests.csproj”的文件“C:\Program Files\dotnet\sdk\9.0.308\NuGet.targets”中的目标“Restore”(入口点):
       任务“RemoveDuplicates”
       已完成执行任务“RemoveDuplicates”的操作。
       正在使用程序集“C:\Program Files\dotnet\sdk\9.0.308\NuGet.Build.Tasks.dll”中的“RestoreTask”任务。
       任务“RestoreTask”
         在 TaskRun (NuGet.Build.Tasks.RestoreTask) 期间加载的程序集: NuGet.Packaging, Version=6.14.0.116, Culture=neutral, PublicKeyToken=31bf3856ad364e35 (位置: C:\Program Files\dotnet\sdk\9.0.308\NuGet.Packaging.dll，MVID: cdc50a13-9777-4bbf-997e-763beae18a61，AssemblyLoadContext: MSBuild plugin C:\Program Files\dotnet\sdk\9.0.308\NuGet.Build.Tasks.dll)
         在 TaskRun (NuGet.Build.Tasks.RestoreTask) 期间加载的程序集: NuGet.LibraryModel, Version=6.14.0.116, Culture=neutral, PublicKeyToken=31bf3856ad364e35 (位置: C:\Program Files\dotnet\sdk\9.0.308\NuGet.LibraryModel.dll，MVID: e00b38b3-9e45-44a2-8023-8c8ae09208b7，AssemblyLoadContext: MSBuild plugin C:\Program Files\dotnet\sdk\9.0.308\NuGet.Build.Tasks.dll)
         在 TaskRun (NuGet.Build.Tasks.RestoreTask) 期间加载的程序集: NuGet.Versioning, Version=6.14.0.116, Culture=neutral, PublicKeyToken=31bf3856ad364e35 (位置: C:\Program Files\dotnet\sdk\9.0.308\NuGet.Versioning.dll，MVID: ecae64d3-0ef8-4164-9110-1e65ba08bca4，AssemblyLoadContext: MSBuild plugin C:\Program Files\dotnet\sdk\9.0.308\NuGet.Build.Tasks.dll)
         在 TaskRun (NuGet.Build.Tasks.RestoreTask) 期间加载的程序集: NuGet.Frameworks, Version=6.14.0.116, Culture=neutral, PublicKeyToken=31bf3856ad364e35 (位置: C:\Program Files\dotnet\sdk\9.0.308\NuGet.Frameworks.dll，MVID: 6b5909cd-5145-46c4-9595-25461e82c126，AssemblyLoadContext: MSBuild plugin C:\Program Files\dotnet\sdk\9.0.308\NuGet.Build.Tasks.dll)
         在 TaskRun (NuGet.Build.Tasks.RestoreTask) 期间加载的程序集: System.Buffers, Version=9.0.0.0, Culture=neutral, PublicKeyToken=cc7b13ffcd2ddd51 (位置: C:\Program Files\dotnet\shared\Microsoft.NETCore.App\9.0.11\System.Buffers.dll，MVID: 9d5197e7-0382-4b04-a837-b68dc6cefbf7，AssemblyLoadContext: Default)
         在 TaskRun (NuGet.Build.Tasks.RestoreTask) 期间加载的程序集: NuGet.Protocol, Version=6.14.0.116, Culture=neutral, PublicKeyToken=31bf3856ad364e35 (位置: C:\Program Files\dotnet\sdk\9.0.308\NuGet.Protocol.dll，MVID: f8777b05-1686-441b-9cec-a9710c5aa900，AssemblyLoadContext: MSBuild plugin C:\Program Files\dotnet\sdk\9.0.308\NuGet.Build.Tasks.dll)
         在 TaskRun (NuGet.Build.Tasks.RestoreTask) 期间加载的程序集: NuGet.Credentials, Version=6.14.0.116, Culture=neutral, PublicKeyToken=31bf3856ad364e35 (位置: C:\Program Files\dotnet\sdk\9.0.308\NuGet.Credentials.dll，MVID: bd6612c0-8432-48ef-9aa9-96a29d2c500a，AssemblyLoadContext: MSBuild plugin C:\Program Files\dotnet\sdk\9.0.308\NuGet.Build.Tasks.dll)
         在 TaskRun (NuGet.Build.Tasks.RestoreTask) 期间加载的程序集: NuGet.Packaging.resources, Version=6.14.0.116, Culture=zh-Hans, PublicKeyToken=31bf3856ad364e35, processorArchitecture=MSIL (位置: C:\Program Files\dotnet\sdk\9.0.308\zh-Hans\NuGet.Packaging.resources.dll，MVID: f4cc0829-d7f8-4c4e-a1d9-15aeadcaeeb7，AssemblyLoadContext: MSBuild plugin C:\Program Files\dotnet\sdk\9.0.308\NuGet.Build.Tasks.dll)
         X.509 证书链验证将使用 .NET 选择的默认信任存储进行代码签名。
         X.509 证书链验证将使用 .NET 选择的默认信任存储进行时间戳。
         在 TaskRun (NuGet.Build.Tasks.RestoreTask) 期间加载的程序集: NuGet.DependencyResolver.Core, Version=6.14.0.116, Culture=neutral, PublicKeyToken=31bf3856ad364e35 (位置: C:\Program Files\dotnet\sdk\9.0.308\NuGet.DependencyResolver.Core.dll，MVID: 6b197cc7-1c4a-4e48-895c-328987fdea28，AssemblyLoadContext: MSBuild plugin C:\Program Files\dotnet\sdk\9.0.308\NuGet.Build.Tasks.dll)
         在 TaskRun (NuGet.Build.Tasks.RestoreTask) 期间加载的程序集: NuGet.Commands.resources, Version=6.14.0.116, Culture=zh-Hans, PublicKeyToken=31bf3856ad364e35, processorArchitecture=MSIL (位置: C:\Program Files\dotnet\sdk\9.0.308\zh-Hans\NuGet.Commands.resources.dll，MVID: 7a9c94a8-6730-48db-a0ed-c938c640e646，AssemblyLoadContext: MSBuild plugin C:\Program Files\dotnet\sdk\9.0.308\NuGet.Build.Tasks.dll)
         正在使用 32 并行作业运行还原。
         正在读取项目文件 d:\MyProject\FrontCRM(C#)\CRM.Core\CRM.Core.csproj。
         正在读取项目文件 d:\MyProject\FrontCRM(C#)\tests\CRM.Core.Tests\CRM.Core.Tests.csproj。
         正在读取项目文件 d:\MyProject\FrontCRM(C#)\tests\CRM.TestCommon\CRM.TestCommon.csproj。
         在 TaskRun (NuGet.Build.Tasks.RestoreTask) 期间加载的程序集: Newtonsoft.Json, Version=13.0.0.0, Culture=neutral, PublicKeyToken=30ad4fe6b2a6aeed (位置: C:\Program Files\dotnet\sdk\9.0.308\Newtonsoft.Json.dll，MVID: 7e62198b-eab2-4380-bbac-29171862d1d8，AssemblyLoadContext: MSBuild plugin C:\Program Files\dotnet\sdk\9.0.308\NuGet.Build.Tasks.dll)
         在 TaskRun (NuGet.Build.Tasks.RestoreTask) 期间加载的程序集: System.Runtime.Serialization.Primitives, Version=9.0.0.0, Culture=neutral, PublicKeyToken=b03f5f7f11d50a3a (位置: C:\Program Files\dotnet\shared\Microsoft.NETCore.App\9.0.11\System.Runtime.Serialization.Primitives.dll，MVID: 47d327cb-b731-4c1c-be07-b226702ef148，AssemblyLoadContext: Default)
         在 TaskRun (NuGet.Build.Tasks.RestoreTask) 期间加载的程序集: System.Runtime.Numerics, Version=9.0.0.0, Culture=neutral, PublicKeyToken=b03f5f7f11d50a3a (位置: C:\Program Files\dotnet\shared\Microsoft.NETCore.App\9.0.11\System.Runtime.Numerics.dll，MVID: 53e67dc6-e704-4799-91e7-339281599fca，AssemblyLoadContext: Default)
         在 TaskRun (NuGet.Build.Tasks.RestoreTask) 期间加载的程序集: System.Text.Encodings.Web, Version=9.0.0.0, Culture=neutral, PublicKeyToken=cc7b13ffcd2ddd51 (位置: C:\Program Files\dotnet\shared\Microsoft.NETCore.App\9.0.11\System.Text.Encodings.Web.dll，MVID: f78abfe9-ce9b-45ab-a62a-173330fd7cb8，AssemblyLoadContext: Default)
         在 TaskRun (NuGet.Build.Tasks.RestoreTask) 期间加载的程序集: System.Reflection.Emit.Lightweight, Version=9.0.0.0, Culture=neutral, PublicKeyToken=b03f5f7f11d50a3a (位置: C:\Program Files\dotnet\shared\Microsoft.NETCore.App\9.0.11\System.Reflection.Emit.Lightweight.dll，MVID: 27a87ccf-3a87-4549-a4d9-385dac0325ae，AssemblyLoadContext: Default)
         在 TaskRun (NuGet.Build.Tasks.RestoreTask) 期间加载的程序集: System.Reflection.Primitives, Version=9.0.0.0, Culture=neutral, PublicKeyToken=b03f5f7f11d50a3a (位置: C:\Program Files\dotnet\shared\Microsoft.NETCore.App\9.0.11\System.Reflection.Primitives.dll，MVID: 055bf56c-1ad8-4c3e-b019-edc31a580706，AssemblyLoadContext: Default)
         在 TaskRun (NuGet.Build.Tasks.RestoreTask) 期间加载的程序集: System.Reflection.Emit.ILGeneration, Version=9.0.0.0, Culture=neutral, PublicKeyToken=b03f5f7f11d50a3a (位置: C:\Program Files\dotnet\shared\Microsoft.NETCore.App\9.0.11\System.Reflection.Emit.ILGeneration.dll，MVID: 01d44ca7-fd52-4ab6-8cc5-b70e0f395676，AssemblyLoadContext: Default)
         “CRM.Core”的还原输入未改变。完成此还原不需要再进行进一步的操作。
         “CRM.TestCommon”的还原输入未改变。完成此还原不需要再进行进一步的操作。
         “CRM.Core.Tests”的还原输入未改变。完成此还原不需要再进行进一步的操作。
         正在提交还原...
         正在提交还原...
         正在提交还原...
         资产文件未改变。跳过资产文件写入。路径: d:\MyProject\FrontCRM(C#)\tests\CRM.Core.Tests\obj\project.assets.json
         资产文件未改变。跳过资产文件写入。路径: d:\MyProject\FrontCRM(C#)\CRM.Core\obj\project.assets.json
         资产文件未改变。跳过资产文件写入。路径: d:\MyProject\FrontCRM(C#)\tests\CRM.TestCommon\obj\project.assets.json
         No-Op 还原。缓存不会更新。路径: d:\MyProject\FrontCRM(C#)\tests\CRM.Core.Tests\obj\project.nuget.cache
         No-Op 还原。缓存不会更新。路径: d:\MyProject\FrontCRM(C#)\tests\CRM.TestCommon\obj\project.nuget.cache
         No-Op 还原。缓存不会更新。路径: d:\MyProject\FrontCRM(C#)\CRM.Core\obj\project.nuget.cache
         在 TaskRun (NuGet.Build.Tasks.RestoreTask) 期间加载的程序集: NuGet.Common.resources, Version=6.14.0.116, Culture=zh-Hans, PublicKeyToken=31bf3856ad364e35, processorArchitecture=MSIL (位置: C:\Program Files\dotnet\sdk\9.0.308\zh-Hans\NuGet.Common.resources.dll，MVID: ff823504-5e8f-4c18-ae77-2ff77023a002，AssemblyLoadContext: MSBuild plugin C:\Program Files\dotnet\sdk\9.0.308\NuGet.Build.Tasks.dll)
         已还原 d:\MyProject\FrontCRM(C#)\CRM.Core\CRM.Core.csproj (用时 30 毫秒)。
         已还原 d:\MyProject\FrontCRM(C#)\tests\CRM.TestCommon\CRM.TestCommon.csproj (用时 30 毫秒)。
         已还原 d:\MyProject\FrontCRM(C#)\tests\CRM.Core.Tests\CRM.Core.Tests.csproj (用时 31 毫秒)。
         
         使用的 NuGet 配置文件:
             C:\Users\admin\AppData\Roaming\NuGet\NuGet.Config
             C:\Program Files (x86)\NuGet\Config\Microsoft.VisualStudio.FallbackLocation.config
             C:\Program Files (x86)\NuGet\Config\Microsoft.VisualStudio.Offline.config
         
         使用的源:
             https://api.nuget.org/v3/index.json
             https://mirrors.cloud.tencent.com/nuget/
             C:\Program Files (x86)\Microsoft SDKs\NuGetPackages\
             C:\Program Files\dotnet\library-packs
         所有项目均是最新的，无法还原。
       已完成执行任务“RestoreTask”的操作。
     1>已完成在项目“CRM.Core.Tests.csproj”中生成目标“Restore”的操作。
     1>已完成生成项目“d:\MyProject\FrontCRM(C#)\tests\CRM.Core.Tests\CRM.Core.Tests.csproj”(Restore 个目标)的操作。
     0>C:\Program Files\dotnet\sdk\9.0.308\Sdks\Microsoft.NET.Sdk\Sdk\Sdk.props(49,11): message : 值为“C:\Program Files\dotnet\sdk\9.0.308\”的属性“MSBuildExtensionsPath”从环境中展开。
       C:\Program Files\dotnet\sdk\9.0.308\Current\Microsoft.Common.props(60,5): message : 在 C:\Program Files\dotnet\sdk\9.0.308\Current\Microsoft.Common.props (60,5) 处重新分配属性: $(MSBuildProjectExtensionsPath)=“d:\MyProject\FrontCRM(C#)\tests\CRM.Core.Tests\obj\”(先前值:“obj\”)
       d:\MyProject\FrontCRM(C#)\tests\CRM.Core.Tests\obj\CRM.Core.Tests.csproj.nuget.g.props(7,5): message : 值为“C:\Users\admin”的属性“USERPROFILE”从环境中展开。
       C:\Program Files\dotnet\sdk\9.0.308\Current\Microsoft.Common.props(84,119): message : 值为“C:\Users\admin\AppData\Local\Microsoft\MSBuild”的属性“MSBuildUserExtensionsPath”从环境中展开。
       C:\Program Files\dotnet\sdk\9.0.308\Sdks\Microsoft.NET.Sdk\targets\Microsoft.NET.Sdk.props(90,5): message : 在 C:\Program Files\dotnet\sdk\9.0.308\Sdks\Microsoft.NET.Sdk\targets\Microsoft.NET.Sdk.props (90,5) 处重新分配属性: $(AssemblySearchPaths)=“{CandidateAssemblyFiles};{HintPathFromItem}”(先前值:“{CandidateAssemblyFiles}”)
       C:\Program Files\dotnet\sdk\9.0.308\Sdks\Microsoft.NET.Sdk\targets\Microsoft.NET.Sdk.props(91,5): message : 在 C:\Program Files\dotnet\sdk\9.0.308\Sdks\Microsoft.NET.Sdk\targets\Microsoft.NET.Sdk.props (91,5) 处重新分配属性: $(AssemblySearchPaths)=“{CandidateAssemblyFiles};{HintPathFromItem};{TargetFrameworkDirectory}”(先前值:“{CandidateAssemblyFiles};{HintPathFromItem}”)
       C:\Program Files\dotnet\sdk\9.0.308\Sdks\Microsoft.NET.Sdk\targets\Microsoft.NET.Sdk.props(92,5): message : 在 C:\Program Files\dotnet\sdk\9.0.308\Sdks\Microsoft.NET.Sdk\targets\Microsoft.NET.Sdk.props (92,5) 处重新分配属性: $(AssemblySearchPaths)=“{CandidateAssemblyFiles};{HintPathFromItem};{TargetFrameworkDirectory};{RawFileName}”(先前值:“{CandidateAssemblyFiles};{HintPathFromItem};{TargetFrameworkDirectory}”)
       C:\Program Files\dotnet\sdk\9.0.308\Sdks\Microsoft.NET.Sdk\targets\Microsoft.NET.PackProjectTool.props(15,5): message : 在 C:\Program Files\dotnet\sdk\9.0.308\Sdks\Microsoft.NET.Sdk\targets\Microsoft.NET.PackProjectTool.props (15,5) 处重新分配属性: $(TargetsForTfmSpecificContentInPackage)=“;PackTool;_PackProjectToolValidation”(先前值:“;PackTool”)
       C:\Program Files\dotnet\sdk\9.0.308\Sdks\Microsoft.NET.Sdk\targets\Microsoft.NET.Sdk.ImportPublishProfile.targets(28,5): message : 在 C:\Program Files\dotnet\sdk\9.0.308\Sdks\Microsoft.NET.Sdk\targets\Microsoft.NET.Sdk.ImportPublishProfile.targets (28,5) 处重新分配属性: $(PublishProfileImported)=“false”(先前值:“true”)
       C:\Program Files\dotnet\sdk\9.0.308\Sdks\Microsoft.NET.Sdk\targets\Microsoft.NET.TargetFrameworkInference.targets(69,5): message : 在 C:\Program Files\dotnet\sdk\9.0.308\Sdks\Microsoft.NET.Sdk\targets\Microsoft.NET.TargetFrameworkInference.targets (69,5) 处重新分配属性: $(TargetPlatformVersion)=“”(先前值:“0.0”)
       C:\Program Files\dotnet\sdk\9.0.308\Sdks\Microsoft.NET.Sdk\targets\Microsoft.NET.DefaultOutputPaths.targets(122,5): message : 在 C:\Program Files\dotnet\sdk\9.0.308\Sdks\Microsoft.NET.Sdk\targets\Microsoft.NET.DefaultOutputPaths.targets (122,5) 处重新分配属性: $(DefaultItemExcludes)=“;bin\Debug\/**;obj\Debug\/**”(先前值:“;bin\Debug\/**”)
       C:\Program Files\dotnet\sdk\9.0.308\Sdks\Microsoft.NET.Sdk\targets\Microsoft.NET.DefaultOutputPaths.targets(137,5): message : 在 C:\Program Files\dotnet\sdk\9.0.308\Sdks\Microsoft.NET.Sdk\targets\Microsoft.NET.DefaultOutputPaths.targets (137,5) 处重新分配属性: $(OutputPath)=“bin\Debug\net9.0\”(先前值:“bin\Debug\”)
       C:\Program Files\dotnet\sdk\9.0.308\Sdks\Microsoft.NET.Sdk\targets\Microsoft.NET.DefaultOutputPaths.targets(142,5): message : 在 C:\Program Files\dotnet\sdk\9.0.308\Sdks\Microsoft.NET.Sdk\targets\Microsoft.NET.DefaultOutputPaths.targets (142,5) 处重新分配属性: $(IntermediateOutputPath)=“obj\Debug\net9.0\”(先前值:“obj\Debug\”)
       C:\Program Files\dotnet\sdk\9.0.308\Sdks\Microsoft.NET.Sdk\targets\Microsoft.NET.Sdk.BeforeCommon.targets(187,5): message : 在 C:\Program Files\dotnet\sdk\9.0.308\Sdks\Microsoft.NET.Sdk\targets\Microsoft.NET.Sdk.BeforeCommon.targets (187,5) 处重新分配属性: $(_FrameworkIdentifierForImplicitDefine)=“NET”(先前值:“NETCOREAPP”)
       C:\Program Files\dotnet\sdk\9.0.308\Sdks\Microsoft.NET.Sdk\targets\Microsoft.NET.Sdk.BeforeCommon.targets(192,5): message : 在 C:\Program Files\dotnet\sdk\9.0.308\Sdks\Microsoft.NET.Sdk\targets\Microsoft.NET.Sdk.BeforeCommon.targets (192,5) 处重新分配属性: $(_FrameworkVersionForImplicitDefine)=“9_0”(先前值:“9.0”)
       C:\Program Files\dotnet\sdk\9.0.308\Roslyn\Microsoft.CSharp.Core.targets(200,5): message : 在 C:\Program Files\dotnet\sdk\9.0.308\Roslyn\Microsoft.CSharp.Core.targets (200,5) 处重新分配属性: $(CommandLineArgsForDesignTimeEvaluation)=“-langversion:13.0 -define:TRACE”(先前值:“-langversion:13.0”)
       C:\Program Files\dotnet\sdk\9.0.308\Microsoft.Common.CurrentVersion.targets(175,5): message : 在 C:\Program Files\dotnet\sdk\9.0.308\Microsoft.Common.CurrentVersion.targets (175,5) 处重新分配属性: $(_DebugSymbolsProduced)=“true”(先前值:“false”)
       C:\Program Files\dotnet\sdk\9.0.308\Microsoft.Common.CurrentVersion.targets(185,5): message : 在 C:\Program Files\dotnet\sdk\9.0.308\Microsoft.Common.CurrentVersion.targets (185,5) 处重新分配属性: $(_DocumentationFileProduced)=“false”(先前值:“true”)
       C:\Program Files\dotnet\sdk\9.0.308\Microsoft.Common.CurrentVersion.targets(392,5): message : 在 C:\Program Files\dotnet\sdk\9.0.308\Microsoft.Common.CurrentVersion.targets (392,5) 处重新分配属性: $(MSBuildCopyMarkerName)=“CRM.Core.865559CE”(先前值:“CRM.Core.Tests.csproj”)
       C:\Program Files\dotnet\sdk\9.0.308\Microsoft.Common.CurrentVersion.targets(393,5): message : 在 C:\Program Files\dotnet\sdk\9.0.308\Microsoft.Common.CurrentVersion.targets (393,5) 处重新分配属性: $(MSBuildCopyMarkerName)=“CRM.Core.865559CE.Up2Date”(先前值:“CRM.Core.865559CE”)
       C:\Program Files\dotnet\sdk\9.0.308\Microsoft.Common.CurrentVersion.targets(541,5): message : 在 C:\Program Files\dotnet\sdk\9.0.308\Microsoft.Common.CurrentVersion.targets (541,5) 处重新分配属性: $(ProcessorArchitecture)=“msil”(先前值:“”)
       C:\Program Files\dotnet\sdk\9.0.308\Microsoft.Common.CurrentVersion.targets(580,5): message : 在 C:\Program Files\dotnet\sdk\9.0.308\Microsoft.Common.CurrentVersion.targets (580,5) 处重新分配属性: $(DelaySign)=“”(先前值:“false”)
       C:\Program Files\dotnet\sdk\9.0.308\Microsoft.Common.CurrentVersion.targets(2619,5): message : 值为“C:\Users\admin\AppData\Local”的属性“LOCALAPPDATA”从环境中展开。
       C:\Program Files\dotnet\sdk\9.0.308\Microsoft.Common.CurrentVersion.targets(3947,5): message : 在 C:\Program Files\dotnet\sdk\9.0.308\Microsoft.Common.CurrentVersion.targets (3947,5) 处重新分配属性: $(_SGenGenerateSerializationAssembliesConfig)=“Auto”(先前值:“”)
       C:\Program Files\dotnet\sdk\9.0.308\Microsoft.Common.CurrentVersion.targets(3948,5): message : 在 C:\Program Files\dotnet\sdk\9.0.308\Microsoft.Common.CurrentVersion.targets (3948,5) 处重新分配属性: $(_SGenGenerateSerializationAssembliesConfig)=“Off”(先前值:“Auto”)
       C:\Program Files\dotnet\sdk\9.0.308\Microsoft.Common.CurrentVersion.targets(5159,5): message : 在 C:\Program Files\dotnet\sdk\9.0.308\Microsoft.Common.CurrentVersion.targets (5159,5) 处重新分配属性: $(_TargetsThatPrepareProjectReferences)=“
       C:\Program Files\dotnet\sdk\9.0.308\Microsoft.Common.CurrentVersion.targets(5159,5): message :       AssignProjectConfiguration;
       C:\Program Files\dotnet\sdk\9.0.308\Microsoft.Common.CurrentVersion.targets(5159,5): message :       _SplitProjectReferencesByFileExistence
       C:\Program Files\dotnet\sdk\9.0.308\Microsoft.Common.CurrentVersion.targets(5159,5): message :     ”(先前值:“_SplitProjectReferencesByFileExistence”)
       C:\Program Files\dotnet\sdk\9.0.308\Microsoft.Common.CurrentVersion.targets(6954,5): message : 值为“C:\Program Files\dotnet\sdk\9.0.308”的属性“MSBuildExtensionsPath32”从环境中展开。
       C:\Users\admin\.nuget\packages\microsoft.codecoverage\18.3.0\build\netstandard2.0\Microsoft.CodeCoverage.targets(32,5): message : 在 C:\Users\admin\.nuget\packages\microsoft.codecoverage\18.3.0\build\netstandard2.0\Microsoft.CodeCoverage.targets (32,5) 处重新分配属性: $(_msCoverageSourceRootTargetName)=“InitializeSourceRootMappedPaths”(先前值:“MsCoverageGetPathMap”)
       C:\Users\admin\.nuget\packages\microsoft.net.test.sdk\18.3.0\build\net8.0\Microsoft.NET.Test.Sdk.targets(21,5): message : 在 C:\Users\admin\.nuget\packages\microsoft.net.test.sdk\18.3.0\build\net8.0\Microsoft.NET.Test.Sdk.targets (21,5) 处重新分配属性: $(OutputType)=“Exe”(先前值:“Library”)
       C:\Users\admin\.nuget\packages\coverlet.collector\8.0.0\build\net8.0\coverlet.collector.targets(32,5): message : 在 C:\Users\admin\.nuget\packages\coverlet.collector\8.0.0\build\net8.0\coverlet.collector.targets (32,5) 处重新分配属性: $(_CoverletSourceRootTargetName)=“InitializeSourceRootMappedPaths”(先前值:“CoverletGetPathMap”)
       C:\Program Files\dotnet\sdk\9.0.308\Sdks\Microsoft.NET.Sdk\targets\Microsoft.NET.Sdk.Common.targets(37,5): message : 在 C:\Program Files\dotnet\sdk\9.0.308\Sdks\Microsoft.NET.Sdk\targets\Microsoft.NET.Sdk.Common.targets (37,5) 处重新分配属性: $(HasRuntimeOutput)=“true”(先前值:“”)
       C:\Program Files\dotnet\sdk\9.0.308\Sdks\Microsoft.NET.Sdk\targets\Microsoft.PackageDependencyResolution.targets(29,5): message : 在 C:\Program Files\dotnet\sdk\9.0.308\Sdks\Microsoft.NET.Sdk\targets\Microsoft.PackageDependencyResolution.targets (29,5) 处重新分配属性: $(ProjectAssetsCacheFile)=“d:\MyProject\FrontCRM(C#)\tests\CRM.Core.Tests\obj\Debug\net9.0\CRM.Core.Tests.assets.cache”(先前值:“obj\Debug\net9.0\CRM.Core.Tests.assets.cache”)
       C:\Program Files\dotnet\sdk\9.0.308\Sdks\Microsoft.NET.Sdk\targets\Microsoft.PackageDependencyResolution.targets(80,5): message : 在 C:\Program Files\dotnet\sdk\9.0.308\Sdks\Microsoft.NET.Sdk\targets\Microsoft.PackageDependencyResolution.targets (80,5) 处重新分配属性: $(ResolveAssemblyReferencesDependsOn)=“
       C:\Program Files\dotnet\sdk\9.0.308\Sdks\Microsoft.NET.Sdk\targets\Microsoft.PackageDependencyResolution.targets(80,5): message :       
       C:\Program Files\dotnet\sdk\9.0.308\Sdks\Microsoft.NET.Sdk\targets\Microsoft.PackageDependencyResolution.targets(80,5): message :       ResolveProjectReferences;
       C:\Program Files\dotnet\sdk\9.0.308\Sdks\Microsoft.NET.Sdk\targets\Microsoft.PackageDependencyResolution.targets(80,5): message :       FindInvalidProjectReferences;
       C:\Program Files\dotnet\sdk\9.0.308\Sdks\Microsoft.NET.Sdk\targets\Microsoft.PackageDependencyResolution.targets(80,5): message :       GetFrameworkPaths;
       C:\Program Files\dotnet\sdk\9.0.308\Sdks\Microsoft.NET.Sdk\targets\Microsoft.PackageDependencyResolution.targets(80,5): message :       GetReferenceAssemblyPaths;
       C:\Program Files\dotnet\sdk\9.0.308\Sdks\Microsoft.NET.Sdk\targets\Microsoft.PackageDependencyResolution.targets(80,5): message :       PrepareForBuild;
       C:\Program Files\dotnet\sdk\9.0.308\Sdks\Microsoft.NET.Sdk\targets\Microsoft.PackageDependencyResolution.targets(80,5): message :       ResolveSDKReferences;
       C:\Program Files\dotnet\sdk\9.0.308\Sdks\Microsoft.NET.Sdk\targets\Microsoft.PackageDependencyResolution.targets(80,5): message :       ExpandSDKReferences;
       C:\Program Files\dotnet\sdk\9.0.308\Sdks\Microsoft.NET.Sdk\targets\Microsoft.PackageDependencyResolution.targets(80,5): message :     ;
       C:\Program Files\dotnet\sdk\9.0.308\Sdks\Microsoft.NET.Sdk\targets\Microsoft.PackageDependencyResolution.targets(80,5): message :       ResolvePackageDependenciesForBuild;
       C:\Program Files\dotnet\sdk\9.0.308\Sdks\Microsoft.NET.Sdk\targets\Microsoft.PackageDependencyResolution.targets(80,5): message :       _HandlePackageFileConflicts;
       C:\Program Files\dotnet\sdk\9.0.308\Sdks\Microsoft.NET.Sdk\targets\Microsoft.PackageDependencyResolution.targets(80,5): message :     ”(先前值:“
       C:\Program Files\dotnet\sdk\9.0.308\Sdks\Microsoft.NET.Sdk\targets\Microsoft.PackageDependencyResolution.targets(80,5): message :       ResolveProjectReferences;
       C:\Program Files\dotnet\sdk\9.0.308\Sdks\Microsoft.NET.Sdk\targets\Microsoft.PackageDependencyResolution.targets(80,5): message :       FindInvalidProjectReferences;
       C:\Program Files\dotnet\sdk\9.0.308\Sdks\Microsoft.NET.Sdk\targets\Microsoft.PackageDependencyResolution.targets(80,5): message :       GetFrameworkPaths;
       C:\Program Files\dotnet\sdk\9.0.308\Sdks\Microsoft.NET.Sdk\targets\Microsoft.PackageDependencyResolution.targets(80,5): message :       GetReferenceAssemblyPaths;
       C:\Program Files\dotnet\sdk\9.0.308\Sdks\Microsoft.NET.Sdk\targets\Microsoft.PackageDependencyResolution.targets(80,5): message :       PrepareForBuild;
       C:\Program Files\dotnet\sdk\9.0.308\Sdks\Microsoft.NET.Sdk\targets\Microsoft.PackageDependencyResolution.targets(80,5): message :       ResolveSDKReferences;
       C:\Program Files\dotnet\sdk\9.0.308\Sdks\Microsoft.NET.Sdk\targets\Microsoft.PackageDependencyResolution.targets(80,5): message :       ExpandSDKReferences;
       C:\Program Files\dotnet\sdk\9.0.308\Sdks\Microsoft.NET.Sdk\targets\Microsoft.PackageDependencyResolution.targets(80,5): message :     ”)
       C:\Program Files\dotnet\sdk\9.0.308\Sdks\Microsoft.NET.Sdk\targets\Microsoft.PackageDependencyResolution.targets(86,5): message : 在 C:\Program Files\dotnet\sdk\9.0.308\Sdks\Microsoft.NET.Sdk\targets\Microsoft.PackageDependencyResolution.targets (86,5) 处重新分配属性: $(PrepareResourcesDependsOn)=“
       C:\Program Files\dotnet\sdk\9.0.308\Sdks\Microsoft.NET.Sdk\targets\Microsoft.PackageDependencyResolution.targets(86,5): message :       ResolvePackageDependenciesForBuild;
       C:\Program Files\dotnet\sdk\9.0.308\Sdks\Microsoft.NET.Sdk\targets\Microsoft.PackageDependencyResolution.targets(86,5): message :       _HandlePackageFileConflicts;
       C:\Program Files\dotnet\sdk\9.0.308\Sdks\Microsoft.NET.Sdk\targets\Microsoft.PackageDependencyResolution.targets(86,5): message :       
       C:\Program Files\dotnet\sdk\9.0.308\Sdks\Microsoft.NET.Sdk\targets\Microsoft.PackageDependencyResolution.targets(86,5): message :       ;
       C:\Program Files\dotnet\sdk\9.0.308\Sdks\Microsoft.NET.Sdk\targets\Microsoft.PackageDependencyResolution.targets(86,5): message :       PrepareResourceNames;
       C:\Program Files\dotnet\sdk\9.0.308\Sdks\Microsoft.NET.Sdk\targets\Microsoft.PackageDependencyResolution.targets(86,5): message :       ResGen;
       C:\Program Files\dotnet\sdk\9.0.308\Sdks\Microsoft.NET.Sdk\targets\Microsoft.PackageDependencyResolution.targets(86,5): message :       CompileLicxFiles
       C:\Program Files\dotnet\sdk\9.0.308\Sdks\Microsoft.NET.Sdk\targets\Microsoft.PackageDependencyResolution.targets(86,5): message :     
       C:\Program Files\dotnet\sdk\9.0.308\Sdks\Microsoft.NET.Sdk\targets\Microsoft.PackageDependencyResolution.targets(86,5): message :     ”(先前值:“
       C:\Program Files\dotnet\sdk\9.0.308\Sdks\Microsoft.NET.Sdk\targets\Microsoft.PackageDependencyResolution.targets(86,5): message :       ;
       C:\Program Files\dotnet\sdk\9.0.308\Sdks\Microsoft.NET.Sdk\targets\Microsoft.PackageDependencyResolution.targets(86,5): message :       PrepareResourceNames;
       C:\Program Files\dotnet\sdk\9.0.308\Sdks\Microsoft.NET.Sdk\targets\Microsoft.PackageDependencyResolution.targets(86,5): message :       ResGen;
       C:\Program Files\dotnet\sdk\9.0.308\Sdks\Microsoft.NET.Sdk\targets\Microsoft.PackageDependencyResolution.targets(86,5): message :       CompileLicxFiles
       C:\Program Files\dotnet\sdk\9.0.308\Sdks\Microsoft.NET.Sdk\targets\Microsoft.PackageDependencyResolution.targets(86,5): message :     ”)
       C:\Program Files\dotnet\sdk\9.0.308\Sdks\Microsoft.NET.Sdk\targets\Microsoft.NET.Sdk.DefaultItems.targets(27,5): message : 在 C:\Program Files\dotnet\sdk\9.0.308\Sdks\Microsoft.NET.Sdk\targets\Microsoft.NET.Sdk.DefaultItems.targets (27,5) 处重新分配属性: $(DefaultItemExcludes)=“;bin\Debug\/**;obj\Debug\/**;bin\/**”(先前值:“;bin\Debug\/**;obj\Debug\/**”)
       C:\Program Files\dotnet\sdk\9.0.308\Sdks\Microsoft.NET.Sdk\targets\Microsoft.NET.Sdk.DefaultItems.targets(29,5): message : 在 C:\Program Files\dotnet\sdk\9.0.308\Sdks\Microsoft.NET.Sdk\targets\Microsoft.NET.Sdk.DefaultItems.targets (29,5) 处重新分配属性: $(DefaultItemExcludes)=“;bin\Debug\/**;obj\Debug\/**;bin\/**;obj\/**”(先前值:“;bin\Debug\/**;obj\Debug\/**;bin\/**”)
       C:\Program Files\dotnet\sdk\9.0.308\Sdks\Microsoft.NET.Sdk\targets\Microsoft.NET.Sdk.DefaultItems.targets(32,5): message : 在 C:\Program Files\dotnet\sdk\9.0.308\Sdks\Microsoft.NET.Sdk\targets\Microsoft.NET.Sdk.DefaultItems.targets (32,5) 处重新分配属性: $(DefaultItemExcludes)=“;bin\Debug\/**;obj\Debug\/**;bin\/**;obj\/**;**/*.user”(先前值:“;bin\Debug\/**;obj\Debug\/**;bin\/**;obj\/**”)
       C:\Program Files\dotnet\sdk\9.0.308\Sdks\Microsoft.NET.Sdk\targets\Microsoft.NET.Sdk.DefaultItems.targets(33,5): message : 在 C:\Program Files\dotnet\sdk\9.0.308\Sdks\Microsoft.NET.Sdk\targets\Microsoft.NET.Sdk.DefaultItems.targets (33,5) 处重新分配属性: $(DefaultItemExcludes)=“;bin\Debug\/**;obj\Debug\/**;bin\/**;obj\/**;**/*.user;**/*.*proj”(先前值:“;bin\Debug\/**;obj\Debug\/**;bin\/**;obj\/**;**/*.user”)
       C:\Program Files\dotnet\sdk\9.0.308\Sdks\Microsoft.NET.Sdk\targets\Microsoft.NET.Sdk.DefaultItems.targets(34,5): message : 在 C:\Program Files\dotnet\sdk\9.0.308\Sdks\Microsoft.NET.Sdk\targets\Microsoft.NET.Sdk.DefaultItems.targets (34,5) 处重新分配属性: $(DefaultItemExcludes)=“;bin\Debug\/**;obj\Debug\/**;bin\/**;obj\/**;**/*.user;**/*.*proj;**/*.sln”(先前值:“;bin\Debug\/**;obj\Debug\/**;bin\/**;obj\/**;**/*.user;**/*.*proj”)
       C:\Program Files\dotnet\sdk\9.0.308\Sdks\Microsoft.NET.Sdk\targets\Microsoft.NET.Sdk.DefaultItems.targets(35,5): message : 在 C:\Program Files\dotnet\sdk\9.0.308\Sdks\Microsoft.NET.Sdk\targets\Microsoft.NET.Sdk.DefaultItems.targets (35,5) 处重新分配属性: $(DefaultItemExcludes)=“;bin\Debug\/**;obj\Debug\/**;bin\/**;obj\/**;**/*.user;**/*.*proj;**/*.sln;**/*.slnx”(先前值:“;bin\Debug\/**;obj\Debug\/**;bin\/**;obj\/**;**/*.user;**/*.*proj;**/*.sln”)
       C:\Program Files\dotnet\sdk\9.0.308\Sdks\Microsoft.NET.Sdk\targets\Microsoft.NET.Sdk.DefaultItems.targets(36,5): message : 在 C:\Program Files\dotnet\sdk\9.0.308\Sdks\Microsoft.NET.Sdk\targets\Microsoft.NET.Sdk.DefaultItems.targets (36,5) 处重新分配属性: $(DefaultItemExcludes)=“;bin\Debug\/**;obj\Debug\/**;bin\/**;obj\/**;**/*.user;**/*.*proj;**/*.sln;**/*.slnx;**/*.vssscc”(先前值:“;bin\Debug\/**;obj\Debug\/**;bin\/**;obj\/**;**/*.user;**/*.*proj;**/*.sln;**/*.slnx”)
       C:\Program Files\dotnet\sdk\9.0.308\Sdks\Microsoft.NET.Sdk\targets\Microsoft.NET.Sdk.DefaultItems.targets(37,5): message : 在 C:\Program Files\dotnet\sdk\9.0.308\Sdks\Microsoft.NET.Sdk\targets\Microsoft.NET.Sdk.DefaultItems.targets (37,5) 处重新分配属性: $(DefaultItemExcludes)=“;bin\Debug\/**;obj\Debug\/**;bin\/**;obj\/**;**/*.user;**/*.*proj;**/*.sln;**/*.slnx;**/*.vssscc;**/.DS_Store”(先前值:“;bin\Debug\/**;obj\Debug\/**;bin\/**;obj\/**;**/*.user;**/*.*proj;**/*.sln;**/*.slnx;**/*.vssscc”)
       C:\Program Files\dotnet\sdk\9.0.308\Sdks\Microsoft.NET.Sdk\targets\Microsoft.NET.Sdk.FrameworkReferenceResolution.targets(14,5): message : 在 C:\Program Files\dotnet\sdk\9.0.308\Sdks\Microsoft.NET.Sdk\targets\Microsoft.NET.Sdk.FrameworkReferenceResolution.targets (14,5) 处重新分配属性: $(ResolveAssemblyReferencesDependsOn)=“
       C:\Program Files\dotnet\sdk\9.0.308\Sdks\Microsoft.NET.Sdk\targets\Microsoft.NET.Sdk.FrameworkReferenceResolution.targets(14,5): message :       
       C:\Program Files\dotnet\sdk\9.0.308\Sdks\Microsoft.NET.Sdk\targets\Microsoft.NET.Sdk.FrameworkReferenceResolution.targets(14,5): message :       
       C:\Program Files\dotnet\sdk\9.0.308\Sdks\Microsoft.NET.Sdk\targets\Microsoft.NET.Sdk.FrameworkReferenceResolution.targets(14,5): message :       ResolveProjectReferences;
       C:\Program Files\dotnet\sdk\9.0.308\Sdks\Microsoft.NET.Sdk\targets\Microsoft.NET.Sdk.FrameworkReferenceResolution.targets(14,5): message :       FindInvalidProjectReferences;
       C:\Program Files\dotnet\sdk\9.0.308\Sdks\Microsoft.NET.Sdk\targets\Microsoft.NET.Sdk.FrameworkReferenceResolution.targets(14,5): message :       GetFrameworkPaths;
       C:\Program Files\dotnet\sdk\9.0.308\Sdks\Microsoft.NET.Sdk\targets\Microsoft.NET.Sdk.FrameworkReferenceResolution.targets(14,5): message :       GetReferenceAssemblyPaths;
       C:\Program Files\dotnet\sdk\9.0.308\Sdks\Microsoft.NET.Sdk\targets\Microsoft.NET.Sdk.FrameworkReferenceResolution.targets(14,5): message :       PrepareForBuild;
       C:\Program Files\dotnet\sdk\9.0.308\Sdks\Microsoft.NET.Sdk\targets\Microsoft.NET.Sdk.FrameworkReferenceResolution.targets(14,5): message :       ResolveSDKReferences;
       C:\Program Files\dotnet\sdk\9.0.308\Sdks\Microsoft.NET.Sdk\targets\Microsoft.NET.Sdk.FrameworkReferenceResolution.targets(14,5): message :       ExpandSDKReferences;
       C:\Program Files\dotnet\sdk\9.0.308\Sdks\Microsoft.NET.Sdk\targets\Microsoft.NET.Sdk.FrameworkReferenceResolution.targets(14,5): message :     ;
       C:\Program Files\dotnet\sdk\9.0.308\Sdks\Microsoft.NET.Sdk\targets\Microsoft.NET.Sdk.FrameworkReferenceResolution.targets(14,5): message :       ResolvePackageDependenciesForBuild;
       C:\Program Files\dotnet\sdk\9.0.308\Sdks\Microsoft.NET.Sdk\targets\Microsoft.NET.Sdk.FrameworkReferenceResolution.targets(14,5): message :       _HandlePackageFileConflicts;
       C:\Program Files\dotnet\sdk\9.0.308\Sdks\Microsoft.NET.Sdk\targets\Microsoft.NET.Sdk.FrameworkReferenceResolution.targets(14,5): message :     ;
       C:\Program Files\dotnet\sdk\9.0.308\Sdks\Microsoft.NET.Sdk\targets\Microsoft.NET.Sdk.FrameworkReferenceResolution.targets(14,5): message :       ResolveTargetingPackAssets;
       C:\Program Files\dotnet\sdk\9.0.308\Sdks\Microsoft.NET.Sdk\targets\Microsoft.NET.Sdk.FrameworkReferenceResolution.targets(14,5): message :     ”(先前值:“
       C:\Program Files\dotnet\sdk\9.0.308\Sdks\Microsoft.NET.Sdk\targets\Microsoft.NET.Sdk.FrameworkReferenceResolution.targets(14,5): message :       
       C:\Program Files\dotnet\sdk\9.0.308\Sdks\Microsoft.NET.Sdk\targets\Microsoft.NET.Sdk.FrameworkReferenceResolution.targets(14,5): message :       ResolveProjectReferences;
       C:\Program Files\dotnet\sdk\9.0.308\Sdks\Microsoft.NET.Sdk\targets\Microsoft.NET.Sdk.FrameworkReferenceResolution.targets(14,5): message :       FindInvalidProjectReferences;
       C:\Program Files\dotnet\sdk\9.0.308\Sdks\Microsoft.NET.Sdk\targets\Microsoft.NET.Sdk.FrameworkReferenceResolution.targets(14,5): message :       GetFrameworkPaths;
       C:\Program Files\dotnet\sdk\9.0.308\Sdks\Microsoft.NET.Sdk\targets\Microsoft.NET.Sdk.FrameworkReferenceResolution.targets(14,5): message :       GetReferenceAssemblyPaths;
       C:\Program Files\dotnet\sdk\9.0.308\Sdks\Microsoft.NET.Sdk\targets\Microsoft.NET.Sdk.FrameworkReferenceResolution.targets(14,5): message :       PrepareForBuild;
       C:\Program Files\dotnet\sdk\9.0.308\Sdks\Microsoft.NET.Sdk\targets\Microsoft.NET.Sdk.FrameworkReferenceResolution.targets(14,5): message :       ResolveSDKReferences;
       C:\Program Files\dotnet\sdk\9.0.308\Sdks\Microsoft.NET.Sdk\targets\Microsoft.NET.Sdk.FrameworkReferenceResolution.targets(14,5): message :       ExpandSDKReferences;
       C:\Program Files\dotnet\sdk\9.0.308\Sdks\Microsoft.NET.Sdk\targets\Microsoft.NET.Sdk.FrameworkReferenceResolution.targets(14,5): message :     ;
       C:\Program Files\dotnet\sdk\9.0.308\Sdks\Microsoft.NET.Sdk\targets\Microsoft.NET.Sdk.FrameworkReferenceResolution.targets(14,5): message :       ResolvePackageDependenciesForBuild;
       C:\Program Files\dotnet\sdk\9.0.308\Sdks\Microsoft.NET.Sdk\targets\Microsoft.NET.Sdk.FrameworkReferenceResolution.targets(14,5): message :       _HandlePackageFileConflicts;
       C:\Program Files\dotnet\sdk\9.0.308\Sdks\Microsoft.NET.Sdk\targets\Microsoft.NET.Sdk.FrameworkReferenceResolution.targets(14,5): message :     ”)
       C:\Program Files\dotnet\sdk\9.0.308\Sdks\Microsoft.NET.Sdk\targets\Microsoft.NET.Sdk.targets(44,5): message : 在 C:\Program Files\dotnet\sdk\9.0.308\Sdks\Microsoft.NET.Sdk\targets\Microsoft.NET.Sdk.targets (44,5) 处重新分配属性: $(_GenerateRuntimeConfigurationPropertyInputsCache)=“d:\MyProject\FrontCRM(C#)\tests\CRM.Core.Tests\obj\Debug\net9.0\CRM.Core.Tests.genruntimeconfig.cache”(先前值:“obj\Debug\net9.0\CRM.Core.Tests.genruntimeconfig.cache”)
       C:\Program Files\dotnet\sdk\9.0.308\Sdks\Microsoft.NET.Sdk\targets\Microsoft.NET.Sdk.targets(46,5): message : 在 C:\Program Files\dotnet\sdk\9.0.308\Sdks\Microsoft.NET.Sdk\targets\Microsoft.NET.Sdk.targets (46,5) 处重新分配属性: $(_GeneratePublishDependencyFilePropertyInputsCache)=“d:\MyProject\FrontCRM(C#)\tests\CRM.Core.Tests\obj\Debug\net9.0\CRM.Core.Tests.genpublishdeps.cache”(先前值:“obj\Debug\net9.0\CRM.Core.Tests.genpublishdeps.cache”)
       C:\Program Files\dotnet\sdk\9.0.308\Sdks\Microsoft.NET.Sdk\targets\Microsoft.NET.Sdk.targets(48,5): message : 在 C:\Program Files\dotnet\sdk\9.0.308\Sdks\Microsoft.NET.Sdk\targets\Microsoft.NET.Sdk.targets (48,5) 处重新分配属性: $(_GenerateSingleFileBundlePropertyInputsCache)=“d:\MyProject\FrontCRM(C#)\tests\CRM.Core.Tests\obj\Debug\net9.0\CRM.Core.Tests.genbundle.cache”(先前值:“obj\Debug\net9.0\CRM.Core.Tests.genbundle.cache”)
       C:\Program Files\dotnet\sdk\9.0.308\Sdks\Microsoft.NET.Sdk\targets\Microsoft.NET.Sdk.targets(81,5): message : 在 C:\Program Files\dotnet\sdk\9.0.308\Sdks\Microsoft.NET.Sdk\targets\Microsoft.NET.Sdk.targets (81,5) 处重新分配属性: $(GenerateRuntimeConfigDevFile)=“false”(先前值:“true”)
       C:\Program Files\dotnet\sdk\9.0.308\Sdks\Microsoft.NET.Sdk\targets\Microsoft.NET.Sdk.targets(97,5): message : 在 C:\Program Files\dotnet\sdk\9.0.308\Sdks\Microsoft.NET.Sdk\targets\Microsoft.NET.Sdk.targets (97,5) 处重新分配属性: $(_DefaultUserProfileRuntimeStorePath)=“C:\Users\admin”(先前值:“”)
       C:\Program Files\dotnet\sdk\9.0.308\Sdks\Microsoft.NET.Sdk\targets\Microsoft.NET.Sdk.targets(98,5): message : 在 C:\Program Files\dotnet\sdk\9.0.308\Sdks\Microsoft.NET.Sdk\targets\Microsoft.NET.Sdk.targets (98,5) 处重新分配属性: $(_DefaultUserProfileRuntimeStorePath)=“C:\Users\admin\.dotnet\store”(先前值:“C:\Users\admin”)
       C:\Program Files\dotnet\sdk\9.0.308\Sdks\Microsoft.NET.Sdk\targets\Microsoft.NET.Sdk.targets(140,5): message : 在 C:\Program Files\dotnet\sdk\9.0.308\Sdks\Microsoft.NET.Sdk\targets\Microsoft.NET.Sdk.targets (140,5) 处重新分配属性: $(AvailablePlatforms)=“Any CPU,x86,x64,ARM32”(先前值:“Any CPU,x86,x64”)
       C:\Program Files\dotnet\sdk\9.0.308\Sdks\Microsoft.NET.Sdk\targets\Microsoft.NET.Sdk.targets(144,5): message : 在 C:\Program Files\dotnet\sdk\9.0.308\Sdks\Microsoft.NET.Sdk\targets\Microsoft.NET.Sdk.targets (144,5) 处重新分配属性: $(AvailablePlatforms)=“Any CPU,x86,x64,ARM32,ARM64”(先前值:“Any CPU,x86,x64,ARM32”)
       C:\Program Files\dotnet\sdk\9.0.308\Sdks\Microsoft.NET.Sdk\targets\Microsoft.NET.Sdk.targets(201,5): message : 在 C:\Program Files\dotnet\sdk\9.0.308\Sdks\Microsoft.NET.Sdk\targets\Microsoft.NET.Sdk.targets (201,5) 处重新分配属性: $(CoreBuildDependsOn)=“
       C:\Program Files\dotnet\sdk\9.0.308\Sdks\Microsoft.NET.Sdk\targets\Microsoft.NET.Sdk.targets(201,5): message :       _CheckForBuildWithNoBuild;
       C:\Program Files\dotnet\sdk\9.0.308\Sdks\Microsoft.NET.Sdk\targets\Microsoft.NET.Sdk.targets(201,5): message :       
       C:\Program Files\dotnet\sdk\9.0.308\Sdks\Microsoft.NET.Sdk\targets\Microsoft.NET.Sdk.targets(201,5): message :       BuildOnlySettings;
       C:\Program Files\dotnet\sdk\9.0.308\Sdks\Microsoft.NET.Sdk\targets\Microsoft.NET.Sdk.targets(201,5): message :       PrepareForBuild;
       C:\Program Files\dotnet\sdk\9.0.308\Sdks\Microsoft.NET.Sdk\targets\Microsoft.NET.Sdk.targets(201,5): message :       PreBuildEvent;
       C:\Program Files\dotnet\sdk\9.0.308\Sdks\Microsoft.NET.Sdk\targets\Microsoft.NET.Sdk.targets(201,5): message :       ResolveReferences;
       C:\Program Files\dotnet\sdk\9.0.308\Sdks\Microsoft.NET.Sdk\targets\Microsoft.NET.Sdk.targets(201,5): message :       PrepareResources;
       C:\Program Files\dotnet\sdk\9.0.308\Sdks\Microsoft.NET.Sdk\targets\Microsoft.NET.Sdk.targets(201,5): message :       ResolveKeySource;
       C:\Program Files\dotnet\sdk\9.0.308\Sdks\Microsoft.NET.Sdk\targets\Microsoft.NET.Sdk.targets(201,5): message :       Compile;
       C:\Program Files\dotnet\sdk\9.0.308\Sdks\Microsoft.NET.Sdk\targets\Microsoft.NET.Sdk.targets(201,5): message :       ExportWindowsMDFile;
       C:\Program Files\dotnet\sdk\9.0.308\Sdks\Microsoft.NET.Sdk\targets\Microsoft.NET.Sdk.targets(201,5): message :       UnmanagedUnregistration;
       C:\Program Files\dotnet\sdk\9.0.308\Sdks\Microsoft.NET.Sdk\targets\Microsoft.NET.Sdk.targets(201,5): message :       GenerateSerializationAssemblies;
       C:\Program Files\dotnet\sdk\9.0.308\Sdks\Microsoft.NET.Sdk\targets\Microsoft.NET.Sdk.targets(201,5): message :       CreateSatelliteAssemblies;
       C:\Program Files\dotnet\sdk\9.0.308\Sdks\Microsoft.NET.Sdk\targets\Microsoft.NET.Sdk.targets(201,5): message :       GenerateManifests;
       C:\Program Files\dotnet\sdk\9.0.308\Sdks\Microsoft.NET.Sdk\targets\Microsoft.NET.Sdk.targets(201,5): message :       GetTargetPath;
       C:\Program Files\dotnet\sdk\9.0.308\Sdks\Microsoft.NET.Sdk\targets\Microsoft.NET.Sdk.targets(201,5): message :       PrepareForRun;
       C:\Program Files\dotnet\sdk\9.0.308\Sdks\Microsoft.NET.Sdk\targets\Microsoft.NET.Sdk.targets(201,5): message :       UnmanagedRegistration;
       C:\Program Files\dotnet\sdk\9.0.308\Sdks\Microsoft.NET.Sdk\targets\Microsoft.NET.Sdk.targets(201,5): message :       IncrementalClean;
       C:\Program Files\dotnet\sdk\9.0.308\Sdks\Microsoft.NET.Sdk\targets\Microsoft.NET.Sdk.targets(201,5): message :       PostBuildEvent
       C:\Program Files\dotnet\sdk\9.0.308\Sdks\Microsoft.NET.Sdk\targets\Microsoft.NET.Sdk.targets(201,5): message :     ;
       C:\Program Files\dotnet\sdk\9.0.308\Sdks\Microsoft.NET.Sdk\targets\Microsoft.NET.Sdk.targets(201,5): message :       GenerateBuildDependencyFile;
       C:\Program Files\dotnet\sdk\9.0.308\Sdks\Microsoft.NET.Sdk\targets\Microsoft.NET.Sdk.targets(201,5): message :       GenerateBuildRuntimeConfigurationFiles
       C:\Program Files\dotnet\sdk\9.0.308\Sdks\Microsoft.NET.Sdk\targets\Microsoft.NET.Sdk.targets(201,5): message :     ”(先前值:“
       C:\Program Files\dotnet\sdk\9.0.308\Sdks\Microsoft.NET.Sdk\targets\Microsoft.NET.Sdk.targets(201,5): message :       BuildOnlySettings;
       C:\Program Files\dotnet\sdk\9.0.308\Sdks\Microsoft.NET.Sdk\targets\Microsoft.NET.Sdk.targets(201,5): message :       PrepareForBuild;
       C:\Program Files\dotnet\sdk\9.0.308\Sdks\Microsoft.NET.Sdk\targets\Microsoft.NET.Sdk.targets(201,5): message :       PreBuildEvent;
       C:\Program Files\dotnet\sdk\9.0.308\Sdks\Microsoft.NET.Sdk\targets\Microsoft.NET.Sdk.targets(201,5): message :       ResolveReferences;
       C:\Program Files\dotnet\sdk\9.0.308\Sdks\Microsoft.NET.Sdk\targets\Microsoft.NET.Sdk.targets(201,5): message :       PrepareResources;
       C:\Program Files\dotnet\sdk\9.0.308\Sdks\Microsoft.NET.Sdk\targets\Microsoft.NET.Sdk.targets(201,5): message :       ResolveKeySource;
       C:\Program Files\dotnet\sdk\9.0.308\Sdks\Microsoft.NET.Sdk\targets\Microsoft.NET.Sdk.targets(201,5): message :       Compile;
       C:\Program Files\dotnet\sdk\9.0.308\Sdks\Microsoft.NET.Sdk\targets\Microsoft.NET.Sdk.targets(201,5): message :       ExportWindowsMDFile;
       C:\Program Files\dotnet\sdk\9.0.308\Sdks\Microsoft.NET.Sdk\targets\Microsoft.NET.Sdk.targets(201,5): message :       UnmanagedUnregistration;
       C:\Program Files\dotnet\sdk\9.0.308\Sdks\Microsoft.NET.Sdk\targets\Microsoft.NET.Sdk.targets(201,5): message :       GenerateSerializationAssemblies;
       C:\Program Files\dotnet\sdk\9.0.308\Sdks\Microsoft.NET.Sdk\targets\Microsoft.NET.Sdk.targets(201,5): message :       CreateSatelliteAssemblies;
       C:\Program Files\dotnet\sdk\9.0.308\Sdks\Microsoft.NET.Sdk\targets\Microsoft.NET.Sdk.targets(201,5): message :       GenerateManifests;
       C:\Program Files\dotnet\sdk\9.0.308\Sdks\Microsoft.NET.Sdk\targets\Microsoft.NET.Sdk.targets(201,5): message :       GetTargetPath;
       C:\Program Files\dotnet\sdk\9.0.308\Sdks\Microsoft.NET.Sdk\targets\Microsoft.NET.Sdk.targets(201,5): message :       PrepareForRun;
       C:\Program Files\dotnet\sdk\9.0.308\Sdks\Microsoft.NET.Sdk\targets\Microsoft.NET.Sdk.targets(201,5): message :       UnmanagedRegistration;
       C:\Program Files\dotnet\sdk\9.0.308\Sdks\Microsoft.NET.Sdk\targets\Microsoft.NET.Sdk.targets(201,5): message :       IncrementalClean;
       C:\Program Files\dotnet\sdk\9.0.308\Sdks\Microsoft.NET.Sdk\targets\Microsoft.NET.Sdk.targets(201,5): message :       PostBuildEvent
       C:\Program Files\dotnet\sdk\9.0.308\Sdks\Microsoft.NET.Sdk\targets\Microsoft.NET.Sdk.targets(201,5): message :     ”)
       C:\Program Files\dotnet\sdk\9.0.308\Sdks\Microsoft.NET.Sdk\targets\Microsoft.NET.Sdk.targets(210,5): message : 在 C:\Program Files\dotnet\sdk\9.0.308\Sdks\Microsoft.NET.Sdk\targets\Microsoft.NET.Sdk.targets (210,5) 处重新分配属性: $(CoreCleanDependsOn)=“
       C:\Program Files\dotnet\sdk\9.0.308\Sdks\Microsoft.NET.Sdk\targets\Microsoft.NET.Sdk.targets(210,5): message :       _SdkBeforeClean;
       C:\Program Files\dotnet\sdk\9.0.308\Sdks\Microsoft.NET.Sdk\targets\Microsoft.NET.Sdk.targets(210,5): message :       
       C:\Program Files\dotnet\sdk\9.0.308\Sdks\Microsoft.NET.Sdk\targets\Microsoft.NET.Sdk.targets(210,5): message :     ”(先前值:“”)
       C:\Program Files\dotnet\sdk\9.0.308\Sdks\Microsoft.NET.Sdk\targets\Microsoft.NET.Sdk.targets(217,5): message : 在 C:\Program Files\dotnet\sdk\9.0.308\Sdks\Microsoft.NET.Sdk\targets\Microsoft.NET.Sdk.targets (217,5) 处重新分配属性: $(RebuildDependsOn)=“
       C:\Program Files\dotnet\sdk\9.0.308\Sdks\Microsoft.NET.Sdk\targets\Microsoft.NET.Sdk.targets(217,5): message :       _SdkBeforeRebuild;
       C:\Program Files\dotnet\sdk\9.0.308\Sdks\Microsoft.NET.Sdk\targets\Microsoft.NET.Sdk.targets(217,5): message :       
       C:\Program Files\dotnet\sdk\9.0.308\Sdks\Microsoft.NET.Sdk\targets\Microsoft.NET.Sdk.targets(217,5): message :       BeforeRebuild;
       C:\Program Files\dotnet\sdk\9.0.308\Sdks\Microsoft.NET.Sdk\targets\Microsoft.NET.Sdk.targets(217,5): message :       Clean;
       C:\Program Files\dotnet\sdk\9.0.308\Sdks\Microsoft.NET.Sdk\targets\Microsoft.NET.Sdk.targets(217,5): message :       Build;
       C:\Program Files\dotnet\sdk\9.0.308\Sdks\Microsoft.NET.Sdk\targets\Microsoft.NET.Sdk.targets(217,5): message :       AfterRebuild;
       C:\Program Files\dotnet\sdk\9.0.308\Sdks\Microsoft.NET.Sdk\targets\Microsoft.NET.Sdk.targets(217,5): message :     
       C:\Program Files\dotnet\sdk\9.0.308\Sdks\Microsoft.NET.Sdk\targets\Microsoft.NET.Sdk.targets(217,5): message :     ”(先前值:“
       C:\Program Files\dotnet\sdk\9.0.308\Sdks\Microsoft.NET.Sdk\targets\Microsoft.NET.Sdk.targets(217,5): message :       BeforeRebuild;
       C:\Program Files\dotnet\sdk\9.0.308\Sdks\Microsoft.NET.Sdk\targets\Microsoft.NET.Sdk.targets(217,5): message :       Clean;
       C:\Program Files\dotnet\sdk\9.0.308\Sdks\Microsoft.NET.Sdk\targets\Microsoft.NET.Sdk.targets(217,5): message :       Build;
       C:\Program Files\dotnet\sdk\9.0.308\Sdks\Microsoft.NET.Sdk\targets\Microsoft.NET.Sdk.targets(217,5): message :       AfterRebuild;
       C:\Program Files\dotnet\sdk\9.0.308\Sdks\Microsoft.NET.Sdk\targets\Microsoft.NET.Sdk.targets(217,5): message :     ”)
       C:\Program Files\dotnet\sdk\9.0.308\Sdks\Microsoft.NET.Sdk\targets\Microsoft.NET.Sdk.targets(784,5): message : 在 C:\Program Files\dotnet\sdk\9.0.308\Sdks\Microsoft.NET.Sdk\targets\Microsoft.NET.Sdk.targets (784,5) 处重新分配属性: $(CompileDependsOn)=“
       C:\Program Files\dotnet\sdk\9.0.308\Sdks\Microsoft.NET.Sdk\targets\Microsoft.NET.Sdk.targets(784,5): message :       
       C:\Program Files\dotnet\sdk\9.0.308\Sdks\Microsoft.NET.Sdk\targets\Microsoft.NET.Sdk.targets(784,5): message :       ResolveReferences;
       C:\Program Files\dotnet\sdk\9.0.308\Sdks\Microsoft.NET.Sdk\targets\Microsoft.NET.Sdk.targets(784,5): message :       ResolveKeySource;
       C:\Program Files\dotnet\sdk\9.0.308\Sdks\Microsoft.NET.Sdk\targets\Microsoft.NET.Sdk.targets(784,5): message :       SetWin32ManifestProperties;
       C:\Program Files\dotnet\sdk\9.0.308\Sdks\Microsoft.NET.Sdk\targets\Microsoft.NET.Sdk.targets(784,5): message :       _SetPreferNativeArm64Win32ManifestProperties;
       C:\Program Files\dotnet\sdk\9.0.308\Sdks\Microsoft.NET.Sdk\targets\Microsoft.NET.Sdk.targets(784,5): message :       FindReferenceAssembliesForReferences;
       C:\Program Files\dotnet\sdk\9.0.308\Sdks\Microsoft.NET.Sdk\targets\Microsoft.NET.Sdk.targets(784,5): message :       _GenerateCompileInputs;
       C:\Program Files\dotnet\sdk\9.0.308\Sdks\Microsoft.NET.Sdk\targets\Microsoft.NET.Sdk.targets(784,5): message :       BeforeCompile;
       C:\Program Files\dotnet\sdk\9.0.308\Sdks\Microsoft.NET.Sdk\targets\Microsoft.NET.Sdk.targets(784,5): message :       _TimeStampBeforeCompile;
       C:\Program Files\dotnet\sdk\9.0.308\Sdks\Microsoft.NET.Sdk\targets\Microsoft.NET.Sdk.targets(784,5): message :       _GenerateCompileDependencyCache;
       C:\Program Files\dotnet\sdk\9.0.308\Sdks\Microsoft.NET.Sdk\targets\Microsoft.NET.Sdk.targets(784,5): message :       CoreCompile;
       C:\Program Files\dotnet\sdk\9.0.308\Sdks\Microsoft.NET.Sdk\targets\Microsoft.NET.Sdk.targets(784,5): message :       _TimeStampAfterCompile;
       C:\Program Files\dotnet\sdk\9.0.308\Sdks\Microsoft.NET.Sdk\targets\Microsoft.NET.Sdk.targets(784,5): message :       AfterCompile;
       C:\Program Files\dotnet\sdk\9.0.308\Sdks\Microsoft.NET.Sdk\targets\Microsoft.NET.Sdk.targets(784,5): message :     ;
       C:\Program Files\dotnet\sdk\9.0.308\Sdks\Microsoft.NET.Sdk\targets\Microsoft.NET.Sdk.targets(784,5): message :       _CreateAppHost;
       C:\Program Files\dotnet\sdk\9.0.308\Sdks\Microsoft.NET.Sdk\targets\Microsoft.NET.Sdk.targets(784,5): message :       _CreateComHost;
       C:\Program Files\dotnet\sdk\9.0.308\Sdks\Microsoft.NET.Sdk\targets\Microsoft.NET.Sdk.targets(784,5): message :       _GetIjwHostPaths;
       C:\Program Files\dotnet\sdk\9.0.308\Sdks\Microsoft.NET.Sdk\targets\Microsoft.NET.Sdk.targets(784,5): message :     ”(先前值:“
       C:\Program Files\dotnet\sdk\9.0.308\Sdks\Microsoft.NET.Sdk\targets\Microsoft.NET.Sdk.targets(784,5): message :       ResolveReferences;
       C:\Program Files\dotnet\sdk\9.0.308\Sdks\Microsoft.NET.Sdk\targets\Microsoft.NET.Sdk.targets(784,5): message :       ResolveKeySource;
       C:\Program Files\dotnet\sdk\9.0.308\Sdks\Microsoft.NET.Sdk\targets\Microsoft.NET.Sdk.targets(784,5): message :       SetWin32ManifestProperties;
       C:\Program Files\dotnet\sdk\9.0.308\Sdks\Microsoft.NET.Sdk\targets\Microsoft.NET.Sdk.targets(784,5): message :       _SetPreferNativeArm64Win32ManifestProperties;
       C:\Program Files\dotnet\sdk\9.0.308\Sdks\Microsoft.NET.Sdk\targets\Microsoft.NET.Sdk.targets(784,5): message :       FindReferenceAssembliesForReferences;
       C:\Program Files\dotnet\sdk\9.0.308\Sdks\Microsoft.NET.Sdk\targets\Microsoft.NET.Sdk.targets(784,5): message :       _GenerateCompileInputs;
       C:\Program Files\dotnet\sdk\9.0.308\Sdks\Microsoft.NET.Sdk\targets\Microsoft.NET.Sdk.targets(784,5): message :       BeforeCompile;
       C:\Program Files\dotnet\sdk\9.0.308\Sdks\Microsoft.NET.Sdk\targets\Microsoft.NET.Sdk.targets(784,5): message :       _TimeStampBeforeCompile;
       C:\Program Files\dotnet\sdk\9.0.308\Sdks\Microsoft.NET.Sdk\targets\Microsoft.NET.Sdk.targets(784,5): message :       _GenerateCompileDependencyCache;
       C:\Program Files\dotnet\sdk\9.0.308\Sdks\Microsoft.NET.Sdk\targets\Microsoft.NET.Sdk.targets(784,5): message :       CoreCompile;
       C:\Program Files\dotnet\sdk\9.0.308\Sdks\Microsoft.NET.Sdk\targets\Microsoft.NET.Sdk.targets(784,5): message :       _TimeStampAfterCompile;
       C:\Program Files\dotnet\sdk\9.0.308\Sdks\Microsoft.NET.Sdk\targets\Microsoft.NET.Sdk.targets(784,5): message :       AfterCompile;
       C:\Program Files\dotnet\sdk\9.0.308\Sdks\Microsoft.NET.Sdk\targets\Microsoft.NET.Sdk.targets(784,5): message :     ”)
       C:\Program Files\dotnet\sdk\9.0.308\Sdks\Microsoft.NET.Sdk\targets\Microsoft.NET.Sdk.targets(1184,5): message : 在 C:\Program Files\dotnet\sdk\9.0.308\Sdks\Microsoft.NET.Sdk\targets\Microsoft.NET.Sdk.targets (1184,5) 处重新分配属性: $(CreateSatelliteAssembliesDependsOn)=“
       C:\Program Files\dotnet\sdk\9.0.308\Sdks\Microsoft.NET.Sdk\targets\Microsoft.NET.Sdk.targets(1184,5): message :       
       C:\Program Files\dotnet\sdk\9.0.308\Sdks\Microsoft.NET.Sdk\targets\Microsoft.NET.Sdk.targets(1184,5): message :       ;
       C:\Program Files\dotnet\sdk\9.0.308\Sdks\Microsoft.NET.Sdk\targets\Microsoft.NET.Sdk.targets(1184,5): message :       _GenerateSatelliteAssemblyInputs;
       C:\Program Files\dotnet\sdk\9.0.308\Sdks\Microsoft.NET.Sdk\targets\Microsoft.NET.Sdk.targets(1184,5): message :       ComputeIntermediateSatelliteAssemblies;
       C:\Program Files\dotnet\sdk\9.0.308\Sdks\Microsoft.NET.Sdk\targets\Microsoft.NET.Sdk.targets(1184,5): message :       GenerateSatelliteAssemblies
       C:\Program Files\dotnet\sdk\9.0.308\Sdks\Microsoft.NET.Sdk\targets\Microsoft.NET.Sdk.targets(1184,5): message :     ;
       C:\Program Files\dotnet\sdk\9.0.308\Sdks\Microsoft.NET.Sdk\targets\Microsoft.NET.Sdk.targets(1184,5): message :       CoreGenerateSatelliteAssemblies
       C:\Program Files\dotnet\sdk\9.0.308\Sdks\Microsoft.NET.Sdk\targets\Microsoft.NET.Sdk.targets(1184,5): message :     ”(先前值:“
       C:\Program Files\dotnet\sdk\9.0.308\Sdks\Microsoft.NET.Sdk\targets\Microsoft.NET.Sdk.targets(1184,5): message :       ;
       C:\Program Files\dotnet\sdk\9.0.308\Sdks\Microsoft.NET.Sdk\targets\Microsoft.NET.Sdk.targets(1184,5): message :       _GenerateSatelliteAssemblyInputs;
       C:\Program Files\dotnet\sdk\9.0.308\Sdks\Microsoft.NET.Sdk\targets\Microsoft.NET.Sdk.targets(1184,5): message :       ComputeIntermediateSatelliteAssemblies;
       C:\Program Files\dotnet\sdk\9.0.308\Sdks\Microsoft.NET.Sdk\targets\Microsoft.NET.Sdk.targets(1184,5): message :       GenerateSatelliteAssemblies
       C:\Program Files\dotnet\sdk\9.0.308\Sdks\Microsoft.NET.Sdk\targets\Microsoft.NET.Sdk.targets(1184,5): message :     ”)
       C:\Program Files\dotnet\sdk\9.0.308\Sdks\Microsoft.SourceLink.GitLab\build\Microsoft.SourceLink.GitLab.targets(12,5): message : 在 C:\Program Files\dotnet\sdk\9.0.308\Sdks\Microsoft.SourceLink.GitLab\build\Microsoft.SourceLink.GitLab.targets (12,5) 处重新分配属性: $(SourceLinkUrlInitializerTargets)=“;_InitializeGitHubSourceLinkUrl;_InitializeGitLabSourceLinkUrl”(先前值:“;_InitializeGitHubSourceLinkUrl”)
       C:\Program Files\dotnet\sdk\9.0.308\Sdks\Microsoft.SourceLink.GitLab\build\Microsoft.SourceLink.GitLab.targets(13,5): message : 在 C:\Program Files\dotnet\sdk\9.0.308\Sdks\Microsoft.SourceLink.GitLab\build\Microsoft.SourceLink.GitLab.targets (13,5) 处重新分配属性: $(SourceControlManagerUrlTranslationTargets)=“;TranslateGitHubUrlsInSourceControlInformation;TranslateGitLabUrlsInSourceControlInformation”(先前值:“;TranslateGitHubUrlsInSourceControlInformation”)
       C:\Program Files\dotnet\sdk\9.0.308\Sdks\Microsoft.SourceLink.AzureRepos.Git\build\Microsoft.SourceLink.AzureRepos.Git.targets(12,5): message : 在 C:\Program Files\dotnet\sdk\9.0.308\Sdks\Microsoft.SourceLink.AzureRepos.Git\build\Microsoft.SourceLink.AzureRepos.Git.targets (12,5) 处重新分配属性: $(SourceLinkUrlInitializerTargets)=“;_InitializeGitHubSourceLinkUrl;_InitializeGitLabSourceLinkUrl;_InitializeAzureReposGitSourceLinkUrl”(先前值:“;_InitializeGitHubSourceLinkUrl;_InitializeGitLabSourceLinkUrl”)
       C:\Program Files\dotnet\sdk\9.0.308\Sdks\Microsoft.SourceLink.AzureRepos.Git\build\Microsoft.SourceLink.AzureRepos.Git.targets(13,5): message : 在 C:\Program Files\dotnet\sdk\9.0.308\Sdks\Microsoft.SourceLink.AzureRepos.Git\build\Microsoft.SourceLink.AzureRepos.Git.targets (13,5) 处重新分配属性: $(SourceControlManagerUrlTranslationTargets)=“;TranslateGitHubUrlsInSourceControlInformation;TranslateGitLabUrlsInSourceControlInformation;TranslateAzureReposGitUrlsInSourceControlInformation”(先前值:“;TranslateGitHubUrlsInSourceControlInformation;TranslateGitLabUrlsInSourceControlInformation”)
       C:\Program Files\dotnet\sdk\9.0.308\Sdks\Microsoft.SourceLink.Bitbucket.Git\build\Microsoft.SourceLink.Bitbucket.Git.targets(12,5): message : 在 C:\Program Files\dotnet\sdk\9.0.308\Sdks\Microsoft.SourceLink.Bitbucket.Git\build\Microsoft.SourceLink.Bitbucket.Git.targets (12,5) 处重新分配属性: $(SourceLinkUrlInitializerTargets)=“;_InitializeGitHubSourceLinkUrl;_InitializeGitLabSourceLinkUrl;_InitializeAzureReposGitSourceLinkUrl;_InitializeBitbucketGitSourceLinkUrl”(先前值:“;_InitializeGitHubSourceLinkUrl;_InitializeGitLabSourceLinkUrl;_InitializeAzureReposGitSourceLinkUrl”)
       C:\Program Files\dotnet\sdk\9.0.308\Sdks\Microsoft.SourceLink.Bitbucket.Git\build\Microsoft.SourceLink.Bitbucket.Git.targets(13,5): message : 在 C:\Program Files\dotnet\sdk\9.0.308\Sdks\Microsoft.SourceLink.Bitbucket.Git\build\Microsoft.SourceLink.Bitbucket.Git.targets (13,5) 处重新分配属性: $(SourceControlManagerUrlTranslationTargets)=“;TranslateGitHubUrlsInSourceControlInformation;TranslateGitLabUrlsInSourceControlInformation;TranslateAzureReposGitUrlsInSourceControlInformation;TranslateBitbucketGitUrlsInSourceControlInformation”(先前值:“;TranslateGitHubUrlsInSourceControlInformation;TranslateGitLabUrlsInSourceControlInformation;TranslateAzureReposGitUrlsInSourceControlInformation”)
       C:\Program Files\dotnet\sdk\9.0.308\Sdks\Microsoft.NET.Sdk\targets\Microsoft.NET.DesignerSupport.targets(21,5): message : 在 C:\Program Files\dotnet\sdk\9.0.308\Sdks\Microsoft.NET.Sdk\targets\Microsoft.NET.DesignerSupport.targets (21,5) 处重新分配属性: $(DesignerRuntimeImplementationProjectOutputGroupDependsOn)=“
       C:\Program Files\dotnet\sdk\9.0.308\Sdks\Microsoft.NET.Sdk\targets\Microsoft.NET.DesignerSupport.targets(21,5): message :       
       C:\Program Files\dotnet\sdk\9.0.308\Sdks\Microsoft.NET.Sdk\targets\Microsoft.NET.DesignerSupport.targets(21,5): message :       ;
       C:\Program Files\dotnet\sdk\9.0.308\Sdks\Microsoft.NET.Sdk\targets\Microsoft.NET.DesignerSupport.targets(21,5): message :       
       C:\Program Files\dotnet\sdk\9.0.308\Sdks\Microsoft.NET.Sdk\targets\Microsoft.NET.DesignerSupport.targets(21,5): message :       ;
       C:\Program Files\dotnet\sdk\9.0.308\Sdks\Microsoft.NET.Sdk\targets\Microsoft.NET.DesignerSupport.targets(21,5): message :       BuildOnlySettings;
       C:\Program Files\dotnet\sdk\9.0.308\Sdks\Microsoft.NET.Sdk\targets\Microsoft.NET.DesignerSupport.targets(21,5): message :       PrepareForBuild;
       C:\Program Files\dotnet\sdk\9.0.308\Sdks\Microsoft.NET.Sdk\targets\Microsoft.NET.DesignerSupport.targets(21,5): message :       AssignTargetPaths;
       C:\Program Files\dotnet\sdk\9.0.308\Sdks\Microsoft.NET.Sdk\targets\Microsoft.NET.DesignerSupport.targets(21,5): message :       ResolveReferences
       C:\Program Files\dotnet\sdk\9.0.308\Sdks\Microsoft.NET.Sdk\targets\Microsoft.NET.DesignerSupport.targets(21,5): message :     
       C:\Program Files\dotnet\sdk\9.0.308\Sdks\Microsoft.NET.Sdk\targets\Microsoft.NET.DesignerSupport.targets(21,5): message :     ;
       C:\Program Files\dotnet\sdk\9.0.308\Sdks\Microsoft.NET.Sdk\targets\Microsoft.NET.DesignerSupport.targets(21,5): message :       _GenerateDesignerDepsFile;
       C:\Program Files\dotnet\sdk\9.0.308\Sdks\Microsoft.NET.Sdk\targets\Microsoft.NET.DesignerSupport.targets(21,5): message :       _GenerateDesignerRuntimeConfigFile;
       C:\Program Files\dotnet\sdk\9.0.308\Sdks\Microsoft.NET.Sdk\targets\Microsoft.NET.DesignerSupport.targets(21,5): message :       GetCopyToOutputDirectoryItems;
       C:\Program Files\dotnet\sdk\9.0.308\Sdks\Microsoft.NET.Sdk\targets\Microsoft.NET.DesignerSupport.targets(21,5): message :       _GatherDesignerShadowCopyFiles;
       C:\Program Files\dotnet\sdk\9.0.308\Sdks\Microsoft.NET.Sdk\targets\Microsoft.NET.DesignerSupport.targets(21,5): message :     ”(先前值:“
       C:\Program Files\dotnet\sdk\9.0.308\Sdks\Microsoft.NET.Sdk\targets\Microsoft.NET.DesignerSupport.targets(21,5): message :       ;
       C:\Program Files\dotnet\sdk\9.0.308\Sdks\Microsoft.NET.Sdk\targets\Microsoft.NET.DesignerSupport.targets(21,5): message :       
       C:\Program Files\dotnet\sdk\9.0.308\Sdks\Microsoft.NET.Sdk\targets\Microsoft.NET.DesignerSupport.targets(21,5): message :       ;
       C:\Program Files\dotnet\sdk\9.0.308\Sdks\Microsoft.NET.Sdk\targets\Microsoft.NET.DesignerSupport.targets(21,5): message :       BuildOnlySettings;
       C:\Program Files\dotnet\sdk\9.0.308\Sdks\Microsoft.NET.Sdk\targets\Microsoft.NET.DesignerSupport.targets(21,5): message :       PrepareForBuild;
       C:\Program Files\dotnet\sdk\9.0.308\Sdks\Microsoft.NET.Sdk\targets\Microsoft.NET.DesignerSupport.targets(21,5): message :       AssignTargetPaths;
       C:\Program Files\dotnet\sdk\9.0.308\Sdks\Microsoft.NET.Sdk\targets\Microsoft.NET.DesignerSupport.targets(21,5): message :       ResolveReferences
       C:\Program Files\dotnet\sdk\9.0.308\Sdks\Microsoft.NET.Sdk\targets\Microsoft.NET.DesignerSupport.targets(21,5): message :     
       C:\Program Files\dotnet\sdk\9.0.308\Sdks\Microsoft.NET.Sdk\targets\Microsoft.NET.DesignerSupport.targets(21,5): message :     ”)
       C:\Program Files\dotnet\sdk\9.0.308\Sdks\Microsoft.NET.Sdk\targets\Microsoft.NET.PackTool.targets(68,5): message : 在 C:\Program Files\dotnet\sdk\9.0.308\Sdks\Microsoft.NET.Sdk\targets\Microsoft.NET.PackTool.targets (68,5) 处重新分配属性: $(_GenerateToolsSettingsFileCacheFile)=“d:\MyProject\FrontCRM(C#)\tests\CRM.Core.Tests\obj\Debug\net9.0\CRM.Core.Tests.toolssettingsinput.cache”(先前值:“obj\Debug\net9.0\CRM.Core.Tests.toolssettingsinput.cache”)
       C:\Program Files\dotnet\sdk\9.0.308\Sdks\Microsoft.NET.Sdk\targets\Microsoft.NET.PackTool.targets(137,5): message : 在 C:\Program Files\dotnet\sdk\9.0.308\Sdks\Microsoft.NET.Sdk\targets\Microsoft.NET.PackTool.targets (137,5) 处重新分配属性: $(_ShimInputCacheFile)=“d:\MyProject\FrontCRM(C#)\tests\CRM.Core.Tests\obj\Debug\net9.0\CRM.Core.Tests.shiminput.cache”(先前值:“obj\Debug\net9.0\CRM.Core.Tests.shiminput.cache”)
       C:\Program Files\dotnet\sdk\9.0.308\Sdks\Microsoft.NET.Sdk\targets\Microsoft.NET.PackTool.targets(139,5): message : 在 C:\Program Files\dotnet\sdk\9.0.308\Sdks\Microsoft.NET.Sdk\targets\Microsoft.NET.PackTool.targets (139,5) 处重新分配属性: $(_ShimCreatedSentinelFile)=“d:\MyProject\FrontCRM(C#)\tests\CRM.Core.Tests\obj\Debug\net9.0\CRM.Core.Tests.shimcreated.sentinel”(先前值:“obj\Debug\net9.0\CRM.Core.Tests.shimcreated.sentinel”)
       C:\Program Files\dotnet\sdk\9.0.308\Sdks\Microsoft.NET.Sdk\targets\Microsoft.NET.Sdk.CSharp.targets(31,5): message : 在 C:\Program Files\dotnet\sdk\9.0.308\Sdks\Microsoft.NET.Sdk\targets\Microsoft.NET.Sdk.CSharp.targets (31,5) 处重新分配属性: $(DefineConstants)=“TRACE;DEBUG”(先前值:“TRACE”)
       C:\Program Files\dotnet\sdk\9.0.308\Sdks\Microsoft.NET.Sdk\targets\Microsoft.NET.Sdk.CSharp.targets(34,5): message : 在 C:\Program Files\dotnet\sdk\9.0.308\Sdks\Microsoft.NET.Sdk\targets\Microsoft.NET.Sdk.CSharp.targets (34,5) 处重新分配属性: $(DefineConstants)=“TRACE;DEBUG;NET;NET9_0;NETCOREAPP”(先前值:“TRACE;DEBUG”)
       C:\Program Files\dotnet\sdk\9.0.308\Sdks\Microsoft.NET.Sdk\targets\Microsoft.NET.Sdk.CSharp.targets(48,5): message : 在 C:\Program Files\dotnet\sdk\9.0.308\Sdks\Microsoft.NET.Sdk\targets\Microsoft.NET.Sdk.CSharp.targets (48,5) 处重新分配属性: $(WarningsAsErrors)=“;NU1605;SYSLIB0011”(先前值:“;NU1605”)
       C:\Program Files\dotnet\sdk\9.0.308\Sdks\NuGet.Build.Tasks.Pack\build\NuGet.Build.Tasks.Pack.targets(34,5): message : 在 C:\Program Files\dotnet\sdk\9.0.308\Sdks\NuGet.Build.Tasks.Pack\build\NuGet.Build.Tasks.Pack.targets (34,5) 处重新分配属性: $(PackageDescription)=“Package Description”(先前值:“”)
       C:\Program Files\dotnet\sdk\9.0.308\Sdks\NuGet.Build.Tasks.Pack\build\NuGet.Build.Tasks.Pack.targets(59,5): message : 在 C:\Program Files\dotnet\sdk\9.0.308\Sdks\NuGet.Build.Tasks.Pack\build\NuGet.Build.Tasks.Pack.targets (59,5) 处重新分配属性: $(GenerateNuspecDependsOn)=“Build;_LoadPackInputItems; _GetTargetFrameworksOutput; _WalkEachTargetPerFramework; _GetPackageFiles; ”(先前值:“_LoadPackInputItems; _GetTargetFrameworksOutput; _WalkEachTargetPerFramework; _GetPackageFiles; ”)
       C:\Program Files\dotnet\sdk\9.0.308\Sdks\Microsoft.NET.Sdk\Sdk\Sdk.targets(60,5): message : 在 C:\Program Files\dotnet\sdk\9.0.308\Sdks\Microsoft.NET.Sdk\Sdk\Sdk.targets (60,5) 处重新分配属性: $(_IsNotSetContainersTargetsDir)=“true”(先前值:“false”)
       C:\Program Files\dotnet\sdk\9.0.308\Containers\build\Microsoft.NET.Build.Containers.targets(5,5): message : 在 C:\Program Files\dotnet\sdk\9.0.308\Containers\build\Microsoft.NET.Build.Containers.targets (5,5) 处重新分配属性: $(_IsSDKContainerAllowedVersion)=“true”(先前值:“false”)
       C:\Program Files\dotnet\sdk\9.0.308\Containers\build\Microsoft.NET.Build.Containers.targets(15,5): message : 在 C:\Program Files\dotnet\sdk\9.0.308\Containers\build\Microsoft.NET.Build.Containers.targets (15,5) 处重新分配属性: $(_ContainerIsTargetingNet8TFM)=“true”(先前值:“false”)
       C:\Users\admin\.nuget\packages\microsoft.testplatform.testhost\18.3.0\build\net8.0\Microsoft.TestPlatform.TestHost.props(15,14): message : 值为“Windows_NT”的属性“OS”从环境中展开。
       正在使用项目“C:\Program Files\dotnet\sdk\9.0.308\Sdks\Microsoft.NET.Sdk\targets\Microsoft.NET.Sdk.FrameworkReferenceResolution.targets”中的目标“ResolveFrameworkReferences”重写项目“C:\Program Files\dotnet\sdk\9.0.308\Microsoft.Common.CurrentVersion.targets”中的目标“ResolveFrameworkReferences”。
       正在使用项目“C:\Program Files\dotnet\sdk\9.0.308\Sdks\Microsoft.NET.Sdk\targets\Microsoft.NET.Sdk.targets”中的目标“Run”重写项目“C:\Program Files\dotnet\sdk\9.0.308\Microsoft.Common.CurrentVersion.targets”中的目标“Run”。
       正在使用项目“C:\Program Files\dotnet\sdk\9.0.308\Sdks\Microsoft.NET.Sdk\targets\Microsoft.NET.Sdk.targets”中的目标“GenerateSupportedTargetFrameworkAlias”重写项目“C:\Program Files\dotnet\sdk\9.0.308\Microsoft.Common.CurrentVersion.targets”中的目标“GenerateSupportedTargetFrameworkAlias”。
       正在使用项目“C:\Program Files\dotnet\sdk\9.0.308\Sdks\Microsoft.NET.Sdk\targets\Microsoft.NET.DisableStandardFrameworkResolution.targets”中的目标“GetReferenceAssemblyPaths”重写项目“C:\Program Files\dotnet\sdk\9.0.308\Microsoft.Common.CurrentVersion.targets”中的目标“GetReferenceAssemblyPaths”。
       正在使用项目“C:\Program Files\dotnet\sdk\9.0.308\Sdks\Microsoft.NET.Sdk\targets\Microsoft.NET.DisableStandardFrameworkResolution.targets”中的目标“GetFrameworkPaths”重写项目“C:\Program Files\dotnet\sdk\9.0.308\Microsoft.Common.CurrentVersion.targets”中的目标“GetFrameworkPaths”。
       正在使用项目“C:\Program Files\dotnet\sdk\9.0.308\Sdks\Microsoft.NET.Sdk\targets\Microsoft.NET.DesignerSupport.targets”中的目标“DesignerRuntimeImplementationProjectOutputGroup”重写项目“C:\Program Files\dotnet\sdk\9.0.308\Microsoft.Common.CurrentVersion.targets”中的目标“DesignerRuntimeImplementationProjectOutputGroup”。
       正在使用项目“C:\Program Files\dotnet\sdk\9.0.308\Sdks\Microsoft.NET.Sdk\targets\Microsoft.NET.Publish.targets”中的目标“Publish”重写项目“C:\Program Files\dotnet\sdk\9.0.308\Microsoft.Common.CurrentVersion.targets”中的目标“Publish”。
       正在使用项目“C:\Program Files\dotnet\sdk\9.0.308\Sdks\Microsoft.NET.Sdk\targets\Microsoft.NET.Publish.targets”中的目标“ResolveReadyToRunCompilers”重写项目“C:\Program Files\dotnet\sdk\9.0.308\Sdks\Microsoft.NET.Sdk\targets\Microsoft.NET.CrossGen.targets”中的目标“ResolveReadyToRunCompilers”。
       正在使用项目“C:\Program Files\dotnet\sdk\9.0.308\Sdks\Microsoft.NET.Sdk\targets\Microsoft.NET.Publish.targets”中的目标“GetCopyToPublishDirectoryItems”重写项目“C:\Program Files\dotnet\sdk\9.0.308\Microsoft.Common.CurrentVersion.targets”中的目标“GetCopyToPublishDirectoryItems”。
   1:7>项目“d:\MyProject\FrontCRM(C#)\tests\CRM.Core.Tests\CRM.Core.Tests.csproj”在节点 2 上(VSTest 个目标)。
   1:7>来自项目“d:\MyProject\FrontCRM(C#)\tests\CRM.Core.Tests\CRM.Core.Tests.csproj”的文件“C:\Users\admin\.nuget\packages\microsoft.net.test.sdk\18.3.0\build\net8.0\Microsoft.NET.Test.Sdk.targets”中的目标“GenerateProgramFile”(入口点):
   1:7>由于 false 条件，已跳过任务“Warning”；(@(ProgramCompiles->Count()) != 0)计算为(0 != 0)。
   1:7>已完成在项目“CRM.Core.Tests.csproj”中生成目标“GenerateProgramFile”的操作。
       由于条件的计算结果为 false，已跳过目标“ShowInfoMessageIfProjectHasNoIsTestProjectProperty”；('$(IsTestProject)' == '')的计算结果为('true' == '')。
   1:7>来自项目“d:\MyProject\FrontCRM(C#)\tests\CRM.Core.Tests\CRM.Core.Tests.csproj”的文件“C:\Users\admin\.nuget\packages\coverlet.collector\8.0.0\build\net8.0\coverlet.collector.targets”中的目标“SetXPlatDataCollectorPath”(目标“VSTest”依赖于它):
   1:7>已完成在项目“CRM.Core.Tests.csproj”中生成目标“SetXPlatDataCollectorPath”的操作。
   1:7>来自项目“d:\MyProject\FrontCRM(C#)\tests\CRM.Core.Tests\CRM.Core.Tests.csproj”的文件“C:\Program Files\dotnet\sdk\9.0.308\Microsoft.TestPlatform.targets”中的目标“VSTest”(入口点):
       C:\Program Files\dotnet\sdk\9.0.308\Microsoft.TestPlatform.targets(33,42): message : 值为“0”的属性“_MSBUILDTLENABLED”从环境中展开。 [d:\MyProject\FrontCRM(C#)\tests\CRM.Core.Tests\CRM.Core.Tests.csproj]
       正在使用程序集“Microsoft.Build.Tasks.Core, Version=15.1.0.0, Culture=neutral, PublicKeyToken=b03f5f7f11d50a3a”中的“CallTarget”任务。
       任务“CallTarget”
   1:7>来自项目“d:\MyProject\FrontCRM(C#)\tests\CRM.Core.Tests\CRM.Core.Tests.csproj”的文件“C:\Program Files\dotnet\sdk\9.0.308\Microsoft.TestPlatform.targets”中的目标“_VSTestConsole”(目标“VSTest”依赖于它):
       任务“CallTarget”
   1:7>来自项目“d:\MyProject\FrontCRM(C#)\tests\CRM.Core.Tests\CRM.Core.Tests.csproj”的文件“C:\Program Files\dotnet\sdk\9.0.308\Microsoft.TestPlatform.targets”中的目标“BuildProject”(目标“_VSTestConsole”依赖于它):
       任务“CallTarget”
   1:7>来自项目“d:\MyProject\FrontCRM(C#)\tests\CRM.Core.Tests\CRM.Core.Tests.csproj”的文件“C:\Program Files\dotnet\sdk\9.0.308\Microsoft.TestPlatform.targets”中的目标“ShowMsbuildWithParameter”(目标“BuildProject”依赖于它):
       任务“Message”
         Building project d:\MyProject\FrontCRM(C#)\tests\CRM.Core.Tests\CRM.Core.Tests.csproj for TargetFramework=net9.0
       已完成执行任务“Message”的操作。
       任务“Message”
         Value passed to msbuild are...
       已完成执行任务“Message”的操作。
       任务“Message”
         Configuration = Debug
       已完成执行任务“Message”的操作。
       任务“Message”
         TargetFramework = net9.0
       已完成执行任务“Message”的操作。
       任务“Message”
         Platform = 
       已完成执行任务“Message”的操作。
       任务“Message”
         OutputPath = bin\Debug\net9.0\
       已完成执行任务“Message”的操作。
   1:7>已完成在项目“CRM.Core.Tests.csproj”中生成目标“ShowMsbuildWithParameter”的操作。
       已完成执行任务“CallTarget”的操作。
       在 TaskRun 期间加载的程序集: Microsoft.TestPlatform.Build, Version=15.0.0.0, Culture=neutral, PublicKeyToken=b03f5f7f11d50a3a (位置: C:\Program Files\dotnet\sdk\9.0.308\Microsoft.TestPlatform.Build.dll，MVID: 195ac703-e363-4c5e-8ac7-bd0ddf139e5d，AssemblyLoadContext: MSBuild plugin C:\Program Files\dotnet\sdk\9.0.308\Microsoft.TestPlatform.Build.dll)
       正在使用程序集“C:\Program Files\dotnet\sdk\9.0.308\Microsoft.TestPlatform.Build.dll”中的“VSTestLogsTask”任务。
       任务“VSTestLogsTask”
         在 TaskRun (Microsoft.TestPlatform.Build.Tasks.VSTestLogsTask) 期间加载的程序集: Microsoft.TestPlatform.Build.resources, Version=15.0.0.0, Culture=zh-Hans, PublicKeyToken=b03f5f7f11d50a3a (位置: C:\Program Files\dotnet\sdk\9.0.308\zh-Hans\Microsoft.TestPlatform.Build.resources.dll，MVID: e5aa2a21-107d-4a97-bfb8-0055fd014806，AssemblyLoadContext: MSBuild plugin C:\Program Files\dotnet\sdk\9.0.308\Microsoft.TestPlatform.Build.dll)
         已开始生成，请等待...
       已完成执行任务“VSTestLogsTask”的操作。
       任务“MSBuild”
   1:7>项目“d:\MyProject\FrontCRM(C#)\tests\CRM.Core.Tests\CRM.Core.Tests.csproj”(1:7)正在节点 2 上生成“d:\MyProject\FrontCRM(C#)\tests\CRM.Core.Tests\CRM.Core.Tests.csproj”(1:8) (默认目标)。
   1:8>已跳过目标“GenerateProgramFile”。以前的生成已成功。
       由于条件的计算结果为 false，已跳过目标“_CheckForUnsupportedTargetFramework”；('$(_UnsupportedTargetFrameworkError)' == 'true')的计算结果为('' == 'true')。
   1:8>来自项目“d:\MyProject\FrontCRM(C#)\tests\CRM.Core.Tests\CRM.Core.Tests.csproj”的文件“C:\Program Files\dotnet\sdk\9.0.308\Sdks\Microsoft.NET.Sdk\targets\Microsoft.NET.TargetFrameworkInference.targets”中的目标“_CollectTargetFrameworkForTelemetry”(目标“_CheckForInvalidConfigurationAndPlatform”依赖于它):
       正在使用程序集“C:\Program Files\dotnet\sdk\9.0.308\Sdks\Microsoft.NET.Sdk\targets\..\tools\net9.0\Microsoft.NET.Build.Tasks.dll”中的“AllowEmptyTelemetry”任务。
       任务“AllowEmptyTelemetry”
       已完成执行任务“AllowEmptyTelemetry”的操作。
   1:8>已完成在项目“CRM.Core.Tests.csproj”中生成目标“_CollectTargetFrameworkForTelemetry”的操作。
       由于条件的计算结果为 false，已跳过目标“_CheckForUnsupportedTargetPlatformIdentifier”；('$(TargetPlatformIdentifier)' != '' and '$(TargetFrameworkIdentifier)' == '.NETCoreApp' and $([MSBuild]::VersionGreaterThanOrEquals($(TargetFrameworkVersion), 5.0)) And ('$(DesignTimeBuild)' != 'true' Or '@(MissingWorkloadPack)' == ''))的计算结果为('' != '' and '.NETCoreApp' == '.NETCoreApp' and True And ('' != 'true' Or '' == ''))。
       由于条件的计算结果为 false，已跳过目标“_CheckForMissingWorkload”；('@(MissingWorkloadPack)' != '' And '$(DesignTimeBuild)' != 'true')的计算结果为('' != '' And '' != 'true')。
   1:8>来自项目“d:\MyProject\FrontCRM(C#)\tests\CRM.Core.Tests\CRM.Core.Tests.csproj”的文件“C:\Program Files\dotnet\sdk\9.0.308\Sdks\Microsoft.NET.Sdk\targets\Microsoft.NET.TargetFrameworkInference.targets”中的目标“_CheckForUnsupportedNETCoreVersion”(目标“_CheckForInvalidConfigurationAndPlatform”依赖于它):
       由于 false 条件，已跳过任务“NETSdkError”；('$(_TargetFrameworkVersionWithoutV)' > '$(NETCoreAppMaximumVersion)' and '$(DisplayVSMessage)' != 'true')计算为('9.0' > '9.0' and '' != 'true')。
       由于 false 条件，已跳过任务“NETSdkError”；('$(DisplayVSMessage)' == 'true')计算为('' == 'true')。
   1:8>已完成在项目“CRM.Core.Tests.csproj”中生成目标“_CheckForUnsupportedNETCoreVersion”的操作。
       由于条件的计算结果为 false，已跳过目标“_CheckForEolTargetFrameworks”；('@(_EolNetCoreTargetFrameworkVersions->AnyHaveMetadataValue('Identity', '$(_TargetFrameworkVersionWithoutV)'))' and '$(TargetFrameworkIdentifier)' == '.NETCoreApp' and '$(CheckEolTargetFramework)' == 'true')的计算结果为('false' and '.NETCoreApp' == '.NETCoreApp' and '' == 'true')。
       由于条件的计算结果为 false，已跳过目标“_CheckForEolWorkloads”；('@(EolWorkload)' != '' and '$(CheckEolWorkloads)' == 'true')的计算结果为('' != '' and 'true' == 'true')。
       由于条件的计算结果为 false，已跳过目标“_CheckForNotRecommendedNETStandardVersion”；('$(TargetFrameworkIdentifier)' == '.NETStandard' and $([MSBuild]::VersionLessThan($(TargetFrameworkVersion), '2.0')))的计算结果为('.NETCoreApp' == '.NETStandard' and False)。
   1:8>来自项目“d:\MyProject\FrontCRM(C#)\tests\CRM.Core.Tests\CRM.Core.Tests.csproj”的文件“C:\Program Files\dotnet\sdk\9.0.308\Sdks\Microsoft.NET.Sdk\targets\Microsoft.NET.TargetFrameworkInference.targets”中的目标“_CheckForUnsupportedCppNETCoreVersion”(目标“_CheckForInvalidConfigurationAndPlatform”依赖于它):
       由于 false 条件，已跳过任务“NETSdkError”；('$(TargetFrameworkIdentifier)' == '.NETCoreApp' and '$(_TargetFrameworkVersionWithoutV)' < '3.1' and ('$(Language)' == 'C++' and '$(_EnablePackageReferencesInVCProjects)' != 'true'))计算为('.NETCoreApp' == '.NETCoreApp' and '9.0' < '3.1' and ('C#' == 'C++' and '' != 'true'))。
   1:8>已完成在项目“CRM.Core.Tests.csproj”中生成目标“_CheckForUnsupportedCppNETCoreVersion”的操作。
       由于条件的计算结果为 false，已跳过目标“_CheckForUnsupportedNETStandardVersion”；('$(TargetFrameworkIdentifier)' == '.NETStandard' And '$(NETStandardMaximumVersion)' != '')的计算结果为('.NETCoreApp' == '.NETStandard' And '' != '')。
       由于条件的计算结果为 false，已跳过目标“_CheckForUnsupportedTargetFrameworkAndFeatureCombination”；('$(TargetFrameworkIdentifier)' == '.NETFramework')的计算结果为('.NETCoreApp' == '.NETFramework')。
       由于条件的计算结果为 false，已跳过目标“_CheckForSupportedOSPlatformVersionHigherThanTargetPlatformVersion”；('$(TargetPlatformVersion)' != '' and '$(TargetFrameworkIdentifier)' == '.NETCoreApp' and $([MSBuild]::VersionGreaterThanOrEquals($(TargetFrameworkVersion), 5.0)))的计算结果为('' != '' and '.NETCoreApp' == '.NETCoreApp' and True)。
       由于条件的计算结果为 false，已跳过目标“_CheckForInvalidTargetPlatformVersion”；('$(TargetPlatformVersion)' != '' and '$(TargetFrameworkIdentifier)' == '.NETCoreApp' and $([MSBuild]::VersionGreaterThanOrEquals($(TargetFrameworkVersion), 5.0)) and ('$(Language)' != 'C++' or '$(_EnablePackageReferencesInVCProjects)' == 'true'))的计算结果为('' != '' and '.NETCoreApp' == '.NETCoreApp' and True and ('C#' != 'C++' or '' == 'true'))。
   1:8>来自项目“d:\MyProject\FrontCRM(C#)\tests\CRM.Core.Tests\CRM.Core.Tests.csproj”的文件“C:\Program Files\dotnet\sdk\9.0.308\Sdks\Microsoft.NET.Sdk\targets\Microsoft.NET.DefaultOutputPaths.targets”中的目标“_CheckForUnsupportedArtifactsPath”(目标“_CheckForInvalidConfigurationAndPlatform”依赖于它):
       由于 false 条件，已跳过任务“NetSdkError”；('$(UseArtifactsOutput)' == 'true' and '$(_ArtifactsPathSetEarly)' != 'true')计算为('' == 'true' and '' != 'true')。
       由于 false 条件，已跳过任务“NetSdkError”；('$(_ArtifactsPathLocationType)' == 'ProjectFolder')计算为('' == 'ProjectFolder')。
   1:8>已完成在项目“CRM.Core.Tests.csproj”中生成目标“_CheckForUnsupportedArtifactsPath”的操作。
       由于条件的计算结果为 false，已跳过目标“_CheckForMissingWorkload”；('@(MissingWorkloadPack)' != '' And '$(DesignTimeBuild)' != 'true')的计算结果为('' != '' And '' != 'true')。
   1:8>来自项目“d:\MyProject\FrontCRM(C#)\tests\CRM.Core.Tests\CRM.Core.Tests.csproj”的文件“C:\Program Files\dotnet\sdk\9.0.308\Sdks\Microsoft.NET.Sdk\targets\Microsoft.NET.RuntimeIdentifierInference.targets”中的目标“_CheckForUnsupportedAppHostUsage”(目标“_CheckForInvalidConfigurationAndPlatform”依赖于它):
       由于 false 条件，已跳过任务“NETSdkError”；('$(SelfContained)' == 'true' and '$(RuntimeIdentifier)' == '' and '$(AllowSelfContainedWithoutRuntimeIdentifier)' != 'true')计算为('' == 'true' and '' == '' and '' != 'true')。
       由于 false 条件，已跳过任务“NETSdkError”；('$(PublishReadyToRun)' == 'true' and '$(RuntimeIdentifier)' == '' and '$(_IsPublishing)' == 'true')计算为('' == 'true' and '' == '' and '' == 'true')。
       由于 false 条件，已跳过任务“NETSdkError”；('$(PublishSingleFile)' == 'true' and '$(RuntimeIdentifier)' == '' and '$(_IsPublishing)' == 'true')计算为('' == 'true' and '' == '' and '' == 'true')。
       由于 false 条件，已跳过任务“NETSdkError”；('$(PublishAot)' == 'true' and '$(RuntimeIdentifier)' == '' and '$(_IsPublishing)' == 'true' and '$(AllowPublishAotWithoutRuntimeIdentifier)' != 'true')计算为('' == 'true' and '' == '' and '' == 'true' and '' != 'true')。
       由于 false 条件，已跳过任务“NETSdkError”；('$(PublishSelfContained)' != 'true' and '$(PublishSelfContained)' != 'false' and '$(PublishSelfContained)' != '')计算为('' != 'true' and '' != 'false' and '' != '')。
       由于 false 条件，已跳过任务“NETSdkError”；('$(SelfContained)' == 'true' and '$(UseAppHost)' != 'true' and '$(_RuntimeIdentifierUsesAppHost)' == 'true')计算为('' == 'true' and '' != 'true' and '' == 'true')。
       由于 false 条件，已跳过任务“NETSdkError”；('$(SelfContained)' != 'true' and '$(UseAppHost)' == 'true' and '$(_TargetFrameworkVersionWithoutV)' < '2.1')计算为('' != 'true' and '' == 'true' and '9.0' < '2.1')。
       由于 false 条件，已跳过任务“NETSdkError”；('$(PublishSingleFile)' == 'true' and '$(_TargetFrameworkVersionWithoutV)' < '3.0')计算为('' == 'true' and '9.0' < '3.0')。
       由于 false 条件，已跳过任务“NETSdkWarning”；('$(PublishReadyToRun)' == 'true' and '$(_TargetFrameworkVersionWithoutV)' < '3.0')计算为('' == 'true' and '9.0' < '3.0')。
       由于 false 条件，已跳过任务“NETSdkWarning”；('$(RuntimeIdentifier)' != '' and '$(_TargetFrameworkVersionWithoutV)' != '' and $([MSBuild]::VersionLessThan($(_TargetFrameworkVersionWithoutV), '8.0')) and '$(_SelfContainedWasSpecified)' != 'true')计算为('' != '' and '9.0' != '' and False and '' != 'true')。
       由于 false 条件，已跳过任务“NetSdkError”；(('$(UseWindowsForms)' == 'true') and ('$(PublishTrimmed)' == 'true') and ('$(_SuppressWinFormsTrimError)' != 'true'))计算为(('' == 'true') and ('' == 'true') and ('' != 'true'))。
       由于 false 条件，已跳过任务“NetSdkError”；(('$(UseWpf)' == 'true') and ('$(PublishTrimmed)' == 'true') and ('$(_SuppressWpfTrimError)' != 'true'))计算为(('' == 'true') and ('' == 'true') and ('' != 'true'))。
   1:8>已完成在项目“CRM.Core.Tests.csproj”中生成目标“_CheckForUnsupportedAppHostUsage”的操作。
   1:8>来自项目“d:\MyProject\FrontCRM(C#)\tests\CRM.Core.Tests\CRM.Core.Tests.csproj”的文件“C:\Program Files\dotnet\sdk\9.0.308\Sdks\Microsoft.NET.Sdk\targets\Microsoft.NET.RuntimeIdentifierInference.targets”中的目标“_CheckForUnsupportedHostingUsage”(目标“_CheckForInvalidConfigurationAndPlatform”依赖于它):
       由于 false 条件，已跳过任务“NETSdkWarning”；('$(SelfContained)' == 'true' and '$(EnableComHosting)' == 'true')计算为('' == 'true' and '' == 'true')。
   1:8>已完成在项目“CRM.Core.Tests.csproj”中生成目标“_CheckForUnsupportedHostingUsage”的操作。
   1:8>来自项目“d:\MyProject\FrontCRM(C#)\tests\CRM.Core.Tests\CRM.Core.Tests.csproj”的文件“C:\Program Files\dotnet\sdk\9.0.308\Sdks\Microsoft.NET.Sdk\targets\Microsoft.NET.RuntimeIdentifierInference.targets”中的目标“_CheckAndUnsetUnsupportedPrefer32Bit”(目标“_CheckForInvalidConfigurationAndPlatform”依赖于它):
       由于 false 条件，已跳过任务“NETSdkWarning”；('$(Prefer32Bit)' == 'true')计算为('false' == 'true')。
   1:8>已完成在项目“CRM.Core.Tests.csproj”中生成目标“_CheckAndUnsetUnsupportedPrefer32Bit”的操作。
       由于条件的计算结果为 false，已跳过目标“_CheckAndUnsetUnsupportedPreferNativeArm64”；('$(TargetFrameworkIdentifier)' == '.NETCoreApp' and '$(PreferNativeArm64)' == 'true')的计算结果为('.NETCoreApp' == '.NETCoreApp' and 'false' == 'true')。
       由于条件的计算结果为 false，已跳过目标“_CheckForMismatchingPlatform”；('$(RuntimeIdentifier)' != '' and '$(PlatformTarget)' != '')的计算结果为('' != '' and '' != '')。
   1:8>来自项目“d:\MyProject\FrontCRM(C#)\tests\CRM.Core.Tests\CRM.Core.Tests.csproj”的文件“C:\Program Files\dotnet\sdk\9.0.308\Sdks\Microsoft.NET.Sdk\targets\Microsoft.NET.RuntimeIdentifierInference.targets”中的目标“_CheckForLanguageAndFeatureCombinationSupport”(目标“_CheckForInvalidConfigurationAndPlatform”依赖于它):
       由于 false 条件，已跳过任务“NETSdkError”；(('$(Language)' == 'C++' and '$(_EnablePackageReferencesInVCProjects)' != 'true') and $(OutputType) != 'library' and '$(TargetFrameworkIdentifier)' == '.NETCoreApp')计算为(('C#' == 'C++' and '' != 'true') and Exe != 'library' and '.NETCoreApp' == '.NETCoreApp')。
       由于 false 条件，已跳过任务“NETSdkError”；(('$(Language)' == 'C++' and '$(_EnablePackageReferencesInVCProjects)' != 'true') and $(EnableComHosting) == 'true')计算为(('C#' == 'C++' and '' != 'true') and  == 'true')。
       由于 false 条件，已跳过任务“NETSdkError”；(('$(Language)' == 'C++' and '$(_EnablePackageReferencesInVCProjects)' != 'true') and $(SelfContained) == 'true')计算为(('C#' == 'C++' and '' != 'true') and  == 'true')。
   1:8>已完成在项目“CRM.Core.Tests.csproj”中生成目标“_CheckForLanguageAndFeatureCombinationSupport”的操作。
       由于条件的计算结果为 false，已跳过目标“_CheckForNETCoreSdkIsPreview”；( '$(_NETCoreSdkIsPreview)' == 'true' AND '$(SuppressNETCoreSdkPreviewMessage)' != 'true' )的计算结果为( 'false' == 'true' AND '' != 'true' )。
   1:8>来自项目“d:\MyProject\FrontCRM(C#)\tests\CRM.Core.Tests\CRM.Core.Tests.csproj”的文件“C:\Program Files\dotnet\sdk\9.0.308\NuGet.targets”中的目标“_GetProjectJsonPath”(目标“_GetRestoreProjectStyle”依赖于它):
       由于 false 条件，已跳过任务“GetRestoreProjectJsonPathTask”；( '$(RestoreProjectStyle)' == 'ProjectJson' OR '$(RestoreProjectStyle)' == '' )计算为( 'PackageReference' == 'ProjectJson' OR 'PackageReference' == '' )。
   1:8>已完成在项目“CRM.Core.Tests.csproj”中生成目标“_GetProjectJsonPath”的操作。
       由于条件的计算结果为 false，已跳过目标“_CheckForUnsupportedTargetPlatformIdentifier”；('$(TargetPlatformIdentifier)' != '' and '$(TargetFrameworkIdentifier)' == '.NETCoreApp' and $([MSBuild]::VersionGreaterThanOrEquals($(TargetFrameworkVersion), 5.0)) And ('$(DesignTimeBuild)' != 'true' Or '@(MissingWorkloadPack)' == ''))的计算结果为('' != '' and '.NETCoreApp' == '.NETCoreApp' and True And ('' != 'true' Or '' == ''))。
       由于条件的计算结果为 false，已跳过目标“_CheckForMissingWorkload”；('@(MissingWorkloadPack)' != '' And '$(DesignTimeBuild)' != 'true')的计算结果为('' != '' And '' != 'true')。
       由于条件的计算结果为 false，已跳过目标“_CheckForNotRecommendedNETStandardVersion”；('$(TargetFrameworkIdentifier)' == '.NETStandard' and $([MSBuild]::VersionLessThan($(TargetFrameworkVersion), '2.0')))的计算结果为('.NETCoreApp' == '.NETStandard' and False)。
       由于条件的计算结果为 false，已跳过目标“_CheckForUnsupportedNETStandardVersion”；('$(TargetFrameworkIdentifier)' == '.NETStandard' And '$(NETStandardMaximumVersion)' != '')的计算结果为('.NETCoreApp' == '.NETStandard' And '' != '')。
       由于条件的计算结果为 false，已跳过目标“_CheckForUnsupportedTargetFrameworkAndFeatureCombination”；('$(TargetFrameworkIdentifier)' == '.NETFramework')的计算结果为('.NETCoreApp' == '.NETFramework')。
   1:8>来自项目“d:\MyProject\FrontCRM(C#)\tests\CRM.Core.Tests\CRM.Core.Tests.csproj”的文件“C:\Program Files\dotnet\sdk\9.0.308\Sdks\Microsoft.NET.Sdk\targets\Microsoft.NET.Sdk.DefaultItems.Shared.targets”中的目标“UpdateAspNetToFrameworkReference”(目标“ApplyImplicitVersions”依赖于它):
       正在使用程序集“C:\Program Files\dotnet\sdk\9.0.308\Sdks\Microsoft.NET.Sdk\targets\..\tools\net9.0\Microsoft.NET.Build.Tasks.dll”中的“CheckIfPackageReferenceShouldBeFrameworkReference”任务。
       任务“CheckIfPackageReferenceShouldBeFrameworkReference”
       已完成执行任务“CheckIfPackageReferenceShouldBeFrameworkReference”的操作。
       由于 false 条件，已跳过任务“NETSdkError”；('$(_ShouldRemoveAspNetCoreAll)' == 'true')计算为('False' == 'true')。
       任务“CheckIfPackageReferenceShouldBeFrameworkReference”
       已完成执行任务“CheckIfPackageReferenceShouldBeFrameworkReference”的操作。
       由于 false 条件，已跳过任务“NETSdkWarning”；('$(_ShouldRemoveAspNetCoreApp)' == 'true')计算为('False' == 'true')。
   1:8>已完成在项目“CRM.Core.Tests.csproj”中生成目标“UpdateAspNetToFrameworkReference”的操作。
       由于条件的计算结果为 false，已跳过目标“IncludeTargetingPackReference”；('$(TargetFrameworkMoniker)' != '' and '$(TargetFrameworkIdentifier)' == '.NETFramework' and '$(AutomaticallyUseReferenceAssemblyPackages)' == 'true')的计算结果为('.NETCoreApp,Version=v9.0' != '' and '.NETCoreApp' == '.NETFramework' and 'true' == 'true')。
   1:8>来自项目“d:\MyProject\FrontCRM(C#)\tests\CRM.Core.Tests\CRM.Core.Tests.csproj”的文件“C:\Program Files\dotnet\sdk\9.0.308\Sdks\Microsoft.NET.Sdk\targets\Microsoft.NET.Sdk.DefaultItems.Shared.targets”中的目标“CheckForImplicitPackageReferenceOverrides”(目标“ApplyImplicitVersions”依赖于它):
       正在使用程序集“C:\Program Files\dotnet\sdk\9.0.308\Sdks\Microsoft.NET.Sdk\targets\..\tools\net9.0\Microsoft.NET.Build.Tasks.dll”中的“CheckForImplicitPackageReferenceOverrides”任务。
       任务“CheckForImplicitPackageReferenceOverrides”
       已完成执行任务“CheckForImplicitPackageReferenceOverrides”的操作。
   1:8>已完成在项目“CRM.Core.Tests.csproj”中生成目标“CheckForImplicitPackageReferenceOverrides”的操作。
   1:8>来自项目“d:\MyProject\FrontCRM(C#)\tests\CRM.Core.Tests\CRM.Core.Tests.csproj”的文件“C:\Program Files\dotnet\sdk\9.0.308\Sdks\Microsoft.NET.Sdk\targets\Microsoft.NET.Sdk.DefaultItems.Shared.targets”中的目标“ApplyImplicitVersions”(目标“CollectPackageReferences”依赖于它):
       正在使用程序集“C:\Program Files\dotnet\sdk\9.0.308\Sdks\Microsoft.NET.Sdk\targets\..\tools\net9.0\Microsoft.NET.Build.Tasks.dll”中的“ApplyImplicitVersions”任务。
       任务“ApplyImplicitVersions”
       已完成执行任务“ApplyImplicitVersions”的操作。
   1:8>已完成在项目“CRM.Core.Tests.csproj”中生成目标“ApplyImplicitVersions”的操作。
       已跳过目标“CheckForImplicitPackageReferenceOverrides”。以前的生成已成功。
       由于条件的计算结果为 false，已跳过目标“AddWindowsSdkKnownFrameworkReferences”；('$(TargetFrameworkIdentifier)' == '.NETCoreApp' And '$(TargetPlatformIdentifier)' == 'Windows'
                            And ('$(Language)' != 'C++' Or '$(IncludeWindowsSDKRefFrameworkReferences)' == 'true'))的计算结果为('.NETCoreApp' == '.NETCoreApp' And '' == 'Windows'
                            And ('C#' != 'C++' Or '' == 'true'))。
       由于条件的计算结果为 false，已跳过目标“_NormalizeTargetPlatformVersion”；('$(TargetPlatformVersion)' != '' and '$(TargetFrameworkIdentifier)' == '.NETCoreApp' and $([MSBuild]::VersionGreaterThanOrEquals($(TargetFrameworkVersion), 5.0)) and ('$(Language)' != 'C++' or '$(_EnablePackageReferencesInVCProjects)' == 'true'))的计算结果为('' != '' and '.NETCoreApp' == '.NETCoreApp' and True and ('C#' != 'C++' or '' == 'true'))。
   1:8>来自项目“d:\MyProject\FrontCRM(C#)\tests\CRM.Core.Tests\CRM.Core.Tests.csproj”的文件“C:\Program Files\dotnet\sdk\9.0.308\Sdks\Microsoft.NET.Sdk\targets\Microsoft.NET.Publish.targets”中的目标“_ComputeToolPackInputsToProcessFrameworkReferences”(目标“ProcessFrameworkReferences”依赖于它):
   1:8>已完成在项目“CRM.Core.Tests.csproj”中生成目标“_ComputeToolPackInputsToProcessFrameworkReferences”的操作。
   1:8>来自项目“d:\MyProject\FrontCRM(C#)\tests\CRM.Core.Tests\CRM.Core.Tests.csproj”的文件“C:\Program Files\dotnet\sdk\9.0.308\Sdks\Microsoft.NET.Sdk\targets\Microsoft.NET.Sdk.FrameworkReferenceResolution.targets”中的目标“ProcessFrameworkReferences”(目标“CollectPackageReferences”依赖于它):
       正在使用程序集“C:\Program Files\dotnet\sdk\9.0.308\Sdks\Microsoft.NET.Sdk\targets\..\tools\net9.0\Microsoft.NET.Build.Tasks.dll”中的“CheckForDuplicateFrameworkReferences”任务。
       任务“CheckForDuplicateFrameworkReferences”
       已完成执行任务“CheckForDuplicateFrameworkReferences”的操作。
       正在使用程序集“C:\Program Files\dotnet\sdk\9.0.308\Sdks\Microsoft.NET.Sdk\targets\..\tools\net9.0\Microsoft.NET.Build.Tasks.dll”中的“ProcessFrameworkReferences”任务。
       任务“ProcessFrameworkReferences”
       已完成执行任务“ProcessFrameworkReferences”的操作。
       正在使用程序集“C:\Program Files\dotnet\sdk\9.0.308\Sdks\Microsoft.NET.Sdk\targets\..\tools\net9.0\Microsoft.NET.Build.Tasks.dll”中的“ResolveAppHosts”任务。
       任务“ResolveAppHosts”
       已完成执行任务“ResolveAppHosts”的操作。
   1:8>已完成在项目“CRM.Core.Tests.csproj”中生成目标“ProcessFrameworkReferences”的操作。
       由于条件的计算结果为 false，已跳过目标“IncludeTargetingPackReference”；('$(TargetFrameworkMoniker)' != '' and '$(TargetFrameworkIdentifier)' == '.NETFramework' and '$(AutomaticallyUseReferenceAssemblyPackages)' == 'true')的计算结果为('.NETCoreApp,Version=v9.0' != '' and '.NETCoreApp' == '.NETFramework' and 'true' == 'true')。
       由于条件的计算结果为 false，已跳过目标“_CheckMicrosoftNetCompilersToolsetFrameworkPackageReference”；('$(MSBuildRuntimeType)' == 'Full')的计算结果为('Core' == 'Full')。
   1:8>来自项目“d:\MyProject\FrontCRM(C#)\tests\CRM.Core.Tests\CRM.Core.Tests.csproj”的文件“C:\Program Files\dotnet\sdk\9.0.308\Sdks\Microsoft.NET.Sdk\targets\Microsoft.NET.ObsoleteReferences.targets”中的目标“_CheckForObsoleteDotNetCliToolReferences”(目标“CollectPackageReferences”依赖于它):
       由于 false 条件，已跳过任务“NETSdkWarning”；( '%(_ReferenceToObsoleteDotNetCliTool.Identity)' != '' )计算为( '' != '' )。
   1:8>已完成在项目“CRM.Core.Tests.csproj”中生成目标“_CheckForObsoleteDotNetCliToolReferences”的操作。
   1:8>来自项目“d:\MyProject\FrontCRM(C#)\tests\CRM.Core.Tests\CRM.Core.Tests.csproj”的文件“C:\Program Files\dotnet\sdk\9.0.308\NuGet.targets”中的目标“CollectPackageReferences”(目标“_GetRestoreProjectStyle”依赖于它):
       正在使用程序集“C:\Program Files\dotnet\sdk\9.0.308\NuGet.Build.Tasks.dll”中的“CheckForDuplicateNuGetItemsTask”任务。
       任务“CheckForDuplicateNuGetItemsTask”
       已完成执行任务“CheckForDuplicateNuGetItemsTask”的操作。
   1:8>已完成在项目“CRM.Core.Tests.csproj”中生成目标“CollectPackageReferences”的操作。
   1:8>来自项目“d:\MyProject\FrontCRM(C#)\tests\CRM.Core.Tests\CRM.Core.Tests.csproj”的文件“C:\Program Files\dotnet\sdk\9.0.308\NuGet.targets”中的目标“_GetRestoreProjectStyle”(目标“EnableIntermediateOutputPathMismatchWarning”依赖于它):
       正在使用程序集“C:\Program Files\dotnet\sdk\9.0.308\NuGet.Build.Tasks.dll”中的“GetRestoreProjectStyleTask”任务。
       任务“GetRestoreProjectStyleTask”
       已完成执行任务“GetRestoreProjectStyleTask”的操作。
   1:8>已完成在项目“CRM.Core.Tests.csproj”中生成目标“_GetRestoreProjectStyle”的操作。
   1:8>来自项目“d:\MyProject\FrontCRM(C#)\tests\CRM.Core.Tests\CRM.Core.Tests.csproj”的文件“C:\Program Files\dotnet\sdk\9.0.308\NuGet.targets”中的目标“EnableIntermediateOutputPathMismatchWarning”(目标“_CheckForInvalidConfigurationAndPlatform”依赖于它):
   1:8>已完成在项目“CRM.Core.Tests.csproj”中生成目标“EnableIntermediateOutputPathMismatchWarning”的操作。
       已跳过目标“ApplyImplicitVersions”。以前的生成已成功。
       已跳过目标“CheckForImplicitPackageReferenceOverrides”。以前的生成已成功。
   1:8>来自项目“d:\MyProject\FrontCRM(C#)\tests\CRM.Core.Tests\CRM.Core.Tests.csproj”的文件“C:\Program Files\dotnet\sdk\9.0.308\Sdks\Microsoft.NET.Sdk\targets\Microsoft.NET.Sdk.DefaultItems.Shared.targets”中的目标“CheckForDuplicateItems”(目标“_CheckForInvalidConfigurationAndPlatform”依赖于它):
       正在使用程序集“C:\Program Files\dotnet\sdk\9.0.308\Sdks\Microsoft.NET.Sdk\targets\..\tools\net9.0\Microsoft.NET.Build.Tasks.dll”中的“CheckForDuplicateItems”任务。
       任务“CheckForDuplicateItems”
       已完成执行任务“CheckForDuplicateItems”的操作。
       任务“CheckForDuplicateItems”
       已完成执行任务“CheckForDuplicateItems”的操作。
       任务“CheckForDuplicateItems”
       已完成执行任务“CheckForDuplicateItems”的操作。
   1:8>已完成在项目“CRM.Core.Tests.csproj”中生成目标“CheckForDuplicateItems”的操作。
       由于条件的计算结果为 false，已跳过目标“WarnForExplicitVersions”；('@(SdkBuildWarning)' != '')的计算结果为('' != '')。
       由于条件的计算结果为 false，已跳过目标“_CheckForFailedSDKResolution”；('$(SdkResolverHonoredGlobalJson)' == 'false')的计算结果为('' == 'false')。
       由于条件的计算结果为 false，已跳过目标“_WarnWhenUsingNET9AndVSPriorTo1712”；($([MSBuild]::VersionLessThan($(MSBuildVersion), '17.12.0')) and '$(TargetFrameworkIdentifier)' == '.NETCoreApp' and $([MSBuild]::VersionGreaterThanOrEquals($(_TargetFrameworkVersionWithoutV), '9.0')))的计算结果为(False and '.NETCoreApp' == '.NETCoreApp' and True)。
       由于条件的计算结果为 false，已跳过目标“_CheckForInvalidWindowsDesktopTargetingConfiguration”；('$(TargetFrameworkIdentifier)' == '.NETCoreApp' and $([MSBuild]::VersionGreaterThanOrEquals($(_TargetFrameworkVersionWithoutV), '5.0')) and ('$(UseWindowsForms)' == 'true' or '$(UseWPF)' == 'true'))的计算结果为('.NETCoreApp' == '.NETCoreApp' and True and ('' == 'true' or '' == 'true'))。
       由于条件的计算结果为 false，已跳过目标“_CheckForUnnecessaryWindowsDesktopSDK”；('$(TargetFrameworkIdentifier)' == '.NETCoreApp' and $([MSBuild]::VersionGreaterThanOrEquals($(_TargetFrameworkVersionWithoutV), '5.0')) and '$(_MicrosoftWindowsDesktopSdkImported)' == 'true' and '$(TargetFrameworks)' == '')的计算结果为('.NETCoreApp' == '.NETCoreApp' and True and '' == 'true' and '' == '')。
       已跳过目标“ProcessFrameworkReferences”。以前的生成已成功。
       由于条件的计算结果为 false，已跳过目标“IncludeTargetingPackReference”；('$(TargetFrameworkMoniker)' != '' and '$(TargetFrameworkIdentifier)' == '.NETFramework' and '$(AutomaticallyUseReferenceAssemblyPackages)' == 'true')的计算结果为('.NETCoreApp,Version=v9.0' != '' and '.NETCoreApp' == '.NETFramework' and 'true' == 'true')。
   1:8>来自项目“d:\MyProject\FrontCRM(C#)\tests\CRM.Core.Tests\CRM.Core.Tests.csproj”的文件“C:\Program Files\dotnet\sdk\9.0.308\Microsoft.Common.CurrentVersion.targets”中的目标“_CheckForInvalidConfigurationAndPlatform”(目标“BeforeBuild”依赖于它):
       由于 false 条件，已跳过任务“MSBuildInternalMessage”；('$(_InvalidConfigurationMessageSeverity)' != '')计算为('' != '')。
       任务“Message”
         Configuration=Debug
       已完成执行任务“Message”的操作。
       任务“Message”
         Platform=AnyCPU
       已完成执行任务“Message”的操作。
       由于 false 条件，已跳过任务“MSBuildInternalMessage”；('$(OutDir)' != '' and !HasTrailingSlash('$(OutDir)'))计算为('bin\Debug\net9.0\' != '' and !HasTrailingSlash('bin\Debug\net9.0\'))。
       由于 false 条件，已跳过任务“MSBuildInternalMessage”；('$(IntermediateOutputPath)' != '' and !HasTrailingSlash('$(IntermediateOutputPath)'))计算为('obj\Debug\net9.0\' != '' and !HasTrailingSlash('obj\Debug\net9.0\'))。
       由于 false 条件，已跳过任务“MSBuildInternalMessage”；('$(BaseIntermediateOutputPath)' != '' and !HasTrailingSlash('$(BaseIntermediateOutputPath)'))计算为('obj\' != '' and !HasTrailingSlash('obj\'))。
       由于 false 条件，已跳过任务“MSBuildInternalMessage”；( '$(Prefer32Bit)' == 'true' and '$(PreferNativeArm64)' == 'true' )计算为( 'false' == 'true' and 'false' == 'true' )。
       由于 false 条件，已跳过任务“MSBuildInternalMessage”；( '$(NoWin32Manifest)' == 'true' and '$(PreferNativeArm64)' == 'true' )计算为( '' == 'true' and 'false' == 'true' )。
       由于 false 条件，已跳过任务“MSBuildInternalMessage”；( '$(PreferNativeArm64)' == 'true' and '$(Platform)' != 'AnyCPU' )计算为( 'false' == 'true' and 'AnyCPU' != 'AnyCPU' )。
       由于 false 条件，已跳过任务“MSBuildInternalMessage”；( '$(_InitialMSBuildProjectExtensionsPath)' != '' And '$(MSBuildProjectExtensionsPath)' != '$(_InitialMSBuildProjectExtensionsPath)' )计算为( 'd:\MyProject\FrontCRM(C#)\tests\CRM.Core.Tests\obj\' != '' And 'd:\MyProject\FrontCRM(C#)\tests\CRM.Core.Tests\obj\' != 'd:\MyProject\FrontCRM(C#)\tests\CRM.Core.Tests\obj\' )。
       由于 false 条件，已跳过任务“MSBuildInternalMessage”；( '$(EnableBaseIntermediateOutputPathMismatchWarning)' == 'true' And '$(_InitialBaseIntermediateOutputPath)' != '$(BaseIntermediateOutputPath)' And '$(BaseIntermediateOutputPath)' != '$(MSBuildProjectExtensionsPath)' )计算为( 'true' == 'true' And 'obj\' != 'obj\' And 'obj\' != 'd:\MyProject\FrontCRM(C#)\tests\CRM.Core.Tests\obj\' )。
   1:8>已完成在项目“CRM.Core.Tests.csproj”中生成目标“_CheckForInvalidConfigurationAndPlatform”的操作。
   1:8>来自项目“d:\MyProject\FrontCRM(C#)\tests\CRM.Core.Tests\CRM.Core.Tests.csproj”的文件“C:\Program Files\dotnet\sdk\9.0.308\Sdks\Microsoft.NET.Sdk\targets\Microsoft.NET.Sdk.targets”中的目标“ValidateCommandLineProperties”(目标“BeforeBuild”依赖于它):
   1:8>已完成在项目“CRM.Core.Tests.csproj”中生成目标“ValidateCommandLineProperties”的操作。
   1:8>来自项目“d:\MyProject\FrontCRM(C#)\tests\CRM.Core.Tests\CRM.Core.Tests.csproj”的文件“C:\Program Files\dotnet\sdk\9.0.308\Microsoft.Common.CurrentVersion.targets”中的目标“BeforeBuild”(目标“Build”依赖于它):
   1:8>已完成在项目“CRM.Core.Tests.csproj”中生成目标“BeforeBuild”的操作。
       由于条件的计算结果为 false，已跳过目标“_CheckForBuildWithNoBuild”；('$(NoBuild)' == 'true' and '$(GeneratePackageOnBuild)' != 'true')的计算结果为('' == 'true' and 'false' != 'true')。
   1:8>来自项目“d:\MyProject\FrontCRM(C#)\tests\CRM.Core.Tests\CRM.Core.Tests.csproj”的文件“C:\Program Files\dotnet\sdk\9.0.308\Microsoft.Common.CurrentVersion.targets”中的目标“BuildOnlySettings”(目标“CoreBuild”依赖于它):
       C:\Program Files\dotnet\sdk\9.0.308\Microsoft.Common.CurrentVersion.targets(1168,7): message : 在 C:\Program Files\dotnet\sdk\9.0.308\Microsoft.Common.CurrentVersion.targets (1168,7) 处重新分配属性: $(BuildingProject)=“true”(先前值:“false”) [d:\MyProject\FrontCRM(C#)\tests\CRM.Core.Tests\CRM.Core.Tests.csproj]
   1:8>已完成在项目“CRM.Core.Tests.csproj”中生成目标“BuildOnlySettings”的操作。
       由于条件的计算结果为 false，已跳过目标“_CheckForUnsupportedTargetFramework”；('$(_UnsupportedTargetFrameworkError)' == 'true')的计算结果为('' == 'true')。
       由于条件的计算结果为 false，已跳过目标“_CheckForUnsupportedTargetPlatformIdentifier”；('$(TargetPlatformIdentifier)' != '' and '$(TargetFrameworkIdentifier)' == '.NETCoreApp' and $([MSBuild]::VersionGreaterThanOrEquals($(TargetFrameworkVersion), 5.0)) And ('$(DesignTimeBuild)' != 'true' Or '@(MissingWorkloadPack)' == ''))的计算结果为('' != '' and '.NETCoreApp' == '.NETCoreApp' and True And ('' != 'true' Or '' == ''))。
       由于条件的计算结果为 false，已跳过目标“_CheckForMissingWorkload”；('@(MissingWorkloadPack)' != '' And '$(DesignTimeBuild)' != 'true')的计算结果为('' != '' And '' != 'true')。
   1:8>来自项目“d:\MyProject\FrontCRM(C#)\tests\CRM.Core.Tests\CRM.Core.Tests.csproj”的文件“C:\Program Files\dotnet\sdk\9.0.308\Sdks\Microsoft.NET.Sdk\targets\Microsoft.NET.DisableStandardFrameworkResolution.targets”中的目标“GetFrameworkPaths”(目标“PrepareForBuild”依赖于它):
   1:8>已完成在项目“CRM.Core.Tests.csproj”中生成目标“GetFrameworkPaths”的操作。
       由于条件的计算结果为 false，已跳过目标“_CheckForUnsupportedTargetFramework”；('$(_UnsupportedTargetFrameworkError)' == 'true')的计算结果为('' == 'true')。
       由于条件的计算结果为 false，已跳过目标“_CheckForUnsupportedTargetPlatformIdentifier”；('$(TargetPlatformIdentifier)' != '' and '$(TargetFrameworkIdentifier)' == '.NETCoreApp' and $([MSBuild]::VersionGreaterThanOrEquals($(TargetFrameworkVersion), 5.0)) And ('$(DesignTimeBuild)' != 'true' Or '@(MissingWorkloadPack)' == ''))的计算结果为('' != '' and '.NETCoreApp' == '.NETCoreApp' and True And ('' != 'true' Or '' == ''))。
       由于条件的计算结果为 false，已跳过目标“_CheckForMissingWorkload”；('@(MissingWorkloadPack)' != '' And '$(DesignTimeBuild)' != 'true')的计算结果为('' != '' And '' != 'true')。
   1:8>来自项目“d:\MyProject\FrontCRM(C#)\tests\CRM.Core.Tests\CRM.Core.Tests.csproj”的文件“C:\Program Files\dotnet\sdk\9.0.308\Sdks\Microsoft.NET.Sdk\targets\Microsoft.NET.DisableStandardFrameworkResolution.targets”中的目标“GetReferenceAssemblyPaths”(目标“PrepareForBuild”依赖于它):
   1:8>已完成在项目“CRM.Core.Tests.csproj”中生成目标“GetReferenceAssemblyPaths”的操作。
       由于条件的计算结果为 false，已跳过目标“AssignLinkMetadata”；( '$(SynthesizeLinkMetadata)' == 'true' )的计算结果为( '' == 'true' )。
       由于条件的计算结果为 false，已跳过目标“_VerifyPackReleaseConfigurations”；('$(_IsPacking)' == 'true' and '$(DOTNET_CLI_DISABLE_PUBLISH_AND_PACK_RELEASE)' != 'true' and '$(DOTNET_CLI_LAZY_PUBLISH_AND_PACK_RELEASE_FOR_SOLUTIONS)' == 'true')的计算结果为('' == 'true' and '' != 'true' and '' == 'true')。
   1:8>来自项目“d:\MyProject\FrontCRM(C#)\tests\CRM.Core.Tests\CRM.Core.Tests.csproj”的文件“C:\Program Files\dotnet\sdk\9.0.308\Microsoft.Common.CurrentVersion.targets”中的目标“PrepareForBuild”(目标“CoreBuild”依赖于它):
       正在使用程序集“Microsoft.Build.Tasks.Core, Version=15.1.0.0, Culture=neutral, PublicKeyToken=b03f5f7f11d50a3a”中的“FindAppConfigFile”任务。
       任务“FindAppConfigFile”
       已完成执行任务“FindAppConfigFile”的操作。
       正在使用程序集“Microsoft.Build.Tasks.Core, Version=15.1.0.0, Culture=neutral, PublicKeyToken=b03f5f7f11d50a3a”中的“MakeDir”任务。
       任务“MakeDir”
       已完成执行任务“MakeDir”的操作。
   1:8>已完成在项目“CRM.Core.Tests.csproj”中生成目标“PrepareForBuild”的操作。
       由于条件的计算结果为 false，已跳过目标“GenerateTargetPlatformDefineConstants”；( '$(DisableImplicitFrameworkDefines)' != 'true' and '$(TargetPlatformIdentifier)' != '' and '$(TargetFrameworkIdentifier)' == '.NETCoreApp' and $([MSBuild]::VersionGreaterThanOrEquals($(TargetFrameworkVersion), 5.0)) )的计算结果为( '' != 'true' and '' != '' and '.NETCoreApp' == '.NETCoreApp' and True )。
   1:8>来自项目“d:\MyProject\FrontCRM(C#)\tests\CRM.Core.Tests\CRM.Core.Tests.csproj”的文件“C:\Program Files\dotnet\sdk\9.0.308\Sdks\Microsoft.NET.Sdk\targets\Microsoft.NET.Sdk.BeforeCommon.targets”中的目标“GenerateNETCompatibleDefineConstants”(目标“AddImplicitDefineConstants”依赖于它):
   1:8>已完成在项目“CRM.Core.Tests.csproj”中生成目标“GenerateNETCompatibleDefineConstants”的操作。
       由于条件的计算结果为 false，已跳过目标“GeneratePlatformCompatibleDefineConstants”；( '$(DisableImplicitFrameworkDefines)' != 'true' and '$(TargetPlatformIdentifier)' != '' and '$(TargetFrameworkIdentifier)' == '.NETCoreApp' and $([MSBuild]::VersionGreaterThanOrEquals($(TargetFrameworkVersion), 5.0)) )的计算结果为( '' != 'true' and '' != '' and '.NETCoreApp' == '.NETCoreApp' and True )。
       由于条件的计算结果为 false，已跳过目标“_DisableDiagnosticTracing”；('$(DisableDiagnosticTracing)' == 'true')的计算结果为('' == 'true')。
   1:8>来自项目“d:\MyProject\FrontCRM(C#)\tests\CRM.Core.Tests\CRM.Core.Tests.csproj”的文件“C:\Program Files\dotnet\sdk\9.0.308\Sdks\Microsoft.NET.Sdk\targets\Microsoft.NET.Sdk.BeforeCommon.targets”中的目标“AddImplicitDefineConstants”(目标“CoreBuild”依赖于它):
       C:\Program Files\dotnet\sdk\9.0.308\Sdks\Microsoft.NET.Sdk\targets\Microsoft.NET.Sdk.BeforeCommon.targets(267,7): message : 在 C:\Program Files\dotnet\sdk\9.0.308\Sdks\Microsoft.NET.Sdk\targets\Microsoft.NET.Sdk.BeforeCommon.targets (267,7) 处重新分配属性: $(DefineConstants)=“TRACE;DEBUG;NET;NET9_0;NETCOREAPP;NET5_0_OR_GREATER;NET6_0_OR_GREATER;NET7_0_OR_GREATER;NET8_0_OR_GREATER;NET9_0_OR_GREATER;NETCOREAPP1_0_OR_GREATER;NETCOREAPP1_1_OR_GREATER;NETCOREAPP2_0_OR_GREATER;NETCOREAPP2_1_OR_GREATER;NETCOREAPP2_2_OR_GREATER;NETCOREAPP3_0_OR_GREATER;NETCOREAPP3_1_OR_GREATER”(先前值:“TRACE;DEBUG;NET;NET9_0;NETCOREAPP”) [d:\MyProject\FrontCRM(C#)\tests\CRM.Core.Tests\CRM.Core.Tests.csproj]
   1:8>已完成在项目“CRM.Core.Tests.csproj”中生成目标“AddImplicitDefineConstants”的操作。
   1:8>来自项目“d:\MyProject\FrontCRM(C#)\tests\CRM.Core.Tests\CRM.Core.Tests.csproj”的文件“C:\Program Files\dotnet\sdk\9.0.308\Sdks\Microsoft.NET.Sdk\targets\Microsoft.NET.GenerateGlobalUsings.targets”中的目标“GenerateGlobalUsings”(目标“CoreBuild”依赖于它):
       正在使用程序集“C:\Program Files\dotnet\sdk\9.0.308\Sdks\Microsoft.NET.Sdk\targets\..\tools\net9.0\Microsoft.NET.Build.Tasks.dll”中的“GenerateGlobalUsings”任务。
       任务“GenerateGlobalUsings”
       已完成执行任务“GenerateGlobalUsings”的操作。
       正在使用程序集“Microsoft.Build.Tasks.Core, Version=15.1.0.0, Culture=neutral, PublicKeyToken=b03f5f7f11d50a3a”中的“WriteLinesToFile”任务。
       任务“WriteLinesToFile”
         跳过写入到文件“obj\Debug\net9.0\CRM.Core.Tests.GlobalUsings.g.cs”，因为内容不会改变。
       已完成执行任务“WriteLinesToFile”的操作。
   1:8>已完成在项目“CRM.Core.Tests.csproj”中生成目标“GenerateGlobalUsings”的操作。
       由于条件的计算结果为 false，已跳过目标“PreBuildEvent”；('$(PreBuildEvent)'!='')的计算结果为(''!='')。
   1:8>来自项目“d:\MyProject\FrontCRM(C#)\tests\CRM.Core.Tests\CRM.Core.Tests.csproj”的文件“C:\Program Files\dotnet\sdk\9.0.308\Microsoft.Common.CurrentVersion.targets”中的目标“BeforeResolveReferences”(目标“ResolveReferences”依赖于它):
   1:8>已完成在项目“CRM.Core.Tests.csproj”中生成目标“BeforeResolveReferences”的操作。
   1:8>来自项目“d:\MyProject\FrontCRM(C#)\tests\CRM.Core.Tests\CRM.Core.Tests.csproj”的文件“C:\Program Files\dotnet\sdk\9.0.308\Microsoft.Common.CurrentVersion.targets”中的目标“IgnoreJavaScriptOutputAssembly”(目标“AssignProjectConfiguration”依赖于它):
   1:8>已完成在项目“CRM.Core.Tests.csproj”中生成目标“IgnoreJavaScriptOutputAssembly”的操作。
       已跳过目标“ProcessFrameworkReferences”。以前的生成已成功。
   1:8>来自项目“d:\MyProject\FrontCRM(C#)\tests\CRM.Core.Tests\CRM.Core.Tests.csproj”的文件“C:\Program Files\dotnet\sdk\9.0.308\Sdks\Microsoft.NET.Sdk\targets\Microsoft.NET.Sdk.Shared.targets”中的目标“_DefaultMicrosoftNETPlatformLibrary”(目标“ResolvePackageAssets”依赖于它):
   1:8>已完成在项目“CRM.Core.Tests.csproj”中生成目标“_DefaultMicrosoftNETPlatformLibrary”的操作。
   1:8>来自项目“d:\MyProject\FrontCRM(C#)\tests\CRM.Core.Tests\CRM.Core.Tests.csproj”的文件“C:\Program Files\dotnet\sdk\9.0.308\Sdks\Microsoft.NET.Sdk\targets\Microsoft.NET.Sdk.Shared.targets”中的目标“_ComputePackageReferencePublish”(目标“ResolvePackageAssets”依赖于它):
   1:8>已完成在项目“CRM.Core.Tests.csproj”中生成目标“_ComputePackageReferencePublish”的操作。
       由于条件的计算结果为 false，已跳过目标“_ResolveCompilerVersion”；('$(CompilerApiVersion)' == '' And
                            ('$(Language)' == 'C#' Or '$(Language)' == 'VB') And
                            Exists('$(RoslynTargetsPath)\Microsoft.Build.Tasks.CodeAnalysis.dll'))的计算结果为('roslyn4.14' == '' And
                            ('C#' == 'C#' Or 'C#' == 'VB') And
                            Exists('C:\Program Files\dotnet\sdk\9.0.308\Roslyn\Microsoft.Build.Tasks.CodeAnalysis.dll'))。
   1:8>来自项目“d:\MyProject\FrontCRM(C#)\tests\CRM.Core.Tests\CRM.Core.Tests.csproj”的文件“C:\Program Files\dotnet\sdk\9.0.308\Sdks\Microsoft.NET.Sdk\targets\Microsoft.PackageDependencyResolution.targets”中的目标“ResolvePackageAssets”(目标“ResolveLockFileReferences”依赖于它):
       正在使用程序集“C:\Program Files\dotnet\sdk\9.0.308\Sdks\Microsoft.NET.Sdk\targets\..\tools\net9.0\Microsoft.NET.Build.Tasks.dll”中的“ResolvePackageAssets”任务。
       任务“ResolvePackageAssets”
       已完成执行任务“ResolvePackageAssets”的操作。
   1:8>已完成在项目“CRM.Core.Tests.csproj”中生成目标“ResolvePackageAssets”的操作。
       由于条件的计算结果为 false，已跳过目标“AdjustDefaultPlatformTargetForNetFrameworkExeWithNoNativeCopyLocalItems”；('$(_UsingDefaultPlatformTarget)' == 'true' and
                            '$(_UsingDefaultRuntimeIdentifier)' == 'true')的计算结果为('true' == 'true' and
                            '' == 'true')。
       由于条件的计算结果为 false，已跳过目标“_CheckForTransitiveWindowsDesktopDependencies”；('$(TargetFrameworkIdentifier)' == '.NETCoreApp' and $([MSBuild]::VersionGreaterThanOrEquals($(_TargetFrameworkVersionWithoutV), '5.0')) and '$(TargetPlatformIdentifier)' != 'Windows' and '@(TransitiveFrameworkReference)' != '')的计算结果为('.NETCoreApp' == '.NETCoreApp' and True and '' != 'Windows' and '' != '')。
       由于条件的计算结果为 false，已跳过目标“AddTransitiveFrameworkReferences”；('@(TransitiveFrameworkReference)' != '')的计算结果为('' != '')。
   1:8>来自项目“d:\MyProject\FrontCRM(C#)\tests\CRM.Core.Tests\CRM.Core.Tests.csproj”的文件“C:\Program Files\dotnet\sdk\9.0.308\Sdks\Microsoft.NET.Sdk\targets\Microsoft.PackageDependencyResolution.targets”中的目标“ResolveLockFileReferences”(目标“ResolvePackageDependenciesForBuild”依赖于它):
       正在使用程序集“C:\Program Files\dotnet\sdk\9.0.308\Sdks\Microsoft.NET.Sdk\targets\..\tools\net9.0\Microsoft.NET.Build.Tasks.dll”中的“JoinItems”任务。
       任务“JoinItems”
       已完成执行任务“JoinItems”的操作。
   1:8>已完成在项目“CRM.Core.Tests.csproj”中生成目标“ResolveLockFileReferences”的操作。
       已跳过目标“ResolvePackageAssets”。以前的生成已成功。
   1:8>来自项目“d:\MyProject\FrontCRM(C#)\tests\CRM.Core.Tests\CRM.Core.Tests.csproj”的文件“C:\Program Files\dotnet\sdk\9.0.308\Sdks\Microsoft.NET.Sdk\targets\Microsoft.PackageDependencyResolution.targets”中的目标“ResolveLockFileAnalyzers”(目标“ResolvePackageDependenciesForBuild”依赖于它):
   1:8>已完成在项目“CRM.Core.Tests.csproj”中生成目标“ResolveLockFileAnalyzers”的操作。
       已跳过目标“ResolvePackageAssets”。以前的生成已成功。
       由于条件的计算结果为 false，已跳过目标“RunProduceContentAssets”；('@(_ContentFilesToPreprocess)' != '' and '$(_CleaningWithoutRebuilding)' != 'true')的计算结果为('' != '' and '' != 'true')。
   1:8>来自项目“d:\MyProject\FrontCRM(C#)\tests\CRM.Core.Tests\CRM.Core.Tests.csproj”的文件“C:\Program Files\dotnet\sdk\9.0.308\Sdks\Microsoft.NET.Sdk\targets\Microsoft.PackageDependencyResolution.targets”中的目标“ResolveLockFileCopyLocalFiles”(目标“ResolvePackageDependenciesForBuild”依赖于它):
   1:8>已完成在项目“CRM.Core.Tests.csproj”中生成目标“ResolveLockFileCopyLocalFiles”的操作。
       由于条件的计算结果为 false，已跳过目标“ResolveRuntimePackAssets”；('@(RuntimePack)' != '')的计算结果为('' != '')。
       由于条件的计算结果为 false，已跳过目标“RunProduceContentAssets”；('@(_ContentFilesToPreprocess)' != '' and '$(_CleaningWithoutRebuilding)' != 'true')的计算结果为('' != '' and '' != 'true')。
       已跳过目标“ResolvePackageAssets”。以前的生成已成功。
   1:8>来自项目“d:\MyProject\FrontCRM(C#)\tests\CRM.Core.Tests\CRM.Core.Tests.csproj”的文件“C:\Program Files\dotnet\sdk\9.0.308\Sdks\Microsoft.NET.Sdk\targets\Microsoft.PackageDependencyResolution.targets”中的目标“IncludeTransitiveProjectReferences”(目标“ResolvePackageDependenciesForBuild”依赖于它):
   1:8>已完成在项目“CRM.Core.Tests.csproj”中生成目标“IncludeTransitiveProjectReferences”的操作。
   1:8>来自项目“d:\MyProject\FrontCRM(C#)\tests\CRM.Core.Tests\CRM.Core.Tests.csproj”的文件“C:\Program Files\dotnet\sdk\9.0.308\Sdks\Microsoft.NET.Sdk\targets\Microsoft.PackageDependencyResolution.targets”中的目标“ResolvePackageDependenciesForBuild”(目标“AssignProjectConfiguration”依赖于它):
   1:8>已完成在项目“CRM.Core.Tests.csproj”中生成目标“ResolvePackageDependenciesForBuild”的操作。
   1:8>来自项目“d:\MyProject\FrontCRM(C#)\tests\CRM.Core.Tests\CRM.Core.Tests.csproj”的文件“C:\Program Files\dotnet\sdk\9.0.308\Microsoft.Common.CurrentVersion.targets”中的目标“AssignProjectConfiguration”(目标“ResolveReferences”依赖于它):
       正在使用程序集“Microsoft.Build.Tasks.Core, Version=15.1.0.0, Culture=neutral, PublicKeyToken=b03f5f7f11d50a3a”中的“AssignProjectConfiguration”任务。
       任务“AssignProjectConfiguration”
         尚未解析项目引用“..\..\CRM.Core\CRM.Core.csproj”。
         尚未解析项目引用“..\CRM.TestCommon\CRM.TestCommon.csproj”。
       已完成执行任务“AssignProjectConfiguration”的操作。
   1:8>已完成在项目“CRM.Core.Tests.csproj”中生成目标“AssignProjectConfiguration”的操作。
       已跳过目标“AssignProjectConfiguration”。以前的生成已成功。
   1:8>来自项目“d:\MyProject\FrontCRM(C#)\tests\CRM.Core.Tests\CRM.Core.Tests.csproj”的文件“C:\Program Files\dotnet\sdk\9.0.308\Microsoft.Common.CurrentVersion.targets”中的目标“_SplitProjectReferencesByFileExistence”(目标“PrepareProjectReferences”依赖于它):
       由于 false 条件，已跳过任务“ResolveNonMSBuildProjectOutput”；('$(BuildingInsideVisualStudio)'=='true' and '@(ProjectReferenceWithConfiguration)'!='')计算为(''=='true' and '..\..\CRM.Core\CRM.Core.csproj;..\CRM.TestCommon\CRM.TestCommon.csproj'!='')。
   1:8>已完成在项目“CRM.Core.Tests.csproj”中生成目标“_SplitProjectReferencesByFileExistence”的操作。
   1:8>来自项目“d:\MyProject\FrontCRM(C#)\tests\CRM.Core.Tests\CRM.Core.Tests.csproj”的文件“C:\Program Files\dotnet\sdk\9.0.308\Microsoft.Common.CurrentVersion.targets”中的目标“_AddOutputPathToGlobalPropertiesToRemove”(目标“_GetProjectReferenceTargetFrameworkProperties”依赖于它):
   1:8>已完成在项目“CRM.Core.Tests.csproj”中生成目标“_AddOutputPathToGlobalPropertiesToRemove”的操作。
   1:8>来自项目“d:\MyProject\FrontCRM(C#)\tests\CRM.Core.Tests\CRM.Core.Tests.csproj”的文件“C:\Program Files\dotnet\sdk\9.0.308\Microsoft.Common.CurrentVersion.targets”中的目标“_GetProjectReferenceTargetFrameworkProperties”(目标“PrepareProjectReferences”依赖于它):
       任务“MSBuild”
         移除属性:
           TargetFramework
           RuntimeIdentifier
           SelfContained
     0>SDK“Microsoft.NET.Sdk”已由“DefaultSdkResolver”解析程序成功解析为位置“C:\Program Files\dotnet\sdk\9.0.308\Sdks\Microsoft.NET.Sdk\Sdk”和版本“”。
       C:\Program Files\dotnet\sdk\9.0.308\Sdks\Microsoft.NET.Sdk\Sdk\Sdk.props(49,11): message : 值为“C:\Program Files\dotnet\sdk\9.0.308\”的属性“MSBuildExtensionsPath”从环境中展开。
       C:\Program Files\dotnet\sdk\9.0.308\Current\Microsoft.Common.props(60,5): message : 在 C:\Program Files\dotnet\sdk\9.0.308\Current\Microsoft.Common.props (60,5) 处重新分配属性: $(MSBuildProjectExtensionsPath)=“d:\MyProject\FrontCRM(C#)\CRM.Core\obj\”(先前值:“obj\”)
       C:\Program Files\dotnet\sdk\9.0.308\Sdks\Microsoft.NET.Sdk\Sdk\Sdk.props(49,11): message : 值为“C:\Program Files\dotnet\sdk\9.0.308\”的属性“MSBuildExtensionsPath”从环境中展开。
       d:\MyProject\FrontCRM(C#)\CRM.Core\obj\CRM.Core.csproj.nuget.g.props(7,5): message : 值为“C:\Users\admin”的属性“USERPROFILE”从环境中展开。
       C:\Program Files\dotnet\sdk\9.0.308\Current\Microsoft.Common.props(84,119): message : 值为“C:\Users\admin\AppData\Local\Microsoft\MSBuild”的属性“MSBuildUserExtensionsPath”从环境中展开。
       C:\Program Files\dotnet\sdk\9.0.308\Sdks\Microsoft.NET.Sdk\targets\Microsoft.NET.Sdk.props(90,5): message : 在 C:\Program Files\dotnet\sdk\9.0.308\Sdks\Microsoft.NET.Sdk\targets\Microsoft.NET.Sdk.props (90,5) 处重新分配属性: $(AssemblySearchPaths)=“{CandidateAssemblyFiles};{HintPathFromItem}”(先前值:“{CandidateAssemblyFiles}”)
       C:\Program Files\dotnet\sdk\9.0.308\Sdks\Microsoft.NET.Sdk\targets\Microsoft.NET.Sdk.props(91,5): message : 在 C:\Program Files\dotnet\sdk\9.0.308\Sdks\Microsoft.NET.Sdk\targets\Microsoft.NET.Sdk.props (91,5) 处重新分配属性: $(AssemblySearchPaths)=“{CandidateAssemblyFiles};{HintPathFromItem};{TargetFrameworkDirectory}”(先前值:“{CandidateAssemblyFiles};{HintPathFromItem}”)
       C:\Program Files\dotnet\sdk\9.0.308\Sdks\Microsoft.NET.Sdk\targets\Microsoft.NET.Sdk.props(92,5): message : 在 C:\Program Files\dotnet\sdk\9.0.308\Sdks\Microsoft.NET.Sdk\targets\Microsoft.NET.Sdk.props (92,5) 处重新分配属性: $(AssemblySearchPaths)=“{CandidateAssemblyFiles};{HintPathFromItem};{TargetFrameworkDirectory};{RawFileName}”(先前值:“{CandidateAssemblyFiles};{HintPathFromItem};{TargetFrameworkDirectory}”)
       C:\Program Files\dotnet\sdk\9.0.308\Current\Microsoft.Common.props(60,5): message : 在 C:\Program Files\dotnet\sdk\9.0.308\Current\Microsoft.Common.props (60,5) 处重新分配属性: $(MSBuildProjectExtensionsPath)=“d:\MyProject\FrontCRM(C#)\tests\CRM.TestCommon\obj\”(先前值:“obj\”)
       C:\Program Files\dotnet\sdk\9.0.308\Sdks\Microsoft.NET.Sdk\targets\Microsoft.NET.PackProjectTool.props(15,5): message : 在 C:\Program Files\dotnet\sdk\9.0.308\Sdks\Microsoft.NET.Sdk\targets\Microsoft.NET.PackProjectTool.props (15,5) 处重新分配属性: $(TargetsForTfmSpecificContentInPackage)=“;PackTool;_PackProjectToolValidation”(先前值:“;PackTool”)
       C:\Program Files\dotnet\sdk\9.0.308\Sdks\Microsoft.NET.Sdk\targets\Microsoft.NET.Sdk.ImportPublishProfile.targets(28,5): message : 在 C:\Program Files\dotnet\sdk\9.0.308\Sdks\Microsoft.NET.Sdk\targets\Microsoft.NET.Sdk.ImportPublishProfile.targets (28,5) 处重新分配属性: $(PublishProfileImported)=“false”(先前值:“true”)
       C:\Program Files\dotnet\sdk\9.0.308\Sdks\Microsoft.NET.Sdk\targets\Microsoft.NET.TargetFrameworkInference.targets(69,5): message : 在 C:\Program Files\dotnet\sdk\9.0.308\Sdks\Microsoft.NET.Sdk\targets\Microsoft.NET.TargetFrameworkInference.targets (69,5) 处重新分配属性: $(TargetPlatformVersion)=“”(先前值:“0.0”)
       C:\Program Files\dotnet\sdk\9.0.308\Sdks\Microsoft.NET.Sdk\targets\Microsoft.NET.DefaultOutputPaths.targets(122,5): message : 在 C:\Program Files\dotnet\sdk\9.0.308\Sdks\Microsoft.NET.Sdk\targets\Microsoft.NET.DefaultOutputPaths.targets (122,5) 处重新分配属性: $(DefaultItemExcludes)=“;bin\Debug\/**;obj\Debug\/**”(先前值:“;bin\Debug\/**”)
       C:\Program Files\dotnet\sdk\9.0.308\Sdks\Microsoft.NET.Sdk\targets\Microsoft.NET.DefaultOutputPaths.targets(137,5): message : 在 C:\Program Files\dotnet\sdk\9.0.308\Sdks\Microsoft.NET.Sdk\targets\Microsoft.NET.DefaultOutputPaths.targets (137,5) 处重新分配属性: $(OutputPath)=“bin\Debug\net9.0\”(先前值:“bin\Debug\”)
       C:\Program Files\dotnet\sdk\9.0.308\Sdks\Microsoft.NET.Sdk\targets\Microsoft.NET.DefaultOutputPaths.targets(142,5): message : 在 C:\Program Files\dotnet\sdk\9.0.308\Sdks\Microsoft.NET.Sdk\targets\Microsoft.NET.DefaultOutputPaths.targets (142,5) 处重新分配属性: $(IntermediateOutputPath)=“obj\Debug\net9.0\”(先前值:“obj\Debug\”)
       d:\MyProject\FrontCRM(C#)\tests\CRM.TestCommon\obj\CRM.TestCommon.csproj.nuget.g.props(7,5): message : 值为“C:\Users\admin”的属性“USERPROFILE”从环境中展开。
       C:\Program Files\dotnet\sdk\9.0.308\Sdks\Microsoft.NET.Sdk\targets\Microsoft.NET.Sdk.BeforeCommon.targets(187,5): message : 在 C:\Program Files\dotnet\sdk\9.0.308\Sdks\Microsoft.NET.Sdk\targets\Microsoft.NET.Sdk.BeforeCommon.targets (187,5) 处重新分配属性: $(_FrameworkIdentifierForImplicitDefine)=“NET”(先前值:“NETCOREAPP”)
       C:\Program Files\dotnet\sdk\9.0.308\Sdks\Microsoft.NET.Sdk\targets\Microsoft.NET.Sdk.BeforeCommon.targets(192,5): message : 在 C:\Program Files\dotnet\sdk\9.0.308\Sdks\Microsoft.NET.Sdk\targets\Microsoft.NET.Sdk.BeforeCommon.targets (192,5) 处重新分配属性: $(_FrameworkVersionForImplicitDefine)=“9_0”(先前值:“9.0”)
       C:\Program Files\dotnet\sdk\9.0.308\Current\Microsoft.Common.props(84,119): message : 值为“C:\Users\admin\AppData\Local\Microsoft\MSBuild”的属性“MSBuildUserExtensionsPath”从环境中展开。
       C:\Program Files\dotnet\sdk\9.0.308\Roslyn\Microsoft.CSharp.Core.targets(200,5): message : 在 C:\Program Files\dotnet\sdk\9.0.308\Roslyn\Microsoft.CSharp.Core.targets (200,5) 处重新分配属性: $(CommandLineArgsForDesignTimeEvaluation)=“-langversion:13.0 -define:TRACE”(先前值:“-langversion:13.0”)
       C:\Program Files\dotnet\sdk\9.0.308\Microsoft.Common.CurrentVersion.targets(175,5): message : 在 C:\Program Files\dotnet\sdk\9.0.308\Microsoft.Common.CurrentVersion.targets (175,5) 处重新分配属性: $(_DebugSymbolsProduced)=“true”(先前值:“false”)
       C:\Program Files\dotnet\sdk\9.0.308\Microsoft.Common.CurrentVersion.targets(185,5): message : 在 C:\Program Files\dotnet\sdk\9.0.308\Microsoft.Common.CurrentVersion.targets (185,5) 处重新分配属性: $(_DocumentationFileProduced)=“false”(先前值:“true”)
       C:\Program Files\dotnet\sdk\9.0.308\Microsoft.Common.CurrentVersion.targets(393,5): message : 在 C:\Program Files\dotnet\sdk\9.0.308\Microsoft.Common.CurrentVersion.targets (393,5) 处重新分配属性: $(MSBuildCopyMarkerName)=“CRM.Core.csproj.Up2Date”(先前值:“CRM.Core.csproj”)
       C:\Program Files\dotnet\sdk\9.0.308\Microsoft.Common.CurrentVersion.targets(541,5): message : 在 C:\Program Files\dotnet\sdk\9.0.308\Microsoft.Common.CurrentVersion.targets (541,5) 处重新分配属性: $(ProcessorArchitecture)=“msil”(先前值:“”)
       C:\Program Files\dotnet\sdk\9.0.308\Microsoft.Common.CurrentVersion.targets(580,5): message : 在 C:\Program Files\dotnet\sdk\9.0.308\Microsoft.Common.CurrentVersion.targets (580,5) 处重新分配属性: $(DelaySign)=“”(先前值:“false”)
       C:\Program Files\dotnet\sdk\9.0.308\Microsoft.Common.CurrentVersion.targets(2619,5): message : 值为“C:\Users\admin\AppData\Local”的属性“LOCALAPPDATA”从环境中展开。
       C:\Program Files\dotnet\sdk\9.0.308\Microsoft.Common.CurrentVersion.targets(3947,5): message : 在 C:\Program Files\dotnet\sdk\9.0.308\Microsoft.Common.CurrentVersion.targets (3947,5) 处重新分配属性: $(_SGenGenerateSerializationAssembliesConfig)=“Auto”(先前值:“”)
       C:\Program Files\dotnet\sdk\9.0.308\Microsoft.Common.CurrentVersion.targets(3948,5): message : 在 C:\Program Files\dotnet\sdk\9.0.308\Microsoft.Common.CurrentVersion.targets (3948,5) 处重新分配属性: $(_SGenGenerateSerializationAssembliesConfig)=“Off”(先前值:“Auto”)
       C:\Program Files\dotnet\sdk\9.0.308\Microsoft.Common.CurrentVersion.targets(5159,5): message : 在 C:\Program Files\dotnet\sdk\9.0.308\Microsoft.Common.CurrentVersion.targets (5159,5) 处重新分配属性: $(_TargetsThatPrepareProjectReferences)=“
       C:\Program Files\dotnet\sdk\9.0.308\Microsoft.Common.CurrentVersion.targets(5159,5): message :       AssignProjectConfiguration;
       C:\Program Files\dotnet\sdk\9.0.308\Microsoft.Common.CurrentVersion.targets(5159,5): message :       _SplitProjectReferencesByFileExistence
       C:\Program Files\dotnet\sdk\9.0.308\Microsoft.Common.CurrentVersion.targets(5159,5): message :     ”(先前值:“_SplitProjectReferencesByFileExistence”)
       C:\Program Files\dotnet\sdk\9.0.308\Microsoft.Common.CurrentVersion.targets(6954,5): message : 值为“C:\Program Files\dotnet\sdk\9.0.308”的属性“MSBuildExtensionsPath32”从环境中展开。
       C:\Program Files\dotnet\sdk\9.0.308\Sdks\Microsoft.NET.Sdk\targets\Microsoft.NET.Sdk.props(90,5): message : 在 C:\Program Files\dotnet\sdk\9.0.308\Sdks\Microsoft.NET.Sdk\targets\Microsoft.NET.Sdk.props (90,5) 处重新分配属性: $(AssemblySearchPaths)=“{CandidateAssemblyFiles};{HintPathFromItem}”(先前值:“{CandidateAssemblyFiles}”)
       C:\Program Files\dotnet\sdk\9.0.308\Sdks\Microsoft.NET.Sdk\targets\Microsoft.NET.Sdk.props(91,5): message : 在 C:\Program Files\dotnet\sdk\9.0.308\Sdks\Microsoft.NET.Sdk\targets\Microsoft.NET.Sdk.props (91,5) 处重新分配属性: $(AssemblySearchPaths)=“{CandidateAssemblyFiles};{HintPathFromItem};{TargetFrameworkDirectory}”(先前值:“{CandidateAssemblyFiles};{HintPathFromItem}”)
       C:\Program Files\dotnet\sdk\9.0.308\Sdks\Microsoft.NET.Sdk\targets\Microsoft.NET.Sdk.props(92,5): message : 在 C:\Program Files\dotnet\sdk\9.0.308\Sdks\Microsoft.NET.Sdk\targets\Microsoft.NET.Sdk.props (92,5) 处重新分配属性: $(AssemblySearchPaths)=“{CandidateAssemblyFiles};{HintPathFromItem};{TargetFrameworkDirectory};{RawFileName}”(先前值:“{CandidateAssemblyFiles};{HintPathFromItem};{TargetFrameworkDirectory}”)
       C:\Program Files\dotnet\sdk\9.0.308\Sdks\Microsoft.NET.Sdk\targets\Microsoft.PackageDependencyResolution.targets(29,5): message : 在 C:\Program Files\dotnet\sdk\9.0.308\Sdks\Microsoft.NET.Sdk\targets\Microsoft.PackageDependencyResolution.targets (29,5) 处重新分配属性: $(ProjectAssetsCacheFile)=“d:\MyProject\FrontCRM(C#)\CRM.Core\obj\Debug\net9.0\CRM.Core.assets.cache”(先前值:“obj\Debug\net9.0\CRM.Core.assets.cache”)
       C:\Program Files\dotnet\sdk\9.0.308\Sdks\Microsoft.NET.Sdk\targets\Microsoft.PackageDependencyResolution.targets(80,5): message : 在 C:\Program Files\dotnet\sdk\9.0.308\Sdks\Microsoft.NET.Sdk\targets\Microsoft.PackageDependencyResolution.targets (80,5) 处重新分配属性: $(ResolveAssemblyReferencesDependsOn)=“
       C:\Program Files\dotnet\sdk\9.0.308\Sdks\Microsoft.NET.Sdk\targets\Microsoft.PackageDependencyResolution.targets(80,5): message :       
       C:\Program Files\dotnet\sdk\9.0.308\Sdks\Microsoft.NET.Sdk\targets\Microsoft.PackageDependencyResolution.targets(80,5): message :       ResolveProjectReferences;
       C:\Program Files\dotnet\sdk\9.0.308\Sdks\Microsoft.NET.Sdk\targets\Microsoft.PackageDependencyResolution.targets(80,5): message :       FindInvalidProjectReferences;
       C:\Program Files\dotnet\sdk\9.0.308\Sdks\Microsoft.NET.Sdk\targets\Microsoft.PackageDependencyResolution.targets(80,5): message :       GetFrameworkPaths;
       C:\Program Files\dotnet\sdk\9.0.308\Sdks\Microsoft.NET.Sdk\targets\Microsoft.PackageDependencyResolution.targets(80,5): message :       GetReferenceAssemblyPaths;
       C:\Program Files\dotnet\sdk\9.0.308\Sdks\Microsoft.NET.Sdk\targets\Microsoft.PackageDependencyResolution.targets(80,5): message :       PrepareForBuild;
       C:\Program Files\dotnet\sdk\9.0.308\Sdks\Microsoft.NET.Sdk\targets\Microsoft.PackageDependencyResolution.targets(80,5): message :       ResolveSDKReferences;
       C:\Program Files\dotnet\sdk\9.0.308\Sdks\Microsoft.NET.Sdk\targets\Microsoft.PackageDependencyResolution.targets(80,5): message :       ExpandSDKReferences;
       C:\Program Files\dotnet\sdk\9.0.308\Sdks\Microsoft.NET.Sdk\targets\Microsoft.PackageDependencyResolution.targets(80,5): message :     ;
       C:\Program Files\dotnet\sdk\9.0.308\Sdks\Microsoft.NET.Sdk\targets\Microsoft.PackageDependencyResolution.targets(80,5): message :       ResolvePackageDependenciesForBuild;
       C:\Program Files\dotnet\sdk\9.0.308\Sdks\Microsoft.NET.Sdk\targets\Microsoft.PackageDependencyResolution.targets(80,5): message :       _HandlePackageFileConflicts;
       C:\Program Files\dotnet\sdk\9.0.308\Sdks\Microsoft.NET.Sdk\targets\Microsoft.PackageDependencyResolution.targets(80,5): message :     ”(先前值:“
       C:\Program Files\dotnet\sdk\9.0.308\Sdks\Microsoft.NET.Sdk\targets\Microsoft.PackageDependencyResolution.targets(80,5): message :       ResolveProjectReferences;
       C:\Program Files\dotnet\sdk\9.0.308\Sdks\Microsoft.NET.Sdk\targets\Microsoft.PackageDependencyResolution.targets(80,5): message :       FindInvalidProjectReferences;
       C:\Program Files\dotnet\sdk\9.0.308\Sdks\Microsoft.NET.Sdk\targets\Microsoft.PackageDependencyResolution.targets(80,5): message :       GetFrameworkPaths;
       C:\Program Files\dotnet\sdk\9.0.308\Sdks\Microsoft.NET.Sdk\targets\Microsoft.PackageDependencyResolution.targets(80,5): message :       GetReferenceAssemblyPaths;
       C:\Program Files\dotnet\sdk\9.0.308\Sdks\Microsoft.NET.Sdk\targets\Microsoft.PackageDependencyResolution.targets(80,5): message :       PrepareForBuild;
       C:\Program Files\dotnet\sdk\9.0.308\Sdks\Microsoft.NET.Sdk\targets\Microsoft.PackageDependencyResolution.targets(80,5): message :       ResolveSDKReferences;
       C:\Program Files\dotnet\sdk\9.0.308\Sdks\Microsoft.NET.Sdk\targets\Microsoft.PackageDependencyResolution.targets(80,5): message :       ExpandSDKReferences;
       C:\Program Files\dotnet\sdk\9.0.308\Sdks\Microsoft.NET.Sdk\targets\Microsoft.PackageDependencyResolution.targets(80,5): message :     ”)
       C:\Program Files\dotnet\sdk\9.0.308\Sdks\Microsoft.NET.Sdk\targets\Microsoft.PackageDependencyResolution.targets(86,5): message : 在 C:\Program Files\dotnet\sdk\9.0.308\Sdks\Microsoft.NET.Sdk\targets\Microsoft.PackageDependencyResolution.targets (86,5) 处重新分配属性: $(PrepareResourcesDependsOn)=“
       C:\Program Files\dotnet\sdk\9.0.308\Sdks\Microsoft.NET.Sdk\targets\Microsoft.PackageDependencyResolution.targets(86,5): message :       ResolvePackageDependenciesForBuild;
       C:\Program Files\dotnet\sdk\9.0.308\Sdks\Microsoft.NET.Sdk\targets\Microsoft.PackageDependencyResolution.targets(86,5): message :       _HandlePackageFileConflicts;
       C:\Program Files\dotnet\sdk\9.0.308\Sdks\Microsoft.NET.Sdk\targets\Microsoft.PackageDependencyResolution.targets(86,5): message :       
       C:\Program Files\dotnet\sdk\9.0.308\Sdks\Microsoft.NET.Sdk\targets\Microsoft.PackageDependencyResolution.targets(86,5): message :       ;
       C:\Program Files\dotnet\sdk\9.0.308\Sdks\Microsoft.NET.Sdk\targets\Microsoft.PackageDependencyResolution.targets(86,5): message :       PrepareResourceNames;
       C:\Program Files\dotnet\sdk\9.0.308\Sdks\Microsoft.NET.Sdk\targets\Microsoft.PackageDependencyResolution.targets(86,5): message :       ResGen;
       C:\Program Files\dotnet\sdk\9.0.308\Sdks\Microsoft.NET.Sdk\targets\Microsoft.PackageDependencyResolution.targets(86,5): message :       CompileLicxFiles
       C:\Program Files\dotnet\sdk\9.0.308\Sdks\Microsoft.NET.Sdk\targets\Microsoft.PackageDependencyResolution.targets(86,5): message :     
       C:\Program Files\dotnet\sdk\9.0.308\Sdks\Microsoft.NET.Sdk\targets\Microsoft.PackageDependencyResolution.targets(86,5): message :     ”(先前值:“
       C:\Program Files\dotnet\sdk\9.0.308\Sdks\Microsoft.NET.Sdk\targets\Microsoft.PackageDependencyResolution.targets(86,5): message :       ;
       C:\Program Files\dotnet\sdk\9.0.308\Sdks\Microsoft.NET.Sdk\targets\Microsoft.PackageDependencyResolution.targets(86,5): message :       PrepareResourceNames;
       C:\Program Files\dotnet\sdk\9.0.308\Sdks\Microsoft.NET.Sdk\targets\Microsoft.PackageDependencyResolution.targets(86,5): message :       ResGen;
       C:\Program Files\dotnet\sdk\9.0.308\Sdks\Microsoft.NET.Sdk\targets\Microsoft.PackageDependencyResolution.targets(86,5): message :       CompileLicxFiles
       C:\Program Files\dotnet\sdk\9.0.308\Sdks\Microsoft.NET.Sdk\targets\Microsoft.PackageDependencyResolution.targets(86,5): message :     ”)
       C:\Program Files\dotnet\sdk\9.0.308\Sdks\Microsoft.NET.Sdk\targets\Microsoft.NET.Sdk.DefaultItems.targets(27,5): message : 在 C:\Program Files\dotnet\sdk\9.0.308\Sdks\Microsoft.NET.Sdk\targets\Microsoft.NET.Sdk.DefaultItems.targets (27,5) 处重新分配属性: $(DefaultItemExcludes)=“;bin\Debug\/**;obj\Debug\/**;bin\/**”(先前值:“;bin\Debug\/**;obj\Debug\/**”)
       C:\Program Files\dotnet\sdk\9.0.308\Sdks\Microsoft.NET.Sdk\targets\Microsoft.NET.Sdk.DefaultItems.targets(29,5): message : 在 C:\Program Files\dotnet\sdk\9.0.308\Sdks\Microsoft.NET.Sdk\targets\Microsoft.NET.Sdk.DefaultItems.targets (29,5) 处重新分配属性: $(DefaultItemExcludes)=“;bin\Debug\/**;obj\Debug\/**;bin\/**;obj\/**”(先前值:“;bin\Debug\/**;obj\Debug\/**;bin\/**”)
       C:\Program Files\dotnet\sdk\9.0.308\Sdks\Microsoft.NET.Sdk\targets\Microsoft.NET.Sdk.DefaultItems.targets(32,5): message : 在 C:\Program Files\dotnet\sdk\9.0.308\Sdks\Microsoft.NET.Sdk\targets\Microsoft.NET.Sdk.DefaultItems.targets (32,5) 处重新分配属性: $(DefaultItemExcludes)=“;bin\Debug\/**;obj\Debug\/**;bin\/**;obj\/**;**/*.user”(先前值:“;bin\Debug\/**;obj\Debug\/**;bin\/**;obj\/**”)
       C:\Program Files\dotnet\sdk\9.0.308\Sdks\Microsoft.NET.Sdk\targets\Microsoft.NET.Sdk.DefaultItems.targets(33,5): message : 在 C:\Program Files\dotnet\sdk\9.0.308\Sdks\Microsoft.NET.Sdk\targets\Microsoft.NET.Sdk.DefaultItems.targets (33,5) 处重新分配属性: $(DefaultItemExcludes)=“;bin\Debug\/**;obj\Debug\/**;bin\/**;obj\/**;**/*.user;**/*.*proj”(先前值:“;bin\Debug\/**;obj\Debug\/**;bin\/**;obj\/**;**/*.user”)
       C:\Program Files\dotnet\sdk\9.0.308\Sdks\Microsoft.NET.Sdk\targets\Microsoft.NET.Sdk.DefaultItems.targets(34,5): message : 在 C:\Program Files\dotnet\sdk\9.0.308\Sdks\Microsoft.NET.Sdk\targets\Microsoft.NET.Sdk.DefaultItems.targets (34,5) 处重新分配属性: $(DefaultItemExcludes)=“;bin\Debug\/**;obj\Debug\/**;bin\/**;obj\/**;**/*.user;**/*.*proj;**/*.sln”(先前值:“;bin\Debug\/**;obj\Debug\/**;bin\/**;obj\/**;**/*.user;**/*.*proj”)
       C:\Program Files\dotnet\sdk\9.0.308\Sdks\Microsoft.NET.Sdk\targets\Microsoft.NET.Sdk.DefaultItems.targets(35,5): message : 在 C:\Program Files\dotnet\sdk\9.0.308\Sdks\Microsoft.NET.Sdk\targets\Microsoft.NET.Sdk.DefaultItems.targets (35,5) 处重新分配属性: $(DefaultItemExcludes)=“;bin\Debug\/**;obj\Debug\/**;bin\/**;obj\/**;**/*.user;**/*.*proj;**/*.sln;**/*.slnx”(先前值:“;bin\Debug\/**;obj\Debug\/**;bin\/**;obj\/**;**/*.user;**/*.*proj;**/*.sln”)
       C:\Program Files\dotnet\sdk\9.0.308\Sdks\Microsoft.NET.Sdk\targets\Microsoft.NET.Sdk.DefaultItems.targets(36,5): message : 在 C:\Program Files\dotnet\sdk\9.0.308\Sdks\Microsoft.NET.Sdk\targets\Microsoft.NET.Sdk.DefaultItems.targets (36,5) 处重新分配属性: $(DefaultItemExcludes)=“;bin\Debug\/**;obj\Debug\/**;bin\/**;obj\/**;**/*.user;**/*.*proj;**/*.sln;**/*.slnx;**/*.vssscc”(先前值:“;bin\Debug\/**;obj\Debug\/**;bin\/**;obj\/**;**/*.user;**/*.*proj;**/*.sln;**/*.slnx”)
       C:\Program Files\dotnet\sdk\9.0.308\Sdks\Microsoft.NET.Sdk\targets\Microsoft.NET.Sdk.DefaultItems.targets(37,5): message : 在 C:\Program Files\dotnet\sdk\9.0.308\Sdks\Microsoft.NET.Sdk\targets\Microsoft.NET.Sdk.DefaultItems.targets (37,5) 处重新分配属性: $(DefaultItemExcludes)=“;bin\Debug\/**;obj\Debug\/**;bin\/**;obj\/**;**/*.user;**/*.*proj;**/*.sln;**/*.slnx;**/*.vssscc;**/.DS_Store”(先前值:“;bin\Debug\/**;obj\Debug\/**;bin\/**;obj\/**;**/*.user;**/*.*proj;**/*.sln;**/*.slnx;**/*.vssscc”)
       C:\Program Files\dotnet\sdk\9.0.308\Sdks\Microsoft.NET.Sdk\targets\Microsoft.NET.Sdk.FrameworkReferenceResolution.targets(14,5): message : 在 C:\Program Files\dotnet\sdk\9.0.308\Sdks\Microsoft.NET.Sdk\targets\Microsoft.NET.Sdk.FrameworkReferenceResolution.targets (14,5) 处重新分配属性: $(ResolveAssemblyReferencesDependsOn)=“
       C:\Program Files\dotnet\sdk\9.0.308\Sdks\Microsoft.NET.Sdk\targets\Microsoft.NET.Sdk.FrameworkReferenceResolution.targets(14,5): message :       
       C:\Program Files\dotnet\sdk\9.0.308\Sdks\Microsoft.NET.Sdk\targets\Microsoft.NET.Sdk.FrameworkReferenceResolution.targets(14,5): message :       
       C:\Program Files\dotnet\sdk\9.0.308\Sdks\Microsoft.NET.Sdk\targets\Microsoft.NET.Sdk.FrameworkReferenceResolution.targets(14,5): message :       ResolveProjectReferences;
       C:\Program Files\dotnet\sdk\9.0.308\Sdks\Microsoft.NET.Sdk\targets\Microsoft.NET.Sdk.FrameworkReferenceResolution.targets(14,5): message :       FindInvalidProjectReferences;
       C:\Program Files\dotnet\sdk\9.0.308\Sdks\Microsoft.NET.Sdk\targets\Microsoft.NET.Sdk.FrameworkReferenceResolution.targets(14,5): message :       GetFrameworkPaths;
       C:\Program Files\dotnet\sdk\9.0.308\Sdks\Microsoft.NET.Sdk\targets\Microsoft.NET.Sdk.FrameworkReferenceResolution.targets(14,5): message :       GetReferenceAssemblyPaths;
       C:\Program Files\dotnet\sdk\9.0.308\Sdks\Microsoft.NET.Sdk\targets\Microsoft.NET.Sdk.FrameworkReferenceResolution.targets(14,5): message :       PrepareForBuild;
       C:\Program Files\dotnet\sdk\9.0.308\Sdks\Microsoft.NET.Sdk\targets\Microsoft.NET.Sdk.FrameworkReferenceResolution.targets(14,5): message :       ResolveSDKReferences;
       C:\Program Files\dotnet\sdk\9.0.308\Sdks\Microsoft.NET.Sdk\targets\Microsoft.NET.Sdk.FrameworkReferenceResolution.targets(14,5): message :       ExpandSDKReferences;
       C:\Program Files\dotnet\sdk\9.0.308\Sdks\Microsoft.NET.Sdk\targets\Microsoft.NET.Sdk.FrameworkReferenceResolution.targets(14,5): message :     ;
       C:\Program Files\dotnet\sdk\9.0.308\Sdks\Microsoft.NET.Sdk\targets\Microsoft.NET.Sdk.FrameworkReferenceResolution.targets(14,5): message :       ResolvePackageDependenciesForBuild;
       C:\Program Files\dotnet\sdk\9.0.308\Sdks\Microsoft.NET.Sdk\targets\Microsoft.NET.Sdk.FrameworkReferenceResolution.targets(14,5): message :       _HandlePackageFileConflicts;
       C:\Program Files\dotnet\sdk\9.0.308\Sdks\Microsoft.NET.Sdk\targets\Microsoft.NET.Sdk.FrameworkReferenceResolution.targets(14,5): message :     ;
       C:\Program Files\dotnet\sdk\9.0.308\Sdks\Microsoft.NET.Sdk\targets\Microsoft.NET.Sdk.FrameworkReferenceResolution.targets(14,5): message :       ResolveTargetingPackAssets;
       C:\Program Files\dotnet\sdk\9.0.308\Sdks\Microsoft.NET.Sdk\targets\Microsoft.NET.Sdk.FrameworkReferenceResolution.targets(14,5): message :     ”(先前值:“
       C:\Program Files\dotnet\sdk\9.0.308\Sdks\Microsoft.NET.Sdk\targets\Microsoft.NET.Sdk.FrameworkReferenceResolution.targets(14,5): message :       
       C:\Program Files\dotnet\sdk\9.0.308\Sdks\Microsoft.NET.Sdk\targets\Microsoft.NET.Sdk.FrameworkReferenceResolution.targets(14,5): message :       ResolveProjectReferences;
       C:\Program Files\dotnet\sdk\9.0.308\Sdks\Microsoft.NET.Sdk\targets\Microsoft.NET.Sdk.FrameworkReferenceResolution.targets(14,5): message :       FindInvalidProjectReferences;
       C:\Program Files\dotnet\sdk\9.0.308\Sdks\Microsoft.NET.Sdk\targets\Microsoft.NET.Sdk.FrameworkReferenceResolution.targets(14,5): message :       GetFrameworkPaths;
       C:\Program Files\dotnet\sdk\9.0.308\Sdks\Microsoft.NET.Sdk\targets\Microsoft.NET.Sdk.FrameworkReferenceResolution.targets(14,5): message :       GetReferenceAssemblyPaths;
       C:\Program Files\dotnet\sdk\9.0.308\Sdks\Microsoft.NET.Sdk\targets\Microsoft.NET.Sdk.FrameworkReferenceResolution.targets(14,5): message :       PrepareForBuild;
       C:\Program Files\dotnet\sdk\9.0.308\Sdks\Microsoft.NET.Sdk\targets\Microsoft.NET.Sdk.FrameworkReferenceResolution.targets(14,5): message :       ResolveSDKReferences;
       C:\Program Files\dotnet\sdk\9.0.308\Sdks\Microsoft.NET.Sdk\targets\Microsoft.NET.Sdk.FrameworkReferenceResolution.targets(14,5): message :       ExpandSDKReferences;
       C:\Program Files\dotnet\sdk\9.0.308\Sdks\Microsoft.NET.Sdk\targets\Microsoft.NET.Sdk.FrameworkReferenceResolution.targets(14,5): message :     ;
       C:\Program Files\dotnet\sdk\9.0.308\Sdks\Microsoft.NET.Sdk\targets\Microsoft.NET.Sdk.FrameworkReferenceResolution.targets(14,5): message :       ResolvePackageDependenciesForBuild;
       C:\Program Files\dotnet\sdk\9.0.308\Sdks\Microsoft.NET.Sdk\targets\Microsoft.NET.Sdk.FrameworkReferenceResolution.targets(14,5): message :       _HandlePackageFileConflicts;
       C:\Program Files\dotnet\sdk\9.0.308\Sdks\Microsoft.NET.Sdk\targets\Microsoft.NET.Sdk.FrameworkReferenceResolution.targets(14,5): message :     ”)
       C:\Program Files\dotnet\sdk\9.0.308\Sdks\Microsoft.NET.Sdk\targets\Microsoft.NET.Sdk.targets(44,5): message : 在 C:\Program Files\dotnet\sdk\9.0.308\Sdks\Microsoft.NET.Sdk\targets\Microsoft.NET.Sdk.targets (44,5) 处重新分配属性: $(_GenerateRuntimeConfigurationPropertyInputsCache)=“d:\MyProject\FrontCRM(C#)\CRM.Core\obj\Debug\net9.0\CRM.Core.genruntimeconfig.cache”(先前值:“obj\Debug\net9.0\CRM.Core.genruntimeconfig.cache”)
       C:\Program Files\dotnet\sdk\9.0.308\Sdks\Microsoft.NET.Sdk\targets\Microsoft.NET.Sdk.targets(46,5): message : 在 C:\Program Files\dotnet\sdk\9.0.308\Sdks\Microsoft.NET.Sdk\targets\Microsoft.NET.Sdk.targets (46,5) 处重新分配属性: $(_GeneratePublishDependencyFilePropertyInputsCache)=“d:\MyProject\FrontCRM(C#)\CRM.Core\obj\Debug\net9.0\CRM.Core.genpublishdeps.cache”(先前值:“obj\Debug\net9.0\CRM.Core.genpublishdeps.cache”)
       C:\Program Files\dotnet\sdk\9.0.308\Sdks\Microsoft.NET.Sdk\targets\Microsoft.NET.Sdk.targets(48,5): message : 在 C:\Program Files\dotnet\sdk\9.0.308\Sdks\Microsoft.NET.Sdk\targets\Microsoft.NET.Sdk.targets (48,5) 处重新分配属性: $(_GenerateSingleFileBundlePropertyInputsCache)=“d:\MyProject\FrontCRM(C#)\CRM.Core\obj\Debug\net9.0\CRM.Core.genbundle.cache”(先前值:“obj\Debug\net9.0\CRM.Core.genbundle.cache”)
       C:\Program Files\dotnet\sdk\9.0.308\Sdks\Microsoft.NET.Sdk\targets\Microsoft.NET.Sdk.targets(81,5): message : 在 C:\Program Files\dotnet\sdk\9.0.308\Sdks\Microsoft.NET.Sdk\targets\Microsoft.NET.Sdk.targets (81,5) 处重新分配属性: $(GenerateRuntimeConfigDevFile)=“false”(先前值:“true”)
       C:\Program Files\dotnet\sdk\9.0.308\Sdks\Microsoft.NET.Sdk\targets\Microsoft.NET.Sdk.targets(97,5): message : 在 C:\Program Files\dotnet\sdk\9.0.308\Sdks\Microsoft.NET.Sdk\targets\Microsoft.NET.Sdk.targets (97,5) 处重新分配属性: $(_DefaultUserProfileRuntimeStorePath)=“C:\Users\admin”(先前值:“”)
       C:\Program Files\dotnet\sdk\9.0.308\Sdks\Microsoft.NET.Sdk\targets\Microsoft.NET.Sdk.targets(98,5): message : 在 C:\Program Files\dotnet\sdk\9.0.308\Sdks\Microsoft.NET.Sdk\targets\Microsoft.NET.Sdk.targets (98,5) 处重新分配属性: $(_DefaultUserProfileRuntimeStorePath)=“C:\Users\admin\.dotnet\store”(先前值:“C:\Users\admin”)
       C:\Program Files\dotnet\sdk\9.0.308\Sdks\Microsoft.NET.Sdk\targets\Microsoft.NET.Sdk.targets(140,5): message : 在 C:\Program Files\dotnet\sdk\9.0.308\Sdks\Microsoft.NET.Sdk\targets\Microsoft.NET.Sdk.targets (140,5) 处重新分配属性: $(AvailablePlatforms)=“Any CPU,x86,x64,ARM32”(先前值:“Any CPU,x86,x64”)
       C:\Program Files\dotnet\sdk\9.0.308\Sdks\Microsoft.NET.Sdk\targets\Microsoft.NET.Sdk.targets(144,5): message : 在 C:\Program Files\dotnet\sdk\9.0.308\Sdks\Microsoft.NET.Sdk\targets\Microsoft.NET.Sdk.targets (144,5) 处重新分配属性: $(AvailablePlatforms)=“Any CPU,x86,x64,ARM32,ARM64”(先前值:“Any CPU,x86,x64,ARM32”)
       C:\Program Files\dotnet\sdk\9.0.308\Sdks\Microsoft.NET.Sdk\targets\Microsoft.NET.Sdk.targets(201,5): message : 在 C:\Program Files\dotnet\sdk\9.0.308\Sdks\Microsoft.NET.Sdk\targets\Microsoft.NET.Sdk.targets (201,5) 处重新分配属性: $(CoreBuildDependsOn)=“
       C:\Program Files\dotnet\sdk\9.0.308\Sdks\Microsoft.NET.Sdk\targets\Microsoft.NET.Sdk.targets(201,5): message :       _CheckForBuildWithNoBuild;
       C:\Program Files\dotnet\sdk\9.0.308\Sdks\Microsoft.NET.Sdk\targets\Microsoft.NET.Sdk.targets(201,5): message :       
       C:\Program Files\dotnet\sdk\9.0.308\Sdks\Microsoft.NET.Sdk\targets\Microsoft.NET.Sdk.targets(201,5): message :       BuildOnlySettings;
       C:\Program Files\dotnet\sdk\9.0.308\Sdks\Microsoft.NET.Sdk\targets\Microsoft.NET.Sdk.targets(201,5): message :       PrepareForBuild;
       C:\Program Files\dotnet\sdk\9.0.308\Sdks\Microsoft.NET.Sdk\targets\Microsoft.NET.Sdk.targets(201,5): message :       PreBuildEvent;
       C:\Program Files\dotnet\sdk\9.0.308\Sdks\Microsoft.NET.Sdk\targets\Microsoft.NET.Sdk.targets(201,5): message :       ResolveReferences;
       C:\Program Files\dotnet\sdk\9.0.308\Sdks\Microsoft.NET.Sdk\targets\Microsoft.NET.Sdk.targets(201,5): message :       PrepareResources;
       C:\Program Files\dotnet\sdk\9.0.308\Sdks\Microsoft.NET.Sdk\targets\Microsoft.NET.Sdk.targets(201,5): message :       ResolveKeySource;
       C:\Program Files\dotnet\sdk\9.0.308\Sdks\Microsoft.NET.Sdk\targets\Microsoft.NET.Sdk.targets(201,5): message :       Compile;
       C:\Program Files\dotnet\sdk\9.0.308\Sdks\Microsoft.NET.Sdk\targets\Microsoft.NET.Sdk.targets(201,5): message :       ExportWindowsMDFile;
       C:\Program Files\dotnet\sdk\9.0.308\Sdks\Microsoft.NET.Sdk\targets\Microsoft.NET.Sdk.targets(201,5): message :       UnmanagedUnregistration;
       C:\Program Files\dotnet\sdk\9.0.308\Sdks\Microsoft.NET.Sdk\targets\Microsoft.NET.Sdk.targets(201,5): message :       GenerateSerializationAssemblies;
       C:\Program Files\dotnet\sdk\9.0.308\Sdks\Microsoft.NET.Sdk\targets\Microsoft.NET.Sdk.targets(201,5): message :       CreateSatelliteAssemblies;
       C:\Program Files\dotnet\sdk\9.0.308\Sdks\Microsoft.NET.Sdk\targets\Microsoft.NET.Sdk.targets(201,5): message :       GenerateManifests;
       C:\Program Files\dotnet\sdk\9.0.308\Sdks\Microsoft.NET.Sdk\targets\Microsoft.NET.Sdk.targets(201,5): message :       GetTargetPath;
       C:\Program Files\dotnet\sdk\9.0.308\Sdks\Microsoft.NET.Sdk\targets\Microsoft.NET.Sdk.targets(201,5): message :       PrepareForRun;
       C:\Program Files\dotnet\sdk\9.0.308\Sdks\Microsoft.NET.Sdk\targets\Microsoft.NET.Sdk.targets(201,5): message :       UnmanagedRegistration;
       C:\Program Files\dotnet\sdk\9.0.308\Sdks\Microsoft.NET.Sdk\targets\Microsoft.NET.Sdk.targets(201,5): message :       IncrementalClean;
       C:\Program Files\dotnet\sdk\9.0.308\Sdks\Microsoft.NET.Sdk\targets\Microsoft.NET.Sdk.targets(201,5): message :       PostBuildEvent
       C:\Program Files\dotnet\sdk\9.0.308\Sdks\Microsoft.NET.Sdk\targets\Microsoft.NET.Sdk.targets(201,5): message :     ;
       C:\Program Files\dotnet\sdk\9.0.308\Sdks\Microsoft.NET.Sdk\targets\Microsoft.NET.Sdk.targets(201,5): message :       GenerateBuildDependencyFile;
       C:\Program Files\dotnet\sdk\9.0.308\Sdks\Microsoft.NET.Sdk\targets\Microsoft.NET.Sdk.targets(201,5): message :       GenerateBuildRuntimeConfigurationFiles
       C:\Program Files\dotnet\sdk\9.0.308\Sdks\Microsoft.NET.Sdk\targets\Microsoft.NET.Sdk.targets(201,5): message :     ”(先前值:“
       C:\Program Files\dotnet\sdk\9.0.308\Sdks\Microsoft.NET.Sdk\targets\Microsoft.NET.Sdk.targets(201,5): message :       BuildOnlySettings;
       C:\Program Files\dotnet\sdk\9.0.308\Sdks\Microsoft.NET.Sdk\targets\Microsoft.NET.Sdk.targets(201,5): message :       PrepareForBuild;
       C:\Program Files\dotnet\sdk\9.0.308\Sdks\Microsoft.NET.Sdk\targets\Microsoft.NET.Sdk.targets(201,5): message :       PreBuildEvent;
       C:\Program Files\dotnet\sdk\9.0.308\Sdks\Microsoft.NET.Sdk\targets\Microsoft.NET.Sdk.targets(201,5): message :       ResolveReferences;
       C:\Program Files\dotnet\sdk\9.0.308\Sdks\Microsoft.NET.Sdk\targets\Microsoft.NET.Sdk.targets(201,5): message :       PrepareResources;
       C:\Program Files\dotnet\sdk\9.0.308\Sdks\Microsoft.NET.Sdk\targets\Microsoft.NET.Sdk.targets(201,5): message :       ResolveKeySource;
       C:\Program Files\dotnet\sdk\9.0.308\Sdks\Microsoft.NET.Sdk\targets\Microsoft.NET.Sdk.targets(201,5): message :       Compile;
       C:\Program Files\dotnet\sdk\9.0.308\Sdks\Microsoft.NET.Sdk\targets\Microsoft.NET.Sdk.targets(201,5): message :       ExportWindowsMDFile;
       C:\Program Files\dotnet\sdk\9.0.308\Sdks\Microsoft.NET.Sdk\targets\Microsoft.NET.Sdk.targets(201,5): message :       UnmanagedUnregistration;
       C:\Program Files\dotnet\sdk\9.0.308\Sdks\Microsoft.NET.Sdk\targets\Microsoft.NET.Sdk.targets(201,5): message :       GenerateSerializationAssemblies;
       C:\Program Files\dotnet\sdk\9.0.308\Sdks\Microsoft.NET.Sdk\targets\Microsoft.NET.Sdk.targets(201,5): message :       CreateSatelliteAssemblies;
       C:\Program Files\dotnet\sdk\9.0.308\Sdks\Microsoft.NET.Sdk\targets\Microsoft.NET.Sdk.targets(201,5): message :       GenerateManifests;
       C:\Program Files\dotnet\sdk\9.0.308\Sdks\Microsoft.NET.Sdk\targets\Microsoft.NET.Sdk.targets(201,5): message :       GetTargetPath;
       C:\Program Files\dotnet\sdk\9.0.308\Sdks\Microsoft.NET.Sdk\targets\Microsoft.NET.Sdk.targets(201,5): message :       PrepareForRun;
       C:\Program Files\dotnet\sdk\9.0.308\Sdks\Microsoft.NET.Sdk\targets\Microsoft.NET.Sdk.targets(201,5): message :       UnmanagedRegistration;
       C:\Program Files\dotnet\sdk\9.0.308\Sdks\Microsoft.NET.Sdk\targets\Microsoft.NET.Sdk.targets(201,5): message :       IncrementalClean;
       C:\Program Files\dotnet\sdk\9.0.308\Sdks\Microsoft.NET.Sdk\targets\Microsoft.NET.Sdk.targets(201,5): message :       PostBuildEvent
       C:\Program Files\dotnet\sdk\9.0.308\Sdks\Microsoft.NET.Sdk\targets\Microsoft.NET.Sdk.targets(201,5): message :     ”)
       C:\Program Files\dotnet\sdk\9.0.308\Sdks\Microsoft.NET.Sdk\targets\Microsoft.NET.Sdk.targets(210,5): message : 在 C:\Program Files\dotnet\sdk\9.0.308\Sdks\Microsoft.NET.Sdk\targets\Microsoft.NET.Sdk.targets (210,5) 处重新分配属性: $(CoreCleanDependsOn)=“
       C:\Program Files\dotnet\sdk\9.0.308\Sdks\Microsoft.NET.Sdk\targets\Microsoft.NET.Sdk.targets(210,5): message :       _SdkBeforeClean;
       C:\Program Files\dotnet\sdk\9.0.308\Sdks\Microsoft.NET.Sdk\targets\Microsoft.NET.Sdk.targets(210,5): message :       
       C:\Program Files\dotnet\sdk\9.0.308\Sdks\Microsoft.NET.Sdk\targets\Microsoft.NET.Sdk.targets(210,5): message :     ”(先前值:“”)
       C:\Program Files\dotnet\sdk\9.0.308\Sdks\Microsoft.NET.Sdk\targets\Microsoft.NET.Sdk.targets(217,5): message : 在 C:\Program Files\dotnet\sdk\9.0.308\Sdks\Microsoft.NET.Sdk\targets\Microsoft.NET.Sdk.targets (217,5) 处重新分配属性: $(RebuildDependsOn)=“
       C:\Program Files\dotnet\sdk\9.0.308\Sdks\Microsoft.NET.Sdk\targets\Microsoft.NET.Sdk.targets(217,5): message :       _SdkBeforeRebuild;
       C:\Program Files\dotnet\sdk\9.0.308\Sdks\Microsoft.NET.Sdk\targets\Microsoft.NET.Sdk.targets(217,5): message :       
       C:\Program Files\dotnet\sdk\9.0.308\Sdks\Microsoft.NET.Sdk\targets\Microsoft.NET.Sdk.targets(217,5): message :       BeforeRebuild;
       C:\Program Files\dotnet\sdk\9.0.308\Sdks\Microsoft.NET.Sdk\targets\Microsoft.NET.Sdk.targets(217,5): message :       Clean;
       C:\Program Files\dotnet\sdk\9.0.308\Sdks\Microsoft.NET.Sdk\targets\Microsoft.NET.Sdk.targets(217,5): message :       Build;
       C:\Program Files\dotnet\sdk\9.0.308\Sdks\Microsoft.NET.Sdk\targets\Microsoft.NET.Sdk.targets(217,5): message :       AfterRebuild;
       C:\Program Files\dotnet\sdk\9.0.308\Sdks\Microsoft.NET.Sdk\targets\Microsoft.NET.Sdk.targets(217,5): message :     
       C:\Program Files\dotnet\sdk\9.0.308\Sdks\Microsoft.NET.Sdk\targets\Microsoft.NET.Sdk.targets(217,5): message :     ”(先前值:“
       C:\Program Files\dotnet\sdk\9.0.308\Sdks\Microsoft.NET.Sdk\targets\Microsoft.NET.Sdk.targets(217,5): message :       BeforeRebuild;
       C:\Program Files\dotnet\sdk\9.0.308\Sdks\Microsoft.NET.Sdk\targets\Microsoft.NET.Sdk.targets(217,5): message :       Clean;
       C:\Program Files\dotnet\sdk\9.0.308\Sdks\Microsoft.NET.Sdk\targets\Microsoft.NET.Sdk.targets(217,5): message :       Build;
       C:\Program Files\dotnet\sdk\9.0.308\Sdks\Microsoft.NET.Sdk\targets\Microsoft.NET.Sdk.targets(217,5): message :       AfterRebuild;
       C:\Program Files\dotnet\sdk\9.0.308\Sdks\Microsoft.NET.Sdk\targets\Microsoft.NET.Sdk.targets(217,5): message :     ”)
       C:\Program Files\dotnet\sdk\9.0.308\Sdks\Microsoft.NET.Sdk\targets\Microsoft.NET.Sdk.targets(784,5): message : 在 C:\Program Files\dotnet\sdk\9.0.308\Sdks\Microsoft.NET.Sdk\targets\Microsoft.NET.Sdk.targets (784,5) 处重新分配属性: $(CompileDependsOn)=“
       C:\Program Files\dotnet\sdk\9.0.308\Sdks\Microsoft.NET.Sdk\targets\Microsoft.NET.Sdk.targets(784,5): message :       
       C:\Program Files\dotnet\sdk\9.0.308\Sdks\Microsoft.NET.Sdk\targets\Microsoft.NET.Sdk.targets(784,5): message :       ResolveReferences;
       C:\Program Files\dotnet\sdk\9.0.308\Sdks\Microsoft.NET.Sdk\targets\Microsoft.NET.Sdk.targets(784,5): message :       ResolveKeySource;
       C:\Program Files\dotnet\sdk\9.0.308\Sdks\Microsoft.NET.Sdk\targets\Microsoft.NET.Sdk.targets(784,5): message :       SetWin32ManifestProperties;
       C:\Program Files\dotnet\sdk\9.0.308\Sdks\Microsoft.NET.Sdk\targets\Microsoft.NET.Sdk.targets(784,5): message :       _SetPreferNativeArm64Win32ManifestProperties;
       C:\Program Files\dotnet\sdk\9.0.308\Sdks\Microsoft.NET.Sdk\targets\Microsoft.NET.Sdk.targets(784,5): message :       FindReferenceAssembliesForReferences;
       C:\Program Files\dotnet\sdk\9.0.308\Sdks\Microsoft.NET.Sdk\targets\Microsoft.NET.Sdk.targets(784,5): message :       _GenerateCompileInputs;
       C:\Program Files\dotnet\sdk\9.0.308\Sdks\Microsoft.NET.Sdk\targets\Microsoft.NET.Sdk.targets(784,5): message :       BeforeCompile;
       C:\Program Files\dotnet\sdk\9.0.308\Sdks\Microsoft.NET.Sdk\targets\Microsoft.NET.Sdk.targets(784,5): message :       _TimeStampBeforeCompile;
       C:\Program Files\dotnet\sdk\9.0.308\Sdks\Microsoft.NET.Sdk\targets\Microsoft.NET.Sdk.targets(784,5): message :       _GenerateCompileDependencyCache;
       C:\Program Files\dotnet\sdk\9.0.308\Sdks\Microsoft.NET.Sdk\targets\Microsoft.NET.Sdk.targets(784,5): message :       CoreCompile;
       C:\Program Files\dotnet\sdk\9.0.308\Sdks\Microsoft.NET.Sdk\targets\Microsoft.NET.Sdk.targets(784,5): message :       _TimeStampAfterCompile;
       C:\Program Files\dotnet\sdk\9.0.308\Sdks\Microsoft.NET.Sdk\targets\Microsoft.NET.Sdk.targets(784,5): message :       AfterCompile;
       C:\Program Files\dotnet\sdk\9.0.308\Sdks\Microsoft.NET.Sdk\targets\Microsoft.NET.Sdk.targets(784,5): message :     ;
       C:\Program Files\dotnet\sdk\9.0.308\Sdks\Microsoft.NET.Sdk\targets\Microsoft.NET.Sdk.targets(784,5): message :       _CreateAppHost;
       C:\Program Files\dotnet\sdk\9.0.308\Sdks\Microsoft.NET.Sdk\targets\Microsoft.NET.Sdk.targets(784,5): message :       _CreateComHost;
       C:\Program Files\dotnet\sdk\9.0.308\Sdks\Microsoft.NET.Sdk\targets\Microsoft.NET.Sdk.targets(784,5): message :       _GetIjwHostPaths;
       C:\Program Files\dotnet\sdk\9.0.308\Sdks\Microsoft.NET.Sdk\targets\Microsoft.NET.Sdk.targets(784,5): message :     ”(先前值:“
       C:\Program Files\dotnet\sdk\9.0.308\Sdks\Microsoft.NET.Sdk\targets\Microsoft.NET.Sdk.targets(784,5): message :       ResolveReferences;
       C:\Program Files\dotnet\sdk\9.0.308\Sdks\Microsoft.NET.Sdk\targets\Microsoft.NET.Sdk.targets(784,5): message :       ResolveKeySource;
       C:\Program Files\dotnet\sdk\9.0.308\Sdks\Microsoft.NET.Sdk\targets\Microsoft.NET.Sdk.targets(784,5): message :       SetWin32ManifestProperties;
       C:\Program Files\dotnet\sdk\9.0.308\Sdks\Microsoft.NET.Sdk\targets\Microsoft.NET.Sdk.targets(784,5): message :       _SetPreferNativeArm64Win32ManifestProperties;
       C:\Program Files\dotnet\sdk\9.0.308\Sdks\Microsoft.NET.Sdk\targets\Microsoft.NET.Sdk.targets(784,5): message :       FindReferenceAssembliesForReferences;
       C:\Program Files\dotnet\sdk\9.0.308\Sdks\Microsoft.NET.Sdk\targets\Microsoft.NET.Sdk.targets(784,5): message :       _GenerateCompileInputs;
       C:\Program Files\dotnet\sdk\9.0.308\Sdks\Microsoft.NET.Sdk\targets\Microsoft.NET.Sdk.targets(784,5): message :       BeforeCompile;
       C:\Program Files\dotnet\sdk\9.0.308\Sdks\Microsoft.NET.Sdk\targets\Microsoft.NET.Sdk.targets(784,5): message :       _TimeStampBeforeCompile;
       C:\Program Files\dotnet\sdk\9.0.308\Sdks\Microsoft.NET.Sdk\targets\Microsoft.NET.Sdk.targets(784,5): message :       _GenerateCompileDependencyCache;
       C:\Program Files\dotnet\sdk\9.0.308\Sdks\Microsoft.NET.Sdk\targets\Microsoft.NET.Sdk.targets(784,5): message :       CoreCompile;
       C:\Program Files\dotnet\sdk\9.0.308\Sdks\Microsoft.NET.Sdk\targets\Microsoft.NET.Sdk.targets(784,5): message :       _TimeStampAfterCompile;
       C:\Program Files\dotnet\sdk\9.0.308\Sdks\Microsoft.NET.Sdk\targets\Microsoft.NET.Sdk.targets(784,5): message :       AfterCompile;
       C:\Program Files\dotnet\sdk\9.0.308\Sdks\Microsoft.NET.Sdk\targets\Microsoft.NET.Sdk.targets(784,5): message :     ”)
       C:\Program Files\dotnet\sdk\9.0.308\Sdks\Microsoft.NET.Sdk\targets\Microsoft.NET.Sdk.targets(1184,5): message : 在 C:\Program Files\dotnet\sdk\9.0.308\Sdks\Microsoft.NET.Sdk\targets\Microsoft.NET.Sdk.targets (1184,5) 处重新分配属性: $(CreateSatelliteAssembliesDependsOn)=“
       C:\Program Files\dotnet\sdk\9.0.308\Sdks\Microsoft.NET.Sdk\targets\Microsoft.NET.Sdk.targets(1184,5): message :       
       C:\Program Files\dotnet\sdk\9.0.308\Sdks\Microsoft.NET.Sdk\targets\Microsoft.NET.Sdk.targets(1184,5): message :       ;
       C:\Program Files\dotnet\sdk\9.0.308\Sdks\Microsoft.NET.Sdk\targets\Microsoft.NET.Sdk.targets(1184,5): message :       _GenerateSatelliteAssemblyInputs;
       C:\Program Files\dotnet\sdk\9.0.308\Sdks\Microsoft.NET.Sdk\targets\Microsoft.NET.Sdk.targets(1184,5): message :       ComputeIntermediateSatelliteAssemblies;
       C:\Program Files\dotnet\sdk\9.0.308\Sdks\Microsoft.NET.Sdk\targets\Microsoft.NET.Sdk.targets(1184,5): message :       GenerateSatelliteAssemblies
       C:\Program Files\dotnet\sdk\9.0.308\Sdks\Microsoft.NET.Sdk\targets\Microsoft.NET.Sdk.targets(1184,5): message :     ;
       C:\Program Files\dotnet\sdk\9.0.308\Sdks\Microsoft.NET.Sdk\targets\Microsoft.NET.Sdk.targets(1184,5): message :       CoreGenerateSatelliteAssemblies
       C:\Program Files\dotnet\sdk\9.0.308\Sdks\Microsoft.NET.Sdk\targets\Microsoft.NET.Sdk.targets(1184,5): message :     ”(先前值:“
       C:\Program Files\dotnet\sdk\9.0.308\Sdks\Microsoft.NET.Sdk\targets\Microsoft.NET.Sdk.targets(1184,5): message :       ;
       C:\Program Files\dotnet\sdk\9.0.308\Sdks\Microsoft.NET.Sdk\targets\Microsoft.NET.Sdk.targets(1184,5): message :       _GenerateSatelliteAssemblyInputs;
       C:\Program Files\dotnet\sdk\9.0.308\Sdks\Microsoft.NET.Sdk\targets\Microsoft.NET.Sdk.targets(1184,5): message :       ComputeIntermediateSatelliteAssemblies;
       C:\Program Files\dotnet\sdk\9.0.308\Sdks\Microsoft.NET.Sdk\targets\Microsoft.NET.Sdk.targets(1184,5): message :       GenerateSatelliteAssemblies
       C:\Program Files\dotnet\sdk\9.0.308\Sdks\Microsoft.NET.Sdk\targets\Microsoft.NET.Sdk.targets(1184,5): message :     ”)
       C:\Program Files\dotnet\sdk\9.0.308\Sdks\Microsoft.SourceLink.GitLab\build\Microsoft.SourceLink.GitLab.targets(12,5): message : 在 C:\Program Files\dotnet\sdk\9.0.308\Sdks\Microsoft.SourceLink.GitLab\build\Microsoft.SourceLink.GitLab.targets (12,5) 处重新分配属性: $(SourceLinkUrlInitializerTargets)=“;_InitializeGitHubSourceLinkUrl;_InitializeGitLabSourceLinkUrl”(先前值:“;_InitializeGitHubSourceLinkUrl”)
       C:\Program Files\dotnet\sdk\9.0.308\Sdks\Microsoft.SourceLink.GitLab\build\Microsoft.SourceLink.GitLab.targets(13,5): message : 在 C:\Program Files\dotnet\sdk\9.0.308\Sdks\Microsoft.SourceLink.GitLab\build\Microsoft.SourceLink.GitLab.targets (13,5) 处重新分配属性: $(SourceControlManagerUrlTranslationTargets)=“;TranslateGitHubUrlsInSourceControlInformation;TranslateGitLabUrlsInSourceControlInformation”(先前值:“;TranslateGitHubUrlsInSourceControlInformation”)
       C:\Program Files\dotnet\sdk\9.0.308\Sdks\Microsoft.SourceLink.AzureRepos.Git\build\Microsoft.SourceLink.AzureRepos.Git.targets(12,5): message : 在 C:\Program Files\dotnet\sdk\9.0.308\Sdks\Microsoft.SourceLink.AzureRepos.Git\build\Microsoft.SourceLink.AzureRepos.Git.targets (12,5) 处重新分配属性: $(SourceLinkUrlInitializerTargets)=“;_InitializeGitHubSourceLinkUrl;_InitializeGitLabSourceLinkUrl;_InitializeAzureReposGitSourceLinkUrl”(先前值:“;_InitializeGitHubSourceLinkUrl;_InitializeGitLabSourceLinkUrl”)
       C:\Program Files\dotnet\sdk\9.0.308\Sdks\Microsoft.SourceLink.AzureRepos.Git\build\Microsoft.SourceLink.AzureRepos.Git.targets(13,5): message : 在 C:\Program Files\dotnet\sdk\9.0.308\Sdks\Microsoft.SourceLink.AzureRepos.Git\build\Microsoft.SourceLink.AzureRepos.Git.targets (13,5) 处重新分配属性: $(SourceControlManagerUrlTranslationTargets)=“;TranslateGitHubUrlsInSourceControlInformation;TranslateGitLabUrlsInSourceControlInformation;TranslateAzureReposGitUrlsInSourceControlInformation”(先前值:“;TranslateGitHubUrlsInSourceControlInformation;TranslateGitLabUrlsInSourceControlInformation”)
       C:\Program Files\dotnet\sdk\9.0.308\Sdks\Microsoft.SourceLink.Bitbucket.Git\build\Microsoft.SourceLink.Bitbucket.Git.targets(12,5): message : 在 C:\Program Files\dotnet\sdk\9.0.308\Sdks\Microsoft.SourceLink.Bitbucket.Git\build\Microsoft.SourceLink.Bitbucket.Git.targets (12,5) 处重新分配属性: $(SourceLinkUrlInitializerTargets)=“;_InitializeGitHubSourceLinkUrl;_InitializeGitLabSourceLinkUrl;_InitializeAzureReposGitSourceLinkUrl;_InitializeBitbucketGitSourceLinkUrl”(先前值:“;_InitializeGitHubSourceLinkUrl;_InitializeGitLabSourceLinkUrl;_InitializeAzureReposGitSourceLinkUrl”)
       C:\Program Files\dotnet\sdk\9.0.308\Sdks\Microsoft.SourceLink.Bitbucket.Git\build\Microsoft.SourceLink.Bitbucket.Git.targets(13,5): message : 在 C:\Program Files\dotnet\sdk\9.0.308\Sdks\Microsoft.SourceLink.Bitbucket.Git\build\Microsoft.SourceLink.Bitbucket.Git.targets (13,5) 处重新分配属性: $(SourceControlManagerUrlTranslationTargets)=“;TranslateGitHubUrlsInSourceControlInformation;TranslateGitLabUrlsInSourceControlInformation;TranslateAzureReposGitUrlsInSourceControlInformation;TranslateBitbucketGitUrlsInSourceControlInformation”(先前值:“;TranslateGitHubUrlsInSourceControlInformation;TranslateGitLabUrlsInSourceControlInformation;TranslateAzureReposGitUrlsInSourceControlInformation”)
       C:\Program Files\dotnet\sdk\9.0.308\Sdks\Microsoft.NET.Sdk\targets\Microsoft.NET.DesignerSupport.targets(21,5): message : 在 C:\Program Files\dotnet\sdk\9.0.308\Sdks\Microsoft.NET.Sdk\targets\Microsoft.NET.DesignerSupport.targets (21,5) 处重新分配属性: $(DesignerRuntimeImplementationProjectOutputGroupDependsOn)=“
       C:\Program Files\dotnet\sdk\9.0.308\Sdks\Microsoft.NET.Sdk\targets\Microsoft.NET.DesignerSupport.targets(21,5): message :       
       C:\Program Files\dotnet\sdk\9.0.308\Sdks\Microsoft.NET.Sdk\targets\Microsoft.NET.DesignerSupport.targets(21,5): message :       ;
       C:\Program Files\dotnet\sdk\9.0.308\Sdks\Microsoft.NET.Sdk\targets\Microsoft.NET.DesignerSupport.targets(21,5): message :       
       C:\Program Files\dotnet\sdk\9.0.308\Sdks\Microsoft.NET.Sdk\targets\Microsoft.NET.DesignerSupport.targets(21,5): message :       ;
       C:\Program Files\dotnet\sdk\9.0.308\Sdks\Microsoft.NET.Sdk\targets\Microsoft.NET.DesignerSupport.targets(21,5): message :       BuildOnlySettings;
       C:\Program Files\dotnet\sdk\9.0.308\Sdks\Microsoft.NET.Sdk\targets\Microsoft.NET.DesignerSupport.targets(21,5): message :       PrepareForBuild;
       C:\Program Files\dotnet\sdk\9.0.308\Sdks\Microsoft.NET.Sdk\targets\Microsoft.NET.DesignerSupport.targets(21,5): message :       AssignTargetPaths;
       C:\Program Files\dotnet\sdk\9.0.308\Sdks\Microsoft.NET.Sdk\targets\Microsoft.NET.DesignerSupport.targets(21,5): message :       ResolveReferences
       C:\Program Files\dotnet\sdk\9.0.308\Sdks\Microsoft.NET.Sdk\targets\Microsoft.NET.DesignerSupport.targets(21,5): message :     
       C:\Program Files\dotnet\sdk\9.0.308\Sdks\Microsoft.NET.Sdk\targets\Microsoft.NET.DesignerSupport.targets(21,5): message :     ;
       C:\Program Files\dotnet\sdk\9.0.308\Sdks\Microsoft.NET.Sdk\targets\Microsoft.NET.DesignerSupport.targets(21,5): message :       _GenerateDesignerDepsFile;
       C:\Program Files\dotnet\sdk\9.0.308\Sdks\Microsoft.NET.Sdk\targets\Microsoft.NET.DesignerSupport.targets(21,5): message :       _GenerateDesignerRuntimeConfigFile;
       C:\Program Files\dotnet\sdk\9.0.308\Sdks\Microsoft.NET.Sdk\targets\Microsoft.NET.DesignerSupport.targets(21,5): message :       GetCopyToOutputDirectoryItems;
       C:\Program Files\dotnet\sdk\9.0.308\Sdks\Microsoft.NET.Sdk\targets\Microsoft.NET.DesignerSupport.targets(21,5): message :       _GatherDesignerShadowCopyFiles;
       C:\Program Files\dotnet\sdk\9.0.308\Sdks\Microsoft.NET.Sdk\targets\Microsoft.NET.DesignerSupport.targets(21,5): message :     ”(先前值:“
       C:\Program Files\dotnet\sdk\9.0.308\Sdks\Microsoft.NET.Sdk\targets\Microsoft.NET.DesignerSupport.targets(21,5): message :       ;
       C:\Program Files\dotnet\sdk\9.0.308\Sdks\Microsoft.NET.Sdk\targets\Microsoft.NET.DesignerSupport.targets(21,5): message :       
       C:\Program Files\dotnet\sdk\9.0.308\Sdks\Microsoft.NET.Sdk\targets\Microsoft.NET.DesignerSupport.targets(21,5): message :       ;
       C:\Program Files\dotnet\sdk\9.0.308\Sdks\Microsoft.NET.Sdk\targets\Microsoft.NET.DesignerSupport.targets(21,5): message :       BuildOnlySettings;
       C:\Program Files\dotnet\sdk\9.0.308\Sdks\Microsoft.NET.Sdk\targets\Microsoft.NET.DesignerSupport.targets(21,5): message :       PrepareForBuild;
       C:\Program Files\dotnet\sdk\9.0.308\Sdks\Microsoft.NET.Sdk\targets\Microsoft.NET.DesignerSupport.targets(21,5): message :       AssignTargetPaths;
       C:\Program Files\dotnet\sdk\9.0.308\Sdks\Microsoft.NET.Sdk\targets\Microsoft.NET.DesignerSupport.targets(21,5): message :       ResolveReferences
       C:\Program Files\dotnet\sdk\9.0.308\Sdks\Microsoft.NET.Sdk\targets\Microsoft.NET.DesignerSupport.targets(21,5): message :     
       C:\Program Files\dotnet\sdk\9.0.308\Sdks\Microsoft.NET.Sdk\targets\Microsoft.NET.DesignerSupport.targets(21,5): message :     ”)
       C:\Program Files\dotnet\sdk\9.0.308\Sdks\Microsoft.NET.Sdk\targets\Microsoft.NET.PackTool.targets(68,5): message : 在 C:\Program Files\dotnet\sdk\9.0.308\Sdks\Microsoft.NET.Sdk\targets\Microsoft.NET.PackTool.targets (68,5) 处重新分配属性: $(_GenerateToolsSettingsFileCacheFile)=“d:\MyProject\FrontCRM(C#)\CRM.Core\obj\Debug\net9.0\CRM.Core.toolssettingsinput.cache”(先前值:“obj\Debug\net9.0\CRM.Core.toolssettingsinput.cache”)
       C:\Program Files\dotnet\sdk\9.0.308\Sdks\Microsoft.NET.Sdk\targets\Microsoft.NET.PackTool.targets(137,5): message : 在 C:\Program Files\dotnet\sdk\9.0.308\Sdks\Microsoft.NET.Sdk\targets\Microsoft.NET.PackTool.targets (137,5) 处重新分配属性: $(_ShimInputCacheFile)=“d:\MyProject\FrontCRM(C#)\CRM.Core\obj\Debug\net9.0\CRM.Core.shiminput.cache”(先前值:“obj\Debug\net9.0\CRM.Core.shiminput.cache”)
       C:\Program Files\dotnet\sdk\9.0.308\Sdks\Microsoft.NET.Sdk\targets\Microsoft.NET.PackTool.targets(139,5): message : 在 C:\Program Files\dotnet\sdk\9.0.308\Sdks\Microsoft.NET.Sdk\targets\Microsoft.NET.PackTool.targets (139,5) 处重新分配属性: $(_ShimCreatedSentinelFile)=“d:\MyProject\FrontCRM(C#)\CRM.Core\obj\Debug\net9.0\CRM.Core.shimcreated.sentinel”(先前值:“obj\Debug\net9.0\CRM.Core.shimcreated.sentinel”)
       C:\Program Files\dotnet\sdk\9.0.308\Sdks\Microsoft.NET.Sdk\targets\Microsoft.NET.Sdk.CSharp.targets(31,5): message : 在 C:\Program Files\dotnet\sdk\9.0.308\Sdks\Microsoft.NET.Sdk\targets\Microsoft.NET.Sdk.CSharp.targets (31,5) 处重新分配属性: $(DefineConstants)=“TRACE;DEBUG”(先前值:“TRACE”)
       C:\Program Files\dotnet\sdk\9.0.308\Sdks\Microsoft.NET.Sdk\targets\Microsoft.NET.Sdk.CSharp.targets(34,5): message : 在 C:\Program Files\dotnet\sdk\9.0.308\Sdks\Microsoft.NET.Sdk\targets\Microsoft.NET.Sdk.CSharp.targets (34,5) 处重新分配属性: $(DefineConstants)=“TRACE;DEBUG;NET;NET9_0;NETCOREAPP”(先前值:“TRACE;DEBUG”)
       C:\Program Files\dotnet\sdk\9.0.308\Sdks\Microsoft.NET.Sdk\targets\Microsoft.NET.Sdk.CSharp.targets(48,5): message : 在 C:\Program Files\dotnet\sdk\9.0.308\Sdks\Microsoft.NET.Sdk\targets\Microsoft.NET.Sdk.CSharp.targets (48,5) 处重新分配属性: $(WarningsAsErrors)=“;NU1605;SYSLIB0011”(先前值:“;NU1605”)
       C:\Program Files\dotnet\sdk\9.0.308\Sdks\NuGet.Build.Tasks.Pack\build\NuGet.Build.Tasks.Pack.targets(34,5): message : 在 C:\Program Files\dotnet\sdk\9.0.308\Sdks\NuGet.Build.Tasks.Pack\build\NuGet.Build.Tasks.Pack.targets (34,5) 处重新分配属性: $(PackageDescription)=“Package Description”(先前值:“”)
       C:\Program Files\dotnet\sdk\9.0.308\Sdks\NuGet.Build.Tasks.Pack\build\NuGet.Build.Tasks.Pack.targets(59,5): message : 在 C:\Program Files\dotnet\sdk\9.0.308\Sdks\NuGet.Build.Tasks.Pack\build\NuGet.Build.Tasks.Pack.targets (59,5) 处重新分配属性: $(GenerateNuspecDependsOn)=“Build;_LoadPackInputItems; _GetTargetFrameworksOutput; _WalkEachTargetPerFramework; _GetPackageFiles; ”(先前值:“_LoadPackInputItems; _GetTargetFrameworksOutput; _WalkEachTargetPerFramework; _GetPackageFiles; ”)
       C:\Program Files\dotnet\sdk\9.0.308\Sdks\Microsoft.NET.Sdk\Sdk\Sdk.targets(60,5): message : 在 C:\Program Files\dotnet\sdk\9.0.308\Sdks\Microsoft.NET.Sdk\Sdk\Sdk.targets (60,5) 处重新分配属性: $(_IsNotSetContainersTargetsDir)=“true”(先前值:“false”)
       C:\Program Files\dotnet\sdk\9.0.308\Containers\build\Microsoft.NET.Build.Containers.targets(5,5): message : 在 C:\Program Files\dotnet\sdk\9.0.308\Containers\build\Microsoft.NET.Build.Containers.targets (5,5) 处重新分配属性: $(_IsSDKContainerAllowedVersion)=“true”(先前值:“false”)
       C:\Program Files\dotnet\sdk\9.0.308\Containers\build\Microsoft.NET.Build.Containers.targets(15,5): message : 在 C:\Program Files\dotnet\sdk\9.0.308\Containers\build\Microsoft.NET.Build.Containers.targets (15,5) 处重新分配属性: $(_ContainerIsTargetingNet8TFM)=“true”(先前值:“false”)
       “DefaultSdkResolver”解析程序已尝试解析 SDK“Microsoft.NET.SDK.WorkloadAutoImportPropsLocator”。
       警告: null
       错误: MSB4276: 默认 SDK 解析程序解析 SDK“Microsoft.NET.SDK.WorkloadAutoImportPropsLocator”失败，因为目录“C:\Program Files\dotnet\sdk\9.0.308\Sdks\Microsoft.NET.SDK.WorkloadAutoImportPropsLocator\Sdk”不存在。
       正在使用项目“C:\Program Files\dotnet\sdk\9.0.308\Sdks\Microsoft.NET.Sdk\targets\Microsoft.NET.Sdk.FrameworkReferenceResolution.targets”中的目标“ResolveFrameworkReferences”重写项目“C:\Program Files\dotnet\sdk\9.0.308\Microsoft.Common.CurrentVersion.targets”中的目标“ResolveFrameworkReferences”。
       正在使用项目“C:\Program Files\dotnet\sdk\9.0.308\Sdks\Microsoft.NET.Sdk\targets\Microsoft.NET.Sdk.targets”中的目标“Run”重写项目“C:\Program Files\dotnet\sdk\9.0.308\Microsoft.Common.CurrentVersion.targets”中的目标“Run”。
       正在使用项目“C:\Program Files\dotnet\sdk\9.0.308\Sdks\Microsoft.NET.Sdk\targets\Microsoft.NET.Sdk.targets”中的目标“GenerateSupportedTargetFrameworkAlias”重写项目“C:\Program Files\dotnet\sdk\9.0.308\Microsoft.Common.CurrentVersion.targets”中的目标“GenerateSupportedTargetFrameworkAlias”。
       正在使用项目“C:\Program Files\dotnet\sdk\9.0.308\Sdks\Microsoft.NET.Sdk\targets\Microsoft.NET.DisableStandardFrameworkResolution.targets”中的目标“GetReferenceAssemblyPaths”重写项目“C:\Program Files\dotnet\sdk\9.0.308\Microsoft.Common.CurrentVersion.targets”中的目标“GetReferenceAssemblyPaths”。
       正在使用项目“C:\Program Files\dotnet\sdk\9.0.308\Sdks\Microsoft.NET.Sdk\targets\Microsoft.NET.DisableStandardFrameworkResolution.targets”中的目标“GetFrameworkPaths”重写项目“C:\Program Files\dotnet\sdk\9.0.308\Microsoft.Common.CurrentVersion.targets”中的目标“GetFrameworkPaths”。
       正在使用项目“C:\Program Files\dotnet\sdk\9.0.308\Sdks\Microsoft.NET.Sdk\targets\Microsoft.NET.DesignerSupport.targets”中的目标“DesignerRuntimeImplementationProjectOutputGroup”重写项目“C:\Program Files\dotnet\sdk\9.0.308\Microsoft.Common.CurrentVersion.targets”中的目标“DesignerRuntimeImplementationProjectOutputGroup”。
       正在使用项目“C:\Program Files\dotnet\sdk\9.0.308\Sdks\Microsoft.NET.Sdk\targets\Microsoft.NET.Publish.targets”中的目标“Publish”重写项目“C:\Program Files\dotnet\sdk\9.0.308\Microsoft.Common.CurrentVersion.targets”中的目标“Publish”。
       正在使用项目“C:\Program Files\dotnet\sdk\9.0.308\Sdks\Microsoft.NET.Sdk\targets\Microsoft.NET.Publish.targets”中的目标“ResolveReadyToRunCompilers”重写项目“C:\Program Files\dotnet\sdk\9.0.308\Sdks\Microsoft.NET.Sdk\targets\Microsoft.NET.CrossGen.targets”中的目标“ResolveReadyToRunCompilers”。
       正在使用项目“C:\Program Files\dotnet\sdk\9.0.308\Sdks\Microsoft.NET.Sdk\targets\Microsoft.NET.Publish.targets”中的目标“GetCopyToPublishDirectoryItems”重写项目“C:\Program Files\dotnet\sdk\9.0.308\Microsoft.Common.CurrentVersion.targets”中的目标“GetCopyToPublishDirectoryItems”。
       SDK“Microsoft.NET.SDK.WorkloadAutoImportPropsLocator”已由“Microsoft.DotNet.MSBuildWorkloadSdkResolver”解析程序成功解析为位置“C:\Program Files\dotnet\packs\Microsoft.Android.Sdk.Windows\35.0.78\Sdk”和版本“null”。
   1:8>项目“d:\MyProject\FrontCRM(C#)\tests\CRM.Core.Tests\CRM.Core.Tests.csproj”(1:8)正在节点 2 上生成“d:\MyProject\FrontCRM(C#)\CRM.Core\CRM.Core.csproj”(2:5) (GetTargetFrameworks 个目标)。
   2:5>来自项目“d:\MyProject\FrontCRM(C#)\CRM.Core\CRM.Core.csproj”的文件“C:\Program Files\dotnet\sdk\9.0.308\Microsoft.Common.CurrentVersion.targets”中的目标“GetTargetFrameworksWithPlatformForSingleTargetFramework”(目标“GetTargetFrameworks”依赖于它):
   2:5>正在使用程序集“Microsoft.Build.Tasks.Core, Version=15.1.0.0, Culture=neutral, PublicKeyToken=b03f5f7f11d50a3a”中的“CombineTargetFrameworkInfoProperties”任务。
       任务“CombineTargetFrameworkInfoProperties”
       已完成执行任务“CombineTargetFrameworkInfoProperties”的操作。
   2:5>已完成在项目“CRM.Core.csproj”中生成目标“GetTargetFrameworksWithPlatformForSingleTargetFramework”的操作。
   2:5>来自项目“d:\MyProject\FrontCRM(C#)\CRM.Core\CRM.Core.csproj”的文件“C:\Program Files\dotnet\sdk\9.0.308\Microsoft.Common.CurrentVersion.targets”中的目标“GetTargetFrameworks”(入口点):
       由于 false 条件，已跳过任务“MSBuildInternalMessage”；('$(IsCrossTargetingBuild)' == 'true')计算为('' == 'true')。
       正在使用程序集“Microsoft.Build.Tasks.Core, Version=15.1.0.0, Culture=neutral, PublicKeyToken=b03f5f7f11d50a3a”中的“CombineXmlElements”任务。
       任务“CombineXmlElements”
       已完成执行任务“CombineXmlElements”的操作。
   2:5>已完成在项目“CRM.Core.csproj”中生成目标“GetTargetFrameworks”的操作。
   2:5>已完成生成项目“d:\MyProject\FrontCRM(C#)\CRM.Core\CRM.Core.csproj”(GetTargetFrameworks 个目标)的操作。
     0>C:\Program Files\dotnet\sdk\9.0.308\Sdks\Microsoft.NET.Sdk\targets\Microsoft.NET.PackProjectTool.props(15,5): message : 在 C:\Program Files\dotnet\sdk\9.0.308\Sdks\Microsoft.NET.Sdk\targets\Microsoft.NET.PackProjectTool.props (15,5) 处重新分配属性: $(TargetsForTfmSpecificContentInPackage)=“;PackTool;_PackProjectToolValidation”(先前值:“;PackTool”)
       C:\Program Files\dotnet\sdk\9.0.308\Sdks\Microsoft.NET.Sdk\targets\Microsoft.NET.Sdk.ImportPublishProfile.targets(28,5): message : 在 C:\Program Files\dotnet\sdk\9.0.308\Sdks\Microsoft.NET.Sdk\targets\Microsoft.NET.Sdk.ImportPublishProfile.targets (28,5) 处重新分配属性: $(PublishProfileImported)=“false”(先前值:“true”)
       C:\Program Files\dotnet\sdk\9.0.308\Sdks\Microsoft.NET.Sdk\targets\Microsoft.NET.TargetFrameworkInference.targets(69,5): message : 在 C:\Program Files\dotnet\sdk\9.0.308\Sdks\Microsoft.NET.Sdk\targets\Microsoft.NET.TargetFrameworkInference.targets (69,5) 处重新分配属性: $(TargetPlatformVersion)=“”(先前值:“0.0”)
       C:\Program Files\dotnet\sdk\9.0.308\Sdks\Microsoft.NET.Sdk\targets\Microsoft.NET.DefaultOutputPaths.targets(122,5): message : 在 C:\Program Files\dotnet\sdk\9.0.308\Sdks\Microsoft.NET.Sdk\targets\Microsoft.NET.DefaultOutputPaths.targets (122,5) 处重新分配属性: $(DefaultItemExcludes)=“;bin\Debug\/**;obj\Debug\/**”(先前值:“;bin\Debug\/**”)
       C:\Program Files\dotnet\sdk\9.0.308\Sdks\Microsoft.NET.Sdk\targets\Microsoft.NET.DefaultOutputPaths.targets(137,5): message : 在 C:\Program Files\dotnet\sdk\9.0.308\Sdks\Microsoft.NET.Sdk\targets\Microsoft.NET.DefaultOutputPaths.targets (137,5) 处重新分配属性: $(OutputPath)=“bin\Debug\net9.0\”(先前值:“bin\Debug\”)
       C:\Program Files\dotnet\sdk\9.0.308\Sdks\Microsoft.NET.Sdk\targets\Microsoft.NET.DefaultOutputPaths.targets(142,5): message : 在 C:\Program Files\dotnet\sdk\9.0.308\Sdks\Microsoft.NET.Sdk\targets\Microsoft.NET.DefaultOutputPaths.targets (142,5) 处重新分配属性: $(IntermediateOutputPath)=“obj\Debug\net9.0\”(先前值:“obj\Debug\”)
       “DefaultSdkResolver”解析程序已尝试解析 SDK“Microsoft.NET.SDK.WorkloadManifestTargetsLocator”。
       警告: null
       错误: MSB4276: 默认 SDK 解析程序解析 SDK“Microsoft.NET.SDK.WorkloadManifestTargetsLocator”失败，因为目录“C:\Program Files\dotnet\sdk\9.0.308\Sdks\Microsoft.NET.SDK.WorkloadManifestTargetsLocator\Sdk”不存在。
       SDK“Microsoft.NET.SDK.WorkloadManifestTargetsLocator”已由“Microsoft.DotNet.MSBuildWorkloadSdkResolver”解析程序成功解析为位置“C:\Program Files\dotnet\sdk-manifests\9.0.100\microsoft.net.sdk.android\35.0.78”和版本“null”。
       C:\Program Files\dotnet\sdk\9.0.308\Sdks\Microsoft.NET.Sdk\targets\Microsoft.NET.Sdk.BeforeCommon.targets(187,5): message : 在 C:\Program Files\dotnet\sdk\9.0.308\Sdks\Microsoft.NET.Sdk\targets\Microsoft.NET.Sdk.BeforeCommon.targets (187,5) 处重新分配属性: $(_FrameworkIdentifierForImplicitDefine)=“NET”(先前值:“NETCOREAPP”)
       C:\Program Files\dotnet\sdk\9.0.308\Sdks\Microsoft.NET.Sdk\targets\Microsoft.NET.Sdk.BeforeCommon.targets(192,5): message : 在 C:\Program Files\dotnet\sdk\9.0.308\Sdks\Microsoft.NET.Sdk\targets\Microsoft.NET.Sdk.BeforeCommon.targets (192,5) 处重新分配属性: $(_FrameworkVersionForImplicitDefine)=“9_0”(先前值:“9.0”)
       C:\Program Files\dotnet\sdk\9.0.308\Roslyn\Microsoft.CSharp.Core.targets(200,5): message : 在 C:\Program Files\dotnet\sdk\9.0.308\Roslyn\Microsoft.CSharp.Core.targets (200,5) 处重新分配属性: $(CommandLineArgsForDesignTimeEvaluation)=“-langversion:13.0 -define:TRACE”(先前值:“-langversion:13.0”)
       C:\Program Files\dotnet\sdk\9.0.308\Microsoft.Common.CurrentVersion.targets(175,5): message : 在 C:\Program Files\dotnet\sdk\9.0.308\Microsoft.Common.CurrentVersion.targets (175,5) 处重新分配属性: $(_DebugSymbolsProduced)=“true”(先前值:“false”)
       C:\Program Files\dotnet\sdk\9.0.308\Microsoft.Common.CurrentVersion.targets(185,5): message : 在 C:\Program Files\dotnet\sdk\9.0.308\Microsoft.Common.CurrentVersion.targets (185,5) 处重新分配属性: $(_DocumentationFileProduced)=“false”(先前值:“true”)
       C:\Program Files\dotnet\sdk\9.0.308\Microsoft.Common.CurrentVersion.targets(392,5): message : 在 C:\Program Files\dotnet\sdk\9.0.308\Microsoft.Common.CurrentVersion.targets (392,5) 处重新分配属性: $(MSBuildCopyMarkerName)=“CRM.Test.94FF688A”(先前值:“CRM.TestCommon.csproj”)
       C:\Program Files\dotnet\sdk\9.0.308\Microsoft.Common.CurrentVersion.targets(393,5): message : 在 C:\Program Files\dotnet\sdk\9.0.308\Microsoft.Common.CurrentVersion.targets (393,5) 处重新分配属性: $(MSBuildCopyMarkerName)=“CRM.Test.94FF688A.Up2Date”(先前值:“CRM.Test.94FF688A”)
       C:\Program Files\dotnet\sdk\9.0.308\Microsoft.Common.CurrentVersion.targets(541,5): message : 在 C:\Program Files\dotnet\sdk\9.0.308\Microsoft.Common.CurrentVersion.targets (541,5) 处重新分配属性: $(ProcessorArchitecture)=“msil”(先前值:“”)
       C:\Program Files\dotnet\sdk\9.0.308\Microsoft.Common.CurrentVersion.targets(580,5): message : 在 C:\Program Files\dotnet\sdk\9.0.308\Microsoft.Common.CurrentVersion.targets (580,5) 处重新分配属性: $(DelaySign)=“”(先前值:“false”)
       C:\Program Files\dotnet\sdk\9.0.308\Microsoft.Common.CurrentVersion.targets(2619,5): message : 值为“C:\Users\admin\AppData\Local”的属性“LOCALAPPDATA”从环境中展开。
       C:\Program Files\dotnet\sdk\9.0.308\Microsoft.Common.CurrentVersion.targets(3947,5): message : 在 C:\Program Files\dotnet\sdk\9.0.308\Microsoft.Common.CurrentVersion.targets (3947,5) 处重新分配属性: $(_SGenGenerateSerializationAssembliesConfig)=“Auto”(先前值:“”)
       C:\Program Files\dotnet\sdk\9.0.308\Microsoft.Common.CurrentVersion.targets(3948,5): message : 在 C:\Program Files\dotnet\sdk\9.0.308\Microsoft.Common.CurrentVersion.targets (3948,5) 处重新分配属性: $(_SGenGenerateSerializationAssembliesConfig)=“Off”(先前值:“Auto”)
       C:\Program Files\dotnet\sdk\9.0.308\Microsoft.Common.CurrentVersion.targets(5159,5): message : 在 C:\Program Files\dotnet\sdk\9.0.308\Microsoft.Common.CurrentVersion.targets (5159,5) 处重新分配属性: $(_TargetsThatPrepareProjectReferences)=“
       C:\Program Files\dotnet\sdk\9.0.308\Microsoft.Common.CurrentVersion.targets(5159,5): message :       AssignProjectConfiguration;
       C:\Program Files\dotnet\sdk\9.0.308\Microsoft.Common.CurrentVersion.targets(5159,5): message :       _SplitProjectReferencesByFileExistence
       C:\Program Files\dotnet\sdk\9.0.308\Microsoft.Common.CurrentVersion.targets(5159,5): message :     ”(先前值:“_SplitProjectReferencesByFileExistence”)
       C:\Program Files\dotnet\sdk\9.0.308\Microsoft.Common.CurrentVersion.targets(6954,5): message : 值为“C:\Program Files\dotnet\sdk\9.0.308”的属性“MSBuildExtensionsPath32”从环境中展开。
       C:\Program Files\dotnet\sdk\9.0.308\Sdks\Microsoft.NET.Sdk\targets\Microsoft.PackageDependencyResolution.targets(29,5): message : 在 C:\Program Files\dotnet\sdk\9.0.308\Sdks\Microsoft.NET.Sdk\targets\Microsoft.PackageDependencyResolution.targets (29,5) 处重新分配属性: $(ProjectAssetsCacheFile)=“d:\MyProject\FrontCRM(C#)\tests\CRM.TestCommon\obj\Debug\net9.0\CRM.TestCommon.assets.cache”(先前值:“obj\Debug\net9.0\CRM.TestCommon.assets.cache”)
       C:\Program Files\dotnet\sdk\9.0.308\Sdks\Microsoft.NET.Sdk\targets\Microsoft.PackageDependencyResolution.targets(80,5): message : 在 C:\Program Files\dotnet\sdk\9.0.308\Sdks\Microsoft.NET.Sdk\targets\Microsoft.PackageDependencyResolution.targets (80,5) 处重新分配属性: $(ResolveAssemblyReferencesDependsOn)=“
       C:\Program Files\dotnet\sdk\9.0.308\Sdks\Microsoft.NET.Sdk\targets\Microsoft.PackageDependencyResolution.targets(80,5): message :       
       C:\Program Files\dotnet\sdk\9.0.308\Sdks\Microsoft.NET.Sdk\targets\Microsoft.PackageDependencyResolution.targets(80,5): message :       ResolveProjectReferences;
       C:\Program Files\dotnet\sdk\9.0.308\Sdks\Microsoft.NET.Sdk\targets\Microsoft.PackageDependencyResolution.targets(80,5): message :       FindInvalidProjectReferences;
       C:\Program Files\dotnet\sdk\9.0.308\Sdks\Microsoft.NET.Sdk\targets\Microsoft.PackageDependencyResolution.targets(80,5): message :       GetFrameworkPaths;
       C:\Program Files\dotnet\sdk\9.0.308\Sdks\Microsoft.NET.Sdk\targets\Microsoft.PackageDependencyResolution.targets(80,5): message :       GetReferenceAssemblyPaths;
       C:\Program Files\dotnet\sdk\9.0.308\Sdks\Microsoft.NET.Sdk\targets\Microsoft.PackageDependencyResolution.targets(80,5): message :       PrepareForBuild;
       C:\Program Files\dotnet\sdk\9.0.308\Sdks\Microsoft.NET.Sdk\targets\Microsoft.PackageDependencyResolution.targets(80,5): message :       ResolveSDKReferences;
       C:\Program Files\dotnet\sdk\9.0.308\Sdks\Microsoft.NET.Sdk\targets\Microsoft.PackageDependencyResolution.targets(80,5): message :       ExpandSDKReferences;
       C:\Program Files\dotnet\sdk\9.0.308\Sdks\Microsoft.NET.Sdk\targets\Microsoft.PackageDependencyResolution.targets(80,5): message :     ;
       C:\Program Files\dotnet\sdk\9.0.308\Sdks\Microsoft.NET.Sdk\targets\Microsoft.PackageDependencyResolution.targets(80,5): message :       ResolvePackageDependenciesForBuild;
       C:\Program Files\dotnet\sdk\9.0.308\Sdks\Microsoft.NET.Sdk\targets\Microsoft.PackageDependencyResolution.targets(80,5): message :       _HandlePackageFileConflicts;
       C:\Program Files\dotnet\sdk\9.0.308\Sdks\Microsoft.NET.Sdk\targets\Microsoft.PackageDependencyResolution.targets(80,5): message :     ”(先前值:“
       C:\Program Files\dotnet\sdk\9.0.308\Sdks\Microsoft.NET.Sdk\targets\Microsoft.PackageDependencyResolution.targets(80,5): message :       ResolveProjectReferences;
       C:\Program Files\dotnet\sdk\9.0.308\Sdks\Microsoft.NET.Sdk\targets\Microsoft.PackageDependencyResolution.targets(80,5): message :       FindInvalidProjectReferences;
       C:\Program Files\dotnet\sdk\9.0.308\Sdks\Microsoft.NET.Sdk\targets\Microsoft.PackageDependencyResolution.targets(80,5): message :       GetFrameworkPaths;
       C:\Program Files\dotnet\sdk\9.0.308\Sdks\Microsoft.NET.Sdk\targets\Microsoft.PackageDependencyResolution.targets(80,5): message :       GetReferenceAssemblyPaths;
       C:\Program Files\dotnet\sdk\9.0.308\Sdks\Microsoft.NET.Sdk\targets\Microsoft.PackageDependencyResolution.targets(80,5): message :       PrepareForBuild;
       C:\Program Files\dotnet\sdk\9.0.308\Sdks\Microsoft.NET.Sdk\targets\Microsoft.PackageDependencyResolution.targets(80,5): message :       ResolveSDKReferences;
       C:\Program Files\dotnet\sdk\9.0.308\Sdks\Microsoft.NET.Sdk\targets\Microsoft.PackageDependencyResolution.targets(80,5): message :       ExpandSDKReferences;
       C:\Program Files\dotnet\sdk\9.0.308\Sdks\Microsoft.NET.Sdk\targets\Microsoft.PackageDependencyResolution.targets(80,5): message :     ”)
       C:\Program Files\dotnet\sdk\9.0.308\Sdks\Microsoft.NET.Sdk\targets\Microsoft.PackageDependencyResolution.targets(86,5): message : 在 C:\Program Files\dotnet\sdk\9.0.308\Sdks\Microsoft.NET.Sdk\targets\Microsoft.PackageDependencyResolution.targets (86,5) 处重新分配属性: $(PrepareResourcesDependsOn)=“
       C:\Program Files\dotnet\sdk\9.0.308\Sdks\Microsoft.NET.Sdk\targets\Microsoft.PackageDependencyResolution.targets(86,5): message :       ResolvePackageDependenciesForBuild;
       C:\Program Files\dotnet\sdk\9.0.308\Sdks\Microsoft.NET.Sdk\targets\Microsoft.PackageDependencyResolution.targets(86,5): message :       _HandlePackageFileConflicts;
       C:\Program Files\dotnet\sdk\9.0.308\Sdks\Microsoft.NET.Sdk\targets\Microsoft.PackageDependencyResolution.targets(86,5): message :       
       C:\Program Files\dotnet\sdk\9.0.308\Sdks\Microsoft.NET.Sdk\targets\Microsoft.PackageDependencyResolution.targets(86,5): message :       ;
       C:\Program Files\dotnet\sdk\9.0.308\Sdks\Microsoft.NET.Sdk\targets\Microsoft.PackageDependencyResolution.targets(86,5): message :       PrepareResourceNames;
       C:\Program Files\dotnet\sdk\9.0.308\Sdks\Microsoft.NET.Sdk\targets\Microsoft.PackageDependencyResolution.targets(86,5): message :       ResGen;
       C:\Program Files\dotnet\sdk\9.0.308\Sdks\Microsoft.NET.Sdk\targets\Microsoft.PackageDependencyResolution.targets(86,5): message :       CompileLicxFiles
       C:\Program Files\dotnet\sdk\9.0.308\Sdks\Microsoft.NET.Sdk\targets\Microsoft.PackageDependencyResolution.targets(86,5): message :     
       C:\Program Files\dotnet\sdk\9.0.308\Sdks\Microsoft.NET.Sdk\targets\Microsoft.PackageDependencyResolution.targets(86,5): message :     ”(先前值:“
       C:\Program Files\dotnet\sdk\9.0.308\Sdks\Microsoft.NET.Sdk\targets\Microsoft.PackageDependencyResolution.targets(86,5): message :       ;
       C:\Program Files\dotnet\sdk\9.0.308\Sdks\Microsoft.NET.Sdk\targets\Microsoft.PackageDependencyResolution.targets(86,5): message :       PrepareResourceNames;
       C:\Program Files\dotnet\sdk\9.0.308\Sdks\Microsoft.NET.Sdk\targets\Microsoft.PackageDependencyResolution.targets(86,5): message :       ResGen;
       C:\Program Files\dotnet\sdk\9.0.308\Sdks\Microsoft.NET.Sdk\targets\Microsoft.PackageDependencyResolution.targets(86,5): message :       CompileLicxFiles
       C:\Program Files\dotnet\sdk\9.0.308\Sdks\Microsoft.NET.Sdk\targets\Microsoft.PackageDependencyResolution.targets(86,5): message :     ”)
       C:\Program Files\dotnet\sdk\9.0.308\Sdks\Microsoft.NET.Sdk\targets\Microsoft.NET.Sdk.DefaultItems.targets(27,5): message : 在 C:\Program Files\dotnet\sdk\9.0.308\Sdks\Microsoft.NET.Sdk\targets\Microsoft.NET.Sdk.DefaultItems.targets (27,5) 处重新分配属性: $(DefaultItemExcludes)=“;bin\Debug\/**;obj\Debug\/**;bin\/**”(先前值:“;bin\Debug\/**;obj\Debug\/**”)
       C:\Program Files\dotnet\sdk\9.0.308\Sdks\Microsoft.NET.Sdk\targets\Microsoft.NET.Sdk.DefaultItems.targets(29,5): message : 在 C:\Program Files\dotnet\sdk\9.0.308\Sdks\Microsoft.NET.Sdk\targets\Microsoft.NET.Sdk.DefaultItems.targets (29,5) 处重新分配属性: $(DefaultItemExcludes)=“;bin\Debug\/**;obj\Debug\/**;bin\/**;obj\/**”(先前值:“;bin\Debug\/**;obj\Debug\/**;bin\/**”)
       C:\Program Files\dotnet\sdk\9.0.308\Sdks\Microsoft.NET.Sdk\targets\Microsoft.NET.Sdk.DefaultItems.targets(32,5): message : 在 C:\Program Files\dotnet\sdk\9.0.308\Sdks\Microsoft.NET.Sdk\targets\Microsoft.NET.Sdk.DefaultItems.targets (32,5) 处重新分配属性: $(DefaultItemExcludes)=“;bin\Debug\/**;obj\Debug\/**;bin\/**;obj\/**;**/*.user”(先前值:“;bin\Debug\/**;obj\Debug\/**;bin\/**;obj\/**”)
       C:\Program Files\dotnet\sdk\9.0.308\Sdks\Microsoft.NET.Sdk\targets\Microsoft.NET.Sdk.DefaultItems.targets(33,5): message : 在 C:\Program Files\dotnet\sdk\9.0.308\Sdks\Microsoft.NET.Sdk\targets\Microsoft.NET.Sdk.DefaultItems.targets (33,5) 处重新分配属性: $(DefaultItemExcludes)=“;bin\Debug\/**;obj\Debug\/**;bin\/**;obj\/**;**/*.user;**/*.*proj”(先前值:“;bin\Debug\/**;obj\Debug\/**;bin\/**;obj\/**;**/*.user”)
       C:\Program Files\dotnet\sdk\9.0.308\Sdks\Microsoft.NET.Sdk\targets\Microsoft.NET.Sdk.DefaultItems.targets(34,5): message : 在 C:\Program Files\dotnet\sdk\9.0.308\Sdks\Microsoft.NET.Sdk\targets\Microsoft.NET.Sdk.DefaultItems.targets (34,5) 处重新分配属性: $(DefaultItemExcludes)=“;bin\Debug\/**;obj\Debug\/**;bin\/**;obj\/**;**/*.user;**/*.*proj;**/*.sln”(先前值:“;bin\Debug\/**;obj\Debug\/**;bin\/**;obj\/**;**/*.user;**/*.*proj”)
       C:\Program Files\dotnet\sdk\9.0.308\Sdks\Microsoft.NET.Sdk\targets\Microsoft.NET.Sdk.DefaultItems.targets(35,5): message : 在 C:\Program Files\dotnet\sdk\9.0.308\Sdks\Microsoft.NET.Sdk\targets\Microsoft.NET.Sdk.DefaultItems.targets (35,5) 处重新分配属性: $(DefaultItemExcludes)=“;bin\Debug\/**;obj\Debug\/**;bin\/**;obj\/**;**/*.user;**/*.*proj;**/*.sln;**/*.slnx”(先前值:“;bin\Debug\/**;obj\Debug\/**;bin\/**;obj\/**;**/*.user;**/*.*proj;**/*.sln”)
       C:\Program Files\dotnet\sdk\9.0.308\Sdks\Microsoft.NET.Sdk\targets\Microsoft.NET.Sdk.DefaultItems.targets(36,5): message : 在 C:\Program Files\dotnet\sdk\9.0.308\Sdks\Microsoft.NET.Sdk\targets\Microsoft.NET.Sdk.DefaultItems.targets (36,5) 处重新分配属性: $(DefaultItemExcludes)=“;bin\Debug\/**;obj\Debug\/**;bin\/**;obj\/**;**/*.user;**/*.*proj;**/*.sln;**/*.slnx;**/*.vssscc”(先前值:“;bin\Debug\/**;obj\Debug\/**;bin\/**;obj\/**;**/*.user;**/*.*proj;**/*.sln;**/*.slnx”)
       C:\Program Files\dotnet\sdk\9.0.308\Sdks\Microsoft.NET.Sdk\targets\Microsoft.NET.Sdk.DefaultItems.targets(37,5): message : 在 C:\Program Files\dotnet\sdk\9.0.308\Sdks\Microsoft.NET.Sdk\targets\Microsoft.NET.Sdk.DefaultItems.targets (37,5) 处重新分配属性: $(DefaultItemExcludes)=“;bin\Debug\/**;obj\Debug\/**;bin\/**;obj\/**;**/*.user;**/*.*proj;**/*.sln;**/*.slnx;**/*.vssscc;**/.DS_Store”(先前值:“;bin\Debug\/**;obj\Debug\/**;bin\/**;obj\/**;**/*.user;**/*.*proj;**/*.sln;**/*.slnx;**/*.vssscc”)
       C:\Program Files\dotnet\sdk\9.0.308\Sdks\Microsoft.NET.Sdk\targets\Microsoft.NET.Sdk.FrameworkReferenceResolution.targets(14,5): message : 在 C:\Program Files\dotnet\sdk\9.0.308\Sdks\Microsoft.NET.Sdk\targets\Microsoft.NET.Sdk.FrameworkReferenceResolution.targets (14,5) 处重新分配属性: $(ResolveAssemblyReferencesDependsOn)=“
       C:\Program Files\dotnet\sdk\9.0.308\Sdks\Microsoft.NET.Sdk\targets\Microsoft.NET.Sdk.FrameworkReferenceResolution.targets(14,5): message :       
       C:\Program Files\dotnet\sdk\9.0.308\Sdks\Microsoft.NET.Sdk\targets\Microsoft.NET.Sdk.FrameworkReferenceResolution.targets(14,5): message :       
       C:\Program Files\dotnet\sdk\9.0.308\Sdks\Microsoft.NET.Sdk\targets\Microsoft.NET.Sdk.FrameworkReferenceResolution.targets(14,5): message :       ResolveProjectReferences;
       C:\Program Files\dotnet\sdk\9.0.308\Sdks\Microsoft.NET.Sdk\targets\Microsoft.NET.Sdk.FrameworkReferenceResolution.targets(14,5): message :       FindInvalidProjectReferences;
       C:\Program Files\dotnet\sdk\9.0.308\Sdks\Microsoft.NET.Sdk\targets\Microsoft.NET.Sdk.FrameworkReferenceResolution.targets(14,5): message :       GetFrameworkPaths;
       C:\Program Files\dotnet\sdk\9.0.308\Sdks\Microsoft.NET.Sdk\targets\Microsoft.NET.Sdk.FrameworkReferenceResolution.targets(14,5): message :       GetReferenceAssemblyPaths;
       C:\Program Files\dotnet\sdk\9.0.308\Sdks\Microsoft.NET.Sdk\targets\Microsoft.NET.Sdk.FrameworkReferenceResolution.targets(14,5): message :       PrepareForBuild;
       C:\Program Files\dotnet\sdk\9.0.308\Sdks\Microsoft.NET.Sdk\targets\Microsoft.NET.Sdk.FrameworkReferenceResolution.targets(14,5): message :       ResolveSDKReferences;
       C:\Program Files\dotnet\sdk\9.0.308\Sdks\Microsoft.NET.Sdk\targets\Microsoft.NET.Sdk.FrameworkReferenceResolution.targets(14,5): message :       ExpandSDKReferences;
       C:\Program Files\dotnet\sdk\9.0.308\Sdks\Microsoft.NET.Sdk\targets\Microsoft.NET.Sdk.FrameworkReferenceResolution.targets(14,5): message :     ;
       C:\Program Files\dotnet\sdk\9.0.308\Sdks\Microsoft.NET.Sdk\targets\Microsoft.NET.Sdk.FrameworkReferenceResolution.targets(14,5): message :       ResolvePackageDependenciesForBuild;
       C:\Program Files\dotnet\sdk\9.0.308\Sdks\Microsoft.NET.Sdk\targets\Microsoft.NET.Sdk.FrameworkReferenceResolution.targets(14,5): message :       _HandlePackageFileConflicts;
       C:\Program Files\dotnet\sdk\9.0.308\Sdks\Microsoft.NET.Sdk\targets\Microsoft.NET.Sdk.FrameworkReferenceResolution.targets(14,5): message :     ;
       C:\Program Files\dotnet\sdk\9.0.308\Sdks\Microsoft.NET.Sdk\targets\Microsoft.NET.Sdk.FrameworkReferenceResolution.targets(14,5): message :       ResolveTargetingPackAssets;
       C:\Program Files\dotnet\sdk\9.0.308\Sdks\Microsoft.NET.Sdk\targets\Microsoft.NET.Sdk.FrameworkReferenceResolution.targets(14,5): message :     ”(先前值:“
       C:\Program Files\dotnet\sdk\9.0.308\Sdks\Microsoft.NET.Sdk\targets\Microsoft.NET.Sdk.FrameworkReferenceResolution.targets(14,5): message :       
       C:\Program Files\dotnet\sdk\9.0.308\Sdks\Microsoft.NET.Sdk\targets\Microsoft.NET.Sdk.FrameworkReferenceResolution.targets(14,5): message :       ResolveProjectReferences;
       C:\Program Files\dotnet\sdk\9.0.308\Sdks\Microsoft.NET.Sdk\targets\Microsoft.NET.Sdk.FrameworkReferenceResolution.targets(14,5): message :       FindInvalidProjectReferences;
       C:\Program Files\dotnet\sdk\9.0.308\Sdks\Microsoft.NET.Sdk\targets\Microsoft.NET.Sdk.FrameworkReferenceResolution.targets(14,5): message :       GetFrameworkPaths;
       C:\Program Files\dotnet\sdk\9.0.308\Sdks\Microsoft.NET.Sdk\targets\Microsoft.NET.Sdk.FrameworkReferenceResolution.targets(14,5): message :       GetReferenceAssemblyPaths;
       C:\Program Files\dotnet\sdk\9.0.308\Sdks\Microsoft.NET.Sdk\targets\Microsoft.NET.Sdk.FrameworkReferenceResolution.targets(14,5): message :       PrepareForBuild;
       C:\Program Files\dotnet\sdk\9.0.308\Sdks\Microsoft.NET.Sdk\targets\Microsoft.NET.Sdk.FrameworkReferenceResolution.targets(14,5): message :       ResolveSDKReferences;
       C:\Program Files\dotnet\sdk\9.0.308\Sdks\Microsoft.NET.Sdk\targets\Microsoft.NET.Sdk.FrameworkReferenceResolution.targets(14,5): message :       ExpandSDKReferences;
       C:\Program Files\dotnet\sdk\9.0.308\Sdks\Microsoft.NET.Sdk\targets\Microsoft.NET.Sdk.FrameworkReferenceResolution.targets(14,5): message :     ;
       C:\Program Files\dotnet\sdk\9.0.308\Sdks\Microsoft.NET.Sdk\targets\Microsoft.NET.Sdk.FrameworkReferenceResolution.targets(14,5): message :       ResolvePackageDependenciesForBuild;
       C:\Program Files\dotnet\sdk\9.0.308\Sdks\Microsoft.NET.Sdk\targets\Microsoft.NET.Sdk.FrameworkReferenceResolution.targets(14,5): message :       _HandlePackageFileConflicts;
       C:\Program Files\dotnet\sdk\9.0.308\Sdks\Microsoft.NET.Sdk\targets\Microsoft.NET.Sdk.FrameworkReferenceResolution.targets(14,5): message :     ”)
       C:\Program Files\dotnet\sdk\9.0.308\Sdks\Microsoft.NET.Sdk\targets\Microsoft.NET.Sdk.targets(44,5): message : 在 C:\Program Files\dotnet\sdk\9.0.308\Sdks\Microsoft.NET.Sdk\targets\Microsoft.NET.Sdk.targets (44,5) 处重新分配属性: $(_GenerateRuntimeConfigurationPropertyInputsCache)=“d:\MyProject\FrontCRM(C#)\tests\CRM.TestCommon\obj\Debug\net9.0\CRM.TestCommon.genruntimeconfig.cache”(先前值:“obj\Debug\net9.0\CRM.TestCommon.genruntimeconfig.cache”)
       C:\Program Files\dotnet\sdk\9.0.308\Sdks\Microsoft.NET.Sdk\targets\Microsoft.NET.Sdk.targets(46,5): message : 在 C:\Program Files\dotnet\sdk\9.0.308\Sdks\Microsoft.NET.Sdk\targets\Microsoft.NET.Sdk.targets (46,5) 处重新分配属性: $(_GeneratePublishDependencyFilePropertyInputsCache)=“d:\MyProject\FrontCRM(C#)\tests\CRM.TestCommon\obj\Debug\net9.0\CRM.TestCommon.genpublishdeps.cache”(先前值:“obj\Debug\net9.0\CRM.TestCommon.genpublishdeps.cache”)
       C:\Program Files\dotnet\sdk\9.0.308\Sdks\Microsoft.NET.Sdk\targets\Microsoft.NET.Sdk.targets(48,5): message : 在 C:\Program Files\dotnet\sdk\9.0.308\Sdks\Microsoft.NET.Sdk\targets\Microsoft.NET.Sdk.targets (48,5) 处重新分配属性: $(_GenerateSingleFileBundlePropertyInputsCache)=“d:\MyProject\FrontCRM(C#)\tests\CRM.TestCommon\obj\Debug\net9.0\CRM.TestCommon.genbundle.cache”(先前值:“obj\Debug\net9.0\CRM.TestCommon.genbundle.cache”)
       C:\Program Files\dotnet\sdk\9.0.308\Sdks\Microsoft.NET.Sdk\targets\Microsoft.NET.Sdk.targets(81,5): message : 在 C:\Program Files\dotnet\sdk\9.0.308\Sdks\Microsoft.NET.Sdk\targets\Microsoft.NET.Sdk.targets (81,5) 处重新分配属性: $(GenerateRuntimeConfigDevFile)=“false”(先前值:“true”)
       C:\Program Files\dotnet\sdk\9.0.308\Sdks\Microsoft.NET.Sdk\targets\Microsoft.NET.Sdk.targets(97,5): message : 在 C:\Program Files\dotnet\sdk\9.0.308\Sdks\Microsoft.NET.Sdk\targets\Microsoft.NET.Sdk.targets (97,5) 处重新分配属性: $(_DefaultUserProfileRuntimeStorePath)=“C:\Users\admin”(先前值:“”)
       C:\Program Files\dotnet\sdk\9.0.308\Sdks\Microsoft.NET.Sdk\targets\Microsoft.NET.Sdk.targets(98,5): message : 在 C:\Program Files\dotnet\sdk\9.0.308\Sdks\Microsoft.NET.Sdk\targets\Microsoft.NET.Sdk.targets (98,5) 处重新分配属性: $(_DefaultUserProfileRuntimeStorePath)=“C:\Users\admin\.dotnet\store”(先前值:“C:\Users\admin”)
       C:\Program Files\dotnet\sdk\9.0.308\Sdks\Microsoft.NET.Sdk\targets\Microsoft.NET.Sdk.targets(140,5): message : 在 C:\Program Files\dotnet\sdk\9.0.308\Sdks\Microsoft.NET.Sdk\targets\Microsoft.NET.Sdk.targets (140,5) 处重新分配属性: $(AvailablePlatforms)=“Any CPU,x86,x64,ARM32”(先前值:“Any CPU,x86,x64”)
       C:\Program Files\dotnet\sdk\9.0.308\Sdks\Microsoft.NET.Sdk\targets\Microsoft.NET.Sdk.targets(144,5): message : 在 C:\Program Files\dotnet\sdk\9.0.308\Sdks\Microsoft.NET.Sdk\targets\Microsoft.NET.Sdk.targets (144,5) 处重新分配属性: $(AvailablePlatforms)=“Any CPU,x86,x64,ARM32,ARM64”(先前值:“Any CPU,x86,x64,ARM32”)
       C:\Program Files\dotnet\sdk\9.0.308\Sdks\Microsoft.NET.Sdk\targets\Microsoft.NET.Sdk.targets(201,5): message : 在 C:\Program Files\dotnet\sdk\9.0.308\Sdks\Microsoft.NET.Sdk\targets\Microsoft.NET.Sdk.targets (201,5) 处重新分配属性: $(CoreBuildDependsOn)=“
       C:\Program Files\dotnet\sdk\9.0.308\Sdks\Microsoft.NET.Sdk\targets\Microsoft.NET.Sdk.targets(201,5): message :       _CheckForBuildWithNoBuild;
       C:\Program Files\dotnet\sdk\9.0.308\Sdks\Microsoft.NET.Sdk\targets\Microsoft.NET.Sdk.targets(201,5): message :       
       C:\Program Files\dotnet\sdk\9.0.308\Sdks\Microsoft.NET.Sdk\targets\Microsoft.NET.Sdk.targets(201,5): message :       BuildOnlySettings;
       C:\Program Files\dotnet\sdk\9.0.308\Sdks\Microsoft.NET.Sdk\targets\Microsoft.NET.Sdk.targets(201,5): message :       PrepareForBuild;
       C:\Program Files\dotnet\sdk\9.0.308\Sdks\Microsoft.NET.Sdk\targets\Microsoft.NET.Sdk.targets(201,5): message :       PreBuildEvent;
       C:\Program Files\dotnet\sdk\9.0.308\Sdks\Microsoft.NET.Sdk\targets\Microsoft.NET.Sdk.targets(201,5): message :       ResolveReferences;
       C:\Program Files\dotnet\sdk\9.0.308\Sdks\Microsoft.NET.Sdk\targets\Microsoft.NET.Sdk.targets(201,5): message :       PrepareResources;
       C:\Program Files\dotnet\sdk\9.0.308\Sdks\Microsoft.NET.Sdk\targets\Microsoft.NET.Sdk.targets(201,5): message :       ResolveKeySource;
       C:\Program Files\dotnet\sdk\9.0.308\Sdks\Microsoft.NET.Sdk\targets\Microsoft.NET.Sdk.targets(201,5): message :       Compile;
       C:\Program Files\dotnet\sdk\9.0.308\Sdks\Microsoft.NET.Sdk\targets\Microsoft.NET.Sdk.targets(201,5): message :       ExportWindowsMDFile;
       C:\Program Files\dotnet\sdk\9.0.308\Sdks\Microsoft.NET.Sdk\targets\Microsoft.NET.Sdk.targets(201,5): message :       UnmanagedUnregistration;
       C:\Program Files\dotnet\sdk\9.0.308\Sdks\Microsoft.NET.Sdk\targets\Microsoft.NET.Sdk.targets(201,5): message :       GenerateSerializationAssemblies;
       C:\Program Files\dotnet\sdk\9.0.308\Sdks\Microsoft.NET.Sdk\targets\Microsoft.NET.Sdk.targets(201,5): message :       CreateSatelliteAssemblies;
       C:\Program Files\dotnet\sdk\9.0.308\Sdks\Microsoft.NET.Sdk\targets\Microsoft.NET.Sdk.targets(201,5): message :       GenerateManifests;
       C:\Program Files\dotnet\sdk\9.0.308\Sdks\Microsoft.NET.Sdk\targets\Microsoft.NET.Sdk.targets(201,5): message :       GetTargetPath;
       C:\Program Files\dotnet\sdk\9.0.308\Sdks\Microsoft.NET.Sdk\targets\Microsoft.NET.Sdk.targets(201,5): message :       PrepareForRun;
       C:\Program Files\dotnet\sdk\9.0.308\Sdks\Microsoft.NET.Sdk\targets\Microsoft.NET.Sdk.targets(201,5): message :       UnmanagedRegistration;
       C:\Program Files\dotnet\sdk\9.0.308\Sdks\Microsoft.NET.Sdk\targets\Microsoft.NET.Sdk.targets(201,5): message :       IncrementalClean;
       C:\Program Files\dotnet\sdk\9.0.308\Sdks\Microsoft.NET.Sdk\targets\Microsoft.NET.Sdk.targets(201,5): message :       PostBuildEvent
       C:\Program Files\dotnet\sdk\9.0.308\Sdks\Microsoft.NET.Sdk\targets\Microsoft.NET.Sdk.targets(201,5): message :     ;
       C:\Program Files\dotnet\sdk\9.0.308\Sdks\Microsoft.NET.Sdk\targets\Microsoft.NET.Sdk.targets(201,5): message :       GenerateBuildDependencyFile;
       C:\Program Files\dotnet\sdk\9.0.308\Sdks\Microsoft.NET.Sdk\targets\Microsoft.NET.Sdk.targets(201,5): message :       GenerateBuildRuntimeConfigurationFiles
       C:\Program Files\dotnet\sdk\9.0.308\Sdks\Microsoft.NET.Sdk\targets\Microsoft.NET.Sdk.targets(201,5): message :     ”(先前值:“
       C:\Program Files\dotnet\sdk\9.0.308\Sdks\Microsoft.NET.Sdk\targets\Microsoft.NET.Sdk.targets(201,5): message :       BuildOnlySettings;
       C:\Program Files\dotnet\sdk\9.0.308\Sdks\Microsoft.NET.Sdk\targets\Microsoft.NET.Sdk.targets(201,5): message :       PrepareForBuild;
       C:\Program Files\dotnet\sdk\9.0.308\Sdks\Microsoft.NET.Sdk\targets\Microsoft.NET.Sdk.targets(201,5): message :       PreBuildEvent;
       C:\Program Files\dotnet\sdk\9.0.308\Sdks\Microsoft.NET.Sdk\targets\Microsoft.NET.Sdk.targets(201,5): message :       ResolveReferences;
       C:\Program Files\dotnet\sdk\9.0.308\Sdks\Microsoft.NET.Sdk\targets\Microsoft.NET.Sdk.targets(201,5): message :       PrepareResources;
       C:\Program Files\dotnet\sdk\9.0.308\Sdks\Microsoft.NET.Sdk\targets\Microsoft.NET.Sdk.targets(201,5): message :       ResolveKeySource;
       C:\Program Files\dotnet\sdk\9.0.308\Sdks\Microsoft.NET.Sdk\targets\Microsoft.NET.Sdk.targets(201,5): message :       Compile;
       C:\Program Files\dotnet\sdk\9.0.308\Sdks\Microsoft.NET.Sdk\targets\Microsoft.NET.Sdk.targets(201,5): message :       ExportWindowsMDFile;
       C:\Program Files\dotnet\sdk\9.0.308\Sdks\Microsoft.NET.Sdk\targets\Microsoft.NET.Sdk.targets(201,5): message :       UnmanagedUnregistration;
       C:\Program Files\dotnet\sdk\9.0.308\Sdks\Microsoft.NET.Sdk\targets\Microsoft.NET.Sdk.targets(201,5): message :       GenerateSerializationAssemblies;
       C:\Program Files\dotnet\sdk\9.0.308\Sdks\Microsoft.NET.Sdk\targets\Microsoft.NET.Sdk.targets(201,5): message :       CreateSatelliteAssemblies;
       C:\Program Files\dotnet\sdk\9.0.308\Sdks\Microsoft.NET.Sdk\targets\Microsoft.NET.Sdk.targets(201,5): message :       GenerateManifests;
       C:\Program Files\dotnet\sdk\9.0.308\Sdks\Microsoft.NET.Sdk\targets\Microsoft.NET.Sdk.targets(201,5): message :       GetTargetPath;
       C:\Program Files\dotnet\sdk\9.0.308\Sdks\Microsoft.NET.Sdk\targets\Microsoft.NET.Sdk.targets(201,5): message :       PrepareForRun;
       C:\Program Files\dotnet\sdk\9.0.308\Sdks\Microsoft.NET.Sdk\targets\Microsoft.NET.Sdk.targets(201,5): message :       UnmanagedRegistration;
       C:\Program Files\dotnet\sdk\9.0.308\Sdks\Microsoft.NET.Sdk\targets\Microsoft.NET.Sdk.targets(201,5): message :       IncrementalClean;
       C:\Program Files\dotnet\sdk\9.0.308\Sdks\Microsoft.NET.Sdk\targets\Microsoft.NET.Sdk.targets(201,5): message :       PostBuildEvent
       C:\Program Files\dotnet\sdk\9.0.308\Sdks\Microsoft.NET.Sdk\targets\Microsoft.NET.Sdk.targets(201,5): message :     ”)
       C:\Program Files\dotnet\sdk\9.0.308\Sdks\Microsoft.NET.Sdk\targets\Microsoft.NET.Sdk.targets(210,5): message : 在 C:\Program Files\dotnet\sdk\9.0.308\Sdks\Microsoft.NET.Sdk\targets\Microsoft.NET.Sdk.targets (210,5) 处重新分配属性: $(CoreCleanDependsOn)=“
       C:\Program Files\dotnet\sdk\9.0.308\Sdks\Microsoft.NET.Sdk\targets\Microsoft.NET.Sdk.targets(210,5): message :       _SdkBeforeClean;
       C:\Program Files\dotnet\sdk\9.0.308\Sdks\Microsoft.NET.Sdk\targets\Microsoft.NET.Sdk.targets(210,5): message :       
       C:\Program Files\dotnet\sdk\9.0.308\Sdks\Microsoft.NET.Sdk\targets\Microsoft.NET.Sdk.targets(210,5): message :     ”(先前值:“”)
       C:\Program Files\dotnet\sdk\9.0.308\Sdks\Microsoft.NET.Sdk\targets\Microsoft.NET.Sdk.targets(217,5): message : 在 C:\Program Files\dotnet\sdk\9.0.308\Sdks\Microsoft.NET.Sdk\targets\Microsoft.NET.Sdk.targets (217,5) 处重新分配属性: $(RebuildDependsOn)=“
       C:\Program Files\dotnet\sdk\9.0.308\Sdks\Microsoft.NET.Sdk\targets\Microsoft.NET.Sdk.targets(217,5): message :       _SdkBeforeRebuild;
       C:\Program Files\dotnet\sdk\9.0.308\Sdks\Microsoft.NET.Sdk\targets\Microsoft.NET.Sdk.targets(217,5): message :       
       C:\Program Files\dotnet\sdk\9.0.308\Sdks\Microsoft.NET.Sdk\targets\Microsoft.NET.Sdk.targets(217,5): message :       BeforeRebuild;
       C:\Program Files\dotnet\sdk\9.0.308\Sdks\Microsoft.NET.Sdk\targets\Microsoft.NET.Sdk.targets(217,5): message :       Clean;
       C:\Program Files\dotnet\sdk\9.0.308\Sdks\Microsoft.NET.Sdk\targets\Microsoft.NET.Sdk.targets(217,5): message :       Build;
       C:\Program Files\dotnet\sdk\9.0.308\Sdks\Microsoft.NET.Sdk\targets\Microsoft.NET.Sdk.targets(217,5): message :       AfterRebuild;
       C:\Program Files\dotnet\sdk\9.0.308\Sdks\Microsoft.NET.Sdk\targets\Microsoft.NET.Sdk.targets(217,5): message :     
       C:\Program Files\dotnet\sdk\9.0.308\Sdks\Microsoft.NET.Sdk\targets\Microsoft.NET.Sdk.targets(217,5): message :     ”(先前值:“
       C:\Program Files\dotnet\sdk\9.0.308\Sdks\Microsoft.NET.Sdk\targets\Microsoft.NET.Sdk.targets(217,5): message :       BeforeRebuild;
       C:\Program Files\dotnet\sdk\9.0.308\Sdks\Microsoft.NET.Sdk\targets\Microsoft.NET.Sdk.targets(217,5): message :       Clean;
       C:\Program Files\dotnet\sdk\9.0.308\Sdks\Microsoft.NET.Sdk\targets\Microsoft.NET.Sdk.targets(217,5): message :       Build;
       C:\Program Files\dotnet\sdk\9.0.308\Sdks\Microsoft.NET.Sdk\targets\Microsoft.NET.Sdk.targets(217,5): message :       AfterRebuild;
       C:\Program Files\dotnet\sdk\9.0.308\Sdks\Microsoft.NET.Sdk\targets\Microsoft.NET.Sdk.targets(217,5): message :     ”)
       C:\Program Files\dotnet\sdk\9.0.308\Sdks\Microsoft.NET.Sdk\targets\Microsoft.NET.Sdk.targets(784,5): message : 在 C:\Program Files\dotnet\sdk\9.0.308\Sdks\Microsoft.NET.Sdk\targets\Microsoft.NET.Sdk.targets (784,5) 处重新分配属性: $(CompileDependsOn)=“
       C:\Program Files\dotnet\sdk\9.0.308\Sdks\Microsoft.NET.Sdk\targets\Microsoft.NET.Sdk.targets(784,5): message :       
       C:\Program Files\dotnet\sdk\9.0.308\Sdks\Microsoft.NET.Sdk\targets\Microsoft.NET.Sdk.targets(784,5): message :       ResolveReferences;
       C:\Program Files\dotnet\sdk\9.0.308\Sdks\Microsoft.NET.Sdk\targets\Microsoft.NET.Sdk.targets(784,5): message :       ResolveKeySource;
       C:\Program Files\dotnet\sdk\9.0.308\Sdks\Microsoft.NET.Sdk\targets\Microsoft.NET.Sdk.targets(784,5): message :       SetWin32ManifestProperties;
       C:\Program Files\dotnet\sdk\9.0.308\Sdks\Microsoft.NET.Sdk\targets\Microsoft.NET.Sdk.targets(784,5): message :       _SetPreferNativeArm64Win32ManifestProperties;
       C:\Program Files\dotnet\sdk\9.0.308\Sdks\Microsoft.NET.Sdk\targets\Microsoft.NET.Sdk.targets(784,5): message :       FindReferenceAssembliesForReferences;
       C:\Program Files\dotnet\sdk\9.0.308\Sdks\Microsoft.NET.Sdk\targets\Microsoft.NET.Sdk.targets(784,5): message :       _GenerateCompileInputs;
       C:\Program Files\dotnet\sdk\9.0.308\Sdks\Microsoft.NET.Sdk\targets\Microsoft.NET.Sdk.targets(784,5): message :       BeforeCompile;
       C:\Program Files\dotnet\sdk\9.0.308\Sdks\Microsoft.NET.Sdk\targets\Microsoft.NET.Sdk.targets(784,5): message :       _TimeStampBeforeCompile;
       C:\Program Files\dotnet\sdk\9.0.308\Sdks\Microsoft.NET.Sdk\targets\Microsoft.NET.Sdk.targets(784,5): message :       _GenerateCompileDependencyCache;
       C:\Program Files\dotnet\sdk\9.0.308\Sdks\Microsoft.NET.Sdk\targets\Microsoft.NET.Sdk.targets(784,5): message :       CoreCompile;
       C:\Program Files\dotnet\sdk\9.0.308\Sdks\Microsoft.NET.Sdk\targets\Microsoft.NET.Sdk.targets(784,5): message :       _TimeStampAfterCompile;
       C:\Program Files\dotnet\sdk\9.0.308\Sdks\Microsoft.NET.Sdk\targets\Microsoft.NET.Sdk.targets(784,5): message :       AfterCompile;
       C:\Program Files\dotnet\sdk\9.0.308\Sdks\Microsoft.NET.Sdk\targets\Microsoft.NET.Sdk.targets(784,5): message :     ;
       C:\Program Files\dotnet\sdk\9.0.308\Sdks\Microsoft.NET.Sdk\targets\Microsoft.NET.Sdk.targets(784,5): message :       _CreateAppHost;
       C:\Program Files\dotnet\sdk\9.0.308\Sdks\Microsoft.NET.Sdk\targets\Microsoft.NET.Sdk.targets(784,5): message :       _CreateComHost;
       C:\Program Files\dotnet\sdk\9.0.308\Sdks\Microsoft.NET.Sdk\targets\Microsoft.NET.Sdk.targets(784,5): message :       _GetIjwHostPaths;
       C:\Program Files\dotnet\sdk\9.0.308\Sdks\Microsoft.NET.Sdk\targets\Microsoft.NET.Sdk.targets(784,5): message :     ”(先前值:“
       C:\Program Files\dotnet\sdk\9.0.308\Sdks\Microsoft.NET.Sdk\targets\Microsoft.NET.Sdk.targets(784,5): message :       ResolveReferences;
       C:\Program Files\dotnet\sdk\9.0.308\Sdks\Microsoft.NET.Sdk\targets\Microsoft.NET.Sdk.targets(784,5): message :       ResolveKeySource;
       C:\Program Files\dotnet\sdk\9.0.308\Sdks\Microsoft.NET.Sdk\targets\Microsoft.NET.Sdk.targets(784,5): message :       SetWin32ManifestProperties;
       C:\Program Files\dotnet\sdk\9.0.308\Sdks\Microsoft.NET.Sdk\targets\Microsoft.NET.Sdk.targets(784,5): message :       _SetPreferNativeArm64Win32ManifestProperties;
       C:\Program Files\dotnet\sdk\9.0.308\Sdks\Microsoft.NET.Sdk\targets\Microsoft.NET.Sdk.targets(784,5): message :       FindReferenceAssembliesForReferences;
       C:\Program Files\dotnet\sdk\9.0.308\Sdks\Microsoft.NET.Sdk\targets\Microsoft.NET.Sdk.targets(784,5): message :       _GenerateCompileInputs;
       C:\Program Files\dotnet\sdk\9.0.308\Sdks\Microsoft.NET.Sdk\targets\Microsoft.NET.Sdk.targets(784,5): message :       BeforeCompile;
       C:\Program Files\dotnet\sdk\9.0.308\Sdks\Microsoft.NET.Sdk\targets\Microsoft.NET.Sdk.targets(784,5): message :       _TimeStampBeforeCompile;
       C:\Program Files\dotnet\sdk\9.0.308\Sdks\Microsoft.NET.Sdk\targets\Microsoft.NET.Sdk.targets(784,5): message :       _GenerateCompileDependencyCache;
       C:\Program Files\dotnet\sdk\9.0.308\Sdks\Microsoft.NET.Sdk\targets\Microsoft.NET.Sdk.targets(784,5): message :       CoreCompile;
       C:\Program Files\dotnet\sdk\9.0.308\Sdks\Microsoft.NET.Sdk\targets\Microsoft.NET.Sdk.targets(784,5): message :       _TimeStampAfterCompile;
       C:\Program Files\dotnet\sdk\9.0.308\Sdks\Microsoft.NET.Sdk\targets\Microsoft.NET.Sdk.targets(784,5): message :       AfterCompile;
       C:\Program Files\dotnet\sdk\9.0.308\Sdks\Microsoft.NET.Sdk\targets\Microsoft.NET.Sdk.targets(784,5): message :     ”)
       C:\Program Files\dotnet\sdk\9.0.308\Sdks\Microsoft.NET.Sdk\targets\Microsoft.NET.Sdk.targets(1184,5): message : 在 C:\Program Files\dotnet\sdk\9.0.308\Sdks\Microsoft.NET.Sdk\targets\Microsoft.NET.Sdk.targets (1184,5) 处重新分配属性: $(CreateSatelliteAssembliesDependsOn)=“
       C:\Program Files\dotnet\sdk\9.0.308\Sdks\Microsoft.NET.Sdk\targets\Microsoft.NET.Sdk.targets(1184,5): message :       
       C:\Program Files\dotnet\sdk\9.0.308\Sdks\Microsoft.NET.Sdk\targets\Microsoft.NET.Sdk.targets(1184,5): message :       ;
       C:\Program Files\dotnet\sdk\9.0.308\Sdks\Microsoft.NET.Sdk\targets\Microsoft.NET.Sdk.targets(1184,5): message :       _GenerateSatelliteAssemblyInputs;
       C:\Program Files\dotnet\sdk\9.0.308\Sdks\Microsoft.NET.Sdk\targets\Microsoft.NET.Sdk.targets(1184,5): message :       ComputeIntermediateSatelliteAssemblies;
       C:\Program Files\dotnet\sdk\9.0.308\Sdks\Microsoft.NET.Sdk\targets\Microsoft.NET.Sdk.targets(1184,5): message :       GenerateSatelliteAssemblies
       C:\Program Files\dotnet\sdk\9.0.308\Sdks\Microsoft.NET.Sdk\targets\Microsoft.NET.Sdk.targets(1184,5): message :     ;
       C:\Program Files\dotnet\sdk\9.0.308\Sdks\Microsoft.NET.Sdk\targets\Microsoft.NET.Sdk.targets(1184,5): message :       CoreGenerateSatelliteAssemblies
       C:\Program Files\dotnet\sdk\9.0.308\Sdks\Microsoft.NET.Sdk\targets\Microsoft.NET.Sdk.targets(1184,5): message :     ”(先前值:“
       C:\Program Files\dotnet\sdk\9.0.308\Sdks\Microsoft.NET.Sdk\targets\Microsoft.NET.Sdk.targets(1184,5): message :       ;
       C:\Program Files\dotnet\sdk\9.0.308\Sdks\Microsoft.NET.Sdk\targets\Microsoft.NET.Sdk.targets(1184,5): message :       _GenerateSatelliteAssemblyInputs;
       C:\Program Files\dotnet\sdk\9.0.308\Sdks\Microsoft.NET.Sdk\targets\Microsoft.NET.Sdk.targets(1184,5): message :       ComputeIntermediateSatelliteAssemblies;
       C:\Program Files\dotnet\sdk\9.0.308\Sdks\Microsoft.NET.Sdk\targets\Microsoft.NET.Sdk.targets(1184,5): message :       GenerateSatelliteAssemblies
       C:\Program Files\dotnet\sdk\9.0.308\Sdks\Microsoft.NET.Sdk\targets\Microsoft.NET.Sdk.targets(1184,5): message :     ”)
       C:\Program Files\dotnet\sdk\9.0.308\Sdks\Microsoft.SourceLink.GitLab\build\Microsoft.SourceLink.GitLab.targets(12,5): message : 在 C:\Program Files\dotnet\sdk\9.0.308\Sdks\Microsoft.SourceLink.GitLab\build\Microsoft.SourceLink.GitLab.targets (12,5) 处重新分配属性: $(SourceLinkUrlInitializerTargets)=“;_InitializeGitHubSourceLinkUrl;_InitializeGitLabSourceLinkUrl”(先前值:“;_InitializeGitHubSourceLinkUrl”)
       C:\Program Files\dotnet\sdk\9.0.308\Sdks\Microsoft.SourceLink.GitLab\build\Microsoft.SourceLink.GitLab.targets(13,5): message : 在 C:\Program Files\dotnet\sdk\9.0.308\Sdks\Microsoft.SourceLink.GitLab\build\Microsoft.SourceLink.GitLab.targets (13,5) 处重新分配属性: $(SourceControlManagerUrlTranslationTargets)=“;TranslateGitHubUrlsInSourceControlInformation;TranslateGitLabUrlsInSourceControlInformation”(先前值:“;TranslateGitHubUrlsInSourceControlInformation”)
       C:\Program Files\dotnet\sdk\9.0.308\Sdks\Microsoft.SourceLink.AzureRepos.Git\build\Microsoft.SourceLink.AzureRepos.Git.targets(12,5): message : 在 C:\Program Files\dotnet\sdk\9.0.308\Sdks\Microsoft.SourceLink.AzureRepos.Git\build\Microsoft.SourceLink.AzureRepos.Git.targets (12,5) 处重新分配属性: $(SourceLinkUrlInitializerTargets)=“;_InitializeGitHubSourceLinkUrl;_InitializeGitLabSourceLinkUrl;_InitializeAzureReposGitSourceLinkUrl”(先前值:“;_InitializeGitHubSourceLinkUrl;_InitializeGitLabSourceLinkUrl”)
       C:\Program Files\dotnet\sdk\9.0.308\Sdks\Microsoft.SourceLink.AzureRepos.Git\build\Microsoft.SourceLink.AzureRepos.Git.targets(13,5): message : 在 C:\Program Files\dotnet\sdk\9.0.308\Sdks\Microsoft.SourceLink.AzureRepos.Git\build\Microsoft.SourceLink.AzureRepos.Git.targets (13,5) 处重新分配属性: $(SourceControlManagerUrlTranslationTargets)=“;TranslateGitHubUrlsInSourceControlInformation;TranslateGitLabUrlsInSourceControlInformation;TranslateAzureReposGitUrlsInSourceControlInformation”(先前值:“;TranslateGitHubUrlsInSourceControlInformation;TranslateGitLabUrlsInSourceControlInformation”)
       C:\Program Files\dotnet\sdk\9.0.308\Sdks\Microsoft.SourceLink.Bitbucket.Git\build\Microsoft.SourceLink.Bitbucket.Git.targets(12,5): message : 在 C:\Program Files\dotnet\sdk\9.0.308\Sdks\Microsoft.SourceLink.Bitbucket.Git\build\Microsoft.SourceLink.Bitbucket.Git.targets (12,5) 处重新分配属性: $(SourceLinkUrlInitializerTargets)=“;_InitializeGitHubSourceLinkUrl;_InitializeGitLabSourceLinkUrl;_InitializeAzureReposGitSourceLinkUrl;_InitializeBitbucketGitSourceLinkUrl”(先前值:“;_InitializeGitHubSourceLinkUrl;_InitializeGitLabSourceLinkUrl;_InitializeAzureReposGitSourceLinkUrl”)
       C:\Program Files\dotnet\sdk\9.0.308\Sdks\Microsoft.SourceLink.Bitbucket.Git\build\Microsoft.SourceLink.Bitbucket.Git.targets(13,5): message : 在 C:\Program Files\dotnet\sdk\9.0.308\Sdks\Microsoft.SourceLink.Bitbucket.Git\build\Microsoft.SourceLink.Bitbucket.Git.targets (13,5) 处重新分配属性: $(SourceControlManagerUrlTranslationTargets)=“;TranslateGitHubUrlsInSourceControlInformation;TranslateGitLabUrlsInSourceControlInformation;TranslateAzureReposGitUrlsInSourceControlInformation;TranslateBitbucketGitUrlsInSourceControlInformation”(先前值:“;TranslateGitHubUrlsInSourceControlInformation;TranslateGitLabUrlsInSourceControlInformation;TranslateAzureReposGitUrlsInSourceControlInformation”)
       C:\Program Files\dotnet\sdk\9.0.308\Sdks\Microsoft.NET.Sdk\targets\Microsoft.NET.DesignerSupport.targets(21,5): message : 在 C:\Program Files\dotnet\sdk\9.0.308\Sdks\Microsoft.NET.Sdk\targets\Microsoft.NET.DesignerSupport.targets (21,5) 处重新分配属性: $(DesignerRuntimeImplementationProjectOutputGroupDependsOn)=“
       C:\Program Files\dotnet\sdk\9.0.308\Sdks\Microsoft.NET.Sdk\targets\Microsoft.NET.DesignerSupport.targets(21,5): message :       
       C:\Program Files\dotnet\sdk\9.0.308\Sdks\Microsoft.NET.Sdk\targets\Microsoft.NET.DesignerSupport.targets(21,5): message :       ;
       C:\Program Files\dotnet\sdk\9.0.308\Sdks\Microsoft.NET.Sdk\targets\Microsoft.NET.DesignerSupport.targets(21,5): message :       
       C:\Program Files\dotnet\sdk\9.0.308\Sdks\Microsoft.NET.Sdk\targets\Microsoft.NET.DesignerSupport.targets(21,5): message :       ;
       C:\Program Files\dotnet\sdk\9.0.308\Sdks\Microsoft.NET.Sdk\targets\Microsoft.NET.DesignerSupport.targets(21,5): message :       BuildOnlySettings;
       C:\Program Files\dotnet\sdk\9.0.308\Sdks\Microsoft.NET.Sdk\targets\Microsoft.NET.DesignerSupport.targets(21,5): message :       PrepareForBuild;
       C:\Program Files\dotnet\sdk\9.0.308\Sdks\Microsoft.NET.Sdk\targets\Microsoft.NET.DesignerSupport.targets(21,5): message :       AssignTargetPaths;
       C:\Program Files\dotnet\sdk\9.0.308\Sdks\Microsoft.NET.Sdk\targets\Microsoft.NET.DesignerSupport.targets(21,5): message :       ResolveReferences
       C:\Program Files\dotnet\sdk\9.0.308\Sdks\Microsoft.NET.Sdk\targets\Microsoft.NET.DesignerSupport.targets(21,5): message :     
       C:\Program Files\dotnet\sdk\9.0.308\Sdks\Microsoft.NET.Sdk\targets\Microsoft.NET.DesignerSupport.targets(21,5): message :     ;
       C:\Program Files\dotnet\sdk\9.0.308\Sdks\Microsoft.NET.Sdk\targets\Microsoft.NET.DesignerSupport.targets(21,5): message :       _GenerateDesignerDepsFile;
       C:\Program Files\dotnet\sdk\9.0.308\Sdks\Microsoft.NET.Sdk\targets\Microsoft.NET.DesignerSupport.targets(21,5): message :       _GenerateDesignerRuntimeConfigFile;
       C:\Program Files\dotnet\sdk\9.0.308\Sdks\Microsoft.NET.Sdk\targets\Microsoft.NET.DesignerSupport.targets(21,5): message :       GetCopyToOutputDirectoryItems;
       C:\Program Files\dotnet\sdk\9.0.308\Sdks\Microsoft.NET.Sdk\targets\Microsoft.NET.DesignerSupport.targets(21,5): message :       _GatherDesignerShadowCopyFiles;
       C:\Program Files\dotnet\sdk\9.0.308\Sdks\Microsoft.NET.Sdk\targets\Microsoft.NET.DesignerSupport.targets(21,5): message :     ”(先前值:“
       C:\Program Files\dotnet\sdk\9.0.308\Sdks\Microsoft.NET.Sdk\targets\Microsoft.NET.DesignerSupport.targets(21,5): message :       ;
       C:\Program Files\dotnet\sdk\9.0.308\Sdks\Microsoft.NET.Sdk\targets\Microsoft.NET.DesignerSupport.targets(21,5): message :       
       C:\Program Files\dotnet\sdk\9.0.308\Sdks\Microsoft.NET.Sdk\targets\Microsoft.NET.DesignerSupport.targets(21,5): message :       ;
       C:\Program Files\dotnet\sdk\9.0.308\Sdks\Microsoft.NET.Sdk\targets\Microsoft.NET.DesignerSupport.targets(21,5): message :       BuildOnlySettings;
       C:\Program Files\dotnet\sdk\9.0.308\Sdks\Microsoft.NET.Sdk\targets\Microsoft.NET.DesignerSupport.targets(21,5): message :       PrepareForBuild;
       C:\Program Files\dotnet\sdk\9.0.308\Sdks\Microsoft.NET.Sdk\targets\Microsoft.NET.DesignerSupport.targets(21,5): message :       AssignTargetPaths;
       C:\Program Files\dotnet\sdk\9.0.308\Sdks\Microsoft.NET.Sdk\targets\Microsoft.NET.DesignerSupport.targets(21,5): message :       ResolveReferences
       C:\Program Files\dotnet\sdk\9.0.308\Sdks\Microsoft.NET.Sdk\targets\Microsoft.NET.DesignerSupport.targets(21,5): message :     
       C:\Program Files\dotnet\sdk\9.0.308\Sdks\Microsoft.NET.Sdk\targets\Microsoft.NET.DesignerSupport.targets(21,5): message :     ”)
       C:\Program Files\dotnet\sdk\9.0.308\Sdks\Microsoft.NET.Sdk\targets\Microsoft.NET.PackTool.targets(68,5): message : 在 C:\Program Files\dotnet\sdk\9.0.308\Sdks\Microsoft.NET.Sdk\targets\Microsoft.NET.PackTool.targets (68,5) 处重新分配属性: $(_GenerateToolsSettingsFileCacheFile)=“d:\MyProject\FrontCRM(C#)\tests\CRM.TestCommon\obj\Debug\net9.0\CRM.TestCommon.toolssettingsinput.cache”(先前值:“obj\Debug\net9.0\CRM.TestCommon.toolssettingsinput.cache”)
       C:\Program Files\dotnet\sdk\9.0.308\Sdks\Microsoft.NET.Sdk\targets\Microsoft.NET.PackTool.targets(137,5): message : 在 C:\Program Files\dotnet\sdk\9.0.308\Sdks\Microsoft.NET.Sdk\targets\Microsoft.NET.PackTool.targets (137,5) 处重新分配属性: $(_ShimInputCacheFile)=“d:\MyProject\FrontCRM(C#)\tests\CRM.TestCommon\obj\Debug\net9.0\CRM.TestCommon.shiminput.cache”(先前值:“obj\Debug\net9.0\CRM.TestCommon.shiminput.cache”)
       C:\Program Files\dotnet\sdk\9.0.308\Sdks\Microsoft.NET.Sdk\targets\Microsoft.NET.PackTool.targets(139,5): message : 在 C:\Program Files\dotnet\sdk\9.0.308\Sdks\Microsoft.NET.Sdk\targets\Microsoft.NET.PackTool.targets (139,5) 处重新分配属性: $(_ShimCreatedSentinelFile)=“d:\MyProject\FrontCRM(C#)\tests\CRM.TestCommon\obj\Debug\net9.0\CRM.TestCommon.shimcreated.sentinel”(先前值:“obj\Debug\net9.0\CRM.TestCommon.shimcreated.sentinel”)
       C:\Program Files\dotnet\sdk\9.0.308\Sdks\Microsoft.NET.Sdk\targets\Microsoft.NET.Sdk.CSharp.targets(31,5): message : 在 C:\Program Files\dotnet\sdk\9.0.308\Sdks\Microsoft.NET.Sdk\targets\Microsoft.NET.Sdk.CSharp.targets (31,5) 处重新分配属性: $(DefineConstants)=“TRACE;DEBUG”(先前值:“TRACE”)
       C:\Program Files\dotnet\sdk\9.0.308\Sdks\Microsoft.NET.Sdk\targets\Microsoft.NET.Sdk.CSharp.targets(34,5): message : 在 C:\Program Files\dotnet\sdk\9.0.308\Sdks\Microsoft.NET.Sdk\targets\Microsoft.NET.Sdk.CSharp.targets (34,5) 处重新分配属性: $(DefineConstants)=“TRACE;DEBUG;NET;NET9_0;NETCOREAPP”(先前值:“TRACE;DEBUG”)
       C:\Program Files\dotnet\sdk\9.0.308\Sdks\Microsoft.NET.Sdk\targets\Microsoft.NET.Sdk.CSharp.targets(48,5): message : 在 C:\Program Files\dotnet\sdk\9.0.308\Sdks\Microsoft.NET.Sdk\targets\Microsoft.NET.Sdk.CSharp.targets (48,5) 处重新分配属性: $(WarningsAsErrors)=“;NU1605;SYSLIB0011”(先前值:“;NU1605”)
       C:\Program Files\dotnet\sdk\9.0.308\Sdks\NuGet.Build.Tasks.Pack\build\NuGet.Build.Tasks.Pack.targets(34,5): message : 在 C:\Program Files\dotnet\sdk\9.0.308\Sdks\NuGet.Build.Tasks.Pack\build\NuGet.Build.Tasks.Pack.targets (34,5) 处重新分配属性: $(PackageDescription)=“Package Description”(先前值:“”)
       C:\Program Files\dotnet\sdk\9.0.308\Sdks\NuGet.Build.Tasks.Pack\build\NuGet.Build.Tasks.Pack.targets(59,5): message : 在 C:\Program Files\dotnet\sdk\9.0.308\Sdks\NuGet.Build.Tasks.Pack\build\NuGet.Build.Tasks.Pack.targets (59,5) 处重新分配属性: $(GenerateNuspecDependsOn)=“Build;_LoadPackInputItems; _GetTargetFrameworksOutput; _WalkEachTargetPerFramework; _GetPackageFiles; ”(先前值:“_LoadPackInputItems; _GetTargetFrameworksOutput; _WalkEachTargetPerFramework; _GetPackageFiles; ”)
       C:\Program Files\dotnet\sdk\9.0.308\Sdks\Microsoft.NET.Sdk\Sdk\Sdk.targets(60,5): message : 在 C:\Program Files\dotnet\sdk\9.0.308\Sdks\Microsoft.NET.Sdk\Sdk\Sdk.targets (60,5) 处重新分配属性: $(_IsNotSetContainersTargetsDir)=“true”(先前值:“false”)
       C:\Program Files\dotnet\sdk\9.0.308\Containers\build\Microsoft.NET.Build.Containers.targets(5,5): message : 在 C:\Program Files\dotnet\sdk\9.0.308\Containers\build\Microsoft.NET.Build.Containers.targets (5,5) 处重新分配属性: $(_IsSDKContainerAllowedVersion)=“true”(先前值:“false”)
       C:\Program Files\dotnet\sdk\9.0.308\Containers\build\Microsoft.NET.Build.Containers.targets(15,5): message : 在 C:\Program Files\dotnet\sdk\9.0.308\Containers\build\Microsoft.NET.Build.Containers.targets (15,5) 处重新分配属性: $(_ContainerIsTargetingNet8TFM)=“true”(先前值:“false”)
       正在使用项目“C:\Program Files\dotnet\sdk\9.0.308\Sdks\Microsoft.NET.Sdk\targets\Microsoft.NET.Sdk.FrameworkReferenceResolution.targets”中的目标“ResolveFrameworkReferences”重写项目“C:\Program Files\dotnet\sdk\9.0.308\Microsoft.Common.CurrentVersion.targets”中的目标“ResolveFrameworkReferences”。
       正在使用项目“C:\Program Files\dotnet\sdk\9.0.308\Sdks\Microsoft.NET.Sdk\targets\Microsoft.NET.Sdk.targets”中的目标“Run”重写项目“C:\Program Files\dotnet\sdk\9.0.308\Microsoft.Common.CurrentVersion.targets”中的目标“Run”。
       正在使用项目“C:\Program Files\dotnet\sdk\9.0.308\Sdks\Microsoft.NET.Sdk\targets\Microsoft.NET.Sdk.targets”中的目标“GenerateSupportedTargetFrameworkAlias”重写项目“C:\Program Files\dotnet\sdk\9.0.308\Microsoft.Common.CurrentVersion.targets”中的目标“GenerateSupportedTargetFrameworkAlias”。
       正在使用项目“C:\Program Files\dotnet\sdk\9.0.308\Sdks\Microsoft.NET.Sdk\targets\Microsoft.NET.DisableStandardFrameworkResolution.targets”中的目标“GetReferenceAssemblyPaths”重写项目“C:\Program Files\dotnet\sdk\9.0.308\Microsoft.Common.CurrentVersion.targets”中的目标“GetReferenceAssemblyPaths”。
       正在使用项目“C:\Program Files\dotnet\sdk\9.0.308\Sdks\Microsoft.NET.Sdk\targets\Microsoft.NET.DisableStandardFrameworkResolution.targets”中的目标“GetFrameworkPaths”重写项目“C:\Program Files\dotnet\sdk\9.0.308\Microsoft.Common.CurrentVersion.targets”中的目标“GetFrameworkPaths”。
       正在使用项目“C:\Program Files\dotnet\sdk\9.0.308\Sdks\Microsoft.NET.Sdk\targets\Microsoft.NET.DesignerSupport.targets”中的目标“DesignerRuntimeImplementationProjectOutputGroup”重写项目“C:\Program Files\dotnet\sdk\9.0.308\Microsoft.Common.CurrentVersion.targets”中的目标“DesignerRuntimeImplementationProjectOutputGroup”。
       正在使用项目“C:\Program Files\dotnet\sdk\9.0.308\Sdks\Microsoft.NET.Sdk\targets\Microsoft.NET.Publish.targets”中的目标“Publish”重写项目“C:\Program Files\dotnet\sdk\9.0.308\Microsoft.Common.CurrentVersion.targets”中的目标“Publish”。
       正在使用项目“C:\Program Files\dotnet\sdk\9.0.308\Sdks\Microsoft.NET.Sdk\targets\Microsoft.NET.Publish.targets”中的目标“ResolveReadyToRunCompilers”重写项目“C:\Program Files\dotnet\sdk\9.0.308\Sdks\Microsoft.NET.Sdk\targets\Microsoft.NET.CrossGen.targets”中的目标“ResolveReadyToRunCompilers”。
       正在使用项目“C:\Program Files\dotnet\sdk\9.0.308\Sdks\Microsoft.NET.Sdk\targets\Microsoft.NET.Publish.targets”中的目标“GetCopyToPublishDirectoryItems”重写项目“C:\Program Files\dotnet\sdk\9.0.308\Microsoft.Common.CurrentVersion.targets”中的目标“GetCopyToPublishDirectoryItems”。
   1:8>项目“d:\MyProject\FrontCRM(C#)\tests\CRM.Core.Tests\CRM.Core.Tests.csproj”(1:8)正在节点 1 上生成“d:\MyProject\FrontCRM(C#)\tests\CRM.TestCommon\CRM.TestCommon.csproj”(3:5) (GetTargetFrameworks 个目标)。
   3:5>来自项目“d:\MyProject\FrontCRM(C#)\tests\CRM.TestCommon\CRM.TestCommon.csproj”的文件“C:\Program Files\dotnet\sdk\9.0.308\Microsoft.Common.CurrentVersion.targets”中的目标“GetTargetFrameworksWithPlatformForSingleTargetFramework”(目标“GetTargetFrameworks”依赖于它):
   3:5>正在使用程序集“Microsoft.Build.Tasks.Core, Version=15.1.0.0, Culture=neutral, PublicKeyToken=b03f5f7f11d50a3a”中的“CombineTargetFrameworkInfoProperties”任务。
       任务“CombineTargetFrameworkInfoProperties”
       已完成执行任务“CombineTargetFrameworkInfoProperties”的操作。
   3:5>已完成在项目“CRM.TestCommon.csproj”中生成目标“GetTargetFrameworksWithPlatformForSingleTargetFramework”的操作。
   3:5>来自项目“d:\MyProject\FrontCRM(C#)\tests\CRM.TestCommon\CRM.TestCommon.csproj”的文件“C:\Program Files\dotnet\sdk\9.0.308\Microsoft.Common.CurrentVersion.targets”中的目标“GetTargetFrameworks”(入口点):
       由于 false 条件，已跳过任务“MSBuildInternalMessage”；('$(IsCrossTargetingBuild)' == 'true')计算为('' == 'true')。
       正在使用程序集“Microsoft.Build.Tasks.Core, Version=15.1.0.0, Culture=neutral, PublicKeyToken=b03f5f7f11d50a3a”中的“CombineXmlElements”任务。
       任务“CombineXmlElements”
       已完成执行任务“CombineXmlElements”的操作。
   3:5>已完成在项目“CRM.TestCommon.csproj”中生成目标“GetTargetFrameworks”的操作。
   3:5>已完成生成项目“d:\MyProject\FrontCRM(C#)\tests\CRM.TestCommon\CRM.TestCommon.csproj”(GetTargetFrameworks 个目标)的操作。
   1:8>已完成执行任务“MSBuild”的操作。
       由于 false 条件，已跳过任务“MSBuild”；('%(_MSBuildProjectReferenceExistent.SkipGetTargetFrameworkProperties)' != 'true' and '$(EnableDynamicPlatformResolution)' == 'true')计算为('' != 'true' and '' == 'true')。
       正在使用程序集“C:\Program Files\dotnet\sdk\9.0.308\NuGet.Build.Tasks.dll”中的“GetReferenceNearestTargetFrameworkTask”任务。
       任务“GetReferenceNearestTargetFrameworkTask”
         在 TaskRun (NuGet.Build.Tasks.GetReferenceNearestTargetFrameworkTask) 期间加载的程序集: NuGet.Frameworks, Version=6.14.0.116, Culture=neutral, PublicKeyToken=31bf3856ad364e35 (位置: C:\Program Files\dotnet\sdk\9.0.308\NuGet.Frameworks.dll，MVID: 6b5909cd-5145-46c4-9595-25461e82c126，AssemblyLoadContext: MSBuild plugin C:\Program Files\dotnet\sdk\9.0.308\NuGet.Build.Tasks.dll)
         在 TaskRun (NuGet.Build.Tasks.GetReferenceNearestTargetFrameworkTask) 期间加载的程序集: NuGet.Build.Tasks.resources, Version=6.14.0.116, Culture=zh-Hans, PublicKeyToken=31bf3856ad364e35, processorArchitecture=MSIL (位置: C:\Program Files\dotnet\sdk\9.0.308\zh-Hans\NuGet.Build.Tasks.resources.dll，MVID: 0fb5b25c-4537-40de-baee-8ab1caceb730，AssemblyLoadContext: MSBuild plugin C:\Program Files\dotnet\sdk\9.0.308\NuGet.Build.Tasks.dll)
       已完成执行任务“GetReferenceNearestTargetFrameworkTask”的操作。
       由于 false 条件，已跳过任务“GetReferenceNearestTargetFrameworkTask”；('@(_ProjectReferenceTargetFrameworkPossibilities)' != '' and '$(ReferringTargetFrameworkForProjectReferences)' != ''
                                                               And '$(GetReferenceNearestTargetFrameworkTaskSupportsTargetPlatformParameter)' != 'true' and '%(_ProjectReferenceTargetFrameworkPossibilities.IsVcxOrNativeProj)' != 'true')计算为('..\..\CRM.Core\CRM.Core.csproj;..\CRM.TestCommon\CRM.TestCommon.csproj' != '' and '.NETCoreApp,Version=v9.0' != ''
                                                               And 'true' != 'true' and '' != 'true')。
       正在使用程序集“Microsoft.Build.Tasks.Core, Version=15.1.0.0, Culture=neutral, PublicKeyToken=b03f5f7f11d50a3a”中的“SetRidAgnosticValueForProjects”任务。
       任务“SetRidAgnosticValueForProjects”
       已完成执行任务“SetRidAgnosticValueForProjects”的操作。
   1:8>已完成在项目“CRM.Core.Tests.csproj”中生成目标“_GetProjectReferenceTargetFrameworkProperties”的操作。
       由于条件的计算结果为 false，已跳过目标“ValidateExecutableReferences”；('$(ValidateExecutableReferencesMatchSelfContained)' != 'false')的计算结果为('false' != 'false')。
       由于条件的计算结果为 false，已跳过目标“_GetProjectReferencePlatformProperties”；('$(EnableDynamicPlatformResolution)' == 'true'
                            and '@(_MSBuildProjectReferenceExistent)' != '')的计算结果为('' == 'true'
                            and '..\..\CRM.Core\CRM.Core.csproj;..\CRM.TestCommon\CRM.TestCommon.csproj' != '')。
   1:8>来自项目“d:\MyProject\FrontCRM(C#)\tests\CRM.Core.Tests\CRM.Core.Tests.csproj”的文件“C:\Program Files\dotnet\sdk\9.0.308\Microsoft.Common.CurrentVersion.targets”中的目标“PrepareProjectReferences”(目标“ResolveProjectReferences”依赖于它):
   1:8>已完成在项目“CRM.Core.Tests.csproj”中生成目标“PrepareProjectReferences”的操作。
   1:8>来自项目“d:\MyProject\FrontCRM(C#)\tests\CRM.Core.Tests\CRM.Core.Tests.csproj”的文件“C:\Program Files\dotnet\sdk\9.0.308\Microsoft.Common.CurrentVersion.targets”中的目标“ResolveProjectReferences”(目标“ResolveReferences”依赖于它):
       由于 false 条件，已跳过任务“MSBuild”；('%(_MSBuildProjectReferenceExistent.BuildReference)' == 'true' and '@(ProjectReferenceWithConfiguration)' != '' and ('$(BuildingInsideVisualStudio)' == 'true' or '$(BuildProjectReferences)' != 'true') and '$(VisualStudioVersion)' != '10.0' and '@(_MSBuildProjectReferenceExistent)' != '')计算为('true' == 'true' and '..\..\CRM.Core\CRM.Core.csproj;..\CRM.TestCommon\CRM.TestCommon.csproj' != '' and ('' == 'true' or 'true' != 'true') and '17.0' != '10.0' and '..\..\CRM.Core\CRM.Core.csproj;..\CRM.TestCommon\CRM.TestCommon.csproj' != '')。
       任务“MSBuild”
         移除项目“..\..\CRM.Core\CRM.Core.csproj”的属性:
           TargetFramework
           RuntimeIdentifier
           SelfContained
         移除项目“..\CRM.TestCommon\CRM.TestCommon.csproj”的属性:
           TargetFramework
           RuntimeIdentifier
           SelfContained
   1:8>项目“d:\MyProject\FrontCRM(C#)\tests\CRM.Core.Tests\CRM.Core.Tests.csproj”(1:8)正在节点 1 上生成“d:\MyProject\FrontCRM(C#)\tests\CRM.TestCommon\CRM.TestCommon.csproj”(3:6) (默认目标)。
   3:6>由于条件的计算结果为 false，已跳过目标“_CheckForUnsupportedTargetFramework”；('$(_UnsupportedTargetFrameworkError)' == 'true')的计算结果为('' == 'true')。
   1:8>项目“d:\MyProject\FrontCRM(C#)\tests\CRM.Core.Tests\CRM.Core.Tests.csproj”(1:8)正在节点 2 上生成“d:\MyProject\FrontCRM(C#)\CRM.Core\CRM.Core.csproj”(2:6) (默认目标)。
   2:6>由于条件的计算结果为 false，已跳过目标“_CheckForUnsupportedTargetFramework”；('$(_UnsupportedTargetFrameworkError)' == 'true')的计算结果为('' == 'true')。
   2:6>来自项目“d:\MyProject\FrontCRM(C#)\CRM.Core\CRM.Core.csproj”的文件“C:\Program Files\dotnet\sdk\9.0.308\Sdks\Microsoft.NET.Sdk\targets\Microsoft.NET.TargetFrameworkInference.targets”中的目标“_CollectTargetFrameworkForTelemetry”(目标“_CheckForInvalidConfigurationAndPlatform”依赖于它):
       正在使用程序集“C:\Program Files\dotnet\sdk\9.0.308\Sdks\Microsoft.NET.Sdk\targets\..\tools\net9.0\Microsoft.NET.Build.Tasks.dll”中的“AllowEmptyTelemetry”任务。
   3:6>来自项目“d:\MyProject\FrontCRM(C#)\tests\CRM.TestCommon\CRM.TestCommon.csproj”的文件“C:\Program Files\dotnet\sdk\9.0.308\Sdks\Microsoft.NET.Sdk\targets\Microsoft.NET.TargetFrameworkInference.targets”中的目标“_CollectTargetFrameworkForTelemetry”(目标“_CheckForInvalidConfigurationAndPlatform”依赖于它):
   3:6>正在使用程序集“C:\Program Files\dotnet\sdk\9.0.308\Sdks\Microsoft.NET.Sdk\targets\..\tools\net9.0\Microsoft.NET.Build.Tasks.dll”中的“AllowEmptyTelemetry”任务。
       任务“AllowEmptyTelemetry”
   2:6>任务“AllowEmptyTelemetry”
       已完成执行任务“AllowEmptyTelemetry”的操作。
   3:6>已完成执行任务“AllowEmptyTelemetry”的操作。
   3:6>已完成在项目“CRM.TestCommon.csproj”中生成目标“_CollectTargetFrameworkForTelemetry”的操作。
   2:6>已完成在项目“CRM.Core.csproj”中生成目标“_CollectTargetFrameworkForTelemetry”的操作。
   3:6>由于条件的计算结果为 false，已跳过目标“_CheckForUnsupportedTargetPlatformIdentifier”；('$(TargetPlatformIdentifier)' != '' and '$(TargetFrameworkIdentifier)' == '.NETCoreApp' and $([MSBuild]::VersionGreaterThanOrEquals($(TargetFrameworkVersion), 5.0)) And ('$(DesignTimeBuild)' != 'true' Or '@(MissingWorkloadPack)' == ''))的计算结果为('' != '' and '.NETCoreApp' == '.NETCoreApp' and True And ('' != 'true' Or '' == ''))。
   2:6>由于条件的计算结果为 false，已跳过目标“_CheckForUnsupportedTargetPlatformIdentifier”；('$(TargetPlatformIdentifier)' != '' and '$(TargetFrameworkIdentifier)' == '.NETCoreApp' and $([MSBuild]::VersionGreaterThanOrEquals($(TargetFrameworkVersion), 5.0)) And ('$(DesignTimeBuild)' != 'true' Or '@(MissingWorkloadPack)' == ''))的计算结果为('' != '' and '.NETCoreApp' == '.NETCoreApp' and True And ('' != 'true' Or '' == ''))。
   3:6>由于条件的计算结果为 false，已跳过目标“_CheckForMissingWorkload”；('@(MissingWorkloadPack)' != '' And '$(DesignTimeBuild)' != 'true')的计算结果为('' != '' And '' != 'true')。
   2:6>由于条件的计算结果为 false，已跳过目标“_CheckForMissingWorkload”；('@(MissingWorkloadPack)' != '' And '$(DesignTimeBuild)' != 'true')的计算结果为('' != '' And '' != 'true')。
   3:6>来自项目“d:\MyProject\FrontCRM(C#)\tests\CRM.TestCommon\CRM.TestCommon.csproj”的文件“C:\Program Files\dotnet\sdk\9.0.308\Sdks\Microsoft.NET.Sdk\targets\Microsoft.NET.TargetFrameworkInference.targets”中的目标“_CheckForUnsupportedNETCoreVersion”(目标“_CheckForInvalidConfigurationAndPlatform”依赖于它):
   3:6>由于 false 条件，已跳过任务“NETSdkError”；('$(_TargetFrameworkVersionWithoutV)' > '$(NETCoreAppMaximumVersion)' and '$(DisplayVSMessage)' != 'true')计算为('9.0' > '9.0' and '' != 'true')。
       由于 false 条件，已跳过任务“NETSdkError”；('$(DisplayVSMessage)' == 'true')计算为('' == 'true')。
   3:6>已完成在项目“CRM.TestCommon.csproj”中生成目标“_CheckForUnsupportedNETCoreVersion”的操作。
       由于条件的计算结果为 false，已跳过目标“_CheckForEolTargetFrameworks”；('@(_EolNetCoreTargetFrameworkVersions->AnyHaveMetadataValue('Identity', '$(_TargetFrameworkVersionWithoutV)'))' and '$(TargetFrameworkIdentifier)' == '.NETCoreApp' and '$(CheckEolTargetFramework)' == 'true')的计算结果为('false' and '.NETCoreApp' == '.NETCoreApp' and '' == 'true')。
       由于条件的计算结果为 false，已跳过目标“_CheckForEolWorkloads”；('@(EolWorkload)' != '' and '$(CheckEolWorkloads)' == 'true')的计算结果为('' != '' and 'true' == 'true')。
       由于条件的计算结果为 false，已跳过目标“_CheckForNotRecommendedNETStandardVersion”；('$(TargetFrameworkIdentifier)' == '.NETStandard' and $([MSBuild]::VersionLessThan($(TargetFrameworkVersion), '2.0')))的计算结果为('.NETCoreApp' == '.NETStandard' and False)。
   3:6>来自项目“d:\MyProject\FrontCRM(C#)\tests\CRM.TestCommon\CRM.TestCommon.csproj”的文件“C:\Program Files\dotnet\sdk\9.0.308\Sdks\Microsoft.NET.Sdk\targets\Microsoft.NET.TargetFrameworkInference.targets”中的目标“_CheckForUnsupportedCppNETCoreVersion”(目标“_CheckForInvalidConfigurationAndPlatform”依赖于它):
       由于 false 条件，已跳过任务“NETSdkError”；('$(TargetFrameworkIdentifier)' == '.NETCoreApp' and '$(_TargetFrameworkVersionWithoutV)' < '3.1' and ('$(Language)' == 'C++' and '$(_EnablePackageReferencesInVCProjects)' != 'true'))计算为('.NETCoreApp' == '.NETCoreApp' and '9.0' < '3.1' and ('C#' == 'C++' and '' != 'true'))。
   3:6>已完成在项目“CRM.TestCommon.csproj”中生成目标“_CheckForUnsupportedCppNETCoreVersion”的操作。
       由于条件的计算结果为 false，已跳过目标“_CheckForUnsupportedNETStandardVersion”；('$(TargetFrameworkIdentifier)' == '.NETStandard' And '$(NETStandardMaximumVersion)' != '')的计算结果为('.NETCoreApp' == '.NETStandard' And '' != '')。
       由于条件的计算结果为 false，已跳过目标“_CheckForUnsupportedTargetFrameworkAndFeatureCombination”；('$(TargetFrameworkIdentifier)' == '.NETFramework')的计算结果为('.NETCoreApp' == '.NETFramework')。
       由于条件的计算结果为 false，已跳过目标“_CheckForSupportedOSPlatformVersionHigherThanTargetPlatformVersion”；('$(TargetPlatformVersion)' != '' and '$(TargetFrameworkIdentifier)' == '.NETCoreApp' and $([MSBuild]::VersionGreaterThanOrEquals($(TargetFrameworkVersion), 5.0)))的计算结果为('' != '' and '.NETCoreApp' == '.NETCoreApp' and True)。
       由于条件的计算结果为 false，已跳过目标“_CheckForInvalidTargetPlatformVersion”；('$(TargetPlatformVersion)' != '' and '$(TargetFrameworkIdentifier)' == '.NETCoreApp' and $([MSBuild]::VersionGreaterThanOrEquals($(TargetFrameworkVersion), 5.0)) and ('$(Language)' != 'C++' or '$(_EnablePackageReferencesInVCProjects)' == 'true'))的计算结果为('' != '' and '.NETCoreApp' == '.NETCoreApp' and True and ('C#' != 'C++' or '' == 'true'))。
   3:6>来自项目“d:\MyProject\FrontCRM(C#)\tests\CRM.TestCommon\CRM.TestCommon.csproj”的文件“C:\Program Files\dotnet\sdk\9.0.308\Sdks\Microsoft.NET.Sdk\targets\Microsoft.NET.DefaultOutputPaths.targets”中的目标“_CheckForUnsupportedArtifactsPath”(目标“_CheckForInvalidConfigurationAndPlatform”依赖于它):
       由于 false 条件，已跳过任务“NetSdkError”；('$(UseArtifactsOutput)' == 'true' and '$(_ArtifactsPathSetEarly)' != 'true')计算为('' == 'true' and '' != 'true')。
   2:6>来自项目“d:\MyProject\FrontCRM(C#)\CRM.Core\CRM.Core.csproj”的文件“C:\Program Files\dotnet\sdk\9.0.308\Sdks\Microsoft.NET.Sdk\targets\Microsoft.NET.TargetFrameworkInference.targets”中的目标“_CheckForUnsupportedNETCoreVersion”(目标“_CheckForInvalidConfigurationAndPlatform”依赖于它):
   2:6>由于 false 条件，已跳过任务“NETSdkError”；('$(_TargetFrameworkVersionWithoutV)' > '$(NETCoreAppMaximumVersion)' and '$(DisplayVSMessage)' != 'true')计算为('9.0' > '9.0' and '' != 'true')。
   3:6>_CheckForUnsupportedArtifactsPath:
       由于 false 条件，已跳过任务“NetSdkError”；('$(_ArtifactsPathLocationType)' == 'ProjectFolder')计算为('' == 'ProjectFolder')。
   3:6>已完成在项目“CRM.TestCommon.csproj”中生成目标“_CheckForUnsupportedArtifactsPath”的操作。
       由于条件的计算结果为 false，已跳过目标“_CheckForMissingWorkload”；('@(MissingWorkloadPack)' != '' And '$(DesignTimeBuild)' != 'true')的计算结果为('' != '' And '' != 'true')。
       由于条件的计算结果为 false，已跳过目标“_CheckForUnsupportedAppHostUsage”；('$(TargetFrameworkIdentifier)' == '.NETCoreApp' and '$(HasRuntimeOutput)' == 'true')的计算结果为('.NETCoreApp' == '.NETCoreApp' and '' == 'true')。
   3:6>来自项目“d:\MyProject\FrontCRM(C#)\tests\CRM.TestCommon\CRM.TestCommon.csproj”的文件“C:\Program Files\dotnet\sdk\9.0.308\Sdks\Microsoft.NET.Sdk\targets\Microsoft.NET.RuntimeIdentifierInference.targets”中的目标“_CheckForUnsupportedHostingUsage”(目标“_CheckForInvalidConfigurationAndPlatform”依赖于它):
       由于 false 条件，已跳过任务“NETSdkWarning”；('$(SelfContained)' == 'true' and '$(EnableComHosting)' == 'true')计算为('' == 'true' and '' == 'true')。
   3:6>已完成在项目“CRM.TestCommon.csproj”中生成目标“_CheckForUnsupportedHostingUsage”的操作。
   3:6>来自项目“d:\MyProject\FrontCRM(C#)\tests\CRM.TestCommon\CRM.TestCommon.csproj”的文件“C:\Program Files\dotnet\sdk\9.0.308\Sdks\Microsoft.NET.Sdk\targets\Microsoft.NET.RuntimeIdentifierInference.targets”中的目标“_CheckAndUnsetUnsupportedPrefer32Bit”(目标“_CheckForInvalidConfigurationAndPlatform”依赖于它):
       由于 false 条件，已跳过任务“NETSdkWarning”；('$(Prefer32Bit)' == 'true')计算为('false' == 'true')。
   3:6>已完成在项目“CRM.TestCommon.csproj”中生成目标“_CheckAndUnsetUnsupportedPrefer32Bit”的操作。
   2:6>_CheckForUnsupportedNETCoreVersion:
       由于 false 条件，已跳过任务“NETSdkError”；('$(DisplayVSMessage)' == 'true')计算为('' == 'true')。
   3:6>由于条件的计算结果为 false，已跳过目标“_CheckAndUnsetUnsupportedPreferNativeArm64”；('$(TargetFrameworkIdentifier)' == '.NETCoreApp' and '$(PreferNativeArm64)' == 'true')的计算结果为('.NETCoreApp' == '.NETCoreApp' and 'false' == 'true')。
       由于条件的计算结果为 false，已跳过目标“_CheckForMismatchingPlatform”；('$(RuntimeIdentifier)' != '' and '$(PlatformTarget)' != '')的计算结果为('' != '' and '' != '')。
   3:6>来自项目“d:\MyProject\FrontCRM(C#)\tests\CRM.TestCommon\CRM.TestCommon.csproj”的文件“C:\Program Files\dotnet\sdk\9.0.308\Sdks\Microsoft.NET.Sdk\targets\Microsoft.NET.RuntimeIdentifierInference.targets”中的目标“_CheckForLanguageAndFeatureCombinationSupport”(目标“_CheckForInvalidConfigurationAndPlatform”依赖于它):
       由于 false 条件，已跳过任务“NETSdkError”；(('$(Language)' == 'C++' and '$(_EnablePackageReferencesInVCProjects)' != 'true') and $(OutputType) != 'library' and '$(TargetFrameworkIdentifier)' == '.NETCoreApp')计算为(('C#' == 'C++' and '' != 'true') and Library != 'library' and '.NETCoreApp' == '.NETCoreApp')。
       由于 false 条件，已跳过任务“NETSdkError”；(('$(Language)' == 'C++' and '$(_EnablePackageReferencesInVCProjects)' != 'true') and $(EnableComHosting) == 'true')计算为(('C#' == 'C++' and '' != 'true') and  == 'true')。
       由于 false 条件，已跳过任务“NETSdkError”；(('$(Language)' == 'C++' and '$(_EnablePackageReferencesInVCProjects)' != 'true') and $(SelfContained) == 'true')计算为(('C#' == 'C++' and '' != 'true') and  == 'true')。
   3:6>已完成在项目“CRM.TestCommon.csproj”中生成目标“_CheckForLanguageAndFeatureCombinationSupport”的操作。
       由于条件的计算结果为 false，已跳过目标“_CheckForNETCoreSdkIsPreview”；( '$(_NETCoreSdkIsPreview)' == 'true' AND '$(SuppressNETCoreSdkPreviewMessage)' != 'true' )的计算结果为( 'false' == 'true' AND '' != 'true' )。
   3:6>来自项目“d:\MyProject\FrontCRM(C#)\tests\CRM.TestCommon\CRM.TestCommon.csproj”的文件“C:\Program Files\dotnet\sdk\9.0.308\NuGet.targets”中的目标“_GetProjectJsonPath”(目标“_GetRestoreProjectStyle”依赖于它):
       由于 false 条件，已跳过任务“GetRestoreProjectJsonPathTask”；( '$(RestoreProjectStyle)' == 'ProjectJson' OR '$(RestoreProjectStyle)' == '' )计算为( 'PackageReference' == 'ProjectJson' OR 'PackageReference' == '' )。
   3:6>已完成在项目“CRM.TestCommon.csproj”中生成目标“_GetProjectJsonPath”的操作。
   2:6>已完成在项目“CRM.Core.csproj”中生成目标“_CheckForUnsupportedNETCoreVersion”的操作。
   3:6>由于条件的计算结果为 false，已跳过目标“_CheckForUnsupportedTargetPlatformIdentifier”；('$(TargetPlatformIdentifier)' != '' and '$(TargetFrameworkIdentifier)' == '.NETCoreApp' and $([MSBuild]::VersionGreaterThanOrEquals($(TargetFrameworkVersion), 5.0)) And ('$(DesignTimeBuild)' != 'true' Or '@(MissingWorkloadPack)' == ''))的计算结果为('' != '' and '.NETCoreApp' == '.NETCoreApp' and True And ('' != 'true' Or '' == ''))。
       由于条件的计算结果为 false，已跳过目标“_CheckForMissingWorkload”；('@(MissingWorkloadPack)' != '' And '$(DesignTimeBuild)' != 'true')的计算结果为('' != '' And '' != 'true')。
       由于条件的计算结果为 false，已跳过目标“_CheckForNotRecommendedNETStandardVersion”；('$(TargetFrameworkIdentifier)' == '.NETStandard' and $([MSBuild]::VersionLessThan($(TargetFrameworkVersion), '2.0')))的计算结果为('.NETCoreApp' == '.NETStandard' and False)。
       由于条件的计算结果为 false，已跳过目标“_CheckForUnsupportedNETStandardVersion”；('$(TargetFrameworkIdentifier)' == '.NETStandard' And '$(NETStandardMaximumVersion)' != '')的计算结果为('.NETCoreApp' == '.NETStandard' And '' != '')。
       由于条件的计算结果为 false，已跳过目标“_CheckForUnsupportedTargetFrameworkAndFeatureCombination”；('$(TargetFrameworkIdentifier)' == '.NETFramework')的计算结果为('.NETCoreApp' == '.NETFramework')。
       由于条件的计算结果为 false，已跳过目标“ApplyImplicitVersions”；('@(PackageReference)' != '')的计算结果为('' != '')。
       由于条件的计算结果为 false，已跳过目标“IncludeTargetingPackReference”；('$(TargetFrameworkMoniker)' != '' and '$(TargetFrameworkIdentifier)' == '.NETFramework' and '$(AutomaticallyUseReferenceAssemblyPackages)' == 'true')的计算结果为('.NETCoreApp,Version=v9.0' != '' and '.NETCoreApp' == '.NETFramework' and 'true' == 'true')。
   2:6>由于条件的计算结果为 false，已跳过目标“_CheckForEolTargetFrameworks”；('@(_EolNetCoreTargetFrameworkVersions->AnyHaveMetadataValue('Identity', '$(_TargetFrameworkVersionWithoutV)'))' and '$(TargetFrameworkIdentifier)' == '.NETCoreApp' and '$(CheckEolTargetFramework)' == 'true')的计算结果为('false' and '.NETCoreApp' == '.NETCoreApp' and '' == 'true')。
       由于条件的计算结果为 false，已跳过目标“_CheckForEolWorkloads”；('@(EolWorkload)' != '' and '$(CheckEolWorkloads)' == 'true')的计算结果为('' != '' and 'true' == 'true')。
   3:6>来自项目“d:\MyProject\FrontCRM(C#)\tests\CRM.TestCommon\CRM.TestCommon.csproj”的文件“C:\Program Files\dotnet\sdk\9.0.308\Sdks\Microsoft.NET.Sdk\targets\Microsoft.NET.Sdk.DefaultItems.Shared.targets”中的目标“CheckForImplicitPackageReferenceOverrides”(目标“CollectPackageReferences”依赖于它):
   3:6>正在使用程序集“C:\Program Files\dotnet\sdk\9.0.308\Sdks\Microsoft.NET.Sdk\targets\..\tools\net9.0\Microsoft.NET.Build.Tasks.dll”中的“CheckForImplicitPackageReferenceOverrides”任务。
       任务“CheckForImplicitPackageReferenceOverrides”
   2:6>由于条件的计算结果为 false，已跳过目标“_CheckForNotRecommendedNETStandardVersion”；('$(TargetFrameworkIdentifier)' == '.NETStandard' and $([MSBuild]::VersionLessThan($(TargetFrameworkVersion), '2.0')))的计算结果为('.NETCoreApp' == '.NETStandard' and False)。
   3:6>已完成执行任务“CheckForImplicitPackageReferenceOverrides”的操作。
   2:6>来自项目“d:\MyProject\FrontCRM(C#)\CRM.Core\CRM.Core.csproj”的文件“C:\Program Files\dotnet\sdk\9.0.308\Sdks\Microsoft.NET.Sdk\targets\Microsoft.NET.TargetFrameworkInference.targets”中的目标“_CheckForUnsupportedCppNETCoreVersion”(目标“_CheckForInvalidConfigurationAndPlatform”依赖于它):
   2:6>由于 false 条件，已跳过任务“NETSdkError”；('$(TargetFrameworkIdentifier)' == '.NETCoreApp' and '$(_TargetFrameworkVersionWithoutV)' < '3.1' and ('$(Language)' == 'C++' and '$(_EnablePackageReferencesInVCProjects)' != 'true'))计算为('.NETCoreApp' == '.NETCoreApp' and '9.0' < '3.1' and ('C#' == 'C++' and '' != 'true'))。
   3:6>已完成在项目“CRM.TestCommon.csproj”中生成目标“CheckForImplicitPackageReferenceOverrides”的操作。
       由于条件的计算结果为 false，已跳过目标“AddWindowsSdkKnownFrameworkReferences”；('$(TargetFrameworkIdentifier)' == '.NETCoreApp' And '$(TargetPlatformIdentifier)' == 'Windows'
                            And ('$(Language)' != 'C++' Or '$(IncludeWindowsSDKRefFrameworkReferences)' == 'true'))的计算结果为('.NETCoreApp' == '.NETCoreApp' And '' == 'Windows'
                            And ('C#' != 'C++' Or '' == 'true'))。
   2:6>已完成在项目“CRM.Core.csproj”中生成目标“_CheckForUnsupportedCppNETCoreVersion”的操作。
   3:6>由于条件的计算结果为 false，已跳过目标“_NormalizeTargetPlatformVersion”；('$(TargetPlatformVersion)' != '' and '$(TargetFrameworkIdentifier)' == '.NETCoreApp' and $([MSBuild]::VersionGreaterThanOrEquals($(TargetFrameworkVersion), 5.0)) and ('$(Language)' != 'C++' or '$(_EnablePackageReferencesInVCProjects)' == 'true'))的计算结果为('' != '' and '.NETCoreApp' == '.NETCoreApp' and True and ('C#' != 'C++' or '' == 'true'))。
       由于条件的计算结果为 false，已跳过目标“ApplyImplicitVersions”；('@(PackageReference)' != '')的计算结果为('' != '')。
   2:6>由于条件的计算结果为 false，已跳过目标“_CheckForUnsupportedNETStandardVersion”；('$(TargetFrameworkIdentifier)' == '.NETStandard' And '$(NETStandardMaximumVersion)' != '')的计算结果为('.NETCoreApp' == '.NETStandard' And '' != '')。
       由于条件的计算结果为 false，已跳过目标“_CheckForUnsupportedTargetFrameworkAndFeatureCombination”；('$(TargetFrameworkIdentifier)' == '.NETFramework')的计算结果为('.NETCoreApp' == '.NETFramework')。
       由于条件的计算结果为 false，已跳过目标“_CheckForSupportedOSPlatformVersionHigherThanTargetPlatformVersion”；('$(TargetPlatformVersion)' != '' and '$(TargetFrameworkIdentifier)' == '.NETCoreApp' and $([MSBuild]::VersionGreaterThanOrEquals($(TargetFrameworkVersion), 5.0)))的计算结果为('' != '' and '.NETCoreApp' == '.NETCoreApp' and True)。
       由于条件的计算结果为 false，已跳过目标“_CheckForInvalidTargetPlatformVersion”；('$(TargetPlatformVersion)' != '' and '$(TargetFrameworkIdentifier)' == '.NETCoreApp' and $([MSBuild]::VersionGreaterThanOrEquals($(TargetFrameworkVersion), 5.0)) and ('$(Language)' != 'C++' or '$(_EnablePackageReferencesInVCProjects)' == 'true'))的计算结果为('' != '' and '.NETCoreApp' == '.NETCoreApp' and True and ('C#' != 'C++' or '' == 'true'))。
   3:6>来自项目“d:\MyProject\FrontCRM(C#)\tests\CRM.TestCommon\CRM.TestCommon.csproj”的文件“C:\Program Files\dotnet\sdk\9.0.308\Sdks\Microsoft.NET.Sdk\targets\Microsoft.NET.Publish.targets”中的目标“_ComputeToolPackInputsToProcessFrameworkReferences”(目标“ProcessFrameworkReferences”依赖于它):
   3:6>已完成在项目“CRM.TestCommon.csproj”中生成目标“_ComputeToolPackInputsToProcessFrameworkReferences”的操作。
   3:6>来自项目“d:\MyProject\FrontCRM(C#)\tests\CRM.TestCommon\CRM.TestCommon.csproj”的文件“C:\Program Files\dotnet\sdk\9.0.308\Sdks\Microsoft.NET.Sdk\targets\Microsoft.NET.Sdk.FrameworkReferenceResolution.targets”中的目标“ProcessFrameworkReferences”(目标“CollectPackageReferences”依赖于它):
       正在使用程序集“C:\Program Files\dotnet\sdk\9.0.308\Sdks\Microsoft.NET.Sdk\targets\..\tools\net9.0\Microsoft.NET.Build.Tasks.dll”中的“CheckForDuplicateFrameworkReferences”任务。
       任务“CheckForDuplicateFrameworkReferences”
   2:6>来自项目“d:\MyProject\FrontCRM(C#)\CRM.Core\CRM.Core.csproj”的文件“C:\Program Files\dotnet\sdk\9.0.308\Sdks\Microsoft.NET.Sdk\targets\Microsoft.NET.DefaultOutputPaths.targets”中的目标“_CheckForUnsupportedArtifactsPath”(目标“_CheckForInvalidConfigurationAndPlatform”依赖于它):
   2:6>由于 false 条件，已跳过任务“NetSdkError”；('$(UseArtifactsOutput)' == 'true' and '$(_ArtifactsPathSetEarly)' != 'true')计算为('' == 'true' and '' != 'true')。
       由于 false 条件，已跳过任务“NetSdkError”；('$(_ArtifactsPathLocationType)' == 'ProjectFolder')计算为('' == 'ProjectFolder')。
   2:6>已完成在项目“CRM.Core.csproj”中生成目标“_CheckForUnsupportedArtifactsPath”的操作。
   3:6>已完成执行任务“CheckForDuplicateFrameworkReferences”的操作。
   2:6>由于条件的计算结果为 false，已跳过目标“_CheckForMissingWorkload”；('@(MissingWorkloadPack)' != '' And '$(DesignTimeBuild)' != 'true')的计算结果为('' != '' And '' != 'true')。
       由于条件的计算结果为 false，已跳过目标“_CheckForUnsupportedAppHostUsage”；('$(TargetFrameworkIdentifier)' == '.NETCoreApp' and '$(HasRuntimeOutput)' == 'true')的计算结果为('.NETCoreApp' == '.NETCoreApp' and '' == 'true')。
   3:6>ProcessFrameworkReferences:
       正在使用程序集“C:\Program Files\dotnet\sdk\9.0.308\Sdks\Microsoft.NET.Sdk\targets\..\tools\net9.0\Microsoft.NET.Build.Tasks.dll”中的“ProcessFrameworkReferences”任务。
       任务“ProcessFrameworkReferences”
   2:6>来自项目“d:\MyProject\FrontCRM(C#)\CRM.Core\CRM.Core.csproj”的文件“C:\Program Files\dotnet\sdk\9.0.308\Sdks\Microsoft.NET.Sdk\targets\Microsoft.NET.RuntimeIdentifierInference.targets”中的目标“_CheckForUnsupportedHostingUsage”(目标“_CheckForInvalidConfigurationAndPlatform”依赖于它):
   2:6>由于 false 条件，已跳过任务“NETSdkWarning”；('$(SelfContained)' == 'true' and '$(EnableComHosting)' == 'true')计算为('' == 'true' and '' == 'true')。
   2:6>已完成在项目“CRM.Core.csproj”中生成目标“_CheckForUnsupportedHostingUsage”的操作。
   2:6>来自项目“d:\MyProject\FrontCRM(C#)\CRM.Core\CRM.Core.csproj”的文件“C:\Program Files\dotnet\sdk\9.0.308\Sdks\Microsoft.NET.Sdk\targets\Microsoft.NET.RuntimeIdentifierInference.targets”中的目标“_CheckAndUnsetUnsupportedPrefer32Bit”(目标“_CheckForInvalidConfigurationAndPlatform”依赖于它):
       由于 false 条件，已跳过任务“NETSdkWarning”；('$(Prefer32Bit)' == 'true')计算为('false' == 'true')。
   2:6>已完成在项目“CRM.Core.csproj”中生成目标“_CheckAndUnsetUnsupportedPrefer32Bit”的操作。
       由于条件的计算结果为 false，已跳过目标“_CheckAndUnsetUnsupportedPreferNativeArm64”；('$(TargetFrameworkIdentifier)' == '.NETCoreApp' and '$(PreferNativeArm64)' == 'true')的计算结果为('.NETCoreApp' == '.NETCoreApp' and 'false' == 'true')。
       由于条件的计算结果为 false，已跳过目标“_CheckForMismatchingPlatform”；('$(RuntimeIdentifier)' != '' and '$(PlatformTarget)' != '')的计算结果为('' != '' and '' != '')。
   2:6>来自项目“d:\MyProject\FrontCRM(C#)\CRM.Core\CRM.Core.csproj”的文件“C:\Program Files\dotnet\sdk\9.0.308\Sdks\Microsoft.NET.Sdk\targets\Microsoft.NET.RuntimeIdentifierInference.targets”中的目标“_CheckForLanguageAndFeatureCombinationSupport”(目标“_CheckForInvalidConfigurationAndPlatform”依赖于它):
       由于 false 条件，已跳过任务“NETSdkError”；(('$(Language)' == 'C++' and '$(_EnablePackageReferencesInVCProjects)' != 'true') and $(OutputType) != 'library' and '$(TargetFrameworkIdentifier)' == '.NETCoreApp')计算为(('C#' == 'C++' and '' != 'true') and Library != 'library' and '.NETCoreApp' == '.NETCoreApp')。
       由于 false 条件，已跳过任务“NETSdkError”；(('$(Language)' == 'C++' and '$(_EnablePackageReferencesInVCProjects)' != 'true') and $(EnableComHosting) == 'true')计算为(('C#' == 'C++' and '' != 'true') and  == 'true')。
       由于 false 条件，已跳过任务“NETSdkError”；(('$(Language)' == 'C++' and '$(_EnablePackageReferencesInVCProjects)' != 'true') and $(SelfContained) == 'true')计算为(('C#' == 'C++' and '' != 'true') and  == 'true')。
   2:6>已完成在项目“CRM.Core.csproj”中生成目标“_CheckForLanguageAndFeatureCombinationSupport”的操作。
       由于条件的计算结果为 false，已跳过目标“_CheckForNETCoreSdkIsPreview”；( '$(_NETCoreSdkIsPreview)' == 'true' AND '$(SuppressNETCoreSdkPreviewMessage)' != 'true' )的计算结果为( 'false' == 'true' AND '' != 'true' )。
   2:6>来自项目“d:\MyProject\FrontCRM(C#)\CRM.Core\CRM.Core.csproj”的文件“C:\Program Files\dotnet\sdk\9.0.308\NuGet.targets”中的目标“_GetProjectJsonPath”(目标“_GetRestoreProjectStyle”依赖于它):
       由于 false 条件，已跳过任务“GetRestoreProjectJsonPathTask”；( '$(RestoreProjectStyle)' == 'ProjectJson' OR '$(RestoreProjectStyle)' == '' )计算为( 'PackageReference' == 'ProjectJson' OR 'PackageReference' == '' )。
   2:6>已完成在项目“CRM.Core.csproj”中生成目标“_GetProjectJsonPath”的操作。
       由于条件的计算结果为 false，已跳过目标“_CheckForUnsupportedTargetPlatformIdentifier”；('$(TargetPlatformIdentifier)' != '' and '$(TargetFrameworkIdentifier)' == '.NETCoreApp' and $([MSBuild]::VersionGreaterThanOrEquals($(TargetFrameworkVersion), 5.0)) And ('$(DesignTimeBuild)' != 'true' Or '@(MissingWorkloadPack)' == ''))的计算结果为('' != '' and '.NETCoreApp' == '.NETCoreApp' and True And ('' != 'true' Or '' == ''))。
       由于条件的计算结果为 false，已跳过目标“_CheckForMissingWorkload”；('@(MissingWorkloadPack)' != '' And '$(DesignTimeBuild)' != 'true')的计算结果为('' != '' And '' != 'true')。
       由于条件的计算结果为 false，已跳过目标“_CheckForNotRecommendedNETStandardVersion”；('$(TargetFrameworkIdentifier)' == '.NETStandard' and $([MSBuild]::VersionLessThan($(TargetFrameworkVersion), '2.0')))的计算结果为('.NETCoreApp' == '.NETStandard' and False)。
       由于条件的计算结果为 false，已跳过目标“_CheckForUnsupportedNETStandardVersion”；('$(TargetFrameworkIdentifier)' == '.NETStandard' And '$(NETStandardMaximumVersion)' != '')的计算结果为('.NETCoreApp' == '.NETStandard' And '' != '')。
       由于条件的计算结果为 false，已跳过目标“_CheckForUnsupportedTargetFrameworkAndFeatureCombination”；('$(TargetFrameworkIdentifier)' == '.NETFramework')的计算结果为('.NETCoreApp' == '.NETFramework')。
       由于条件的计算结果为 false，已跳过目标“ApplyImplicitVersions”；('@(PackageReference)' != '')的计算结果为('' != '')。
       由于条件的计算结果为 false，已跳过目标“IncludeTargetingPackReference”；('$(TargetFrameworkMoniker)' != '' and '$(TargetFrameworkIdentifier)' == '.NETFramework' and '$(AutomaticallyUseReferenceAssemblyPackages)' == 'true')的计算结果为('.NETCoreApp,Version=v9.0' != '' and '.NETCoreApp' == '.NETFramework' and 'true' == 'true')。
   2:6>来自项目“d:\MyProject\FrontCRM(C#)\CRM.Core\CRM.Core.csproj”的文件“C:\Program Files\dotnet\sdk\9.0.308\Sdks\Microsoft.NET.Sdk\targets\Microsoft.NET.Sdk.DefaultItems.Shared.targets”中的目标“CheckForImplicitPackageReferenceOverrides”(目标“CollectPackageReferences”依赖于它):
       正在使用程序集“C:\Program Files\dotnet\sdk\9.0.308\Sdks\Microsoft.NET.Sdk\targets\..\tools\net9.0\Microsoft.NET.Build.Tasks.dll”中的“CheckForImplicitPackageReferenceOverrides”任务。
       任务“CheckForImplicitPackageReferenceOverrides”
       已完成执行任务“CheckForImplicitPackageReferenceOverrides”的操作。
   2:6>已完成在项目“CRM.Core.csproj”中生成目标“CheckForImplicitPackageReferenceOverrides”的操作。
       由于条件的计算结果为 false，已跳过目标“AddWindowsSdkKnownFrameworkReferences”；('$(TargetFrameworkIdentifier)' == '.NETCoreApp' And '$(TargetPlatformIdentifier)' == 'Windows'
                            And ('$(Language)' != 'C++' Or '$(IncludeWindowsSDKRefFrameworkReferences)' == 'true'))的计算结果为('.NETCoreApp' == '.NETCoreApp' And '' == 'Windows'
                            And ('C#' != 'C++' Or '' == 'true'))。
       由于条件的计算结果为 false，已跳过目标“_NormalizeTargetPlatformVersion”；('$(TargetPlatformVersion)' != '' and '$(TargetFrameworkIdentifier)' == '.NETCoreApp' and $([MSBuild]::VersionGreaterThanOrEquals($(TargetFrameworkVersion), 5.0)) and ('$(Language)' != 'C++' or '$(_EnablePackageReferencesInVCProjects)' == 'true'))的计算结果为('' != '' and '.NETCoreApp' == '.NETCoreApp' and True and ('C#' != 'C++' or '' == 'true'))。
       由于条件的计算结果为 false，已跳过目标“ApplyImplicitVersions”；('@(PackageReference)' != '')的计算结果为('' != '')。
   2:6>来自项目“d:\MyProject\FrontCRM(C#)\CRM.Core\CRM.Core.csproj”的文件“C:\Program Files\dotnet\sdk\9.0.308\Sdks\Microsoft.NET.Sdk\targets\Microsoft.NET.Publish.targets”中的目标“_ComputeToolPackInputsToProcessFrameworkReferences”(目标“ProcessFrameworkReferences”依赖于它):
   2:6>已完成在项目“CRM.Core.csproj”中生成目标“_ComputeToolPackInputsToProcessFrameworkReferences”的操作。
   3:6>已完成执行任务“ProcessFrameworkReferences”的操作。
   2:6>来自项目“d:\MyProject\FrontCRM(C#)\CRM.Core\CRM.Core.csproj”的文件“C:\Program Files\dotnet\sdk\9.0.308\Sdks\Microsoft.NET.Sdk\targets\Microsoft.NET.Sdk.FrameworkReferenceResolution.targets”中的目标“ProcessFrameworkReferences”(目标“CollectPackageReferences”依赖于它):
   2:6>正在使用程序集“C:\Program Files\dotnet\sdk\9.0.308\Sdks\Microsoft.NET.Sdk\targets\..\tools\net9.0\Microsoft.NET.Build.Tasks.dll”中的“CheckForDuplicateFrameworkReferences”任务。
       任务“CheckForDuplicateFrameworkReferences”
   3:6>ProcessFrameworkReferences:
       正在使用程序集“C:\Program Files\dotnet\sdk\9.0.308\Sdks\Microsoft.NET.Sdk\targets\..\tools\net9.0\Microsoft.NET.Build.Tasks.dll”中的“ResolveAppHosts”任务。
       任务“ResolveAppHosts”
   2:6>已完成执行任务“CheckForDuplicateFrameworkReferences”的操作。
       正在使用程序集“C:\Program Files\dotnet\sdk\9.0.308\Sdks\Microsoft.NET.Sdk\targets\..\tools\net9.0\Microsoft.NET.Build.Tasks.dll”中的“ProcessFrameworkReferences”任务。
       任务“ProcessFrameworkReferences”
       已完成执行任务“ProcessFrameworkReferences”的操作。
       正在使用程序集“C:\Program Files\dotnet\sdk\9.0.308\Sdks\Microsoft.NET.Sdk\targets\..\tools\net9.0\Microsoft.NET.Build.Tasks.dll”中的“ResolveAppHosts”任务。
       任务“ResolveAppHosts”
   3:6>已完成执行任务“ResolveAppHosts”的操作。
   3:6>已完成在项目“CRM.TestCommon.csproj”中生成目标“ProcessFrameworkReferences”的操作。
       由于条件的计算结果为 false，已跳过目标“IncludeTargetingPackReference”；('$(TargetFrameworkMoniker)' != '' and '$(TargetFrameworkIdentifier)' == '.NETFramework' and '$(AutomaticallyUseReferenceAssemblyPackages)' == 'true')的计算结果为('.NETCoreApp,Version=v9.0' != '' and '.NETCoreApp' == '.NETFramework' and 'true' == 'true')。
       由于条件的计算结果为 false，已跳过目标“_CheckMicrosoftNetCompilersToolsetFrameworkPackageReference”；('$(MSBuildRuntimeType)' == 'Full')的计算结果为('Core' == 'Full')。
   3:6>来自项目“d:\MyProject\FrontCRM(C#)\tests\CRM.TestCommon\CRM.TestCommon.csproj”的文件“C:\Program Files\dotnet\sdk\9.0.308\Sdks\Microsoft.NET.Sdk\targets\Microsoft.NET.ObsoleteReferences.targets”中的目标“_CheckForObsoleteDotNetCliToolReferences”(目标“CollectPackageReferences”依赖于它):
       由于 false 条件，已跳过任务“NETSdkWarning”；( '%(_ReferenceToObsoleteDotNetCliTool.Identity)' != '' )计算为( '' != '' )。
   3:6>已完成在项目“CRM.TestCommon.csproj”中生成目标“_CheckForObsoleteDotNetCliToolReferences”的操作。
   2:6>已完成执行任务“ResolveAppHosts”的操作。
   3:6>来自项目“d:\MyProject\FrontCRM(C#)\tests\CRM.TestCommon\CRM.TestCommon.csproj”的文件“C:\Program Files\dotnet\sdk\9.0.308\NuGet.targets”中的目标“CollectPackageReferences”(目标“_GetRestoreProjectStyle”依赖于它):
   3:6>正在使用程序集“C:\Program Files\dotnet\sdk\9.0.308\NuGet.Build.Tasks.dll”中的“CheckForDuplicateNuGetItemsTask”任务。
       任务“CheckForDuplicateNuGetItemsTask”
   2:6>已完成在项目“CRM.Core.csproj”中生成目标“ProcessFrameworkReferences”的操作。
   3:6>已完成执行任务“CheckForDuplicateNuGetItemsTask”的操作。
   3:6>已完成在项目“CRM.TestCommon.csproj”中生成目标“CollectPackageReferences”的操作。
   2:6>由于条件的计算结果为 false，已跳过目标“IncludeTargetingPackReference”；('$(TargetFrameworkMoniker)' != '' and '$(TargetFrameworkIdentifier)' == '.NETFramework' and '$(AutomaticallyUseReferenceAssemblyPackages)' == 'true')的计算结果为('.NETCoreApp,Version=v9.0' != '' and '.NETCoreApp' == '.NETFramework' and 'true' == 'true')。
       由于条件的计算结果为 false，已跳过目标“_CheckMicrosoftNetCompilersToolsetFrameworkPackageReference”；('$(MSBuildRuntimeType)' == 'Full')的计算结果为('Core' == 'Full')。
   3:6>来自项目“d:\MyProject\FrontCRM(C#)\tests\CRM.TestCommon\CRM.TestCommon.csproj”的文件“C:\Program Files\dotnet\sdk\9.0.308\NuGet.targets”中的目标“_GetRestoreProjectStyle”(目标“EnableIntermediateOutputPathMismatchWarning”依赖于它):
   3:6>正在使用程序集“C:\Program Files\dotnet\sdk\9.0.308\NuGet.Build.Tasks.dll”中的“GetRestoreProjectStyleTask”任务。
       任务“GetRestoreProjectStyleTask”
   2:6>来自项目“d:\MyProject\FrontCRM(C#)\CRM.Core\CRM.Core.csproj”的文件“C:\Program Files\dotnet\sdk\9.0.308\Sdks\Microsoft.NET.Sdk\targets\Microsoft.NET.ObsoleteReferences.targets”中的目标“_CheckForObsoleteDotNetCliToolReferences”(目标“CollectPackageReferences”依赖于它):
   2:6>由于 false 条件，已跳过任务“NETSdkWarning”；( '%(_ReferenceToObsoleteDotNetCliTool.Identity)' != '' )计算为( '' != '' )。
   2:6>已完成在项目“CRM.Core.csproj”中生成目标“_CheckForObsoleteDotNetCliToolReferences”的操作。
   3:6>已完成执行任务“GetRestoreProjectStyleTask”的操作。
   3:6>已完成在项目“CRM.TestCommon.csproj”中生成目标“_GetRestoreProjectStyle”的操作。
   3:6>来自项目“d:\MyProject\FrontCRM(C#)\tests\CRM.TestCommon\CRM.TestCommon.csproj”的文件“C:\Program Files\dotnet\sdk\9.0.308\NuGet.targets”中的目标“EnableIntermediateOutputPathMismatchWarning”(目标“_CheckForInvalidConfigurationAndPlatform”依赖于它):
   3:6>已完成在项目“CRM.TestCommon.csproj”中生成目标“EnableIntermediateOutputPathMismatchWarning”的操作。
   2:6>来自项目“d:\MyProject\FrontCRM(C#)\CRM.Core\CRM.Core.csproj”的文件“C:\Program Files\dotnet\sdk\9.0.308\NuGet.targets”中的目标“CollectPackageReferences”(目标“_GetRestoreProjectStyle”依赖于它):
   2:6>正在使用程序集“C:\Program Files\dotnet\sdk\9.0.308\NuGet.Build.Tasks.dll”中的“CheckForDuplicateNuGetItemsTask”任务。
   3:6>由于条件的计算结果为 false，已跳过目标“ApplyImplicitVersions”；('@(PackageReference)' != '')的计算结果为('' != '')。
       已跳过目标“CheckForImplicitPackageReferenceOverrides”。以前的生成已成功。
   2:6>任务“CheckForDuplicateNuGetItemsTask”
       已完成执行任务“CheckForDuplicateNuGetItemsTask”的操作。
   3:6>来自项目“d:\MyProject\FrontCRM(C#)\tests\CRM.TestCommon\CRM.TestCommon.csproj”的文件“C:\Program Files\dotnet\sdk\9.0.308\Sdks\Microsoft.NET.Sdk\targets\Microsoft.NET.Sdk.DefaultItems.Shared.targets”中的目标“CheckForDuplicateItems”(目标“_CheckForInvalidConfigurationAndPlatform”依赖于它):
   3:6>正在使用程序集“C:\Program Files\dotnet\sdk\9.0.308\Sdks\Microsoft.NET.Sdk\targets\..\tools\net9.0\Microsoft.NET.Build.Tasks.dll”中的“CheckForDuplicateItems”任务。
       任务“CheckForDuplicateItems”
   2:6>已完成在项目“CRM.Core.csproj”中生成目标“CollectPackageReferences”的操作。
   2:6>来自项目“d:\MyProject\FrontCRM(C#)\CRM.Core\CRM.Core.csproj”的文件“C:\Program Files\dotnet\sdk\9.0.308\NuGet.targets”中的目标“_GetRestoreProjectStyle”(目标“EnableIntermediateOutputPathMismatchWarning”依赖于它):
       正在使用程序集“C:\Program Files\dotnet\sdk\9.0.308\NuGet.Build.Tasks.dll”中的“GetRestoreProjectStyleTask”任务。
       任务“GetRestoreProjectStyleTask”
   3:6>已完成执行任务“CheckForDuplicateItems”的操作。
       任务“CheckForDuplicateItems”
   2:6>已完成执行任务“GetRestoreProjectStyleTask”的操作。
   2:6>已完成在项目“CRM.Core.csproj”中生成目标“_GetRestoreProjectStyle”的操作。
   2:6>来自项目“d:\MyProject\FrontCRM(C#)\CRM.Core\CRM.Core.csproj”的文件“C:\Program Files\dotnet\sdk\9.0.308\NuGet.targets”中的目标“EnableIntermediateOutputPathMismatchWarning”(目标“_CheckForInvalidConfigurationAndPlatform”依赖于它):
   2:6>已完成在项目“CRM.Core.csproj”中生成目标“EnableIntermediateOutputPathMismatchWarning”的操作。
       由于条件的计算结果为 false，已跳过目标“ApplyImplicitVersions”；('@(PackageReference)' != '')的计算结果为('' != '')。
       已跳过目标“CheckForImplicitPackageReferenceOverrides”。以前的生成已成功。
   3:6>已完成执行任务“CheckForDuplicateItems”的操作。
       任务“CheckForDuplicateItems”
   2:6>来自项目“d:\MyProject\FrontCRM(C#)\CRM.Core\CRM.Core.csproj”的文件“C:\Program Files\dotnet\sdk\9.0.308\Sdks\Microsoft.NET.Sdk\targets\Microsoft.NET.Sdk.DefaultItems.Shared.targets”中的目标“CheckForDuplicateItems”(目标“_CheckForInvalidConfigurationAndPlatform”依赖于它):
   2:6>正在使用程序集“C:\Program Files\dotnet\sdk\9.0.308\Sdks\Microsoft.NET.Sdk\targets\..\tools\net9.0\Microsoft.NET.Build.Tasks.dll”中的“CheckForDuplicateItems”任务。
       任务“CheckForDuplicateItems”
       已完成执行任务“CheckForDuplicateItems”的操作。
   3:6>已完成执行任务“CheckForDuplicateItems”的操作。
   3:6>已完成在项目“CRM.TestCommon.csproj”中生成目标“CheckForDuplicateItems”的操作。
   2:6>任务“CheckForDuplicateItems”
   3:6>由于条件的计算结果为 false，已跳过目标“WarnForExplicitVersions”；('@(SdkBuildWarning)' != '')的计算结果为('' != '')。
       由于条件的计算结果为 false，已跳过目标“_CheckForFailedSDKResolution”；('$(SdkResolverHonoredGlobalJson)' == 'false')的计算结果为('' == 'false')。
       由于条件的计算结果为 false，已跳过目标“_WarnWhenUsingNET9AndVSPriorTo1712”；($([MSBuild]::VersionLessThan($(MSBuildVersion), '17.12.0')) and '$(TargetFrameworkIdentifier)' == '.NETCoreApp' and $([MSBuild]::VersionGreaterThanOrEquals($(_TargetFrameworkVersionWithoutV), '9.0')))的计算结果为(False and '.NETCoreApp' == '.NETCoreApp' and True)。
   2:6>已完成执行任务“CheckForDuplicateItems”的操作。
   3:6>由于条件的计算结果为 false，已跳过目标“_CheckForInvalidWindowsDesktopTargetingConfiguration”；('$(TargetFrameworkIdentifier)' == '.NETCoreApp' and $([MSBuild]::VersionGreaterThanOrEquals($(_TargetFrameworkVersionWithoutV), '5.0')) and ('$(UseWindowsForms)' == 'true' or '$(UseWPF)' == 'true'))的计算结果为('.NETCoreApp' == '.NETCoreApp' and True and ('' == 'true' or '' == 'true'))。
       由于条件的计算结果为 false，已跳过目标“_CheckForUnnecessaryWindowsDesktopSDK”；('$(TargetFrameworkIdentifier)' == '.NETCoreApp' and $([MSBuild]::VersionGreaterThanOrEquals($(_TargetFrameworkVersionWithoutV), '5.0')) and '$(_MicrosoftWindowsDesktopSdkImported)' == 'true' and '$(TargetFrameworks)' == '')的计算结果为('.NETCoreApp' == '.NETCoreApp' and True and '' == 'true' and '' == '')。
       已跳过目标“ProcessFrameworkReferences”。以前的生成已成功。
       由于条件的计算结果为 false，已跳过目标“IncludeTargetingPackReference”；('$(TargetFrameworkMoniker)' != '' and '$(TargetFrameworkIdentifier)' == '.NETFramework' and '$(AutomaticallyUseReferenceAssemblyPackages)' == 'true')的计算结果为('.NETCoreApp,Version=v9.0' != '' and '.NETCoreApp' == '.NETFramework' and 'true' == 'true')。
   2:6>任务“CheckForDuplicateItems”
   3:6>来自项目“d:\MyProject\FrontCRM(C#)\tests\CRM.TestCommon\CRM.TestCommon.csproj”的文件“C:\Program Files\dotnet\sdk\9.0.308\Microsoft.Common.CurrentVersion.targets”中的目标“_CheckForInvalidConfigurationAndPlatform”(目标“BeforeBuild”依赖于它):
   3:6>由于 false 条件，已跳过任务“MSBuildInternalMessage”；('$(_InvalidConfigurationMessageSeverity)' != '')计算为('' != '')。
       任务“Message”
   2:6>已完成执行任务“CheckForDuplicateItems”的操作。
   3:6>_CheckForInvalidConfigurationAndPlatform:
         Configuration=Debug
       已完成执行任务“Message”的操作。
       任务“Message”
   2:6>已完成在项目“CRM.Core.csproj”中生成目标“CheckForDuplicateItems”的操作。
   3:6>_CheckForInvalidConfigurationAndPlatform:
         Platform=AnyCPU
       已完成执行任务“Message”的操作。
       由于 false 条件，已跳过任务“MSBuildInternalMessage”；('$(OutDir)' != '' and !HasTrailingSlash('$(OutDir)'))计算为('bin\Debug\net9.0\' != '' and !HasTrailingSlash('bin\Debug\net9.0\'))。
       由于 false 条件，已跳过任务“MSBuildInternalMessage”；('$(IntermediateOutputPath)' != '' and !HasTrailingSlash('$(IntermediateOutputPath)'))计算为('obj\Debug\net9.0\' != '' and !HasTrailingSlash('obj\Debug\net9.0\'))。
       由于 false 条件，已跳过任务“MSBuildInternalMessage”；('$(BaseIntermediateOutputPath)' != '' and !HasTrailingSlash('$(BaseIntermediateOutputPath)'))计算为('obj\' != '' and !HasTrailingSlash('obj\'))。
   2:6>由于条件的计算结果为 false，已跳过目标“WarnForExplicitVersions”；('@(SdkBuildWarning)' != '')的计算结果为('' != '')。
   3:6>_CheckForInvalidConfigurationAndPlatform:
       由于 false 条件，已跳过任务“MSBuildInternalMessage”；( '$(Prefer32Bit)' == 'true' and '$(PreferNativeArm64)' == 'true' )计算为( 'false' == 'true' and 'false' == 'true' )。
       由于 false 条件，已跳过任务“MSBuildInternalMessage”；( '$(NoWin32Manifest)' == 'true' and '$(PreferNativeArm64)' == 'true' )计算为( '' == 'true' and 'false' == 'true' )。
       由于 false 条件，已跳过任务“MSBuildInternalMessage”；( '$(PreferNativeArm64)' == 'true' and '$(Platform)' != 'AnyCPU' )计算为( 'false' == 'true' and 'AnyCPU' != 'AnyCPU' )。
       由于 false 条件，已跳过任务“MSBuildInternalMessage”；( '$(_InitialMSBuildProjectExtensionsPath)' != '' And '$(MSBuildProjectExtensionsPath)' != '$(_InitialMSBuildProjectExtensionsPath)' )计算为( 'd:\MyProject\FrontCRM(C#)\tests\CRM.TestCommon\obj\' != '' And 'd:\MyProject\FrontCRM(C#)\tests\CRM.TestCommon\obj\' != 'd:\MyProject\FrontCRM(C#)\tests\CRM.TestCommon\obj\' )。
       由于 false 条件，已跳过任务“MSBuildInternalMessage”；( '$(EnableBaseIntermediateOutputPathMismatchWarning)' == 'true' And '$(_InitialBaseIntermediateOutputPath)' != '$(BaseIntermediateOutputPath)' And '$(BaseIntermediateOutputPath)' != '$(MSBuildProjectExtensionsPath)' )计算为( 'true' == 'true' And 'obj\' != 'obj\' And 'obj\' != 'd:\MyProject\FrontCRM(C#)\tests\CRM.TestCommon\obj\' )。
   2:6>由于条件的计算结果为 false，已跳过目标“_CheckForFailedSDKResolution”；('$(SdkResolverHonoredGlobalJson)' == 'false')的计算结果为('' == 'false')。
   3:6>已完成在项目“CRM.TestCommon.csproj”中生成目标“_CheckForInvalidConfigurationAndPlatform”的操作。
   3:6>来自项目“d:\MyProject\FrontCRM(C#)\tests\CRM.TestCommon\CRM.TestCommon.csproj”的文件“C:\Program Files\dotnet\sdk\9.0.308\Sdks\Microsoft.NET.Sdk\targets\Microsoft.NET.Sdk.targets”中的目标“ValidateCommandLineProperties”(目标“BeforeBuild”依赖于它):
   3:6>已完成在项目“CRM.TestCommon.csproj”中生成目标“ValidateCommandLineProperties”的操作。
   3:6>来自项目“d:\MyProject\FrontCRM(C#)\tests\CRM.TestCommon\CRM.TestCommon.csproj”的文件“C:\Program Files\dotnet\sdk\9.0.308\Microsoft.Common.CurrentVersion.targets”中的目标“BeforeBuild”(目标“Build”依赖于它):
   3:6>已完成在项目“CRM.TestCommon.csproj”中生成目标“BeforeBuild”的操作。
   2:6>由于条件的计算结果为 false，已跳过目标“_WarnWhenUsingNET9AndVSPriorTo1712”；($([MSBuild]::VersionLessThan($(MSBuildVersion), '17.12.0')) and '$(TargetFrameworkIdentifier)' == '.NETCoreApp' and $([MSBuild]::VersionGreaterThanOrEquals($(_TargetFrameworkVersionWithoutV), '9.0')))的计算结果为(False and '.NETCoreApp' == '.NETCoreApp' and True)。
   3:6>由于条件的计算结果为 false，已跳过目标“_CheckForBuildWithNoBuild”；('$(NoBuild)' == 'true' and '$(GeneratePackageOnBuild)' != 'true')的计算结果为('' == 'true' and 'false' != 'true')。
   3:6>来自项目“d:\MyProject\FrontCRM(C#)\tests\CRM.TestCommon\CRM.TestCommon.csproj”的文件“C:\Program Files\dotnet\sdk\9.0.308\Microsoft.Common.CurrentVersion.targets”中的目标“BuildOnlySettings”(目标“CoreBuild”依赖于它):
       C:\Program Files\dotnet\sdk\9.0.308\Microsoft.Common.CurrentVersion.targets(1168,7): message : 在 C:\Program Files\dotnet\sdk\9.0.308\Microsoft.Common.CurrentVersion.targets (1168,7) 处重新分配属性: $(BuildingProject)=“true”(先前值:“false”) [d:\MyProject\FrontCRM(C#)\tests\CRM.TestCommon\CRM.TestCommon.csproj]
   3:6>已完成在项目“CRM.TestCommon.csproj”中生成目标“BuildOnlySettings”的操作。
       由于条件的计算结果为 false，已跳过目标“_CheckForUnsupportedTargetFramework”；('$(_UnsupportedTargetFrameworkError)' == 'true')的计算结果为('' == 'true')。
   2:6>由于条件的计算结果为 false，已跳过目标“_CheckForInvalidWindowsDesktopTargetingConfiguration”；('$(TargetFrameworkIdentifier)' == '.NETCoreApp' and $([MSBuild]::VersionGreaterThanOrEquals($(_TargetFrameworkVersionWithoutV), '5.0')) and ('$(UseWindowsForms)' == 'true' or '$(UseWPF)' == 'true'))的计算结果为('.NETCoreApp' == '.NETCoreApp' and True and ('' == 'true' or '' == 'true'))。
   3:6>由于条件的计算结果为 false，已跳过目标“_CheckForUnsupportedTargetPlatformIdentifier”；('$(TargetPlatformIdentifier)' != '' and '$(TargetFrameworkIdentifier)' == '.NETCoreApp' and $([MSBuild]::VersionGreaterThanOrEquals($(TargetFrameworkVersion), 5.0)) And ('$(DesignTimeBuild)' != 'true' Or '@(MissingWorkloadPack)' == ''))的计算结果为('' != '' and '.NETCoreApp' == '.NETCoreApp' and True And ('' != 'true' Or '' == ''))。
       由于条件的计算结果为 false，已跳过目标“_CheckForMissingWorkload”；('@(MissingWorkloadPack)' != '' And '$(DesignTimeBuild)' != 'true')的计算结果为('' != '' And '' != 'true')。
   3:6>来自项目“d:\MyProject\FrontCRM(C#)\tests\CRM.TestCommon\CRM.TestCommon.csproj”的文件“C:\Program Files\dotnet\sdk\9.0.308\Sdks\Microsoft.NET.Sdk\targets\Microsoft.NET.DisableStandardFrameworkResolution.targets”中的目标“GetFrameworkPaths”(目标“PrepareForBuild”依赖于它):
   3:6>已完成在项目“CRM.TestCommon.csproj”中生成目标“GetFrameworkPaths”的操作。
       由于条件的计算结果为 false，已跳过目标“_CheckForUnsupportedTargetFramework”；('$(_UnsupportedTargetFrameworkError)' == 'true')的计算结果为('' == 'true')。
       由于条件的计算结果为 false，已跳过目标“_CheckForUnsupportedTargetPlatformIdentifier”；('$(TargetPlatformIdentifier)' != '' and '$(TargetFrameworkIdentifier)' == '.NETCoreApp' and $([MSBuild]::VersionGreaterThanOrEquals($(TargetFrameworkVersion), 5.0)) And ('$(DesignTimeBuild)' != 'true' Or '@(MissingWorkloadPack)' == ''))的计算结果为('' != '' and '.NETCoreApp' == '.NETCoreApp' and True And ('' != 'true' Or '' == ''))。
       由于条件的计算结果为 false，已跳过目标“_CheckForMissingWorkload”；('@(MissingWorkloadPack)' != '' And '$(DesignTimeBuild)' != 'true')的计算结果为('' != '' And '' != 'true')。
   3:6>来自项目“d:\MyProject\FrontCRM(C#)\tests\CRM.TestCommon\CRM.TestCommon.csproj”的文件“C:\Program Files\dotnet\sdk\9.0.308\Sdks\Microsoft.NET.Sdk\targets\Microsoft.NET.DisableStandardFrameworkResolution.targets”中的目标“GetReferenceAssemblyPaths”(目标“PrepareForBuild”依赖于它):
   3:6>已完成在项目“CRM.TestCommon.csproj”中生成目标“GetReferenceAssemblyPaths”的操作。
       由于条件的计算结果为 false，已跳过目标“AssignLinkMetadata”；( '$(SynthesizeLinkMetadata)' == 'true' )的计算结果为( '' == 'true' )。
       由于条件的计算结果为 false，已跳过目标“_VerifyPackReleaseConfigurations”；('$(_IsPacking)' == 'true' and '$(DOTNET_CLI_DISABLE_PUBLISH_AND_PACK_RELEASE)' != 'true' and '$(DOTNET_CLI_LAZY_PUBLISH_AND_PACK_RELEASE_FOR_SOLUTIONS)' == 'true')的计算结果为('' == 'true' and '' != 'true' and '' == 'true')。
   2:6>由于条件的计算结果为 false，已跳过目标“_CheckForUnnecessaryWindowsDesktopSDK”；('$(TargetFrameworkIdentifier)' == '.NETCoreApp' and $([MSBuild]::VersionGreaterThanOrEquals($(_TargetFrameworkVersionWithoutV), '5.0')) and '$(_MicrosoftWindowsDesktopSdkImported)' == 'true' and '$(TargetFrameworks)' == '')的计算结果为('.NETCoreApp' == '.NETCoreApp' and True and '' == 'true' and '' == '')。
       已跳过目标“ProcessFrameworkReferences”。以前的生成已成功。
       由于条件的计算结果为 false，已跳过目标“IncludeTargetingPackReference”；('$(TargetFrameworkMoniker)' != '' and '$(TargetFrameworkIdentifier)' == '.NETFramework' and '$(AutomaticallyUseReferenceAssemblyPackages)' == 'true')的计算结果为('.NETCoreApp,Version=v9.0' != '' and '.NETCoreApp' == '.NETFramework' and 'true' == 'true')。
   3:6>来自项目“d:\MyProject\FrontCRM(C#)\tests\CRM.TestCommon\CRM.TestCommon.csproj”的文件“C:\Program Files\dotnet\sdk\9.0.308\Microsoft.Common.CurrentVersion.targets”中的目标“PrepareForBuild”(目标“CoreBuild”依赖于它):
   3:6>正在使用程序集“Microsoft.Build.Tasks.Core, Version=15.1.0.0, Culture=neutral, PublicKeyToken=b03f5f7f11d50a3a”中的“FindAppConfigFile”任务。
       任务“FindAppConfigFile”
   2:6>来自项目“d:\MyProject\FrontCRM(C#)\CRM.Core\CRM.Core.csproj”的文件“C:\Program Files\dotnet\sdk\9.0.308\Microsoft.Common.CurrentVersion.targets”中的目标“_CheckForInvalidConfigurationAndPlatform”(目标“BeforeBuild”依赖于它):
   2:6>由于 false 条件，已跳过任务“MSBuildInternalMessage”；('$(_InvalidConfigurationMessageSeverity)' != '')计算为('' != '')。
       任务“Message”
         Configuration=Debug
   3:6>已完成执行任务“FindAppConfigFile”的操作。
   2:6>已完成执行任务“Message”的操作。
       任务“Message”
         Platform=AnyCPU
       已完成执行任务“Message”的操作。
   3:6>PrepareForBuild:
       正在使用程序集“Microsoft.Build.Tasks.Core, Version=15.1.0.0, Culture=neutral, PublicKeyToken=b03f5f7f11d50a3a”中的“MakeDir”任务。
       任务“MakeDir”
   2:6>_CheckForInvalidConfigurationAndPlatform:
       由于 false 条件，已跳过任务“MSBuildInternalMessage”；('$(OutDir)' != '' and !HasTrailingSlash('$(OutDir)'))计算为('bin\Debug\net9.0\' != '' and !HasTrailingSlash('bin\Debug\net9.0\'))。
       由于 false 条件，已跳过任务“MSBuildInternalMessage”；('$(IntermediateOutputPath)' != '' and !HasTrailingSlash('$(IntermediateOutputPath)'))计算为('obj\Debug\net9.0\' != '' and !HasTrailingSlash('obj\Debug\net9.0\'))。
       由于 false 条件，已跳过任务“MSBuildInternalMessage”；('$(BaseIntermediateOutputPath)' != '' and !HasTrailingSlash('$(BaseIntermediateOutputPath)'))计算为('obj\' != '' and !HasTrailingSlash('obj\'))。
       由于 false 条件，已跳过任务“MSBuildInternalMessage”；( '$(Prefer32Bit)' == 'true' and '$(PreferNativeArm64)' == 'true' )计算为( 'false' == 'true' and 'false' == 'true' )。
       由于 false 条件，已跳过任务“MSBuildInternalMessage”；( '$(NoWin32Manifest)' == 'true' and '$(PreferNativeArm64)' == 'true' )计算为( '' == 'true' and 'false' == 'true' )。
       由于 false 条件，已跳过任务“MSBuildInternalMessage”；( '$(PreferNativeArm64)' == 'true' and '$(Platform)' != 'AnyCPU' )计算为( 'false' == 'true' and 'AnyCPU' != 'AnyCPU' )。
       由于 false 条件，已跳过任务“MSBuildInternalMessage”；( '$(_InitialMSBuildProjectExtensionsPath)' != '' And '$(MSBuildProjectExtensionsPath)' != '$(_InitialMSBuildProjectExtensionsPath)' )计算为( 'd:\MyProject\FrontCRM(C#)\CRM.Core\obj\' != '' And 'd:\MyProject\FrontCRM(C#)\CRM.Core\obj\' != 'd:\MyProject\FrontCRM(C#)\CRM.Core\obj\' )。
       由于 false 条件，已跳过任务“MSBuildInternalMessage”；( '$(EnableBaseIntermediateOutputPathMismatchWarning)' == 'true' And '$(_InitialBaseIntermediateOutputPath)' != '$(BaseIntermediateOutputPath)' And '$(BaseIntermediateOutputPath)' != '$(MSBuildProjectExtensionsPath)' )计算为( 'true' == 'true' And 'obj\' != 'obj\' And 'obj\' != 'd:\MyProject\FrontCRM(C#)\CRM.Core\obj\' )。
   2:6>已完成在项目“CRM.Core.csproj”中生成目标“_CheckForInvalidConfigurationAndPlatform”的操作。
   2:6>来自项目“d:\MyProject\FrontCRM(C#)\CRM.Core\CRM.Core.csproj”的文件“C:\Program Files\dotnet\sdk\9.0.308\Sdks\Microsoft.NET.Sdk\targets\Microsoft.NET.Sdk.targets”中的目标“ValidateCommandLineProperties”(目标“BeforeBuild”依赖于它):
   2:6>已完成在项目“CRM.Core.csproj”中生成目标“ValidateCommandLineProperties”的操作。
   2:6>来自项目“d:\MyProject\FrontCRM(C#)\CRM.Core\CRM.Core.csproj”的文件“C:\Program Files\dotnet\sdk\9.0.308\Microsoft.Common.CurrentVersion.targets”中的目标“BeforeBuild”(目标“Build”依赖于它):
   2:6>已完成在项目“CRM.Core.csproj”中生成目标“BeforeBuild”的操作。
       由于条件的计算结果为 false，已跳过目标“_CheckForBuildWithNoBuild”；('$(NoBuild)' == 'true' and '$(GeneratePackageOnBuild)' != 'true')的计算结果为('' == 'true' and 'false' != 'true')。
   2:6>来自项目“d:\MyProject\FrontCRM(C#)\CRM.Core\CRM.Core.csproj”的文件“C:\Program Files\dotnet\sdk\9.0.308\Microsoft.Common.CurrentVersion.targets”中的目标“BuildOnlySettings”(目标“CoreBuild”依赖于它):
       C:\Program Files\dotnet\sdk\9.0.308\Microsoft.Common.CurrentVersion.targets(1168,7): message : 在 C:\Program Files\dotnet\sdk\9.0.308\Microsoft.Common.CurrentVersion.targets (1168,7) 处重新分配属性: $(BuildingProject)=“true”(先前值:“false”) [d:\MyProject\FrontCRM(C#)\CRM.Core\CRM.Core.csproj]
   2:6>已完成在项目“CRM.Core.csproj”中生成目标“BuildOnlySettings”的操作。
       由于条件的计算结果为 false，已跳过目标“_CheckForUnsupportedTargetFramework”；('$(_UnsupportedTargetFrameworkError)' == 'true')的计算结果为('' == 'true')。
       由于条件的计算结果为 false，已跳过目标“_CheckForUnsupportedTargetPlatformIdentifier”；('$(TargetPlatformIdentifier)' != '' and '$(TargetFrameworkIdentifier)' == '.NETCoreApp' and $([MSBuild]::VersionGreaterThanOrEquals($(TargetFrameworkVersion), 5.0)) And ('$(DesignTimeBuild)' != 'true' Or '@(MissingWorkloadPack)' == ''))的计算结果为('' != '' and '.NETCoreApp' == '.NETCoreApp' and True And ('' != 'true' Or '' == ''))。
       由于条件的计算结果为 false，已跳过目标“_CheckForMissingWorkload”；('@(MissingWorkloadPack)' != '' And '$(DesignTimeBuild)' != 'true')的计算结果为('' != '' And '' != 'true')。
   2:6>来自项目“d:\MyProject\FrontCRM(C#)\CRM.Core\CRM.Core.csproj”的文件“C:\Program Files\dotnet\sdk\9.0.308\Sdks\Microsoft.NET.Sdk\targets\Microsoft.NET.DisableStandardFrameworkResolution.targets”中的目标“GetFrameworkPaths”(目标“PrepareForBuild”依赖于它):
   2:6>已完成在项目“CRM.Core.csproj”中生成目标“GetFrameworkPaths”的操作。
       由于条件的计算结果为 false，已跳过目标“_CheckForUnsupportedTargetFramework”；('$(_UnsupportedTargetFrameworkError)' == 'true')的计算结果为('' == 'true')。
       由于条件的计算结果为 false，已跳过目标“_CheckForUnsupportedTargetPlatformIdentifier”；('$(TargetPlatformIdentifier)' != '' and '$(TargetFrameworkIdentifier)' == '.NETCoreApp' and $([MSBuild]::VersionGreaterThanOrEquals($(TargetFrameworkVersion), 5.0)) And ('$(DesignTimeBuild)' != 'true' Or '@(MissingWorkloadPack)' == ''))的计算结果为('' != '' and '.NETCoreApp' == '.NETCoreApp' and True And ('' != 'true' Or '' == ''))。
       由于条件的计算结果为 false，已跳过目标“_CheckForMissingWorkload”；('@(MissingWorkloadPack)' != '' And '$(DesignTimeBuild)' != 'true')的计算结果为('' != '' And '' != 'true')。
   2:6>来自项目“d:\MyProject\FrontCRM(C#)\CRM.Core\CRM.Core.csproj”的文件“C:\Program Files\dotnet\sdk\9.0.308\Sdks\Microsoft.NET.Sdk\targets\Microsoft.NET.DisableStandardFrameworkResolution.targets”中的目标“GetReferenceAssemblyPaths”(目标“PrepareForBuild”依赖于它):
   2:6>已完成在项目“CRM.Core.csproj”中生成目标“GetReferenceAssemblyPaths”的操作。
       由于条件的计算结果为 false，已跳过目标“AssignLinkMetadata”；( '$(SynthesizeLinkMetadata)' == 'true' )的计算结果为( '' == 'true' )。
       由于条件的计算结果为 false，已跳过目标“_VerifyPackReleaseConfigurations”；('$(_IsPacking)' == 'true' and '$(DOTNET_CLI_DISABLE_PUBLISH_AND_PACK_RELEASE)' != 'true' and '$(DOTNET_CLI_LAZY_PUBLISH_AND_PACK_RELEASE_FOR_SOLUTIONS)' == 'true')的计算结果为('' == 'true' and '' != 'true' and '' == 'true')。
   2:6>来自项目“d:\MyProject\FrontCRM(C#)\CRM.Core\CRM.Core.csproj”的文件“C:\Program Files\dotnet\sdk\9.0.308\Microsoft.Common.CurrentVersion.targets”中的目标“PrepareForBuild”(目标“CoreBuild”依赖于它):
       任务“FindAppConfigFile”
       已完成执行任务“FindAppConfigFile”的操作。
       任务“MakeDir”
       已完成执行任务“MakeDir”的操作。
   2:6>已完成在项目“CRM.Core.csproj”中生成目标“PrepareForBuild”的操作。
       由于条件的计算结果为 false，已跳过目标“GenerateTargetPlatformDefineConstants”；( '$(DisableImplicitFrameworkDefines)' != 'true' and '$(TargetPlatformIdentifier)' != '' and '$(TargetFrameworkIdentifier)' == '.NETCoreApp' and $([MSBuild]::VersionGreaterThanOrEquals($(TargetFrameworkVersion), 5.0)) )的计算结果为( '' != 'true' and '' != '' and '.NETCoreApp' == '.NETCoreApp' and True )。
   2:6>来自项目“d:\MyProject\FrontCRM(C#)\CRM.Core\CRM.Core.csproj”的文件“C:\Program Files\dotnet\sdk\9.0.308\Sdks\Microsoft.NET.Sdk\targets\Microsoft.NET.Sdk.BeforeCommon.targets”中的目标“GenerateNETCompatibleDefineConstants”(目标“AddImplicitDefineConstants”依赖于它):
   2:6>已完成在项目“CRM.Core.csproj”中生成目标“GenerateNETCompatibleDefineConstants”的操作。
       由于条件的计算结果为 false，已跳过目标“GeneratePlatformCompatibleDefineConstants”；( '$(DisableImplicitFrameworkDefines)' != 'true' and '$(TargetPlatformIdentifier)' != '' and '$(TargetFrameworkIdentifier)' == '.NETCoreApp' and $([MSBuild]::VersionGreaterThanOrEquals($(TargetFrameworkVersion), 5.0)) )的计算结果为( '' != 'true' and '' != '' and '.NETCoreApp' == '.NETCoreApp' and True )。
   3:6>已完成执行任务“MakeDir”的操作。
   3:6>已完成在项目“CRM.TestCommon.csproj”中生成目标“PrepareForBuild”的操作。
   2:6>由于条件的计算结果为 false，已跳过目标“_DisableDiagnosticTracing”；('$(DisableDiagnosticTracing)' == 'true')的计算结果为('' == 'true')。
   3:6>由于条件的计算结果为 false，已跳过目标“GenerateTargetPlatformDefineConstants”；( '$(DisableImplicitFrameworkDefines)' != 'true' and '$(TargetPlatformIdentifier)' != '' and '$(TargetFrameworkIdentifier)' == '.NETCoreApp' and $([MSBuild]::VersionGreaterThanOrEquals($(TargetFrameworkVersion), 5.0)) )的计算结果为( '' != 'true' and '' != '' and '.NETCoreApp' == '.NETCoreApp' and True )。
   2:6>来自项目“d:\MyProject\FrontCRM(C#)\CRM.Core\CRM.Core.csproj”的文件“C:\Program Files\dotnet\sdk\9.0.308\Sdks\Microsoft.NET.Sdk\targets\Microsoft.NET.Sdk.BeforeCommon.targets”中的目标“AddImplicitDefineConstants”(目标“CoreBuild”依赖于它):
   2:6>C:\Program Files\dotnet\sdk\9.0.308\Sdks\Microsoft.NET.Sdk\targets\Microsoft.NET.Sdk.BeforeCommon.targets(267,7): message : 在 C:\Program Files\dotnet\sdk\9.0.308\Sdks\Microsoft.NET.Sdk\targets\Microsoft.NET.Sdk.BeforeCommon.targets (267,7) 处重新分配属性: $(DefineConstants)=“TRACE;DEBUG;NET;NET9_0;NETCOREAPP;NET5_0_OR_GREATER;NET6_0_OR_GREATER;NET7_0_OR_GREATER;NET8_0_OR_GREATER;NET9_0_OR_GREATER;NETCOREAPP1_0_OR_GREATER;NETCOREAPP1_1_OR_GREATER;NETCOREAPP2_0_OR_GREATER;NETCOREAPP2_1_OR_GREATER;NETCOREAPP2_2_OR_GREATER;NETCOREAPP3_0_OR_GREATER;NETCOREAPP3_1_OR_GREATER”(先前值:“TRACE;DEBUG;NET;NET9_0;NETCOREAPP”) [d:\MyProject\FrontCRM(C#)\CRM.Core\CRM.Core.csproj]
   2:6>已完成在项目“CRM.Core.csproj”中生成目标“AddImplicitDefineConstants”的操作。
   2:6>来自项目“d:\MyProject\FrontCRM(C#)\CRM.Core\CRM.Core.csproj”的文件“C:\Program Files\dotnet\sdk\9.0.308\Sdks\Microsoft.NET.Sdk\targets\Microsoft.NET.GenerateGlobalUsings.targets”中的目标“GenerateGlobalUsings”(目标“CoreBuild”依赖于它):
       正在使用程序集“C:\Program Files\dotnet\sdk\9.0.308\Sdks\Microsoft.NET.Sdk\targets\..\tools\net9.0\Microsoft.NET.Build.Tasks.dll”中的“GenerateGlobalUsings”任务。
       任务“GenerateGlobalUsings”
       已完成执行任务“GenerateGlobalUsings”的操作。
       任务“WriteLinesToFile”
         跳过写入到文件“obj\Debug\net9.0\CRM.Core.GlobalUsings.g.cs”，因为内容不会改变。
       已完成执行任务“WriteLinesToFile”的操作。
   2:6>已完成在项目“CRM.Core.csproj”中生成目标“GenerateGlobalUsings”的操作。
       由于条件的计算结果为 false，已跳过目标“PreBuildEvent”；('$(PreBuildEvent)'!='')的计算结果为(''!='')。
   2:6>来自项目“d:\MyProject\FrontCRM(C#)\CRM.Core\CRM.Core.csproj”的文件“C:\Program Files\dotnet\sdk\9.0.308\Microsoft.Common.CurrentVersion.targets”中的目标“BeforeResolveReferences”(目标“ResolveReferences”依赖于它):
   2:6>已完成在项目“CRM.Core.csproj”中生成目标“BeforeResolveReferences”的操作。
       由于条件的计算结果为 false，已跳过目标“AssignProjectConfiguration”；('$(CurrentSolutionConfigurationContents)' != '' or '@(ProjectReference)'!='')的计算结果为('' != '' or ''!='')。
   2:6>来自项目“d:\MyProject\FrontCRM(C#)\CRM.Core\CRM.Core.csproj”的文件“C:\Program Files\dotnet\sdk\9.0.308\Microsoft.Common.CurrentVersion.targets”中的目标“IgnoreJavaScriptOutputAssembly”(目标“AssignProjectConfiguration”依赖于它):
   2:6>已完成在项目“CRM.Core.csproj”中生成目标“IgnoreJavaScriptOutputAssembly”的操作。
       已跳过目标“ProcessFrameworkReferences”。以前的生成已成功。
   2:6>来自项目“d:\MyProject\FrontCRM(C#)\CRM.Core\CRM.Core.csproj”的文件“C:\Program Files\dotnet\sdk\9.0.308\Sdks\Microsoft.NET.Sdk\targets\Microsoft.NET.Sdk.Shared.targets”中的目标“_DefaultMicrosoftNETPlatformLibrary”(目标“ResolvePackageAssets”依赖于它):
   2:6>已完成在项目“CRM.Core.csproj”中生成目标“_DefaultMicrosoftNETPlatformLibrary”的操作。
   2:6>来自项目“d:\MyProject\FrontCRM(C#)\CRM.Core\CRM.Core.csproj”的文件“C:\Program Files\dotnet\sdk\9.0.308\Sdks\Microsoft.NET.Sdk\targets\Microsoft.NET.Sdk.Shared.targets”中的目标“_ComputePackageReferencePublish”(目标“ResolvePackageAssets”依赖于它):
   2:6>已完成在项目“CRM.Core.csproj”中生成目标“_ComputePackageReferencePublish”的操作。
       由于条件的计算结果为 false，已跳过目标“_ResolveCompilerVersion”；('$(CompilerApiVersion)' == '' And
                            ('$(Language)' == 'C#' Or '$(Language)' == 'VB') And
                            Exists('$(RoslynTargetsPath)\Microsoft.Build.Tasks.CodeAnalysis.dll'))的计算结果为('roslyn4.14' == '' And
                            ('C#' == 'C#' Or 'C#' == 'VB') And
                            Exists('C:\Program Files\dotnet\sdk\9.0.308\Roslyn\Microsoft.Build.Tasks.CodeAnalysis.dll'))。
   2:6>来自项目“d:\MyProject\FrontCRM(C#)\CRM.Core\CRM.Core.csproj”的文件“C:\Program Files\dotnet\sdk\9.0.308\Sdks\Microsoft.NET.Sdk\targets\Microsoft.PackageDependencyResolution.targets”中的目标“ResolvePackageAssets”(目标“ResolveLockFileReferences”依赖于它):
       正在使用程序集“C:\Program Files\dotnet\sdk\9.0.308\Sdks\Microsoft.NET.Sdk\targets\..\tools\net9.0\Microsoft.NET.Build.Tasks.dll”中的“ResolvePackageAssets”任务。
       任务“ResolvePackageAssets”
   3:6>来自项目“d:\MyProject\FrontCRM(C#)\tests\CRM.TestCommon\CRM.TestCommon.csproj”的文件“C:\Program Files\dotnet\sdk\9.0.308\Sdks\Microsoft.NET.Sdk\targets\Microsoft.NET.Sdk.BeforeCommon.targets”中的目标“GenerateNETCompatibleDefineConstants”(目标“AddImplicitDefineConstants”依赖于它):
   3:6>已完成在项目“CRM.TestCommon.csproj”中生成目标“GenerateNETCompatibleDefineConstants”的操作。
       由于条件的计算结果为 false，已跳过目标“GeneratePlatformCompatibleDefineConstants”；( '$(DisableImplicitFrameworkDefines)' != 'true' and '$(TargetPlatformIdentifier)' != '' and '$(TargetFrameworkIdentifier)' == '.NETCoreApp' and $([MSBuild]::VersionGreaterThanOrEquals($(TargetFrameworkVersion), 5.0)) )的计算结果为( '' != 'true' and '' != '' and '.NETCoreApp' == '.NETCoreApp' and True )。
       由于条件的计算结果为 false，已跳过目标“_DisableDiagnosticTracing”；('$(DisableDiagnosticTracing)' == 'true')的计算结果为('' == 'true')。
   3:6>来自项目“d:\MyProject\FrontCRM(C#)\tests\CRM.TestCommon\CRM.TestCommon.csproj”的文件“C:\Program Files\dotnet\sdk\9.0.308\Sdks\Microsoft.NET.Sdk\targets\Microsoft.NET.Sdk.BeforeCommon.targets”中的目标“AddImplicitDefineConstants”(目标“CoreBuild”依赖于它):
       C:\Program Files\dotnet\sdk\9.0.308\Sdks\Microsoft.NET.Sdk\targets\Microsoft.NET.Sdk.BeforeCommon.targets(267,7): message : 在 C:\Program Files\dotnet\sdk\9.0.308\Sdks\Microsoft.NET.Sdk\targets\Microsoft.NET.Sdk.BeforeCommon.targets (267,7) 处重新分配属性: $(DefineConstants)=“TRACE;DEBUG;NET;NET9_0;NETCOREAPP;NET5_0_OR_GREATER;NET6_0_OR_GREATER;NET7_0_OR_GREATER;NET8_0_OR_GREATER;NET9_0_OR_GREATER;NETCOREAPP1_0_OR_GREATER;NETCOREAPP1_1_OR_GREATER;NETCOREAPP2_0_OR_GREATER;NETCOREAPP2_1_OR_GREATER;NETCOREAPP2_2_OR_GREATER;NETCOREAPP3_0_OR_GREATER;NETCOREAPP3_1_OR_GREATER”(先前值:“TRACE;DEBUG;NET;NET9_0;NETCOREAPP”) [d:\MyProject\FrontCRM(C#)\tests\CRM.TestCommon\CRM.TestCommon.csproj]
   3:6>已完成在项目“CRM.TestCommon.csproj”中生成目标“AddImplicitDefineConstants”的操作。
   3:6>来自项目“d:\MyProject\FrontCRM(C#)\tests\CRM.TestCommon\CRM.TestCommon.csproj”的文件“C:\Program Files\dotnet\sdk\9.0.308\Sdks\Microsoft.NET.Sdk\targets\Microsoft.NET.GenerateGlobalUsings.targets”中的目标“GenerateGlobalUsings”(目标“CoreBuild”依赖于它):
       正在使用程序集“C:\Program Files\dotnet\sdk\9.0.308\Sdks\Microsoft.NET.Sdk\targets\..\tools\net9.0\Microsoft.NET.Build.Tasks.dll”中的“GenerateGlobalUsings”任务。
       任务“GenerateGlobalUsings”
   2:6>已完成执行任务“ResolvePackageAssets”的操作。
   2:6>已完成在项目“CRM.Core.csproj”中生成目标“ResolvePackageAssets”的操作。
       由于条件的计算结果为 false，已跳过目标“AdjustDefaultPlatformTargetForNetFrameworkExeWithNoNativeCopyLocalItems”；('$(_UsingDefaultPlatformTarget)' == 'true' and
                            '$(_UsingDefaultRuntimeIdentifier)' == 'true')的计算结果为('true' == 'true' and
                            '' == 'true')。
       由于条件的计算结果为 false，已跳过目标“_CheckForTransitiveWindowsDesktopDependencies”；('$(TargetFrameworkIdentifier)' == '.NETCoreApp' and $([MSBuild]::VersionGreaterThanOrEquals($(_TargetFrameworkVersionWithoutV), '5.0')) and '$(TargetPlatformIdentifier)' != 'Windows' and '@(TransitiveFrameworkReference)' != '')的计算结果为('.NETCoreApp' == '.NETCoreApp' and True and '' != 'Windows' and '' != '')。
       由于条件的计算结果为 false，已跳过目标“AddTransitiveFrameworkReferences”；('@(TransitiveFrameworkReference)' != '')的计算结果为('' != '')。
   2:6>来自项目“d:\MyProject\FrontCRM(C#)\CRM.Core\CRM.Core.csproj”的文件“C:\Program Files\dotnet\sdk\9.0.308\Sdks\Microsoft.NET.Sdk\targets\Microsoft.PackageDependencyResolution.targets”中的目标“ResolveLockFileReferences”(目标“ResolvePackageDependenciesForBuild”依赖于它):
       正在使用程序集“C:\Program Files\dotnet\sdk\9.0.308\Sdks\Microsoft.NET.Sdk\targets\..\tools\net9.0\Microsoft.NET.Build.Tasks.dll”中的“JoinItems”任务。
       任务“JoinItems”
       已完成执行任务“JoinItems”的操作。
   2:6>已完成在项目“CRM.Core.csproj”中生成目标“ResolveLockFileReferences”的操作。
       已跳过目标“ResolvePackageAssets”。以前的生成已成功。
   2:6>来自项目“d:\MyProject\FrontCRM(C#)\CRM.Core\CRM.Core.csproj”的文件“C:\Program Files\dotnet\sdk\9.0.308\Sdks\Microsoft.NET.Sdk\targets\Microsoft.PackageDependencyResolution.targets”中的目标“ResolveLockFileAnalyzers”(目标“ResolvePackageDependenciesForBuild”依赖于它):
   2:6>已完成在项目“CRM.Core.csproj”中生成目标“ResolveLockFileAnalyzers”的操作。
       已跳过目标“ResolvePackageAssets”。以前的生成已成功。
       由于条件的计算结果为 false，已跳过目标“RunProduceContentAssets”；('@(_ContentFilesToPreprocess)' != '' and '$(_CleaningWithoutRebuilding)' != 'true')的计算结果为('' != '' and '' != 'true')。
   2:6>来自项目“d:\MyProject\FrontCRM(C#)\CRM.Core\CRM.Core.csproj”的文件“C:\Program Files\dotnet\sdk\9.0.308\Sdks\Microsoft.NET.Sdk\targets\Microsoft.PackageDependencyResolution.targets”中的目标“ResolveLockFileCopyLocalFiles”(目标“ResolvePackageDependenciesForBuild”依赖于它):
   2:6>已完成在项目“CRM.Core.csproj”中生成目标“ResolveLockFileCopyLocalFiles”的操作。
       由于条件的计算结果为 false，已跳过目标“ResolveRuntimePackAssets”；('@(RuntimePack)' != '')的计算结果为('' != '')。
       由于条件的计算结果为 false，已跳过目标“RunProduceContentAssets”；('@(_ContentFilesToPreprocess)' != '' and '$(_CleaningWithoutRebuilding)' != 'true')的计算结果为('' != '' and '' != 'true')。
       已跳过目标“ResolvePackageAssets”。以前的生成已成功。
   2:6>来自项目“d:\MyProject\FrontCRM(C#)\CRM.Core\CRM.Core.csproj”的文件“C:\Program Files\dotnet\sdk\9.0.308\Sdks\Microsoft.NET.Sdk\targets\Microsoft.PackageDependencyResolution.targets”中的目标“IncludeTransitiveProjectReferences”(目标“ResolvePackageDependenciesForBuild”依赖于它):
   2:6>已完成在项目“CRM.Core.csproj”中生成目标“IncludeTransitiveProjectReferences”的操作。
   2:6>来自项目“d:\MyProject\FrontCRM(C#)\CRM.Core\CRM.Core.csproj”的文件“C:\Program Files\dotnet\sdk\9.0.308\Sdks\Microsoft.NET.Sdk\targets\Microsoft.PackageDependencyResolution.targets”中的目标“ResolvePackageDependenciesForBuild”(目标“AssignProjectConfiguration”依赖于它):
   2:6>已完成在项目“CRM.Core.csproj”中生成目标“ResolvePackageDependenciesForBuild”的操作。
       由于条件的计算结果为 false，已跳过目标“AssignProjectConfiguration”；('$(CurrentSolutionConfigurationContents)' != '' or '@(ProjectReference)'!='')的计算结果为('' != '' or ''!='')。
   2:6>来自项目“d:\MyProject\FrontCRM(C#)\CRM.Core\CRM.Core.csproj”的文件“C:\Program Files\dotnet\sdk\9.0.308\Microsoft.Common.CurrentVersion.targets”中的目标“_SplitProjectReferencesByFileExistence”(目标“PrepareProjectReferences”依赖于它):
       由于 false 条件，已跳过任务“ResolveNonMSBuildProjectOutput”；('$(BuildingInsideVisualStudio)'=='true' and '@(ProjectReferenceWithConfiguration)'!='')计算为(''=='true' and ''!='')。
   2:6>已完成在项目“CRM.Core.csproj”中生成目标“_SplitProjectReferencesByFileExistence”的操作。
   2:6>来自项目“d:\MyProject\FrontCRM(C#)\CRM.Core\CRM.Core.csproj”的文件“C:\Program Files\dotnet\sdk\9.0.308\Microsoft.Common.CurrentVersion.targets”中的目标“_AddOutputPathToGlobalPropertiesToRemove”(目标“_GetProjectReferenceTargetFrameworkProperties”依赖于它):
   2:6>已完成在项目“CRM.Core.csproj”中生成目标“_AddOutputPathToGlobalPropertiesToRemove”的操作。
   2:6>来自项目“d:\MyProject\FrontCRM(C#)\CRM.Core\CRM.Core.csproj”的文件“C:\Program Files\dotnet\sdk\9.0.308\Microsoft.Common.CurrentVersion.targets”中的目标“_GetProjectReferenceTargetFrameworkProperties”(目标“PrepareProjectReferences”依赖于它):
       任务“MSBuild”
       已完成执行任务“MSBuild”的操作。
       由于 false 条件，已跳过任务“MSBuild”；('%(_MSBuildProjectReferenceExistent.SkipGetTargetFrameworkProperties)' != 'true' and '$(EnableDynamicPlatformResolution)' == 'true')计算为('' != 'true' and '' == 'true')。
       由于 false 条件，已跳过任务“GetReferenceNearestTargetFrameworkTask”；('@(_ProjectReferenceTargetFrameworkPossibilities)' != '' and '$(ReferringTargetFrameworkForProjectReferences)' != ''
                                                               And '$(GetReferenceNearestTargetFrameworkTaskSupportsTargetPlatformParameter)' == 'true' and '%(_ProjectReferenceTargetFrameworkPossibilities.IsVcxOrNativeProj)' != 'true')计算为('' != '' and '.NETCoreApp,Version=v9.0' != ''
                                                               And 'true' == 'true' and '' != 'true')。
       由于 false 条件，已跳过任务“GetReferenceNearestTargetFrameworkTask”；('@(_ProjectReferenceTargetFrameworkPossibilities)' != '' and '$(ReferringTargetFrameworkForProjectReferences)' != ''
                                                               And '$(GetReferenceNearestTargetFrameworkTaskSupportsTargetPlatformParameter)' != 'true' and '%(_ProjectReferenceTargetFrameworkPossibilities.IsVcxOrNativeProj)' != 'true')计算为('' != '' and '.NETCoreApp,Version=v9.0' != ''
                                                               And 'true' != 'true' and '' != 'true')。
       任务“SetRidAgnosticValueForProjects”
       已完成执行任务“SetRidAgnosticValueForProjects”的操作。
   2:6>已完成在项目“CRM.Core.csproj”中生成目标“_GetProjectReferenceTargetFrameworkProperties”的操作。
   2:6>来自项目“d:\MyProject\FrontCRM(C#)\CRM.Core\CRM.Core.csproj”的文件“C:\Program Files\dotnet\sdk\9.0.308\Sdks\Microsoft.NET.Sdk\targets\Microsoft.NET.Sdk.targets”中的目标“ValidateExecutableReferences”(目标“PrepareProjectReferences”依赖于它):
       正在使用程序集“C:\Program Files\dotnet\sdk\9.0.308\Sdks\Microsoft.NET.Sdk\targets\..\tools\net9.0\Microsoft.NET.Build.Tasks.dll”中的“ValidateExecutableReferences”任务。
       任务“ValidateExecutableReferences”
       已完成执行任务“ValidateExecutableReferences”的操作。
   2:6>已完成在项目“CRM.Core.csproj”中生成目标“ValidateExecutableReferences”的操作。
       由于条件的计算结果为 false，已跳过目标“_GetProjectReferencePlatformProperties”；('$(EnableDynamicPlatformResolution)' == 'true'
                            and '@(_MSBuildProjectReferenceExistent)' != '')的计算结果为('' == 'true'
                            and '' != '')。
   2:6>来自项目“d:\MyProject\FrontCRM(C#)\CRM.Core\CRM.Core.csproj”的文件“C:\Program Files\dotnet\sdk\9.0.308\Microsoft.Common.CurrentVersion.targets”中的目标“PrepareProjectReferences”(目标“ResolveProjectReferences”依赖于它):
   2:6>已完成在项目“CRM.Core.csproj”中生成目标“PrepareProjectReferences”的操作。
   2:6>来自项目“d:\MyProject\FrontCRM(C#)\CRM.Core\CRM.Core.csproj”的文件“C:\Program Files\dotnet\sdk\9.0.308\Microsoft.Common.CurrentVersion.targets”中的目标“ResolveProjectReferences”(目标“ResolveReferences”依赖于它):
       由于 false 条件，已跳过任务“MSBuild”；('%(_MSBuildProjectReferenceExistent.BuildReference)' == 'true' and '@(ProjectReferenceWithConfiguration)' != '' and ('$(BuildingInsideVisualStudio)' == 'true' or '$(BuildProjectReferences)' != 'true') and '$(VisualStudioVersion)' != '10.0' and '@(_MSBuildProjectReferenceExistent)' != '')计算为('' == 'true' and '' != '' and ('' == 'true' or 'true' != 'true') and '17.0' != '10.0' and '' != '')。
       由于 false 条件，已跳过任务“MSBuild”；('%(_MSBuildProjectReferenceExistent.BuildReference)' == 'true' and '@(ProjectReferenceWithConfiguration)' != '' and '$(BuildingInsideVisualStudio)' != 'true' and '$(BuildProjectReferences)' == 'true' and '@(_MSBuildProjectReferenceExistent)' != '')计算为('' == 'true' and '' != '' and '' != 'true' and 'true' == 'true' and '' != '')。
       由于 false 条件，已跳过任务“MSBuild”；('%(_MSBuildProjectReferenceExistent.BuildReference)' == 'true' and '@(ProjectReferenceWithConfiguration)' != '' and '$(BuildingProject)' == 'true' and '@(_MSBuildProjectReferenceExistent)' != '')计算为('' == 'true' and '' != '' and 'true' == 'true' and '' != '')。
       由于 false 条件，已跳过任务“MSBuildInternalMessage”；('$(_NonExistentProjectReferenceSeverity)' != '')计算为('' != '')。
   2:6>已完成在项目“CRM.Core.csproj”中生成目标“ResolveProjectReferences”的操作。
       由于条件的计算结果为 false，已跳过目标“FindInvalidProjectReferences”；('$(FindInvalidProjectReferences)' == 'true')的计算结果为('' == 'true')。
       由于条件的计算结果为 false，已跳过目标“ResolveNativeReferences”；('@(NativeReference)'!='')的计算结果为(''!='')。
       已跳过目标“ResolveProjectReferences”。以前的生成已成功。
       由于条件的计算结果为 false，已跳过目标“FindInvalidProjectReferences”；('$(FindInvalidProjectReferences)' == 'true')的计算结果为('' == 'true')。
       已跳过目标“GetFrameworkPaths”。以前的生成已成功。
       已跳过目标“GetReferenceAssemblyPaths”。以前的生成已成功。
   3:6>已完成执行任务“GenerateGlobalUsings”的操作。
   2:6>已跳过目标“PrepareForBuild”。以前的生成已成功。
       由于条件的计算结果为 false，已跳过目标“GetInstalledSDKLocations”；('@(SDKReference)' != '')的计算结果为('' != '')。
   2:6>来自项目“d:\MyProject\FrontCRM(C#)\CRM.Core\CRM.Core.csproj”的文件“C:\Program Files\dotnet\sdk\9.0.308\Microsoft.Common.CurrentVersion.targets”中的目标“ResolveSDKReferences”(目标“ResolveAssemblyReferences”依赖于它):
       由于 false 条件，已跳过任务“ResolveSDKReference”；('@(SDKReference)'!='')计算为(''!='')。
   2:6>已完成在项目“CRM.Core.csproj”中生成目标“ResolveSDKReferences”的操作。
       已跳过目标“ResolveSDKReferences”。以前的生成已成功。
   3:6>GenerateGlobalUsings:
       正在使用程序集“Microsoft.Build.Tasks.Core, Version=15.1.0.0, Culture=neutral, PublicKeyToken=b03f5f7f11d50a3a”中的“WriteLinesToFile”任务。
       任务“WriteLinesToFile”
   2:6>来自项目“d:\MyProject\FrontCRM(C#)\CRM.Core\CRM.Core.csproj”的文件“C:\Program Files\dotnet\sdk\9.0.308\Microsoft.Common.CurrentVersion.targets”中的目标“ExpandSDKReferences”(目标“ResolveAssemblyReferences”依赖于它):
   2:6>由于 false 条件，已跳过任务“GetSDKReferenceFiles”；('@(ResolvedSDKReference)'!='')计算为(''!='')。
   2:6>已完成在项目“CRM.Core.csproj”中生成目标“ExpandSDKReferences”的操作。
       已跳过目标“ResolvePackageDependenciesForBuild”。以前的生成已成功。
       已跳过目标“GetFrameworkPaths”。以前的生成已成功。
       已跳过目标“GetReferenceAssemblyPaths”。以前的生成已成功。
       已跳过目标“ProcessFrameworkReferences”。以前的生成已成功。
       已跳过目标“ResolvePackageAssets”。以前的生成已成功。
   2:6>来自项目“d:\MyProject\FrontCRM(C#)\CRM.Core\CRM.Core.csproj”的文件“C:\Program Files\dotnet\sdk\9.0.308\Sdks\Microsoft.NET.Sdk\targets\Microsoft.NET.Sdk.FrameworkReferenceResolution.targets”中的目标“ResolveFrameworkReferences”(目标“ResolveTargetingPackAssets”依赖于它):
       正在使用程序集“C:\Program Files\dotnet\sdk\9.0.308\Sdks\Microsoft.NET.Sdk\targets\..\tools\net9.0\Microsoft.NET.Build.Tasks.dll”中的“GetPackageDirectory”任务。
       任务“GetPackageDirectory”
   3:6>GenerateGlobalUsings:
         跳过写入到文件“obj\Debug\net9.0\CRM.TestCommon.GlobalUsings.g.cs”，因为内容不会改变。
       已完成执行任务“WriteLinesToFile”的操作。
   3:6>已完成在项目“CRM.TestCommon.csproj”中生成目标“GenerateGlobalUsings”的操作。
       由于条件的计算结果为 false，已跳过目标“PreBuildEvent”；('$(PreBuildEvent)'!='')的计算结果为(''!='')。
   3:6>来自项目“d:\MyProject\FrontCRM(C#)\tests\CRM.TestCommon\CRM.TestCommon.csproj”的文件“C:\Program Files\dotnet\sdk\9.0.308\Microsoft.Common.CurrentVersion.targets”中的目标“BeforeResolveReferences”(目标“ResolveReferences”依赖于它):
   3:6>已完成在项目“CRM.TestCommon.csproj”中生成目标“BeforeResolveReferences”的操作。
       由于条件的计算结果为 false，已跳过目标“AssignProjectConfiguration”；('$(CurrentSolutionConfigurationContents)' != '' or '@(ProjectReference)'!='')的计算结果为('' != '' or ''!='')。
   3:6>来自项目“d:\MyProject\FrontCRM(C#)\tests\CRM.TestCommon\CRM.TestCommon.csproj”的文件“C:\Program Files\dotnet\sdk\9.0.308\Microsoft.Common.CurrentVersion.targets”中的目标“IgnoreJavaScriptOutputAssembly”(目标“AssignProjectConfiguration”依赖于它):
   3:6>已完成在项目“CRM.TestCommon.csproj”中生成目标“IgnoreJavaScriptOutputAssembly”的操作。
       已跳过目标“ProcessFrameworkReferences”。以前的生成已成功。
   3:6>来自项目“d:\MyProject\FrontCRM(C#)\tests\CRM.TestCommon\CRM.TestCommon.csproj”的文件“C:\Program Files\dotnet\sdk\9.0.308\Sdks\Microsoft.NET.Sdk\targets\Microsoft.NET.Sdk.Shared.targets”中的目标“_DefaultMicrosoftNETPlatformLibrary”(目标“ResolvePackageAssets”依赖于它):
   3:6>已完成在项目“CRM.TestCommon.csproj”中生成目标“_DefaultMicrosoftNETPlatformLibrary”的操作。
   3:6>来自项目“d:\MyProject\FrontCRM(C#)\tests\CRM.TestCommon\CRM.TestCommon.csproj”的文件“C:\Program Files\dotnet\sdk\9.0.308\Sdks\Microsoft.NET.Sdk\targets\Microsoft.NET.Sdk.Shared.targets”中的目标“_ComputePackageReferencePublish”(目标“ResolvePackageAssets”依赖于它):
   3:6>已完成在项目“CRM.TestCommon.csproj”中生成目标“_ComputePackageReferencePublish”的操作。
       由于条件的计算结果为 false，已跳过目标“_ResolveCompilerVersion”；('$(CompilerApiVersion)' == '' And
                            ('$(Language)' == 'C#' Or '$(Language)' == 'VB') And
                            Exists('$(RoslynTargetsPath)\Microsoft.Build.Tasks.CodeAnalysis.dll'))的计算结果为('roslyn4.14' == '' And
                            ('C#' == 'C#' Or 'C#' == 'VB') And
                            Exists('C:\Program Files\dotnet\sdk\9.0.308\Roslyn\Microsoft.Build.Tasks.CodeAnalysis.dll'))。
   3:6>来自项目“d:\MyProject\FrontCRM(C#)\tests\CRM.TestCommon\CRM.TestCommon.csproj”的文件“C:\Program Files\dotnet\sdk\9.0.308\Sdks\Microsoft.NET.Sdk\targets\Microsoft.PackageDependencyResolution.targets”中的目标“ResolvePackageAssets”(目标“ResolveLockFileReferences”依赖于它):
       正在使用程序集“C:\Program Files\dotnet\sdk\9.0.308\Sdks\Microsoft.NET.Sdk\targets\..\tools\net9.0\Microsoft.NET.Build.Tasks.dll”中的“ResolvePackageAssets”任务。
       任务“ResolvePackageAssets”
   2:6>已完成执行任务“GetPackageDirectory”的操作。
       任务“GetPackageDirectory”
       已完成执行任务“GetPackageDirectory”的操作。
       任务“GetPackageDirectory”
       已完成执行任务“GetPackageDirectory”的操作。
       任务“GetPackageDirectory”
       已完成执行任务“GetPackageDirectory”的操作。
       任务“GetPackageDirectory”
       已完成执行任务“GetPackageDirectory”的操作。
       任务“GetPackageDirectory”
       已完成执行任务“GetPackageDirectory”的操作。
       任务“GetPackageDirectory”
       已完成执行任务“GetPackageDirectory”的操作。
   3:6>已完成执行任务“ResolvePackageAssets”的操作。
   2:6>任务“GetPackageDirectory”
       已完成执行任务“GetPackageDirectory”的操作。
   3:6>已完成在项目“CRM.TestCommon.csproj”中生成目标“ResolvePackageAssets”的操作。
       由于条件的计算结果为 false，已跳过目标“AdjustDefaultPlatformTargetForNetFrameworkExeWithNoNativeCopyLocalItems”；('$(_UsingDefaultPlatformTarget)' == 'true' and
                            '$(_UsingDefaultRuntimeIdentifier)' == 'true')的计算结果为('true' == 'true' and
                            '' == 'true')。
       由于条件的计算结果为 false，已跳过目标“_CheckForTransitiveWindowsDesktopDependencies”；('$(TargetFrameworkIdentifier)' == '.NETCoreApp' and $([MSBuild]::VersionGreaterThanOrEquals($(_TargetFrameworkVersionWithoutV), '5.0')) and '$(TargetPlatformIdentifier)' != 'Windows' and '@(TransitiveFrameworkReference)' != '')的计算结果为('.NETCoreApp' == '.NETCoreApp' and True and '' != 'Windows' and '' != '')。
       由于条件的计算结果为 false，已跳过目标“AddTransitiveFrameworkReferences”；('@(TransitiveFrameworkReference)' != '')的计算结果为('' != '')。
   2:6>任务“GetPackageDirectory”
       已完成执行任务“GetPackageDirectory”的操作。
       任务“GetPackageDirectory”
       已完成执行任务“GetPackageDirectory”的操作。
   3:6>来自项目“d:\MyProject\FrontCRM(C#)\tests\CRM.TestCommon\CRM.TestCommon.csproj”的文件“C:\Program Files\dotnet\sdk\9.0.308\Sdks\Microsoft.NET.Sdk\targets\Microsoft.PackageDependencyResolution.targets”中的目标“ResolveLockFileReferences”(目标“ResolvePackageDependenciesForBuild”依赖于它):
   3:6>正在使用程序集“C:\Program Files\dotnet\sdk\9.0.308\Sdks\Microsoft.NET.Sdk\targets\..\tools\net9.0\Microsoft.NET.Build.Tasks.dll”中的“JoinItems”任务。
       任务“JoinItems”
   2:6>ResolveFrameworkReferences:
       正在使用程序集“C:\Program Files\dotnet\sdk\9.0.308\Sdks\Microsoft.NET.Sdk\targets\..\tools\net9.0\Microsoft.NET.Build.Tasks.dll”中的“ResolveFrameworkReferences”任务。
       任务“ResolveFrameworkReferences”
       已完成执行任务“ResolveFrameworkReferences”的操作。
   2:6>已完成在项目“CRM.Core.csproj”中生成目标“ResolveFrameworkReferences”的操作。
   3:6>已完成执行任务“JoinItems”的操作。
   3:6>已完成在项目“CRM.TestCommon.csproj”中生成目标“ResolveLockFileReferences”的操作。
   2:6>来自项目“d:\MyProject\FrontCRM(C#)\CRM.Core\CRM.Core.csproj”的文件“C:\Program Files\dotnet\sdk\9.0.308\Sdks\Microsoft.NET.Sdk\targets\Microsoft.NET.Sdk.FrameworkReferenceResolution.targets”中的目标“ResolveTargetingPackAssets”(目标“_HandlePackageFileConflicts”依赖于它):
   2:6>正在使用程序集“C:\Program Files\dotnet\sdk\9.0.308\Sdks\Microsoft.NET.Sdk\targets\..\tools\net9.0\Microsoft.NET.Build.Tasks.dll”中的“ResolveTargetingPackAssets”任务。
   3:6>已跳过目标“ResolvePackageAssets”。以前的生成已成功。
   3:6>来自项目“d:\MyProject\FrontCRM(C#)\tests\CRM.TestCommon\CRM.TestCommon.csproj”的文件“C:\Program Files\dotnet\sdk\9.0.308\Sdks\Microsoft.NET.Sdk\targets\Microsoft.PackageDependencyResolution.targets”中的目标“ResolveLockFileAnalyzers”(目标“ResolvePackageDependenciesForBuild”依赖于它):
   3:6>已完成在项目“CRM.TestCommon.csproj”中生成目标“ResolveLockFileAnalyzers”的操作。
       已跳过目标“ResolvePackageAssets”。以前的生成已成功。
       由于条件的计算结果为 false，已跳过目标“RunProduceContentAssets”；('@(_ContentFilesToPreprocess)' != '' and '$(_CleaningWithoutRebuilding)' != 'true')的计算结果为('' != '' and '' != 'true')。
   3:6>来自项目“d:\MyProject\FrontCRM(C#)\tests\CRM.TestCommon\CRM.TestCommon.csproj”的文件“C:\Program Files\dotnet\sdk\9.0.308\Sdks\Microsoft.NET.Sdk\targets\Microsoft.PackageDependencyResolution.targets”中的目标“ResolveLockFileCopyLocalFiles”(目标“ResolvePackageDependenciesForBuild”依赖于它):
   3:6>已完成在项目“CRM.TestCommon.csproj”中生成目标“ResolveLockFileCopyLocalFiles”的操作。
       由于条件的计算结果为 false，已跳过目标“ResolveRuntimePackAssets”；('@(RuntimePack)' != '')的计算结果为('' != '')。
       由于条件的计算结果为 false，已跳过目标“RunProduceContentAssets”；('@(_ContentFilesToPreprocess)' != '' and '$(_CleaningWithoutRebuilding)' != 'true')的计算结果为('' != '' and '' != 'true')。
       已跳过目标“ResolvePackageAssets”。以前的生成已成功。
   3:6>来自项目“d:\MyProject\FrontCRM(C#)\tests\CRM.TestCommon\CRM.TestCommon.csproj”的文件“C:\Program Files\dotnet\sdk\9.0.308\Sdks\Microsoft.NET.Sdk\targets\Microsoft.PackageDependencyResolution.targets”中的目标“IncludeTransitiveProjectReferences”(目标“ResolvePackageDependenciesForBuild”依赖于它):
   3:6>已完成在项目“CRM.TestCommon.csproj”中生成目标“IncludeTransitiveProjectReferences”的操作。
   2:6>任务“ResolveTargetingPackAssets”
   3:6>来自项目“d:\MyProject\FrontCRM(C#)\tests\CRM.TestCommon\CRM.TestCommon.csproj”的文件“C:\Program Files\dotnet\sdk\9.0.308\Sdks\Microsoft.NET.Sdk\targets\Microsoft.PackageDependencyResolution.targets”中的目标“ResolvePackageDependenciesForBuild”(目标“AssignProjectConfiguration”依赖于它):
   3:6>已完成在项目“CRM.TestCommon.csproj”中生成目标“ResolvePackageDependenciesForBuild”的操作。
       由于条件的计算结果为 false，已跳过目标“AssignProjectConfiguration”；('$(CurrentSolutionConfigurationContents)' != '' or '@(ProjectReference)'!='')的计算结果为('' != '' or ''!='')。
   3:6>来自项目“d:\MyProject\FrontCRM(C#)\tests\CRM.TestCommon\CRM.TestCommon.csproj”的文件“C:\Program Files\dotnet\sdk\9.0.308\Microsoft.Common.CurrentVersion.targets”中的目标“_SplitProjectReferencesByFileExistence”(目标“PrepareProjectReferences”依赖于它):
       由于 false 条件，已跳过任务“ResolveNonMSBuildProjectOutput”；('$(BuildingInsideVisualStudio)'=='true' and '@(ProjectReferenceWithConfiguration)'!='')计算为(''=='true' and ''!='')。
   3:6>已完成在项目“CRM.TestCommon.csproj”中生成目标“_SplitProjectReferencesByFileExistence”的操作。
   3:6>来自项目“d:\MyProject\FrontCRM(C#)\tests\CRM.TestCommon\CRM.TestCommon.csproj”的文件“C:\Program Files\dotnet\sdk\9.0.308\Microsoft.Common.CurrentVersion.targets”中的目标“_AddOutputPathToGlobalPropertiesToRemove”(目标“_GetProjectReferenceTargetFrameworkProperties”依赖于它):
   3:6>已完成在项目“CRM.TestCommon.csproj”中生成目标“_AddOutputPathToGlobalPropertiesToRemove”的操作。
   3:6>来自项目“d:\MyProject\FrontCRM(C#)\tests\CRM.TestCommon\CRM.TestCommon.csproj”的文件“C:\Program Files\dotnet\sdk\9.0.308\Microsoft.Common.CurrentVersion.targets”中的目标“_GetProjectReferenceTargetFrameworkProperties”(目标“PrepareProjectReferences”依赖于它):
       任务“MSBuild”
       已完成执行任务“MSBuild”的操作。
       由于 false 条件，已跳过任务“MSBuild”；('%(_MSBuildProjectReferenceExistent.SkipGetTargetFrameworkProperties)' != 'true' and '$(EnableDynamicPlatformResolution)' == 'true')计算为('' != 'true' and '' == 'true')。
       由于 false 条件，已跳过任务“GetReferenceNearestTargetFrameworkTask”；('@(_ProjectReferenceTargetFrameworkPossibilities)' != '' and '$(ReferringTargetFrameworkForProjectReferences)' != ''
                                                               And '$(GetReferenceNearestTargetFrameworkTaskSupportsTargetPlatformParameter)' == 'true' and '%(_ProjectReferenceTargetFrameworkPossibilities.IsVcxOrNativeProj)' != 'true')计算为('' != '' and '.NETCoreApp,Version=v9.0' != ''
                                                               And 'true' == 'true' and '' != 'true')。
       由于 false 条件，已跳过任务“GetReferenceNearestTargetFrameworkTask”；('@(_ProjectReferenceTargetFrameworkPossibilities)' != '' and '$(ReferringTargetFrameworkForProjectReferences)' != ''
                                                               And '$(GetReferenceNearestTargetFrameworkTaskSupportsTargetPlatformParameter)' != 'true' and '%(_ProjectReferenceTargetFrameworkPossibilities.IsVcxOrNativeProj)' != 'true')计算为('' != '' and '.NETCoreApp,Version=v9.0' != ''
                                                               And 'true' != 'true' and '' != 'true')。
       正在使用程序集“Microsoft.Build.Tasks.Core, Version=15.1.0.0, Culture=neutral, PublicKeyToken=b03f5f7f11d50a3a”中的“SetRidAgnosticValueForProjects”任务。
       任务“SetRidAgnosticValueForProjects”
       已完成执行任务“SetRidAgnosticValueForProjects”的操作。
   3:6>已完成在项目“CRM.TestCommon.csproj”中生成目标“_GetProjectReferenceTargetFrameworkProperties”的操作。
   3:6>来自项目“d:\MyProject\FrontCRM(C#)\tests\CRM.TestCommon\CRM.TestCommon.csproj”的文件“C:\Program Files\dotnet\sdk\9.0.308\Sdks\Microsoft.NET.Sdk\targets\Microsoft.NET.Sdk.targets”中的目标“ValidateExecutableReferences”(目标“PrepareProjectReferences”依赖于它):
       正在使用程序集“C:\Program Files\dotnet\sdk\9.0.308\Sdks\Microsoft.NET.Sdk\targets\..\tools\net9.0\Microsoft.NET.Build.Tasks.dll”中的“ValidateExecutableReferences”任务。
       任务“ValidateExecutableReferences”
       已完成执行任务“ValidateExecutableReferences”的操作。
   3:6>已完成在项目“CRM.TestCommon.csproj”中生成目标“ValidateExecutableReferences”的操作。
       由于条件的计算结果为 false，已跳过目标“_GetProjectReferencePlatformProperties”；('$(EnableDynamicPlatformResolution)' == 'true'
                            and '@(_MSBuildProjectReferenceExistent)' != '')的计算结果为('' == 'true'
                            and '' != '')。
   3:6>来自项目“d:\MyProject\FrontCRM(C#)\tests\CRM.TestCommon\CRM.TestCommon.csproj”的文件“C:\Program Files\dotnet\sdk\9.0.308\Microsoft.Common.CurrentVersion.targets”中的目标“PrepareProjectReferences”(目标“ResolveProjectReferences”依赖于它):
   3:6>已完成在项目“CRM.TestCommon.csproj”中生成目标“PrepareProjectReferences”的操作。
   3:6>来自项目“d:\MyProject\FrontCRM(C#)\tests\CRM.TestCommon\CRM.TestCommon.csproj”的文件“C:\Program Files\dotnet\sdk\9.0.308\Microsoft.Common.CurrentVersion.targets”中的目标“ResolveProjectReferences”(目标“ResolveReferences”依赖于它):
       由于 false 条件，已跳过任务“MSBuild”；('%(_MSBuildProjectReferenceExistent.BuildReference)' == 'true' and '@(ProjectReferenceWithConfiguration)' != '' and ('$(BuildingInsideVisualStudio)' == 'true' or '$(BuildProjectReferences)' != 'true') and '$(VisualStudioVersion)' != '10.0' and '@(_MSBuildProjectReferenceExistent)' != '')计算为('' == 'true' and '' != '' and ('' == 'true' or 'true' != 'true') and '17.0' != '10.0' and '' != '')。
       由于 false 条件，已跳过任务“MSBuild”；('%(_MSBuildProjectReferenceExistent.BuildReference)' == 'true' and '@(ProjectReferenceWithConfiguration)' != '' and '$(BuildingInsideVisualStudio)' != 'true' and '$(BuildProjectReferences)' == 'true' and '@(_MSBuildProjectReferenceExistent)' != '')计算为('' == 'true' and '' != '' and '' != 'true' and 'true' == 'true' and '' != '')。
       由于 false 条件，已跳过任务“MSBuild”；('%(_MSBuildProjectReferenceExistent.BuildReference)' == 'true' and '@(ProjectReferenceWithConfiguration)' != '' and '$(BuildingProject)' == 'true' and '@(_MSBuildProjectReferenceExistent)' != '')计算为('' == 'true' and '' != '' and 'true' == 'true' and '' != '')。
       由于 false 条件，已跳过任务“MSBuildInternalMessage”；('$(_NonExistentProjectReferenceSeverity)' != '')计算为('' != '')。
   3:6>已完成在项目“CRM.TestCommon.csproj”中生成目标“ResolveProjectReferences”的操作。
       由于条件的计算结果为 false，已跳过目标“FindInvalidProjectReferences”；('$(FindInvalidProjectReferences)' == 'true')的计算结果为('' == 'true')。
       由于条件的计算结果为 false，已跳过目标“ResolveNativeReferences”；('@(NativeReference)'!='')的计算结果为(''!='')。
       已跳过目标“ResolveProjectReferences”。以前的生成已成功。
       由于条件的计算结果为 false，已跳过目标“FindInvalidProjectReferences”；('$(FindInvalidProjectReferences)' == 'true')的计算结果为('' == 'true')。
       已跳过目标“GetFrameworkPaths”。以前的生成已成功。
       已跳过目标“GetReferenceAssemblyPaths”。以前的生成已成功。
       已跳过目标“PrepareForBuild”。以前的生成已成功。
       由于条件的计算结果为 false，已跳过目标“GetInstalledSDKLocations”；('@(SDKReference)' != '')的计算结果为('' != '')。
   3:6>来自项目“d:\MyProject\FrontCRM(C#)\tests\CRM.TestCommon\CRM.TestCommon.csproj”的文件“C:\Program Files\dotnet\sdk\9.0.308\Microsoft.Common.CurrentVersion.targets”中的目标“ResolveSDKReferences”(目标“ResolveAssemblyReferences”依赖于它):
       由于 false 条件，已跳过任务“ResolveSDKReference”；('@(SDKReference)'!='')计算为(''!='')。
   3:6>已完成在项目“CRM.TestCommon.csproj”中生成目标“ResolveSDKReferences”的操作。
       已跳过目标“ResolveSDKReferences”。以前的生成已成功。
   3:6>来自项目“d:\MyProject\FrontCRM(C#)\tests\CRM.TestCommon\CRM.TestCommon.csproj”的文件“C:\Program Files\dotnet\sdk\9.0.308\Microsoft.Common.CurrentVersion.targets”中的目标“ExpandSDKReferences”(目标“ResolveAssemblyReferences”依赖于它):
       由于 false 条件，已跳过任务“GetSDKReferenceFiles”；('@(ResolvedSDKReference)'!='')计算为(''!='')。
   3:6>已完成在项目“CRM.TestCommon.csproj”中生成目标“ExpandSDKReferences”的操作。
       已跳过目标“ResolvePackageDependenciesForBuild”。以前的生成已成功。
       已跳过目标“GetFrameworkPaths”。以前的生成已成功。
       已跳过目标“GetReferenceAssemblyPaths”。以前的生成已成功。
       已跳过目标“ProcessFrameworkReferences”。以前的生成已成功。
       已跳过目标“ResolvePackageAssets”。以前的生成已成功。
   3:6>来自项目“d:\MyProject\FrontCRM(C#)\tests\CRM.TestCommon\CRM.TestCommon.csproj”的文件“C:\Program Files\dotnet\sdk\9.0.308\Sdks\Microsoft.NET.Sdk\targets\Microsoft.NET.Sdk.FrameworkReferenceResolution.targets”中的目标“ResolveFrameworkReferences”(目标“ResolveTargetingPackAssets”依赖于它):
       正在使用程序集“C:\Program Files\dotnet\sdk\9.0.308\Sdks\Microsoft.NET.Sdk\targets\..\tools\net9.0\Microsoft.NET.Build.Tasks.dll”中的“GetPackageDirectory”任务。
       任务“GetPackageDirectory”
       已完成执行任务“GetPackageDirectory”的操作。
       任务“GetPackageDirectory”
       已完成执行任务“GetPackageDirectory”的操作。
       任务“GetPackageDirectory”
       已完成执行任务“GetPackageDirectory”的操作。
       任务“GetPackageDirectory”
       已完成执行任务“GetPackageDirectory”的操作。
       任务“GetPackageDirectory”
       已完成执行任务“GetPackageDirectory”的操作。
       任务“GetPackageDirectory”
       已完成执行任务“GetPackageDirectory”的操作。
       任务“GetPackageDirectory”
       已完成执行任务“GetPackageDirectory”的操作。
       任务“GetPackageDirectory”
       已完成执行任务“GetPackageDirectory”的操作。
       任务“GetPackageDirectory”
       已完成执行任务“GetPackageDirectory”的操作。
       任务“GetPackageDirectory”
       已完成执行任务“GetPackageDirectory”的操作。
       正在使用程序集“C:\Program Files\dotnet\sdk\9.0.308\Sdks\Microsoft.NET.Sdk\targets\..\tools\net9.0\Microsoft.NET.Build.Tasks.dll”中的“ResolveFrameworkReferences”任务。
       任务“ResolveFrameworkReferences”
   2:6>已完成执行任务“ResolveTargetingPackAssets”的操作。
   3:6>已完成执行任务“ResolveFrameworkReferences”的操作。
   3:6>已完成在项目“CRM.TestCommon.csproj”中生成目标“ResolveFrameworkReferences”的操作。
   2:6>已完成在项目“CRM.Core.csproj”中生成目标“ResolveTargetingPackAssets”的操作。
   3:6>来自项目“d:\MyProject\FrontCRM(C#)\tests\CRM.TestCommon\CRM.TestCommon.csproj”的文件“C:\Program Files\dotnet\sdk\9.0.308\Sdks\Microsoft.NET.Sdk\targets\Microsoft.NET.Sdk.FrameworkReferenceResolution.targets”中的目标“ResolveTargetingPackAssets”(目标“_HandlePackageFileConflicts”依赖于它):
   3:6>正在使用程序集“C:\Program Files\dotnet\sdk\9.0.308\Sdks\Microsoft.NET.Sdk\targets\..\tools\net9.0\Microsoft.NET.Build.Tasks.dll”中的“ResolveTargetingPackAssets”任务。
       任务“ResolveTargetingPackAssets”
   2:6>来自项目“d:\MyProject\FrontCRM(C#)\CRM.Core\CRM.Core.csproj”的文件“C:\Program Files\dotnet\sdk\9.0.308\Sdks\Microsoft.NET.Sdk\targets\Microsoft.NET.Sdk.FrameworkReferenceResolution.targets”中的目标“ResolveOffByDefaultAnalyzers”(目标“_HandlePackageFileConflicts”依赖于它):
   2:6>已完成在项目“CRM.Core.csproj”中生成目标“ResolveOffByDefaultAnalyzers”的操作。
   2:6>来自项目“d:\MyProject\FrontCRM(C#)\CRM.Core\CRM.Core.csproj”的文件“C:\Program Files\dotnet\sdk\9.0.308\Sdks\Microsoft.NET.Sdk\targets\Microsoft.NET.ConflictResolution.targets”中的目标“_HandlePackageFileConflicts”(目标“ResolveAssemblyReferences”依赖于它):
       正在使用程序集“C:\Program Files\dotnet\sdk\9.0.308\Sdks\Microsoft.NET.Sdk\targets\..\tools\net9.0\Microsoft.NET.Build.Tasks.dll”中的“ResolvePackageFileConflicts”任务。
       任务“ResolvePackageFileConflicts”
   3:6>已完成执行任务“ResolveTargetingPackAssets”的操作。
   3:6>已完成在项目“CRM.TestCommon.csproj”中生成目标“ResolveTargetingPackAssets”的操作。
   2:6>_HandlePackageFileConflicts:
         “Platform:mscorlib.dll”和“Platform:mscorlib.dll”之间存在冲突。 文件和程序集版本相等，因此无法确定优胜者。
         “Platform:Microsoft.VisualBasic.dll”和“Platform:Microsoft.VisualBasic.dll”之间存在冲突。 文件和程序集版本相等，因此无法确定优胜者。
         “Platform:System.dll”和“Platform:System.dll”之间存在冲突。 文件和程序集版本相等，因此无法确定优胜者。
         “Platform:System.ComponentModel.DataAnnotations.dll”和“Platform:System.ComponentModel.DataAnnotations.dll”之间存在冲突。 文件和程序集版本相等，因此无法确定优胜者。
         “Platform:System.Configuration.dll”和“Platform:System.Configuration.dll”之间存在冲突。 文件和程序集版本相等，因此无法确定优胜者。
         “Platform:System.Core.dll”和“Platform:System.Core.dll”之间存在冲突。 文件和程序集版本相等，因此无法确定优胜者。
         “Platform:System.Data.dll”和“Platform:System.Data.dll”之间存在冲突。 文件和程序集版本相等，因此无法确定优胜者。
         “Platform:System.Drawing.dll”和“Platform:System.Drawing.dll”之间存在冲突。 文件和程序集版本相等，因此无法确定优胜者。
         “Platform:System.IO.Compression.FileSystem.dll”和“Platform:System.IO.Compression.FileSystem.dll”之间存在冲突。 文件和程序集版本相等，因此无法确定优胜者。
         “Platform:System.Net.dll”和“Platform:System.Net.dll”之间存在冲突。 文件和程序集版本相等，因此无法确定优胜者。
         “Platform:System.Numerics.dll”和“Platform:System.Numerics.dll”之间存在冲突。 文件和程序集版本相等，因此无法确定优胜者。
         “Platform:System.Runtime.Serialization.dll”和“Platform:System.Runtime.Serialization.dll”之间存在冲突。 文件和程序集版本相等，因此无法确定优胜者。
   3:6>来自项目“d:\MyProject\FrontCRM(C#)\tests\CRM.TestCommon\CRM.TestCommon.csproj”的文件“C:\Program Files\dotnet\sdk\9.0.308\Sdks\Microsoft.NET.Sdk\targets\Microsoft.NET.Sdk.FrameworkReferenceResolution.targets”中的目标“ResolveOffByDefaultAnalyzers”(目标“_HandlePackageFileConflicts”依赖于它):
   3:6>已完成在项目“CRM.TestCommon.csproj”中生成目标“ResolveOffByDefaultAnalyzers”的操作。
   2:6>_HandlePackageFileConflicts:
         “Platform:System.Security.dll”和“Platform:System.Security.dll”之间存在冲突。 文件和程序集版本相等，因此无法确定优胜者。
         “Platform:System.ServiceProcess.dll”和“Platform:System.ServiceProcess.dll”之间存在冲突。 文件和程序集版本相等，因此无法确定优胜者。
         “Platform:System.ServiceModel.Web.dll”和“Platform:System.ServiceModel.Web.dll”之间存在冲突。 文件和程序集版本相等，因此无法确定优胜者。
         “Platform:System.Transactions.dll”和“Platform:System.Transactions.dll”之间存在冲突。 文件和程序集版本相等，因此无法确定优胜者。
         “Platform:System.Web.dll”和“Platform:System.Web.dll”之间存在冲突。 文件和程序集版本相等，因此无法确定优胜者。
   3:6>来自项目“d:\MyProject\FrontCRM(C#)\tests\CRM.TestCommon\CRM.TestCommon.csproj”的文件“C:\Program Files\dotnet\sdk\9.0.308\Sdks\Microsoft.NET.Sdk\targets\Microsoft.NET.ConflictResolution.targets”中的目标“_HandlePackageFileConflicts”(目标“ResolveAssemblyReferences”依赖于它):
   3:6>正在使用程序集“C:\Program Files\dotnet\sdk\9.0.308\Sdks\Microsoft.NET.Sdk\targets\..\tools\net9.0\Microsoft.NET.Build.Tasks.dll”中的“ResolvePackageFileConflicts”任务。
       任务“ResolvePackageFileConflicts”
   2:6>_HandlePackageFileConflicts:
         “Platform:System.Windows.dll”和“Platform:System.Windows.dll”之间存在冲突。 文件和程序集版本相等，因此无法确定优胜者。
         “Platform:System.Xml.dll”和“Platform:System.Xml.dll”之间存在冲突。 文件和程序集版本相等，因此无法确定优胜者。
         “Platform:System.Xml.Serialization.dll”和“Platform:System.Xml.Serialization.dll”之间存在冲突。 文件和程序集版本相等，因此无法确定优胜者。
         “Platform:System.Xml.Linq.dll”和“Platform:System.Xml.Linq.dll”之间存在冲突。 文件和程序集版本相等，因此无法确定优胜者。
         “Platform:WindowsBase.dll”和“Platform:WindowsBase.dll”之间存在冲突。 文件和程序集版本相等，因此无法确定优胜者。
         “Platform:netstandard.dll”和“Platform:netstandard.dll”之间存在冲突。 文件和程序集版本相等，因此无法确定优胜者。
         “Platform:System.Private.CoreLib.dll”和“Platform:System.Private.CoreLib.dll”之间存在冲突。 文件和程序集版本相等，因此无法确定优胜者。
         “Platform:System.Private.DataContractSerialization.dll”和“Platform:System.Private.DataContractSerialization.dll”之间存在冲突。 文件和程序集版本相等，因此无法确定优胜者。
         “Platform:System.Private.Uri.dll”和“Platform:System.Private.Uri.dll”之间存在冲突。 文件和程序集版本相等，因此无法确定优胜者。
         “Platform:System.Private.Xml.dll”和“Platform:System.Private.Xml.dll”之间存在冲突。 文件和程序集版本相等，因此无法确定优胜者。
         “Platform:System.Private.Xml.Linq.dll”和“Platform:System.Private.Xml.Linq.dll”之间存在冲突。 文件和程序集版本相等，因此无法确定优胜者。
         “Platform:mscordaccore_amd64_amd64_9.0.1125.51716.dll”和“Platform:mscordaccore_amd64_amd64_9.0.1125.51716.dll”之间存在冲突。 文件和程序集版本相等，因此无法确定优胜者。
       已完成执行任务“ResolvePackageFileConflicts”的操作。
   2:6>已完成在项目“CRM.Core.csproj”中生成目标“_HandlePackageFileConflicts”的操作。
       已跳过目标“ResolveTargetingPackAssets”。以前的生成已成功。
   2:6>来自项目“d:\MyProject\FrontCRM(C#)\CRM.Core\CRM.Core.csproj”的文件“C:\Program Files\dotnet\sdk\9.0.308\Microsoft.Common.CurrentVersion.targets”中的目标“ResolveAssemblyReferences”(目标“ResolveReferences”依赖于它):
       正在使用程序集“Microsoft.Build.Tasks.Core, Version=15.1.0.0, Culture=neutral, PublicKeyToken=b03f5f7f11d50a3a”中的“ResolveAssemblyReference”任务。
       任务“ResolveAssemblyReference”
         TargetFrameworkMoniker:
             .NETCoreApp,Version=v9.0
         TargetFrameworkMonikerDisplayName:
             .NET 9.0
         TargetedRuntimeVersion:
             
         Assemblies:
             C:\Program Files\dotnet\packs\Microsoft.NETCore.App.Ref\9.0.11\ref/net9.0/Microsoft.CSharp.dll
                 Private =“false”
             C:\Program Files\dotnet\packs\Microsoft.NETCore.App.Ref\9.0.11\ref/net9.0/Microsoft.VisualBasic.Core.dll
                 Private =“false”
             C:\Program Files\dotnet\packs\Microsoft.NETCore.App.Ref\9.0.11\ref/net9.0/Microsoft.VisualBasic.dll
                 Private =“false”
             C:\Program Files\dotnet\packs\Microsoft.NETCore.App.Ref\9.0.11\ref/net9.0/Microsoft.Win32.Primitives.dll
                 Private =“false”
             C:\Program Files\dotnet\packs\Microsoft.NETCore.App.Ref\9.0.11\ref/net9.0/Microsoft.Win32.Registry.dll
                 Private =“false”
             C:\Program Files\dotnet\packs\Microsoft.NETCore.App.Ref\9.0.11\ref/net9.0/System.AppContext.dll
                 Private =“false”
             C:\Program Files\dotnet\packs\Microsoft.NETCore.App.Ref\9.0.11\ref/net9.0/System.Buffers.dll
                 Private =“false”
             C:\Program Files\dotnet\packs\Microsoft.NETCore.App.Ref\9.0.11\ref/net9.0/System.Collections.Concurrent.dll
                 Private =“false”
             C:\Program Files\dotnet\packs\Microsoft.NETCore.App.Ref\9.0.11\ref/net9.0/System.Collections.Immutable.dll
                 Private =“false”
             C:\Program Files\dotnet\packs\Microsoft.NETCore.App.Ref\9.0.11\ref/net9.0/System.Collections.NonGeneric.dll
                 Private =“false”
             C:\Program Files\dotnet\packs\Microsoft.NETCore.App.Ref\9.0.11\ref/net9.0/System.Collections.Specialized.dll
                 Private =“false”
             C:\Program Files\dotnet\packs\Microsoft.NETCore.App.Ref\9.0.11\ref/net9.0/System.Collections.dll
                 Private =“false”
             C:\Program Files\dotnet\packs\Microsoft.NETCore.App.Ref\9.0.11\ref/net9.0/System.ComponentModel.Annotations.dll
                 Private =“false”
             C:\Program Files\dotnet\packs\Microsoft.NETCore.App.Ref\9.0.11\ref/net9.0/System.ComponentModel.DataAnnotations.dll
                 Private =“false”
             C:\Program Files\dotnet\packs\Microsoft.NETCore.App.Ref\9.0.11\ref/net9.0/System.ComponentModel.EventBasedAsync.dll
                 Private =“false”
             C:\Program Files\dotnet\packs\Microsoft.NETCore.App.Ref\9.0.11\ref/net9.0/System.ComponentModel.Primitives.dll
                 Private =“false”
             C:\Program Files\dotnet\packs\Microsoft.NETCore.App.Ref\9.0.11\ref/net9.0/System.ComponentModel.TypeConverter.dll
   3:6>_HandlePackageFileConflicts:
         “Platform:mscorlib.dll”和“Platform:mscorlib.dll”之间存在冲突。 文件和程序集版本相等，因此无法确定优胜者。
   2:6>ResolveAssemblyReferences:
                 Private =“false”
   3:6>_HandlePackageFileConflicts:
         “Platform:Microsoft.VisualBasic.dll”和“Platform:Microsoft.VisualBasic.dll”之间存在冲突。 文件和程序集版本相等，因此无法确定优胜者。
         “Platform:System.dll”和“Platform:System.dll”之间存在冲突。 文件和程序集版本相等，因此无法确定优胜者。
         “Platform:System.ComponentModel.DataAnnotations.dll”和“Platform:System.ComponentModel.DataAnnotations.dll”之间存在冲突。 文件和程序集版本相等，因此无法确定优胜者。
         “Platform:System.Configuration.dll”和“Platform:System.Configuration.dll”之间存在冲突。 文件和程序集版本相等，因此无法确定优胜者。
         “Platform:System.Core.dll”和“Platform:System.Core.dll”之间存在冲突。 文件和程序集版本相等，因此无法确定优胜者。
         “Platform:System.Data.dll”和“Platform:System.Data.dll”之间存在冲突。 文件和程序集版本相等，因此无法确定优胜者。
         “Platform:System.Drawing.dll”和“Platform:System.Drawing.dll”之间存在冲突。 文件和程序集版本相等，因此无法确定优胜者。
         “Platform:System.IO.Compression.FileSystem.dll”和“Platform:System.IO.Compression.FileSystem.dll”之间存在冲突。 文件和程序集版本相等，因此无法确定优胜者。
         “Platform:System.Net.dll”和“Platform:System.Net.dll”之间存在冲突。 文件和程序集版本相等，因此无法确定优胜者。
         “Platform:System.Numerics.dll”和“Platform:System.Numerics.dll”之间存在冲突。 文件和程序集版本相等，因此无法确定优胜者。
         “Platform:System.Runtime.Serialization.dll”和“Platform:System.Runtime.Serialization.dll”之间存在冲突。 文件和程序集版本相等，因此无法确定优胜者。
         “Platform:System.Security.dll”和“Platform:System.Security.dll”之间存在冲突。 文件和程序集版本相等，因此无法确定优胜者。
         “Platform:System.ServiceProcess.dll”和“Platform:System.ServiceProcess.dll”之间存在冲突。 文件和程序集版本相等，因此无法确定优胜者。
         “Platform:System.ServiceModel.Web.dll”和“Platform:System.ServiceModel.Web.dll”之间存在冲突。 文件和程序集版本相等，因此无法确定优胜者。
         “Platform:System.Transactions.dll”和“Platform:System.Transactions.dll”之间存在冲突。 文件和程序集版本相等，因此无法确定优胜者。
         “Platform:System.Web.dll”和“Platform:System.Web.dll”之间存在冲突。 文件和程序集版本相等，因此无法确定优胜者。
         “Platform:System.Windows.dll”和“Platform:System.Windows.dll”之间存在冲突。 文件和程序集版本相等，因此无法确定优胜者。
         “Platform:System.Xml.dll”和“Platform:System.Xml.dll”之间存在冲突。 文件和程序集版本相等，因此无法确定优胜者。
         “Platform:System.Xml.Serialization.dll”和“Platform:System.Xml.Serialization.dll”之间存在冲突。 文件和程序集版本相等，因此无法确定优胜者。
         “Platform:System.Xml.Linq.dll”和“Platform:System.Xml.Linq.dll”之间存在冲突。 文件和程序集版本相等，因此无法确定优胜者。
         “Platform:WindowsBase.dll”和“Platform:WindowsBase.dll”之间存在冲突。 文件和程序集版本相等，因此无法确定优胜者。
         “Platform:netstandard.dll”和“Platform:netstandard.dll”之间存在冲突。 文件和程序集版本相等，因此无法确定优胜者。
         “Platform:System.Private.CoreLib.dll”和“Platform:System.Private.CoreLib.dll”之间存在冲突。 文件和程序集版本相等，因此无法确定优胜者。
         “Platform:System.Private.DataContractSerialization.dll”和“Platform:System.Private.DataContractSerialization.dll”之间存在冲突。 文件和程序集版本相等，因此无法确定优胜者。
         “Platform:System.Private.Uri.dll”和“Platform:System.Private.Uri.dll”之间存在冲突。 文件和程序集版本相等，因此无法确定优胜者。
         “Platform:System.Private.Xml.dll”和“Platform:System.Private.Xml.dll”之间存在冲突。 文件和程序集版本相等，因此无法确定优胜者。
         “Platform:System.Private.Xml.Linq.dll”和“Platform:System.Private.Xml.Linq.dll”之间存在冲突。 文件和程序集版本相等，因此无法确定优胜者。
         “Platform:mscordaccore_amd64_amd64_9.0.1125.51716.dll”和“Platform:mscordaccore_amd64_amd64_9.0.1125.51716.dll”之间存在冲突。 文件和程序集版本相等，因此无法确定优胜者。
   2:6>ResolveAssemblyReferences:
             C:\Program Files\dotnet\packs\Microsoft.NETCore.App.Ref\9.0.11\ref/net9.0/System.ComponentModel.dll
                 Private =“false”
             C:\Program Files\dotnet\packs\Microsoft.NETCore.App.Ref\9.0.11\ref/net9.0/System.Configuration.dll
                 Private =“false”
             C:\Program Files\dotnet\packs\Microsoft.NETCore.App.Ref\9.0.11\ref/net9.0/System.Console.dll
                 Private =“false”
             C:\Program Files\dotnet\packs\Microsoft.NETCore.App.Ref\9.0.11\ref/net9.0/System.Core.dll
                 Private =“false”
             C:\Program Files\dotnet\packs\Microsoft.NETCore.App.Ref\9.0.11\ref/net9.0/System.Data.Common.dll
   3:6>已完成执行任务“ResolvePackageFileConflicts”的操作。
   2:6>ResolveAssemblyReferences:
                 Private =“false”
             C:\Program Files\dotnet\packs\Microsoft.NETCore.App.Ref\9.0.11\ref/net9.0/System.Data.DataSetExtensions.dll
                 Private =“false”
             C:\Program Files\dotnet\packs\Microsoft.NETCore.App.Ref\9.0.11\ref/net9.0/System.Data.dll
                 Private =“false”
             C:\Program Files\dotnet\packs\Microsoft.NETCore.App.Ref\9.0.11\ref/net9.0/System.Diagnostics.Contracts.dll
                 Private =“false”
             C:\Program Files\dotnet\packs\Microsoft.NETCore.App.Ref\9.0.11\ref/net9.0/System.Diagnostics.Debug.dll
                 Private =“false”
             C:\Program Files\dotnet\packs\Microsoft.NETCore.App.Ref\9.0.11\ref/net9.0/System.Diagnostics.DiagnosticSource.dll
   3:6>已完成在项目“CRM.TestCommon.csproj”中生成目标“_HandlePackageFileConflicts”的操作。
   2:6>ResolveAssemblyReferences:
                 Private =“false”
   3:6>已跳过目标“ResolveTargetingPackAssets”。以前的生成已成功。
   2:6>ResolveAssemblyReferences:
             C:\Program Files\dotnet\packs\Microsoft.NETCore.App.Ref\9.0.11\ref/net9.0/System.Diagnostics.FileVersionInfo.dll
                 Private =“false”
             C:\Program Files\dotnet\packs\Microsoft.NETCore.App.Ref\9.0.11\ref/net9.0/System.Diagnostics.Process.dll
                 Private =“false”
             C:\Program Files\dotnet\packs\Microsoft.NETCore.App.Ref\9.0.11\ref/net9.0/System.Diagnostics.StackTrace.dll
                 Private =“false”
             C:\Program Files\dotnet\packs\Microsoft.NETCore.App.Ref\9.0.11\ref/net9.0/System.Diagnostics.TextWriterTraceListener.dll
                 Private =“false”
             C:\Program Files\dotnet\packs\Microsoft.NETCore.App.Ref\9.0.11\ref/net9.0/System.Diagnostics.Tools.dll
                 Private =“false”
             C:\Program Files\dotnet\packs\Microsoft.NETCore.App.Ref\9.0.11\ref/net9.0/System.Diagnostics.TraceSource.dll
                 Private =“false”
             C:\Program Files\dotnet\packs\Microsoft.NETCore.App.Ref\9.0.11\ref/net9.0/System.Diagnostics.Tracing.dll
                 Private =“false”
   3:6>来自项目“d:\MyProject\FrontCRM(C#)\tests\CRM.TestCommon\CRM.TestCommon.csproj”的文件“C:\Program Files\dotnet\sdk\9.0.308\Microsoft.Common.CurrentVersion.targets”中的目标“ResolveAssemblyReferences”(目标“ResolveReferences”依赖于它):
   3:6>正在使用程序集“Microsoft.Build.Tasks.Core, Version=15.1.0.0, Culture=neutral, PublicKeyToken=b03f5f7f11d50a3a”中的“ResolveAssemblyReference”任务。
       任务“ResolveAssemblyReference”
   2:6>ResolveAssemblyReferences:
             C:\Program Files\dotnet\packs\Microsoft.NETCore.App.Ref\9.0.11\ref/net9.0/System.Drawing.Primitives.dll
                 Private =“false”
             C:\Program Files\dotnet\packs\Microsoft.NETCore.App.Ref\9.0.11\ref/net9.0/System.Drawing.dll
                 Private =“false”
             C:\Program Files\dotnet\packs\Microsoft.NETCore.App.Ref\9.0.11\ref/net9.0/System.Dynamic.Runtime.dll
                 Private =“false”
             C:\Program Files\dotnet\packs\Microsoft.NETCore.App.Ref\9.0.11\ref/net9.0/System.Formats.Asn1.dll
                 Private =“false”
             C:\Program Files\dotnet\packs\Microsoft.NETCore.App.Ref\9.0.11\ref/net9.0/System.Formats.Tar.dll
                 Private =“false”
             C:\Program Files\dotnet\packs\Microsoft.NETCore.App.Ref\9.0.11\ref/net9.0/System.Globalization.Calendars.dll
                 Private =“false”
             C:\Program Files\dotnet\packs\Microsoft.NETCore.App.Ref\9.0.11\ref/net9.0/System.Globalization.Extensions.dll
                 Private =“false”
             C:\Program Files\dotnet\packs\Microsoft.NETCore.App.Ref\9.0.11\ref/net9.0/System.Globalization.dll
                 Private =“false”
             C:\Program Files\dotnet\packs\Microsoft.NETCore.App.Ref\9.0.11\ref/net9.0/System.IO.Compression.Brotli.dll
                 Private =“false”
             C:\Program Files\dotnet\packs\Microsoft.NETCore.App.Ref\9.0.11\ref/net9.0/System.IO.Compression.FileSystem.dll
                 Private =“false”
             C:\Program Files\dotnet\packs\Microsoft.NETCore.App.Ref\9.0.11\ref/net9.0/System.IO.Compression.ZipFile.dll
                 Private =“false”
             C:\Program Files\dotnet\packs\Microsoft.NETCore.App.Ref\9.0.11\ref/net9.0/System.IO.Compression.dll
                 Private =“false”
             C:\Program Files\dotnet\packs\Microsoft.NETCore.App.Ref\9.0.11\ref/net9.0/System.IO.FileSystem.AccessControl.dll
                 Private =“false”
             C:\Program Files\dotnet\packs\Microsoft.NETCore.App.Ref\9.0.11\ref/net9.0/System.IO.FileSystem.DriveInfo.dll
                 Private =“false”
             C:\Program Files\dotnet\packs\Microsoft.NETCore.App.Ref\9.0.11\ref/net9.0/System.IO.FileSystem.Primitives.dll
                 Private =“false”
             C:\Program Files\dotnet\packs\Microsoft.NETCore.App.Ref\9.0.11\ref/net9.0/System.IO.FileSystem.Watcher.dll
                 Private =“false”
             C:\Program Files\dotnet\packs\Microsoft.NETCore.App.Ref\9.0.11\ref/net9.0/System.IO.FileSystem.dll
                 Private =“false”
             C:\Program Files\dotnet\packs\Microsoft.NETCore.App.Ref\9.0.11\ref/net9.0/System.IO.IsolatedStorage.dll
                 Private =“false”
             C:\Program Files\dotnet\packs\Microsoft.NETCore.App.Ref\9.0.11\ref/net9.0/System.IO.MemoryMappedFiles.dll
                 Private =“false”
             C:\Program Files\dotnet\packs\Microsoft.NETCore.App.Ref\9.0.11\ref/net9.0/System.IO.Pipelines.dll
                 Private =“false”
             C:\Program Files\dotnet\packs\Microsoft.NETCore.App.Ref\9.0.11\ref/net9.0/System.IO.Pipes.AccessControl.dll
   3:6>ResolveAssemblyReferences:
         TargetFrameworkMoniker:
             .NETCoreApp,Version=v9.0
         TargetFrameworkMonikerDisplayName:
   2:6>ResolveAssemblyReferences:
                 Private =“false”
   3:6>ResolveAssemblyReferences:
             .NET 9.0
         TargetedRuntimeVersion:
             
         Assemblies:
             C:\Program Files\dotnet\packs\Microsoft.NETCore.App.Ref\9.0.11\ref/net9.0/Microsoft.CSharp.dll
                 Private =“false”
             C:\Program Files\dotnet\packs\Microsoft.NETCore.App.Ref\9.0.11\ref/net9.0/Microsoft.VisualBasic.Core.dll
                 Private =“false”
             C:\Program Files\dotnet\packs\Microsoft.NETCore.App.Ref\9.0.11\ref/net9.0/Microsoft.VisualBasic.dll
                 Private =“false”
             C:\Program Files\dotnet\packs\Microsoft.NETCore.App.Ref\9.0.11\ref/net9.0/Microsoft.Win32.Primitives.dll
                 Private =“false”
             C:\Program Files\dotnet\packs\Microsoft.NETCore.App.Ref\9.0.11\ref/net9.0/Microsoft.Win32.Registry.dll
                 Private =“false”
             C:\Program Files\dotnet\packs\Microsoft.NETCore.App.Ref\9.0.11\ref/net9.0/System.AppContext.dll
                 Private =“false”
             C:\Program Files\dotnet\packs\Microsoft.NETCore.App.Ref\9.0.11\ref/net9.0/System.Buffers.dll
                 Private =“false”
             C:\Program Files\dotnet\packs\Microsoft.NETCore.App.Ref\9.0.11\ref/net9.0/System.Collections.Concurrent.dll
                 Private =“false”
             C:\Program Files\dotnet\packs\Microsoft.NETCore.App.Ref\9.0.11\ref/net9.0/System.Collections.Immutable.dll
                 Private =“false”
             C:\Program Files\dotnet\packs\Microsoft.NETCore.App.Ref\9.0.11\ref/net9.0/System.Collections.NonGeneric.dll
                 Private =“false”
             C:\Program Files\dotnet\packs\Microsoft.NETCore.App.Ref\9.0.11\ref/net9.0/System.Collections.Specialized.dll
                 Private =“false”
             C:\Program Files\dotnet\packs\Microsoft.NETCore.App.Ref\9.0.11\ref/net9.0/System.Collections.dll
                 Private =“false”
             C:\Program Files\dotnet\packs\Microsoft.NETCore.App.Ref\9.0.11\ref/net9.0/System.ComponentModel.Annotations.dll
                 Private =“false”
             C:\Program Files\dotnet\packs\Microsoft.NETCore.App.Ref\9.0.11\ref/net9.0/System.ComponentModel.DataAnnotations.dll
                 Private =“false”
             C:\Program Files\dotnet\packs\Microsoft.NETCore.App.Ref\9.0.11\ref/net9.0/System.ComponentModel.EventBasedAsync.dll
                 Private =“false”
             C:\Program Files\dotnet\packs\Microsoft.NETCore.App.Ref\9.0.11\ref/net9.0/System.ComponentModel.Primitives.dll
                 Private =“false”
             C:\Program Files\dotnet\packs\Microsoft.NETCore.App.Ref\9.0.11\ref/net9.0/System.ComponentModel.TypeConverter.dll
                 Private =“false”
             C:\Program Files\dotnet\packs\Microsoft.NETCore.App.Ref\9.0.11\ref/net9.0/System.ComponentModel.dll
                 Private =“false”
             C:\Program Files\dotnet\packs\Microsoft.NETCore.App.Ref\9.0.11\ref/net9.0/System.Configuration.dll
                 Private =“false”
             C:\Program Files\dotnet\packs\Microsoft.NETCore.App.Ref\9.0.11\ref/net9.0/System.Console.dll
                 Private =“false”
             C:\Program Files\dotnet\packs\Microsoft.NETCore.App.Ref\9.0.11\ref/net9.0/System.Core.dll
                 Private =“false”
             C:\Program Files\dotnet\packs\Microsoft.NETCore.App.Ref\9.0.11\ref/net9.0/System.Data.Common.dll
                 Private =“false”
             C:\Program Files\dotnet\packs\Microsoft.NETCore.App.Ref\9.0.11\ref/net9.0/System.Data.DataSetExtensions.dll
                 Private =“false”
   2:6>ResolveAssemblyReferences:
             C:\Program Files\dotnet\packs\Microsoft.NETCore.App.Ref\9.0.11\ref/net9.0/System.IO.Pipes.dll
   3:6>ResolveAssemblyReferences:
             C:\Program Files\dotnet\packs\Microsoft.NETCore.App.Ref\9.0.11\ref/net9.0/System.Data.dll
                 Private =“false”
             C:\Program Files\dotnet\packs\Microsoft.NETCore.App.Ref\9.0.11\ref/net9.0/System.Diagnostics.Contracts.dll
                 Private =“false”
             C:\Program Files\dotnet\packs\Microsoft.NETCore.App.Ref\9.0.11\ref/net9.0/System.Diagnostics.Debug.dll
                 Private =“false”
             C:\Program Files\dotnet\packs\Microsoft.NETCore.App.Ref\9.0.11\ref/net9.0/System.Diagnostics.DiagnosticSource.dll
                 Private =“false”
             C:\Program Files\dotnet\packs\Microsoft.NETCore.App.Ref\9.0.11\ref/net9.0/System.Diagnostics.FileVersionInfo.dll
                 Private =“false”
             C:\Program Files\dotnet\packs\Microsoft.NETCore.App.Ref\9.0.11\ref/net9.0/System.Diagnostics.Process.dll
                 Private =“false”
             C:\Program Files\dotnet\packs\Microsoft.NETCore.App.Ref\9.0.11\ref/net9.0/System.Diagnostics.StackTrace.dll
                 Private =“false”
             C:\Program Files\dotnet\packs\Microsoft.NETCore.App.Ref\9.0.11\ref/net9.0/System.Diagnostics.TextWriterTraceListener.dll
                 Private =“false”
             C:\Program Files\dotnet\packs\Microsoft.NETCore.App.Ref\9.0.11\ref/net9.0/System.Diagnostics.Tools.dll
                 Private =“false”
             C:\Program Files\dotnet\packs\Microsoft.NETCore.App.Ref\9.0.11\ref/net9.0/System.Diagnostics.TraceSource.dll
                 Private =“false”
             C:\Program Files\dotnet\packs\Microsoft.NETCore.App.Ref\9.0.11\ref/net9.0/System.Diagnostics.Tracing.dll
                 Private =“false”
             C:\Program Files\dotnet\packs\Microsoft.NETCore.App.Ref\9.0.11\ref/net9.0/System.Drawing.Primitives.dll
                 Private =“false”
             C:\Program Files\dotnet\packs\Microsoft.NETCore.App.Ref\9.0.11\ref/net9.0/System.Drawing.dll
                 Private =“false”
             C:\Program Files\dotnet\packs\Microsoft.NETCore.App.Ref\9.0.11\ref/net9.0/System.Dynamic.Runtime.dll
                 Private =“false”
             C:\Program Files\dotnet\packs\Microsoft.NETCore.App.Ref\9.0.11\ref/net9.0/System.Formats.Asn1.dll
                 Private =“false”
             C:\Program Files\dotnet\packs\Microsoft.NETCore.App.Ref\9.0.11\ref/net9.0/System.Formats.Tar.dll
                 Private =“false”
             C:\Program Files\dotnet\packs\Microsoft.NETCore.App.Ref\9.0.11\ref/net9.0/System.Globalization.Calendars.dll
                 Private =“false”
             C:\Program Files\dotnet\packs\Microsoft.NETCore.App.Ref\9.0.11\ref/net9.0/System.Globalization.Extensions.dll
                 Private =“false”
             C:\Program Files\dotnet\packs\Microsoft.NETCore.App.Ref\9.0.11\ref/net9.0/System.Globalization.dll
                 Private =“false”
             C:\Program Files\dotnet\packs\Microsoft.NETCore.App.Ref\9.0.11\ref/net9.0/System.IO.Compression.Brotli.dll
                 Private =“false”
             C:\Program Files\dotnet\packs\Microsoft.NETCore.App.Ref\9.0.11\ref/net9.0/System.IO.Compression.FileSystem.dll
                 Private =“false”
             C:\Program Files\dotnet\packs\Microsoft.NETCore.App.Ref\9.0.11\ref/net9.0/System.IO.Compression.ZipFile.dll
                 Private =“false”
             C:\Program Files\dotnet\packs\Microsoft.NETCore.App.Ref\9.0.11\ref/net9.0/System.IO.Compression.dll
                 Private =“false”
             C:\Program Files\dotnet\packs\Microsoft.NETCore.App.Ref\9.0.11\ref/net9.0/System.IO.FileSystem.AccessControl.dll
                 Private =“false”
             C:\Program Files\dotnet\packs\Microsoft.NETCore.App.Ref\9.0.11\ref/net9.0/System.IO.FileSystem.DriveInfo.dll
                 Private =“false”
             C:\Program Files\dotnet\packs\Microsoft.NETCore.App.Ref\9.0.11\ref/net9.0/System.IO.FileSystem.Primitives.dll
                 Private =“false”
             C:\Program Files\dotnet\packs\Microsoft.NETCore.App.Ref\9.0.11\ref/net9.0/System.IO.FileSystem.Watcher.dll
                 Private =“false”
             C:\Program Files\dotnet\packs\Microsoft.NETCore.App.Ref\9.0.11\ref/net9.0/System.IO.FileSystem.dll
                 Private =“false”
             C:\Program Files\dotnet\packs\Microsoft.NETCore.App.Ref\9.0.11\ref/net9.0/System.IO.IsolatedStorage.dll
                 Private =“false”
             C:\Program Files\dotnet\packs\Microsoft.NETCore.App.Ref\9.0.11\ref/net9.0/System.IO.MemoryMappedFiles.dll
                 Private =“false”
             C:\Program Files\dotnet\packs\Microsoft.NETCore.App.Ref\9.0.11\ref/net9.0/System.IO.Pipelines.dll
                 Private =“false”
             C:\Program Files\dotnet\packs\Microsoft.NETCore.App.Ref\9.0.11\ref/net9.0/System.IO.Pipes.AccessControl.dll
                 Private =“false”
             C:\Program Files\dotnet\packs\Microsoft.NETCore.App.Ref\9.0.11\ref/net9.0/System.IO.Pipes.dll
                 Private =“false”
             C:\Program Files\dotnet\packs\Microsoft.NETCore.App.Ref\9.0.11\ref/net9.0/System.IO.UnmanagedMemoryStream.dll
                 Private =“false”
             C:\Program Files\dotnet\packs\Microsoft.NETCore.App.Ref\9.0.11\ref/net9.0/System.IO.dll
                 Private =“false”
             C:\Program Files\dotnet\packs\Microsoft.NETCore.App.Ref\9.0.11\ref/net9.0/System.Linq.Expressions.dll
                 Private =“false”
             C:\Program Files\dotnet\packs\Microsoft.NETCore.App.Ref\9.0.11\ref/net9.0/System.Linq.Parallel.dll
                 Private =“false”
             C:\Program Files\dotnet\packs\Microsoft.NETCore.App.Ref\9.0.11\ref/net9.0/System.Linq.Queryable.dll
                 Private =“false”
             C:\Program Files\dotnet\packs\Microsoft.NETCore.App.Ref\9.0.11\ref/net9.0/System.Linq.dll
                 Private =“false”
             C:\Program Files\dotnet\packs\Microsoft.NETCore.App.Ref\9.0.11\ref/net9.0/System.Memory.dll
                 Private =“false”
             C:\Program Files\dotnet\packs\Microsoft.NETCore.App.Ref\9.0.11\ref/net9.0/System.Net.Http.Json.dll
                 Private =“false”
             C:\Program Files\dotnet\packs\Microsoft.NETCore.App.Ref\9.0.11\ref/net9.0/System.Net.Http.dll
                 Private =“false”
             C:\Program Files\dotnet\packs\Microsoft.NETCore.App.Ref\9.0.11\ref/net9.0/System.Net.HttpListener.dll
                 Private =“false”
             C:\Program Files\dotnet\packs\Microsoft.NETCore.App.Ref\9.0.11\ref/net9.0/System.Net.Mail.dll
                 Private =“false”
             C:\Program Files\dotnet\packs\Microsoft.NETCore.App.Ref\9.0.11\ref/net9.0/System.Net.NameResolution.dll
                 Private =“false”
             C:\Program Files\dotnet\packs\Microsoft.NETCore.App.Ref\9.0.11\ref/net9.0/System.Net.NetworkInformation.dll
                 Private =“false”
             C:\Program Files\dotnet\packs\Microsoft.NETCore.App.Ref\9.0.11\ref/net9.0/System.Net.Ping.dll
                 Private =“false”
             C:\Program Files\dotnet\packs\Microsoft.NETCore.App.Ref\9.0.11\ref/net9.0/System.Net.Primitives.dll
                 Private =“false”
             C:\Program Files\dotnet\packs\Microsoft.NETCore.App.Ref\9.0.11\ref/net9.0/System.Net.Quic.dll
                 Private =“false”
             C:\Program Files\dotnet\packs\Microsoft.NETCore.App.Ref\9.0.11\ref/net9.0/System.Net.Requests.dll
                 Private =“false”
             C:\Program Files\dotnet\packs\Microsoft.NETCore.App.Ref\9.0.11\ref/net9.0/System.Net.Security.dll
                 Private =“false”
             C:\Program Files\dotnet\packs\Microsoft.NETCore.App.Ref\9.0.11\ref/net9.0/System.Net.ServicePoint.dll
                 Private =“false”
             C:\Program Files\dotnet\packs\Microsoft.NETCore.App.Ref\9.0.11\ref/net9.0/System.Net.Sockets.dll
                 Private =“false”
             C:\Program Files\dotnet\packs\Microsoft.NETCore.App.Ref\9.0.11\ref/net9.0/System.Net.WebClient.dll
                 Private =“false”
             C:\Program Files\dotnet\packs\Microsoft.NETCore.App.Ref\9.0.11\ref/net9.0/System.Net.WebHeaderCollection.dll
                 Private =“false”
             C:\Program Files\dotnet\packs\Microsoft.NETCore.App.Ref\9.0.11\ref/net9.0/System.Net.WebProxy.dll
                 Private =“false”
             C:\Program Files\dotnet\packs\Microsoft.NETCore.App.Ref\9.0.11\ref/net9.0/System.Net.WebSockets.Client.dll
                 Private =“false”
             C:\Program Files\dotnet\packs\Microsoft.NETCore.App.Ref\9.0.11\ref/net9.0/System.Net.WebSockets.dll
                 Private =“false”
             C:\Program Files\dotnet\packs\Microsoft.NETCore.App.Ref\9.0.11\ref/net9.0/System.Net.dll
                 Private =“false”
             C:\Program Files\dotnet\packs\Microsoft.NETCore.App.Ref\9.0.11\ref/net9.0/System.Numerics.Vectors.dll
                 Private =“false”
             C:\Program Files\dotnet\packs\Microsoft.NETCore.App.Ref\9.0.11\ref/net9.0/System.Numerics.dll
                 Private =“false”
             C:\Program Files\dotnet\packs\Microsoft.NETCore.App.Ref\9.0.11\ref/net9.0/System.ObjectModel.dll
                 Private =“false”
             C:\Program Files\dotnet\packs\Microsoft.NETCore.App.Ref\9.0.11\ref/net9.0/System.Reflection.DispatchProxy.dll
                 Private =“false”
             C:\Program Files\dotnet\packs\Microsoft.NETCore.App.Ref\9.0.11\ref/net9.0/System.Reflection.Emit.ILGeneration.dll
                 Private =“false”
             C:\Program Files\dotnet\packs\Microsoft.NETCore.App.Ref\9.0.11\ref/net9.0/System.Reflection.Emit.Lightweight.dll
                 Private =“false”
             C:\Program Files\dotnet\packs\Microsoft.NETCore.App.Ref\9.0.11\ref/net9.0/System.Reflection.Emit.dll
                 Private =“false”
             C:\Program Files\dotnet\packs\Microsoft.NETCore.App.Ref\9.0.11\ref/net9.0/System.Reflection.Extensions.dll
   2:6>ResolveAssemblyReferences:
                 Private =“false”
   3:6>ResolveAssemblyReferences:
                 Private =“false”
             C:\Program Files\dotnet\packs\Microsoft.NETCore.App.Ref\9.0.11\ref/net9.0/System.Reflection.Metadata.dll
                 Private =“false”
             C:\Program Files\dotnet\packs\Microsoft.NETCore.App.Ref\9.0.11\ref/net9.0/System.Reflection.Primitives.dll
                 Private =“false”
             C:\Program Files\dotnet\packs\Microsoft.NETCore.App.Ref\9.0.11\ref/net9.0/System.Reflection.TypeExtensions.dll
                 Private =“false”
             C:\Program Files\dotnet\packs\Microsoft.NETCore.App.Ref\9.0.11\ref/net9.0/System.Reflection.dll
                 Private =“false”
             C:\Program Files\dotnet\packs\Microsoft.NETCore.App.Ref\9.0.11\ref/net9.0/System.Resources.Reader.dll
                 Private =“false”
             C:\Program Files\dotnet\packs\Microsoft.NETCore.App.Ref\9.0.11\ref/net9.0/System.Resources.ResourceManager.dll
                 Private =“false”
             C:\Program Files\dotnet\packs\Microsoft.NETCore.App.Ref\9.0.11\ref/net9.0/System.Resources.Writer.dll
                 Private =“false”
             C:\Program Files\dotnet\packs\Microsoft.NETCore.App.Ref\9.0.11\ref/net9.0/System.Runtime.CompilerServices.Unsafe.dll
                 Private =“false”
             C:\Program Files\dotnet\packs\Microsoft.NETCore.App.Ref\9.0.11\ref/net9.0/System.Runtime.CompilerServices.VisualC.dll
                 Private =“false”
             C:\Program Files\dotnet\packs\Microsoft.NETCore.App.Ref\9.0.11\ref/net9.0/System.Runtime.Extensions.dll
                 Private =“false”
             C:\Program Files\dotnet\packs\Microsoft.NETCore.App.Ref\9.0.11\ref/net9.0/System.Runtime.Handles.dll
                 Private =“false”
             C:\Program Files\dotnet\packs\Microsoft.NETCore.App.Ref\9.0.11\ref/net9.0/System.Runtime.InteropServices.JavaScript.dll
                 Private =“false”
             C:\Program Files\dotnet\packs\Microsoft.NETCore.App.Ref\9.0.11\ref/net9.0/System.Runtime.InteropServices.RuntimeInformation.dll
                 Private =“false”
             C:\Program Files\dotnet\packs\Microsoft.NETCore.App.Ref\9.0.11\ref/net9.0/System.Runtime.InteropServices.dll
                 Private =“false”
             C:\Program Files\dotnet\packs\Microsoft.NETCore.App.Ref\9.0.11\ref/net9.0/System.Runtime.Intrinsics.dll
                 Private =“false”
             C:\Program Files\dotnet\packs\Microsoft.NETCore.App.Ref\9.0.11\ref/net9.0/System.Runtime.Loader.dll
                 Private =“false”
             C:\Program Files\dotnet\packs\Microsoft.NETCore.App.Ref\9.0.11\ref/net9.0/System.Runtime.Numerics.dll
                 Private =“false”
             C:\Program Files\dotnet\packs\Microsoft.NETCore.App.Ref\9.0.11\ref/net9.0/System.Runtime.Serialization.Formatters.dll
                 Private =“false”
             C:\Program Files\dotnet\packs\Microsoft.NETCore.App.Ref\9.0.11\ref/net9.0/System.Runtime.Serialization.Json.dll
                 Private =“false”
             C:\Program Files\dotnet\packs\Microsoft.NETCore.App.Ref\9.0.11\ref/net9.0/System.Runtime.Serialization.Primitives.dll
                 Private =“false”
             C:\Program Files\dotnet\packs\Microsoft.NETCore.App.Ref\9.0.11\ref/net9.0/System.Runtime.Serialization.Xml.dll
                 Private =“false”
             C:\Program Files\dotnet\packs\Microsoft.NETCore.App.Ref\9.0.11\ref/net9.0/System.Runtime.Serialization.dll
                 Private =“false”
             C:\Program Files\dotnet\packs\Microsoft.NETCore.App.Ref\9.0.11\ref/net9.0/System.Runtime.dll
                 Private =“false”
             C:\Program Files\dotnet\packs\Microsoft.NETCore.App.Ref\9.0.11\ref/net9.0/System.Security.AccessControl.dll
                 Private =“false”
             C:\Program Files\dotnet\packs\Microsoft.NETCore.App.Ref\9.0.11\ref/net9.0/System.Security.Claims.dll
                 Private =“false”
             C:\Program Files\dotnet\packs\Microsoft.NETCore.App.Ref\9.0.11\ref/net9.0/System.Security.Cryptography.Algorithms.dll
                 Private =“false”
             C:\Program Files\dotnet\packs\Microsoft.NETCore.App.Ref\9.0.11\ref/net9.0/System.Security.Cryptography.Cng.dll
                 Private =“false”
             C:\Program Files\dotnet\packs\Microsoft.NETCore.App.Ref\9.0.11\ref/net9.0/System.Security.Cryptography.Csp.dll
                 Private =“false”
             C:\Program Files\dotnet\packs\Microsoft.NETCore.App.Ref\9.0.11\ref/net9.0/System.Security.Cryptography.Encoding.dll
                 Private =“false”
             C:\Program Files\dotnet\packs\Microsoft.NETCore.App.Ref\9.0.11\ref/net9.0/System.Security.Cryptography.OpenSsl.dll
                 Private =“false”
             C:\Program Files\dotnet\packs\Microsoft.NETCore.App.Ref\9.0.11\ref/net9.0/System.Security.Cryptography.Primitives.dll
                 Private =“false”
             C:\Program Files\dotnet\packs\Microsoft.NETCore.App.Ref\9.0.11\ref/net9.0/System.Security.Cryptography.X509Certificates.dll
                 Private =“false”
             C:\Program Files\dotnet\packs\Microsoft.NETCore.App.Ref\9.0.11\ref/net9.0/System.Security.Cryptography.dll
                 Private =“false”
             C:\Program Files\dotnet\packs\Microsoft.NETCore.App.Ref\9.0.11\ref/net9.0/System.Security.Principal.Windows.dll
                 Private =“false”
             C:\Program Files\dotnet\packs\Microsoft.NETCore.App.Ref\9.0.11\ref/net9.0/System.Security.Principal.dll
                 Private =“false”
             C:\Program Files\dotnet\packs\Microsoft.NETCore.App.Ref\9.0.11\ref/net9.0/System.Security.SecureString.dll
                 Private =“false”
             C:\Program Files\dotnet\packs\Microsoft.NETCore.App.Ref\9.0.11\ref/net9.0/System.Security.dll
                 Private =“false”
             C:\Program Files\dotnet\packs\Microsoft.NETCore.App.Ref\9.0.11\ref/net9.0/System.ServiceModel.Web.dll
                 Private =“false”
             C:\Program Files\dotnet\packs\Microsoft.NETCore.App.Ref\9.0.11\ref/net9.0/System.ServiceProcess.dll
                 Private =“false”
             C:\Program Files\dotnet\packs\Microsoft.NETCore.App.Ref\9.0.11\ref/net9.0/System.Text.Encoding.CodePages.dll
                 Private =“false”
             C:\Program Files\dotnet\packs\Microsoft.NETCore.App.Ref\9.0.11\ref/net9.0/System.Text.Encoding.Extensions.dll
                 Private =“false”
             C:\Program Files\dotnet\packs\Microsoft.NETCore.App.Ref\9.0.11\ref/net9.0/System.Text.Encoding.dll
                 Private =“false”
             C:\Program Files\dotnet\packs\Microsoft.NETCore.App.Ref\9.0.11\ref/net9.0/System.Text.Encodings.Web.dll
                 Private =“false”
             C:\Program Files\dotnet\packs\Microsoft.NETCore.App.Ref\9.0.11\ref/net9.0/System.Text.Json.dll
                 Private =“false”
             C:\Program Files\dotnet\packs\Microsoft.NETCore.App.Ref\9.0.11\ref/net9.0/System.Text.RegularExpressions.dll
                 Private =“false”
   2:6>ResolveAssemblyReferences:
             C:\Program Files\dotnet\packs\Microsoft.NETCore.App.Ref\9.0.11\ref/net9.0/System.IO.UnmanagedMemoryStream.dll
   3:6>ResolveAssemblyReferences:
             C:\Program Files\dotnet\packs\Microsoft.NETCore.App.Ref\9.0.11\ref/net9.0/System.Threading.Channels.dll
                 Private =“false”
             C:\Program Files\dotnet\packs\Microsoft.NETCore.App.Ref\9.0.11\ref/net9.0/System.Threading.Overlapped.dll
                 Private =“false”
             C:\Program Files\dotnet\packs\Microsoft.NETCore.App.Ref\9.0.11\ref/net9.0/System.Threading.Tasks.Dataflow.dll
                 Private =“false”
             C:\Program Files\dotnet\packs\Microsoft.NETCore.App.Ref\9.0.11\ref/net9.0/System.Threading.Tasks.Extensions.dll
                 Private =“false”
             C:\Program Files\dotnet\packs\Microsoft.NETCore.App.Ref\9.0.11\ref/net9.0/System.Threading.Tasks.Parallel.dll
                 Private =“false”
             C:\Program Files\dotnet\packs\Microsoft.NETCore.App.Ref\9.0.11\ref/net9.0/System.Threading.Tasks.dll
                 Private =“false”
             C:\Program Files\dotnet\packs\Microsoft.NETCore.App.Ref\9.0.11\ref/net9.0/System.Threading.Thread.dll
                 Private =“false”
             C:\Program Files\dotnet\packs\Microsoft.NETCore.App.Ref\9.0.11\ref/net9.0/System.Threading.ThreadPool.dll
                 Private =“false”
             C:\Program Files\dotnet\packs\Microsoft.NETCore.App.Ref\9.0.11\ref/net9.0/System.Threading.Timer.dll
                 Private =“false”
             C:\Program Files\dotnet\packs\Microsoft.NETCore.App.Ref\9.0.11\ref/net9.0/System.Threading.dll
                 Private =“false”
             C:\Program Files\dotnet\packs\Microsoft.NETCore.App.Ref\9.0.11\ref/net9.0/System.Transactions.Local.dll
                 Private =“false”
             C:\Program Files\dotnet\packs\Microsoft.NETCore.App.Ref\9.0.11\ref/net9.0/System.Transactions.dll
                 Private =“false”
             C:\Program Files\dotnet\packs\Microsoft.NETCore.App.Ref\9.0.11\ref/net9.0/System.ValueTuple.dll
                 Private =“false”
             C:\Program Files\dotnet\packs\Microsoft.NETCore.App.Ref\9.0.11\ref/net9.0/System.Web.HttpUtility.dll
                 Private =“false”
             C:\Program Files\dotnet\packs\Microsoft.NETCore.App.Ref\9.0.11\ref/net9.0/System.Web.dll
                 Private =“false”
             C:\Program Files\dotnet\packs\Microsoft.NETCore.App.Ref\9.0.11\ref/net9.0/System.Windows.dll
                 Private =“false”
             C:\Program Files\dotnet\packs\Microsoft.NETCore.App.Ref\9.0.11\ref/net9.0/System.Xml.Linq.dll
                 Private =“false”
             C:\Program Files\dotnet\packs\Microsoft.NETCore.App.Ref\9.0.11\ref/net9.0/System.Xml.ReaderWriter.dll
                 Private =“false”
             C:\Program Files\dotnet\packs\Microsoft.NETCore.App.Ref\9.0.11\ref/net9.0/System.Xml.Serialization.dll
                 Private =“false”
             C:\Program Files\dotnet\packs\Microsoft.NETCore.App.Ref\9.0.11\ref/net9.0/System.Xml.XDocument.dll
                 Private =“false”
             C:\Program Files\dotnet\packs\Microsoft.NETCore.App.Ref\9.0.11\ref/net9.0/System.Xml.XPath.XDocument.dll
                 Private =“false”
             C:\Program Files\dotnet\packs\Microsoft.NETCore.App.Ref\9.0.11\ref/net9.0/System.Xml.XPath.dll
                 Private =“false”
             C:\Program Files\dotnet\packs\Microsoft.NETCore.App.Ref\9.0.11\ref/net9.0/System.Xml.XmlDocument.dll
                 Private =“false”
             C:\Program Files\dotnet\packs\Microsoft.NETCore.App.Ref\9.0.11\ref/net9.0/System.Xml.XmlSerializer.dll
                 Private =“false”
             C:\Program Files\dotnet\packs\Microsoft.NETCore.App.Ref\9.0.11\ref/net9.0/System.Xml.dll
                 Private =“false”
             C:\Program Files\dotnet\packs\Microsoft.NETCore.App.Ref\9.0.11\ref/net9.0/System.dll
                 Private =“false”
             C:\Program Files\dotnet\packs\Microsoft.NETCore.App.Ref\9.0.11\ref/net9.0/WindowsBase.dll
                 Private =“false”
             C:\Program Files\dotnet\packs\Microsoft.NETCore.App.Ref\9.0.11\ref/net9.0/mscorlib.dll
                 Private =“false”
             C:\Program Files\dotnet\packs\Microsoft.NETCore.App.Ref\9.0.11\ref/net9.0/netstandard.dll
                 Private =“false”
         AssemblyFiles:
         CandidateAssemblyFiles:
         TargetFrameworkDirectories:
             
         NonCultureResourceDirectories:
             
         InstalledAssemblyTables:
         IgnoreInstalledAssemblyTable:
   2:6>ResolveAssemblyReferences:
                 Private =“false”
   3:6>ResolveAssemblyReferences:
             False
         SearchPaths:
             {CandidateAssemblyFiles}
             {HintPathFromItem}
             {TargetFrameworkDirectory}
             {RawFileName}
         AllowedAssemblyExtensions:
             .winmd
             .dll
             .exe
         AllowedRelatedFileExtensions:
             .pdb
             .xml
             .pri
             .dll.config
             .exe.config
         AppConfigFile:
             
         AutoUnify:
             True
         EnableCustomCulture:
             False
         CopyLocalDependenciesWhenParentReferenceInGac:
             True
         FindDependencies:
             True
         TargetProcessorArchitecture:
             msil
         StateFile:
             obj\Debug\net9.0\CRM.TestCommon.csproj.AssemblyReference.cache
         InstalledAssemblySubsetTables:
         IgnoreInstalledAssemblySubsetTable:
             False
         TargetFrameworkSubsets:
         FullTargetFrameworkSubsetNames:
             Full
         ProfileName:
             
         FullFrameworkFolders:
         LatestTargetFrameworkDirectories:
         ProfileTablesLocation:
   2:6>ResolveAssemblyReferences:
             C:\Program Files\dotnet\packs\Microsoft.NETCore.App.Ref\9.0.11\ref/net9.0/System.IO.dll
                 Private =“false”
             C:\Program Files\dotnet\packs\Microsoft.NETCore.App.Ref\9.0.11\ref/net9.0/System.Linq.Expressions.dll
                 Private =“false”
             C:\Program Files\dotnet\packs\Microsoft.NETCore.App.Ref\9.0.11\ref/net9.0/System.Linq.Parallel.dll
                 Private =“false”
             C:\Program Files\dotnet\packs\Microsoft.NETCore.App.Ref\9.0.11\ref/net9.0/System.Linq.Queryable.dll
                 Private =“false”
             C:\Program Files\dotnet\packs\Microsoft.NETCore.App.Ref\9.0.11\ref/net9.0/System.Linq.dll
                 Private =“false”
             C:\Program Files\dotnet\packs\Microsoft.NETCore.App.Ref\9.0.11\ref/net9.0/System.Memory.dll
                 Private =“false”
             C:\Program Files\dotnet\packs\Microsoft.NETCore.App.Ref\9.0.11\ref/net9.0/System.Net.Http.Json.dll
                 Private =“false”
             C:\Program Files\dotnet\packs\Microsoft.NETCore.App.Ref\9.0.11\ref/net9.0/System.Net.Http.dll
                 Private =“false”
             C:\Program Files\dotnet\packs\Microsoft.NETCore.App.Ref\9.0.11\ref/net9.0/System.Net.HttpListener.dll
                 Private =“false”
             C:\Program Files\dotnet\packs\Microsoft.NETCore.App.Ref\9.0.11\ref/net9.0/System.Net.Mail.dll
                 Private =“false”
             C:\Program Files\dotnet\packs\Microsoft.NETCore.App.Ref\9.0.11\ref/net9.0/System.Net.NameResolution.dll
                 Private =“false”
             C:\Program Files\dotnet\packs\Microsoft.NETCore.App.Ref\9.0.11\ref/net9.0/System.Net.NetworkInformation.dll
                 Private =“false”
             C:\Program Files\dotnet\packs\Microsoft.NETCore.App.Ref\9.0.11\ref/net9.0/System.Net.Ping.dll
                 Private =“false”
             C:\Program Files\dotnet\packs\Microsoft.NETCore.App.Ref\9.0.11\ref/net9.0/System.Net.Primitives.dll
                 Private =“false”
             C:\Program Files\dotnet\packs\Microsoft.NETCore.App.Ref\9.0.11\ref/net9.0/System.Net.Quic.dll
                 Private =“false”
             C:\Program Files\dotnet\packs\Microsoft.NETCore.App.Ref\9.0.11\ref/net9.0/System.Net.Requests.dll
                 Private =“false”
             C:\Program Files\dotnet\packs\Microsoft.NETCore.App.Ref\9.0.11\ref/net9.0/System.Net.Security.dll
                 Private =“false”
             C:\Program Files\dotnet\packs\Microsoft.NETCore.App.Ref\9.0.11\ref/net9.0/System.Net.ServicePoint.dll
                 Private =“false”
             C:\Program Files\dotnet\packs\Microsoft.NETCore.App.Ref\9.0.11\ref/net9.0/System.Net.Sockets.dll
                 Private =“false”
             C:\Program Files\dotnet\packs\Microsoft.NETCore.App.Ref\9.0.11\ref/net9.0/System.Net.WebClient.dll
                 Private =“false”
             C:\Program Files\dotnet\packs\Microsoft.NETCore.App.Ref\9.0.11\ref/net9.0/System.Net.WebHeaderCollection.dll
                 Private =“false”
             C:\Program Files\dotnet\packs\Microsoft.NETCore.App.Ref\9.0.11\ref/net9.0/System.Net.WebProxy.dll
                 Private =“false”
             C:\Program Files\dotnet\packs\Microsoft.NETCore.App.Ref\9.0.11\ref/net9.0/System.Net.WebSockets.Client.dll
                 Private =“false”
             C:\Program Files\dotnet\packs\Microsoft.NETCore.App.Ref\9.0.11\ref/net9.0/System.Net.WebSockets.dll
                 Private =“false”
             C:\Program Files\dotnet\packs\Microsoft.NETCore.App.Ref\9.0.11\ref/net9.0/System.Net.dll
                 Private =“false”
             C:\Program Files\dotnet\packs\Microsoft.NETCore.App.Ref\9.0.11\ref/net9.0/System.Numerics.Vectors.dll
                 Private =“false”
             C:\Program Files\dotnet\packs\Microsoft.NETCore.App.Ref\9.0.11\ref/net9.0/System.Numerics.dll
                 Private =“false”
             C:\Program Files\dotnet\packs\Microsoft.NETCore.App.Ref\9.0.11\ref/net9.0/System.ObjectModel.dll
                 Private =“false”
             C:\Program Files\dotnet\packs\Microsoft.NETCore.App.Ref\9.0.11\ref/net9.0/System.Reflection.DispatchProxy.dll
                 Private =“false”
             C:\Program Files\dotnet\packs\Microsoft.NETCore.App.Ref\9.0.11\ref/net9.0/System.Reflection.Emit.ILGeneration.dll
                 Private =“false”
             C:\Program Files\dotnet\packs\Microsoft.NETCore.App.Ref\9.0.11\ref/net9.0/System.Reflection.Emit.Lightweight.dll
                 Private =“false”
             C:\Program Files\dotnet\packs\Microsoft.NETCore.App.Ref\9.0.11\ref/net9.0/System.Reflection.Emit.dll
                 Private =“false”
             C:\Program Files\dotnet\packs\Microsoft.NETCore.App.Ref\9.0.11\ref/net9.0/System.Reflection.Extensions.dll
                 Private =“false”
             C:\Program Files\dotnet\packs\Microsoft.NETCore.App.Ref\9.0.11\ref/net9.0/System.Reflection.Metadata.dll
                 Private =“false”
             C:\Program Files\dotnet\packs\Microsoft.NETCore.App.Ref\9.0.11\ref/net9.0/System.Reflection.Primitives.dll
                 Private =“false”
             C:\Program Files\dotnet\packs\Microsoft.NETCore.App.Ref\9.0.11\ref/net9.0/System.Reflection.TypeExtensions.dll
                 Private =“false”
             C:\Program Files\dotnet\packs\Microsoft.NETCore.App.Ref\9.0.11\ref/net9.0/System.Reflection.dll
                 Private =“false”
             C:\Program Files\dotnet\packs\Microsoft.NETCore.App.Ref\9.0.11\ref/net9.0/System.Resources.Reader.dll
                 Private =“false”
             C:\Program Files\dotnet\packs\Microsoft.NETCore.App.Ref\9.0.11\ref/net9.0/System.Resources.ResourceManager.dll
                 Private =“false”
             C:\Program Files\dotnet\packs\Microsoft.NETCore.App.Ref\9.0.11\ref/net9.0/System.Resources.Writer.dll
                 Private =“false”
             C:\Program Files\dotnet\packs\Microsoft.NETCore.App.Ref\9.0.11\ref/net9.0/System.Runtime.CompilerServices.Unsafe.dll
                 Private =“false”
             C:\Program Files\dotnet\packs\Microsoft.NETCore.App.Ref\9.0.11\ref/net9.0/System.Runtime.CompilerServices.VisualC.dll
                 Private =“false”
             C:\Program Files\dotnet\packs\Microsoft.NETCore.App.Ref\9.0.11\ref/net9.0/System.Runtime.Extensions.dll
                 Private =“false”
             C:\Program Files\dotnet\packs\Microsoft.NETCore.App.Ref\9.0.11\ref/net9.0/System.Runtime.Handles.dll
                 Private =“false”
             C:\Program Files\dotnet\packs\Microsoft.NETCore.App.Ref\9.0.11\ref/net9.0/System.Runtime.InteropServices.JavaScript.dll
                 Private =“false”
             C:\Program Files\dotnet\packs\Microsoft.NETCore.App.Ref\9.0.11\ref/net9.0/System.Runtime.InteropServices.RuntimeInformation.dll
                 Private =“false”
             C:\Program Files\dotnet\packs\Microsoft.NETCore.App.Ref\9.0.11\ref/net9.0/System.Runtime.InteropServices.dll
                 Private =“false”
             C:\Program Files\dotnet\packs\Microsoft.NETCore.App.Ref\9.0.11\ref/net9.0/System.Runtime.Intrinsics.dll
                 Private =“false”
             C:\Program Files\dotnet\packs\Microsoft.NETCore.App.Ref\9.0.11\ref/net9.0/System.Runtime.Loader.dll
                 Private =“false”
             C:\Program Files\dotnet\packs\Microsoft.NETCore.App.Ref\9.0.11\ref/net9.0/System.Runtime.Numerics.dll
                 Private =“false”
             C:\Program Files\dotnet\packs\Microsoft.NETCore.App.Ref\9.0.11\ref/net9.0/System.Runtime.Serialization.Formatters.dll
                 Private =“false”
             C:\Program Files\dotnet\packs\Microsoft.NETCore.App.Ref\9.0.11\ref/net9.0/System.Runtime.Serialization.Json.dll
                 Private =“false”
             C:\Program Files\dotnet\packs\Microsoft.NETCore.App.Ref\9.0.11\ref/net9.0/System.Runtime.Serialization.Primitives.dll
                 Private =“false”
             C:\Program Files\dotnet\packs\Microsoft.NETCore.App.Ref\9.0.11\ref/net9.0/System.Runtime.Serialization.Xml.dll
                 Private =“false”
             C:\Program Files\dotnet\packs\Microsoft.NETCore.App.Ref\9.0.11\ref/net9.0/System.Runtime.Serialization.dll
                 Private =“false”
             C:\Program Files\dotnet\packs\Microsoft.NETCore.App.Ref\9.0.11\ref/net9.0/System.Runtime.dll
                 Private =“false”
             C:\Program Files\dotnet\packs\Microsoft.NETCore.App.Ref\9.0.11\ref/net9.0/System.Security.AccessControl.dll
                 Private =“false”
             C:\Program Files\dotnet\packs\Microsoft.NETCore.App.Ref\9.0.11\ref/net9.0/System.Security.Claims.dll
                 Private =“false”
             C:\Program Files\dotnet\packs\Microsoft.NETCore.App.Ref\9.0.11\ref/net9.0/System.Security.Cryptography.Algorithms.dll
                 Private =“false”
             C:\Program Files\dotnet\packs\Microsoft.NETCore.App.Ref\9.0.11\ref/net9.0/System.Security.Cryptography.Cng.dll
                 Private =“false”
             C:\Program Files\dotnet\packs\Microsoft.NETCore.App.Ref\9.0.11\ref/net9.0/System.Security.Cryptography.Csp.dll
                 Private =“false”
             C:\Program Files\dotnet\packs\Microsoft.NETCore.App.Ref\9.0.11\ref/net9.0/System.Security.Cryptography.Encoding.dll
                 Private =“false”
             C:\Program Files\dotnet\packs\Microsoft.NETCore.App.Ref\9.0.11\ref/net9.0/System.Security.Cryptography.OpenSsl.dll
                 Private =“false”
             C:\Program Files\dotnet\packs\Microsoft.NETCore.App.Ref\9.0.11\ref/net9.0/System.Security.Cryptography.Primitives.dll
                 Private =“false”
             C:\Program Files\dotnet\packs\Microsoft.NETCore.App.Ref\9.0.11\ref/net9.0/System.Security.Cryptography.X509Certificates.dll
                 Private =“false”
             C:\Program Files\dotnet\packs\Microsoft.NETCore.App.Ref\9.0.11\ref/net9.0/System.Security.Cryptography.dll
                 Private =“false”
             C:\Program Files\dotnet\packs\Microsoft.NETCore.App.Ref\9.0.11\ref/net9.0/System.Security.Principal.Windows.dll
                 Private =“false”
             C:\Program Files\dotnet\packs\Microsoft.NETCore.App.Ref\9.0.11\ref/net9.0/System.Security.Principal.dll
                 Private =“false”
             C:\Program Files\dotnet\packs\Microsoft.NETCore.App.Ref\9.0.11\ref/net9.0/System.Security.SecureString.dll
                 Private =“false”
             C:\Program Files\dotnet\packs\Microsoft.NETCore.App.Ref\9.0.11\ref/net9.0/System.Security.dll
                 Private =“false”
             C:\Program Files\dotnet\packs\Microsoft.NETCore.App.Ref\9.0.11\ref/net9.0/System.ServiceModel.Web.dll
                 Private =“false”
             C:\Program Files\dotnet\packs\Microsoft.NETCore.App.Ref\9.0.11\ref/net9.0/System.ServiceProcess.dll
                 Private =“false”
             C:\Program Files\dotnet\packs\Microsoft.NETCore.App.Ref\9.0.11\ref/net9.0/System.Text.Encoding.CodePages.dll
                 Private =“false”
             C:\Program Files\dotnet\packs\Microsoft.NETCore.App.Ref\9.0.11\ref/net9.0/System.Text.Encoding.Extensions.dll
                 Private =“false”
             C:\Program Files\dotnet\packs\Microsoft.NETCore.App.Ref\9.0.11\ref/net9.0/System.Text.Encoding.dll
                 Private =“false”
             C:\Program Files\dotnet\packs\Microsoft.NETCore.App.Ref\9.0.11\ref/net9.0/System.Text.Encodings.Web.dll
                 Private =“false”
             C:\Program Files\dotnet\packs\Microsoft.NETCore.App.Ref\9.0.11\ref/net9.0/System.Text.Json.dll
   3:6>ResolveAssemblyReferences:
         主引用“Microsoft.CSharp, Version=9.0.0.0, Culture=neutral, PublicKeyToken=b03f5f7f11d50a3a”。
             解析的文件路径为“C:\Program Files\dotnet\packs\Microsoft.NETCore.App.Ref\9.0.11\ref\net9.0\Microsoft.CSharp.dll”。
             在搜索路径位置“{RawFileName}”找到引用。
             此引用不是“CopyLocal”，因为至少有一个源项将“Private”设置为“false”，而没有源项将“Private”设置为“true”。
         主引用“Microsoft.VisualBasic.Core, Version=14.0.0.0, Culture=neutral, PublicKeyToken=b03f5f7f11d50a3a”。
             解析的文件路径为“C:\Program Files\dotnet\packs\Microsoft.NETCore.App.Ref\9.0.11\ref\net9.0\Microsoft.VisualBasic.Core.dll”。
             在搜索路径位置“{RawFileName}”找到引用。
             此引用不是“CopyLocal”，因为至少有一个源项将“Private”设置为“false”，而没有源项将“Private”设置为“true”。
         主引用“Microsoft.VisualBasic, Version=10.0.0.0, Culture=neutral, PublicKeyToken=b03f5f7f11d50a3a”。
             解析的文件路径为“C:\Program Files\dotnet\packs\Microsoft.NETCore.App.Ref\9.0.11\ref\net9.0\Microsoft.VisualBasic.dll”。
             在搜索路径位置“{RawFileName}”找到引用。
             此引用不是“CopyLocal”，因为至少有一个源项将“Private”设置为“false”，而没有源项将“Private”设置为“true”。
         主引用“Microsoft.Win32.Primitives, Version=9.0.0.0, Culture=neutral, PublicKeyToken=b03f5f7f11d50a3a”。
             解析的文件路径为“C:\Program Files\dotnet\packs\Microsoft.NETCore.App.Ref\9.0.11\ref\net9.0\Microsoft.Win32.Primitives.dll”。
             在搜索路径位置“{RawFileName}”找到引用。
             此引用不是“CopyLocal”，因为至少有一个源项将“Private”设置为“false”，而没有源项将“Private”设置为“true”。
         主引用“Microsoft.Win32.Registry, Version=9.0.0.0, Culture=neutral, PublicKeyToken=b03f5f7f11d50a3a”。
             解析的文件路径为“C:\Program Files\dotnet\packs\Microsoft.NETCore.App.Ref\9.0.11\ref\net9.0\Microsoft.Win32.Registry.dll”。
             在搜索路径位置“{RawFileName}”找到引用。
             此引用不是“CopyLocal”，因为至少有一个源项将“Private”设置为“false”，而没有源项将“Private”设置为“true”。
         主引用“System.AppContext, Version=9.0.0.0, Culture=neutral, PublicKeyToken=b03f5f7f11d50a3a”。
             解析的文件路径为“C:\Program Files\dotnet\packs\Microsoft.NETCore.App.Ref\9.0.11\ref\net9.0\System.AppContext.dll”。
             在搜索路径位置“{RawFileName}”找到引用。
             此引用不是“CopyLocal”，因为至少有一个源项将“Private”设置为“false”，而没有源项将“Private”设置为“true”。
         主引用“System.Buffers, Version=9.0.0.0, Culture=neutral, PublicKeyToken=cc7b13ffcd2ddd51”。
             解析的文件路径为“C:\Program Files\dotnet\packs\Microsoft.NETCore.App.Ref\9.0.11\ref\net9.0\System.Buffers.dll”。
             在搜索路径位置“{RawFileName}”找到引用。
             此引用不是“CopyLocal”，因为至少有一个源项将“Private”设置为“false”，而没有源项将“Private”设置为“true”。
         主引用“System.Collections.Concurrent, Version=9.0.0.0, Culture=neutral, PublicKeyToken=b03f5f7f11d50a3a”。
             解析的文件路径为“C:\Program Files\dotnet\packs\Microsoft.NETCore.App.Ref\9.0.11\ref\net9.0\System.Collections.Concurrent.dll”。
             在搜索路径位置“{RawFileName}”找到引用。
             此引用不是“CopyLocal”，因为至少有一个源项将“Private”设置为“false”，而没有源项将“Private”设置为“true”。
         主引用“System.Collections.Immutable, Version=9.0.0.0, Culture=neutral, PublicKeyToken=b03f5f7f11d50a3a”。
             解析的文件路径为“C:\Program Files\dotnet\packs\Microsoft.NETCore.App.Ref\9.0.11\ref\net9.0\System.Collections.Immutable.dll”。
             在搜索路径位置“{RawFileName}”找到引用。
             此引用不是“CopyLocal”，因为至少有一个源项将“Private”设置为“false”，而没有源项将“Private”设置为“true”。
         主引用“System.Collections.NonGeneric, Version=9.0.0.0, Culture=neutral, PublicKeyToken=b03f5f7f11d50a3a”。
             解析的文件路径为“C:\Program Files\dotnet\packs\Microsoft.NETCore.App.Ref\9.0.11\ref\net9.0\System.Collections.NonGeneric.dll”。
             在搜索路径位置“{RawFileName}”找到引用。
             此引用不是“CopyLocal”，因为至少有一个源项将“Private”设置为“false”，而没有源项将“Private”设置为“true”。
         主引用“System.Collections.Specialized, Version=9.0.0.0, Culture=neutral, PublicKeyToken=b03f5f7f11d50a3a”。
             解析的文件路径为“C:\Program Files\dotnet\packs\Microsoft.NETCore.App.Ref\9.0.11\ref\net9.0\System.Collections.Specialized.dll”。
             在搜索路径位置“{RawFileName}”找到引用。
             此引用不是“CopyLocal”，因为至少有一个源项将“Private”设置为“false”，而没有源项将“Private”设置为“true”。
         主引用“System.Collections, Version=9.0.0.0, Culture=neutral, PublicKeyToken=b03f5f7f11d50a3a”。
             解析的文件路径为“C:\Program Files\dotnet\packs\Microsoft.NETCore.App.Ref\9.0.11\ref\net9.0\System.Collections.dll”。
             在搜索路径位置“{RawFileName}”找到引用。
             此引用不是“CopyLocal”，因为至少有一个源项将“Private”设置为“false”，而没有源项将“Private”设置为“true”。
         主引用“System.ComponentModel.Annotations, Version=9.0.0.0, Culture=neutral, PublicKeyToken=b03f5f7f11d50a3a”。
             解析的文件路径为“C:\Program Files\dotnet\packs\Microsoft.NETCore.App.Ref\9.0.11\ref\net9.0\System.ComponentModel.Annotations.dll”。
             在搜索路径位置“{RawFileName}”找到引用。
             此引用不是“CopyLocal”，因为至少有一个源项将“Private”设置为“false”，而没有源项将“Private”设置为“true”。
         主引用“System.ComponentModel.DataAnnotations, Version=4.0.0.0, Culture=neutral, PublicKeyToken=31bf3856ad364e35”。
             解析的文件路径为“C:\Program Files\dotnet\packs\Microsoft.NETCore.App.Ref\9.0.11\ref\net9.0\System.ComponentModel.DataAnnotations.dll”。
             在搜索路径位置“{RawFileName}”找到引用。
             此引用不是“CopyLocal”，因为至少有一个源项将“Private”设置为“false”，而没有源项将“Private”设置为“true”。
         主引用“System.ComponentModel.EventBasedAsync, Version=9.0.0.0, Culture=neutral, PublicKeyToken=b03f5f7f11d50a3a”。
             解析的文件路径为“C:\Program Files\dotnet\packs\Microsoft.NETCore.App.Ref\9.0.11\ref\net9.0\System.ComponentModel.EventBasedAsync.dll”。
             在搜索路径位置“{RawFileName}”找到引用。
             此引用不是“CopyLocal”，因为至少有一个源项将“Private”设置为“false”，而没有源项将“Private”设置为“true”。
         主引用“System.ComponentModel.Primitives, Version=9.0.0.0, Culture=neutral, PublicKeyToken=b03f5f7f11d50a3a”。
             解析的文件路径为“C:\Program Files\dotnet\packs\Microsoft.NETCore.App.Ref\9.0.11\ref\net9.0\System.ComponentModel.Primitives.dll”。
             在搜索路径位置“{RawFileName}”找到引用。
             此引用不是“CopyLocal”，因为至少有一个源项将“Private”设置为“false”，而没有源项将“Private”设置为“true”。
         主引用“System.ComponentModel.TypeConverter, Version=9.0.0.0, Culture=neutral, PublicKeyToken=b03f5f7f11d50a3a”。
             解析的文件路径为“C:\Program Files\dotnet\packs\Microsoft.NETCore.App.Ref\9.0.11\ref\net9.0\System.ComponentModel.TypeConverter.dll”。
             在搜索路径位置“{RawFileName}”找到引用。
             此引用不是“CopyLocal”，因为至少有一个源项将“Private”设置为“false”，而没有源项将“Private”设置为“true”。
         主引用“System.ComponentModel, Version=9.0.0.0, Culture=neutral, PublicKeyToken=b03f5f7f11d50a3a”。
             解析的文件路径为“C:\Program Files\dotnet\packs\Microsoft.NETCore.App.Ref\9.0.11\ref\net9.0\System.ComponentModel.dll”。
             在搜索路径位置“{RawFileName}”找到引用。
             此引用不是“CopyLocal”，因为至少有一个源项将“Private”设置为“false”，而没有源项将“Private”设置为“true”。
         主引用“System.Configuration, Version=4.0.0.0, Culture=neutral, PublicKeyToken=b03f5f7f11d50a3a”。
             解析的文件路径为“C:\Program Files\dotnet\packs\Microsoft.NETCore.App.Ref\9.0.11\ref\net9.0\System.Configuration.dll”。
             在搜索路径位置“{RawFileName}”找到引用。
             此引用不是“CopyLocal”，因为至少有一个源项将“Private”设置为“false”，而没有源项将“Private”设置为“true”。
         主引用“System.Console, Version=9.0.0.0, Culture=neutral, PublicKeyToken=b03f5f7f11d50a3a”。
             解析的文件路径为“C:\Program Files\dotnet\packs\Microsoft.NETCore.App.Ref\9.0.11\ref\net9.0\System.Console.dll”。
             在搜索路径位置“{RawFileName}”找到引用。
             此引用不是“CopyLocal”，因为至少有一个源项将“Private”设置为“false”，而没有源项将“Private”设置为“true”。
         主引用“System.Core, Version=4.0.0.0, Culture=neutral, PublicKeyToken=b77a5c561934e089”。
             解析的文件路径为“C:\Program Files\dotnet\packs\Microsoft.NETCore.App.Ref\9.0.11\ref\net9.0\System.Core.dll”。
             在搜索路径位置“{RawFileName}”找到引用。
             此引用不是“CopyLocal”，因为至少有一个源项将“Private”设置为“false”，而没有源项将“Private”设置为“true”。
         主引用“System.Data.Common, Version=9.0.0.0, Culture=neutral, PublicKeyToken=b03f5f7f11d50a3a”。
             解析的文件路径为“C:\Program Files\dotnet\packs\Microsoft.NETCore.App.Ref\9.0.11\ref\net9.0\System.Data.Common.dll”。
             在搜索路径位置“{RawFileName}”找到引用。
             此引用不是“CopyLocal”，因为至少有一个源项将“Private”设置为“false”，而没有源项将“Private”设置为“true”。
         主引用“System.Data.DataSetExtensions, Version=9.0.0.0, Culture=neutral, PublicKeyToken=b77a5c561934e089”。
             解析的文件路径为“C:\Program Files\dotnet\packs\Microsoft.NETCore.App.Ref\9.0.11\ref\net9.0\System.Data.DataSetExtensions.dll”。
             在搜索路径位置“{RawFileName}”找到引用。
             此引用不是“CopyLocal”，因为至少有一个源项将“Private”设置为“false”，而没有源项将“Private”设置为“true”。
         主引用“System.Data, Version=4.0.0.0, Culture=neutral, PublicKeyToken=b77a5c561934e089”。
             解析的文件路径为“C:\Program Files\dotnet\packs\Microsoft.NETCore.App.Ref\9.0.11\ref\net9.0\System.Data.dll”。
             在搜索路径位置“{RawFileName}”找到引用。
             此引用不是“CopyLocal”，因为至少有一个源项将“Private”设置为“false”，而没有源项将“Private”设置为“true”。
         主引用“System.Diagnostics.Contracts, Version=9.0.0.0, Culture=neutral, PublicKeyToken=b03f5f7f11d50a3a”。
             解析的文件路径为“C:\Program Files\dotnet\packs\Microsoft.NETCore.App.Ref\9.0.11\ref\net9.0\System.Diagnostics.Contracts.dll”。
             在搜索路径位置“{RawFileName}”找到引用。
             此引用不是“CopyLocal”，因为至少有一个源项将“Private”设置为“false”，而没有源项将“Private”设置为“true”。
         主引用“System.Diagnostics.Debug, Version=9.0.0.0, Culture=neutral, PublicKeyToken=b03f5f7f11d50a3a”。
             解析的文件路径为“C:\Program Files\dotnet\packs\Microsoft.NETCore.App.Ref\9.0.11\ref\net9.0\System.Diagnostics.Debug.dll”。
             在搜索路径位置“{RawFileName}”找到引用。
             此引用不是“CopyLocal”，因为至少有一个源项将“Private”设置为“false”，而没有源项将“Private”设置为“true”。
         主引用“System.Diagnostics.DiagnosticSource, Version=9.0.0.0, Culture=neutral, PublicKeyToken=cc7b13ffcd2ddd51”。
             解析的文件路径为“C:\Program Files\dotnet\packs\Microsoft.NETCore.App.Ref\9.0.11\ref\net9.0\System.Diagnostics.DiagnosticSource.dll”。
             在搜索路径位置“{RawFileName}”找到引用。
             此引用不是“CopyLocal”，因为至少有一个源项将“Private”设置为“false”，而没有源项将“Private”设置为“true”。
         主引用“System.Diagnostics.FileVersionInfo, Version=9.0.0.0, Culture=neutral, PublicKeyToken=b03f5f7f11d50a3a”。
             解析的文件路径为“C:\Program Files\dotnet\packs\Microsoft.NETCore.App.Ref\9.0.11\ref\net9.0\System.Diagnostics.FileVersionInfo.dll”。
             在搜索路径位置“{RawFileName}”找到引用。
             此引用不是“CopyLocal”，因为至少有一个源项将“Private”设置为“false”，而没有源项将“Private”设置为“true”。
         主引用“System.Diagnostics.Process, Version=9.0.0.0, Culture=neutral, PublicKeyToken=b03f5f7f11d50a3a”。
             解析的文件路径为“C:\Program Files\dotnet\packs\Microsoft.NETCore.App.Ref\9.0.11\ref\net9.0\System.Diagnostics.Process.dll”。
             在搜索路径位置“{RawFileName}”找到引用。
             此引用不是“CopyLocal”，因为至少有一个源项将“Private”设置为“false”，而没有源项将“Private”设置为“true”。
         主引用“System.Diagnostics.StackTrace, Version=9.0.0.0, Culture=neutral, PublicKeyToken=b03f5f7f11d50a3a”。
             解析的文件路径为“C:\Program Files\dotnet\packs\Microsoft.NETCore.App.Ref\9.0.11\ref\net9.0\System.Diagnostics.StackTrace.dll”。
             在搜索路径位置“{RawFileName}”找到引用。
             此引用不是“CopyLocal”，因为至少有一个源项将“Private”设置为“false”，而没有源项将“Private”设置为“true”。
         主引用“System.Diagnostics.TextWriterTraceListener, Version=9.0.0.0, Culture=neutral, PublicKeyToken=b03f5f7f11d50a3a”。
             解析的文件路径为“C:\Program Files\dotnet\packs\Microsoft.NETCore.App.Ref\9.0.11\ref\net9.0\System.Diagnostics.TextWriterTraceListener.dll”。
             在搜索路径位置“{RawFileName}”找到引用。
             此引用不是“CopyLocal”，因为至少有一个源项将“Private”设置为“false”，而没有源项将“Private”设置为“true”。
         主引用“System.Diagnostics.Tools, Version=9.0.0.0, Culture=neutral, PublicKeyToken=b03f5f7f11d50a3a”。
             解析的文件路径为“C:\Program Files\dotnet\packs\Microsoft.NETCore.App.Ref\9.0.11\ref\net9.0\System.Diagnostics.Tools.dll”。
             在搜索路径位置“{RawFileName}”找到引用。
             此引用不是“CopyLocal”，因为至少有一个源项将“Private”设置为“false”，而没有源项将“Private”设置为“true”。
         主引用“System.Diagnostics.TraceSource, Version=9.0.0.0, Culture=neutral, PublicKeyToken=b03f5f7f11d50a3a”。
             解析的文件路径为“C:\Program Files\dotnet\packs\Microsoft.NETCore.App.Ref\9.0.11\ref\net9.0\System.Diagnostics.TraceSource.dll”。
             在搜索路径位置“{RawFileName}”找到引用。
             此引用不是“CopyLocal”，因为至少有一个源项将“Private”设置为“false”，而没有源项将“Private”设置为“true”。
         主引用“System.Diagnostics.Tracing, Version=9.0.0.0, Culture=neutral, PublicKeyToken=b03f5f7f11d50a3a”。
             解析的文件路径为“C:\Program Files\dotnet\packs\Microsoft.NETCore.App.Ref\9.0.11\ref\net9.0\System.Diagnostics.Tracing.dll”。
             在搜索路径位置“{RawFileName}”找到引用。
             此引用不是“CopyLocal”，因为至少有一个源项将“Private”设置为“false”，而没有源项将“Private”设置为“true”。
         主引用“System.Drawing.Primitives, Version=9.0.0.0, Culture=neutral, PublicKeyToken=b03f5f7f11d50a3a”。
             解析的文件路径为“C:\Program Files\dotnet\packs\Microsoft.NETCore.App.Ref\9.0.11\ref\net9.0\System.Drawing.Primitives.dll”。
             在搜索路径位置“{RawFileName}”找到引用。
             此引用不是“CopyLocal”，因为至少有一个源项将“Private”设置为“false”，而没有源项将“Private”设置为“true”。
         主引用“System.Drawing, Version=4.0.0.0, Culture=neutral, PublicKeyToken=b03f5f7f11d50a3a”。
             解析的文件路径为“C:\Program Files\dotnet\packs\Microsoft.NETCore.App.Ref\9.0.11\ref\net9.0\System.Drawing.dll”。
             在搜索路径位置“{RawFileName}”找到引用。
             此引用不是“CopyLocal”，因为至少有一个源项将“Private”设置为“false”，而没有源项将“Private”设置为“true”。
         主引用“System.Dynamic.Runtime, Version=9.0.0.0, Culture=neutral, PublicKeyToken=b03f5f7f11d50a3a”。
             解析的文件路径为“C:\Program Files\dotnet\packs\Microsoft.NETCore.App.Ref\9.0.11\ref\net9.0\System.Dynamic.Runtime.dll”。
             在搜索路径位置“{RawFileName}”找到引用。
             此引用不是“CopyLocal”，因为至少有一个源项将“Private”设置为“false”，而没有源项将“Private”设置为“true”。
         主引用“System.Formats.Asn1, Version=9.0.0.0, Culture=neutral, PublicKeyToken=cc7b13ffcd2ddd51”。
             解析的文件路径为“C:\Program Files\dotnet\packs\Microsoft.NETCore.App.Ref\9.0.11\ref\net9.0\System.Formats.Asn1.dll”。
             在搜索路径位置“{RawFileName}”找到引用。
             此引用不是“CopyLocal”，因为至少有一个源项将“Private”设置为“false”，而没有源项将“Private”设置为“true”。
         主引用“System.Formats.Tar, Version=9.0.0.0, Culture=neutral, PublicKeyToken=cc7b13ffcd2ddd51”。
             解析的文件路径为“C:\Program Files\dotnet\packs\Microsoft.NETCore.App.Ref\9.0.11\ref\net9.0\System.Formats.Tar.dll”。
             在搜索路径位置“{RawFileName}”找到引用。
             此引用不是“CopyLocal”，因为至少有一个源项将“Private”设置为“false”，而没有源项将“Private”设置为“true”。
         主引用“System.Globalization.Calendars, Version=9.0.0.0, Culture=neutral, PublicKeyToken=b03f5f7f11d50a3a”。
             解析的文件路径为“C:\Program Files\dotnet\packs\Microsoft.NETCore.App.Ref\9.0.11\ref\net9.0\System.Globalization.Calendars.dll”。
             在搜索路径位置“{RawFileName}”找到引用。
             此引用不是“CopyLocal”，因为至少有一个源项将“Private”设置为“false”，而没有源项将“Private”设置为“true”。
         主引用“System.Globalization.Extensions, Version=9.0.0.0, Culture=neutral, PublicKeyToken=b03f5f7f11d50a3a”。
             解析的文件路径为“C:\Program Files\dotnet\packs\Microsoft.NETCore.App.Ref\9.0.11\ref\net9.0\System.Globalization.Extensions.dll”。
             在搜索路径位置“{RawFileName}”找到引用。
             此引用不是“CopyLocal”，因为至少有一个源项将“Private”设置为“false”，而没有源项将“Private”设置为“true”。
         主引用“System.Globalization, Version=9.0.0.0, Culture=neutral, PublicKeyToken=b03f5f7f11d50a3a”。
             解析的文件路径为“C:\Program Files\dotnet\packs\Microsoft.NETCore.App.Ref\9.0.11\ref\net9.0\System.Globalization.dll”。
             在搜索路径位置“{RawFileName}”找到引用。
             此引用不是“CopyLocal”，因为至少有一个源项将“Private”设置为“false”，而没有源项将“Private”设置为“true”。
         主引用“System.IO.Compression.Brotli, Version=9.0.0.0, Culture=neutral, PublicKeyToken=b77a5c561934e089”。
             解析的文件路径为“C:\Program Files\dotnet\packs\Microsoft.NETCore.App.Ref\9.0.11\ref\net9.0\System.IO.Compression.Brotli.dll”。
             在搜索路径位置“{RawFileName}”找到引用。
             此引用不是“CopyLocal”，因为至少有一个源项将“Private”设置为“false”，而没有源项将“Private”设置为“true”。
         主引用“System.IO.Compression.FileSystem, Version=4.0.0.0, Culture=neutral, PublicKeyToken=b77a5c561934e089”。
             解析的文件路径为“C:\Program Files\dotnet\packs\Microsoft.NETCore.App.Ref\9.0.11\ref\net9.0\System.IO.Compression.FileSystem.dll”。
             在搜索路径位置“{RawFileName}”找到引用。
             此引用不是“CopyLocal”，因为至少有一个源项将“Private”设置为“false”，而没有源项将“Private”设置为“true”。
         主引用“System.IO.Compression.ZipFile, Version=9.0.0.0, Culture=neutral, PublicKeyToken=b77a5c561934e089”。
             解析的文件路径为“C:\Program Files\dotnet\packs\Microsoft.NETCore.App.Ref\9.0.11\ref\net9.0\System.IO.Compression.ZipFile.dll”。
             在搜索路径位置“{RawFileName}”找到引用。
             此引用不是“CopyLocal”，因为至少有一个源项将“Private”设置为“false”，而没有源项将“Private”设置为“true”。
         主引用“System.IO.Compression, Version=9.0.0.0, Culture=neutral, PublicKeyToken=b77a5c561934e089”。
             解析的文件路径为“C:\Program Files\dotnet\packs\Microsoft.NETCore.App.Ref\9.0.11\ref\net9.0\System.IO.Compression.dll”。
             在搜索路径位置“{RawFileName}”找到引用。
             此引用不是“CopyLocal”，因为至少有一个源项将“Private”设置为“false”，而没有源项将“Private”设置为“true”。
         主引用“System.IO.FileSystem.AccessControl, Version=9.0.0.0, Culture=neutral, PublicKeyToken=b03f5f7f11d50a3a”。
             解析的文件路径为“C:\Program Files\dotnet\packs\Microsoft.NETCore.App.Ref\9.0.11\ref\net9.0\System.IO.FileSystem.AccessControl.dll”。
             在搜索路径位置“{RawFileName}”找到引用。
             此引用不是“CopyLocal”，因为至少有一个源项将“Private”设置为“false”，而没有源项将“Private”设置为“true”。
         主引用“System.IO.FileSystem.DriveInfo, Version=9.0.0.0, Culture=neutral, PublicKeyToken=b03f5f7f11d50a3a”。
             解析的文件路径为“C:\Program Files\dotnet\packs\Microsoft.NETCore.App.Ref\9.0.11\ref\net9.0\System.IO.FileSystem.DriveInfo.dll”。
             在搜索路径位置“{RawFileName}”找到引用。
             此引用不是“CopyLocal”，因为至少有一个源项将“Private”设置为“false”，而没有源项将“Private”设置为“true”。
         主引用“System.IO.FileSystem.Primitives, Version=9.0.0.0, Culture=neutral, PublicKeyToken=b03f5f7f11d50a3a”。
             解析的文件路径为“C:\Program Files\dotnet\packs\Microsoft.NETCore.App.Ref\9.0.11\ref\net9.0\System.IO.FileSystem.Primitives.dll”。
             在搜索路径位置“{RawFileName}”找到引用。
             此引用不是“CopyLocal”，因为至少有一个源项将“Private”设置为“false”，而没有源项将“Private”设置为“true”。
         主引用“System.IO.FileSystem.Watcher, Version=9.0.0.0, Culture=neutral, PublicKeyToken=b03f5f7f11d50a3a”。
             解析的文件路径为“C:\Program Files\dotnet\packs\Microsoft.NETCore.App.Ref\9.0.11\ref\net9.0\System.IO.FileSystem.Watcher.dll”。
             在搜索路径位置“{RawFileName}”找到引用。
             此引用不是“CopyLocal”，因为至少有一个源项将“Private”设置为“false”，而没有源项将“Private”设置为“true”。
         主引用“System.IO.FileSystem, Version=9.0.0.0, Culture=neutral, PublicKeyToken=b03f5f7f11d50a3a”。
             解析的文件路径为“C:\Program Files\dotnet\packs\Microsoft.NETCore.App.Ref\9.0.11\ref\net9.0\System.IO.FileSystem.dll”。
             在搜索路径位置“{RawFileName}”找到引用。
             此引用不是“CopyLocal”，因为至少有一个源项将“Private”设置为“false”，而没有源项将“Private”设置为“true”。
         主引用“System.IO.IsolatedStorage, Version=9.0.0.0, Culture=neutral, PublicKeyToken=b03f5f7f11d50a3a”。
             解析的文件路径为“C:\Program Files\dotnet\packs\Microsoft.NETCore.App.Ref\9.0.11\ref\net9.0\System.IO.IsolatedStorage.dll”。
             在搜索路径位置“{RawFileName}”找到引用。
             此引用不是“CopyLocal”，因为至少有一个源项将“Private”设置为“false”，而没有源项将“Private”设置为“true”。
         主引用“System.IO.MemoryMappedFiles, Version=9.0.0.0, Culture=neutral, PublicKeyToken=b03f5f7f11d50a3a”。
             解析的文件路径为“C:\Program Files\dotnet\packs\Microsoft.NETCore.App.Ref\9.0.11\ref\net9.0\System.IO.MemoryMappedFiles.dll”。
             在搜索路径位置“{RawFileName}”找到引用。
             此引用不是“CopyLocal”，因为至少有一个源项将“Private”设置为“false”，而没有源项将“Private”设置为“true”。
         主引用“System.IO.Pipelines, Version=9.0.0.0, Culture=neutral, PublicKeyToken=cc7b13ffcd2ddd51”。
             解析的文件路径为“C:\Program Files\dotnet\packs\Microsoft.NETCore.App.Ref\9.0.11\ref\net9.0\System.IO.Pipelines.dll”。
             在搜索路径位置“{RawFileName}”找到引用。
             此引用不是“CopyLocal”，因为至少有一个源项将“Private”设置为“false”，而没有源项将“Private”设置为“true”。
         主引用“System.IO.Pipes.AccessControl, Version=9.0.0.0, Culture=neutral, PublicKeyToken=b03f5f7f11d50a3a”。
             解析的文件路径为“C:\Program Files\dotnet\packs\Microsoft.NETCore.App.Ref\9.0.11\ref\net9.0\System.IO.Pipes.AccessControl.dll”。
             在搜索路径位置“{RawFileName}”找到引用。
             此引用不是“CopyLocal”，因为至少有一个源项将“Private”设置为“false”，而没有源项将“Private”设置为“true”。
         主引用“System.IO.Pipes, Version=9.0.0.0, Culture=neutral, PublicKeyToken=b03f5f7f11d50a3a”。
             解析的文件路径为“C:\Program Files\dotnet\packs\Microsoft.NETCore.App.Ref\9.0.11\ref\net9.0\System.IO.Pipes.dll”。
             在搜索路径位置“{RawFileName}”找到引用。
             此引用不是“CopyLocal”，因为至少有一个源项将“Private”设置为“false”，而没有源项将“Private”设置为“true”。
         主引用“System.IO.UnmanagedMemoryStream, Version=9.0.0.0, Culture=neutral, PublicKeyToken=b03f5f7f11d50a3a”。
             解析的文件路径为“C:\Program Files\dotnet\packs\Microsoft.NETCore.App.Ref\9.0.11\ref\net9.0\System.IO.UnmanagedMemoryStream.dll”。
             在搜索路径位置“{RawFileName}”找到引用。
             此引用不是“CopyLocal”，因为至少有一个源项将“Private”设置为“false”，而没有源项将“Private”设置为“true”。
         主引用“System.IO, Version=9.0.0.0, Culture=neutral, PublicKeyToken=b03f5f7f11d50a3a”。
             解析的文件路径为“C:\Program Files\dotnet\packs\Microsoft.NETCore.App.Ref\9.0.11\ref\net9.0\System.IO.dll”。
             在搜索路径位置“{RawFileName}”找到引用。
             此引用不是“CopyLocal”，因为至少有一个源项将“Private”设置为“false”，而没有源项将“Private”设置为“true”。
         主引用“System.Linq.Expressions, Version=9.0.0.0, Culture=neutral, PublicKeyToken=b03f5f7f11d50a3a”。
             解析的文件路径为“C:\Program Files\dotnet\packs\Microsoft.NETCore.App.Ref\9.0.11\ref\net9.0\System.Linq.Expressions.dll”。
             在搜索路径位置“{RawFileName}”找到引用。
             此引用不是“CopyLocal”，因为至少有一个源项将“Private”设置为“false”，而没有源项将“Private”设置为“true”。
         主引用“System.Linq.Parallel, Version=9.0.0.0, Culture=neutral, PublicKeyToken=b03f5f7f11d50a3a”。
             解析的文件路径为“C:\Program Files\dotnet\packs\Microsoft.NETCore.App.Ref\9.0.11\ref\net9.0\System.Linq.Parallel.dll”。
             在搜索路径位置“{RawFileName}”找到引用。
             此引用不是“CopyLocal”，因为至少有一个源项将“Private”设置为“false”，而没有源项将“Private”设置为“true”。
         主引用“System.Linq.Queryable, Version=9.0.0.0, Culture=neutral, PublicKeyToken=b03f5f7f11d50a3a”。
             解析的文件路径为“C:\Program Files\dotnet\packs\Microsoft.NETCore.App.Ref\9.0.11\ref\net9.0\System.Linq.Queryable.dll”。
             在搜索路径位置“{RawFileName}”找到引用。
             此引用不是“CopyLocal”，因为至少有一个源项将“Private”设置为“false”，而没有源项将“Private”设置为“true”。
         主引用“System.Linq, Version=9.0.0.0, Culture=neutral, PublicKeyToken=b03f5f7f11d50a3a”。
             解析的文件路径为“C:\Program Files\dotnet\packs\Microsoft.NETCore.App.Ref\9.0.11\ref\net9.0\System.Linq.dll”。
             在搜索路径位置“{RawFileName}”找到引用。
             此引用不是“CopyLocal”，因为至少有一个源项将“Private”设置为“false”，而没有源项将“Private”设置为“true”。
         主引用“System.Memory, Version=9.0.0.0, Culture=neutral, PublicKeyToken=cc7b13ffcd2ddd51”。
             解析的文件路径为“C:\Program Files\dotnet\packs\Microsoft.NETCore.App.Ref\9.0.11\ref\net9.0\System.Memory.dll”。
             在搜索路径位置“{RawFileName}”找到引用。
             此引用不是“CopyLocal”，因为至少有一个源项将“Private”设置为“false”，而没有源项将“Private”设置为“true”。
         主引用“System.Net.Http.Json, Version=9.0.0.0, Culture=neutral, PublicKeyToken=cc7b13ffcd2ddd51”。
             解析的文件路径为“C:\Program Files\dotnet\packs\Microsoft.NETCore.App.Ref\9.0.11\ref\net9.0\System.Net.Http.Json.dll”。
             在搜索路径位置“{RawFileName}”找到引用。
             此引用不是“CopyLocal”，因为至少有一个源项将“Private”设置为“false”，而没有源项将“Private”设置为“true”。
         主引用“System.Net.Http, Version=9.0.0.0, Culture=neutral, PublicKeyToken=b03f5f7f11d50a3a”。
             解析的文件路径为“C:\Program Files\dotnet\packs\Microsoft.NETCore.App.Ref\9.0.11\ref\net9.0\System.Net.Http.dll”。
             在搜索路径位置“{RawFileName}”找到引用。
             此引用不是“CopyLocal”，因为至少有一个源项将“Private”设置为“false”，而没有源项将“Private”设置为“true”。
         主引用“System.Net.HttpListener, Version=9.0.0.0, Culture=neutral, PublicKeyToken=cc7b13ffcd2ddd51”。
             解析的文件路径为“C:\Program Files\dotnet\packs\Microsoft.NETCore.App.Ref\9.0.11\ref\net9.0\System.Net.HttpListener.dll”。
             在搜索路径位置“{RawFileName}”找到引用。
             此引用不是“CopyLocal”，因为至少有一个源项将“Private”设置为“false”，而没有源项将“Private”设置为“true”。
         主引用“System.Net.Mail, Version=9.0.0.0, Culture=neutral, PublicKeyToken=cc7b13ffcd2ddd51”。
             解析的文件路径为“C:\Program Files\dotnet\packs\Microsoft.NETCore.App.Ref\9.0.11\ref\net9.0\System.Net.Mail.dll”。
             在搜索路径位置“{RawFileName}”找到引用。
             此引用不是“CopyLocal”，因为至少有一个源项将“Private”设置为“false”，而没有源项将“Private”设置为“true”。
         主引用“System.Net.NameResolution, Version=9.0.0.0, Culture=neutral, PublicKeyToken=b03f5f7f11d50a3a”。
             解析的文件路径为“C:\Program Files\dotnet\packs\Microsoft.NETCore.App.Ref\9.0.11\ref\net9.0\System.Net.NameResolution.dll”。
             在搜索路径位置“{RawFileName}”找到引用。
             此引用不是“CopyLocal”，因为至少有一个源项将“Private”设置为“false”，而没有源项将“Private”设置为“true”。
         主引用“System.Net.NetworkInformation, Version=9.0.0.0, Culture=neutral, PublicKeyToken=b03f5f7f11d50a3a”。
             解析的文件路径为“C:\Program Files\dotnet\packs\Microsoft.NETCore.App.Ref\9.0.11\ref\net9.0\System.Net.NetworkInformation.dll”。
             在搜索路径位置“{RawFileName}”找到引用。
             此引用不是“CopyLocal”，因为至少有一个源项将“Private”设置为“false”，而没有源项将“Private”设置为“true”。
         主引用“System.Net.Ping, Version=9.0.0.0, Culture=neutral, PublicKeyToken=b03f5f7f11d50a3a”。
             解析的文件路径为“C:\Program Files\dotnet\packs\Microsoft.NETCore.App.Ref\9.0.11\ref\net9.0\System.Net.Ping.dll”。
             在搜索路径位置“{RawFileName}”找到引用。
             此引用不是“CopyLocal”，因为至少有一个源项将“Private”设置为“false”，而没有源项将“Private”设置为“true”。
         主引用“System.Net.Primitives, Version=9.0.0.0, Culture=neutral, PublicKeyToken=b03f5f7f11d50a3a”。
             解析的文件路径为“C:\Program Files\dotnet\packs\Microsoft.NETCore.App.Ref\9.0.11\ref\net9.0\System.Net.Primitives.dll”。
             在搜索路径位置“{RawFileName}”找到引用。
             此引用不是“CopyLocal”，因为至少有一个源项将“Private”设置为“false”，而没有源项将“Private”设置为“true”。
         主引用“System.Net.Quic, Version=9.0.0.0, Culture=neutral, PublicKeyToken=b03f5f7f11d50a3a”。
             解析的文件路径为“C:\Program Files\dotnet\packs\Microsoft.NETCore.App.Ref\9.0.11\ref\net9.0\System.Net.Quic.dll”。
             在搜索路径位置“{RawFileName}”找到引用。
             此引用不是“CopyLocal”，因为至少有一个源项将“Private”设置为“false”，而没有源项将“Private”设置为“true”。
         主引用“System.Net.Requests, Version=9.0.0.0, Culture=neutral, PublicKeyToken=b03f5f7f11d50a3a”。
             解析的文件路径为“C:\Program Files\dotnet\packs\Microsoft.NETCore.App.Ref\9.0.11\ref\net9.0\System.Net.Requests.dll”。
             在搜索路径位置“{RawFileName}”找到引用。
             此引用不是“CopyLocal”，因为至少有一个源项将“Private”设置为“false”，而没有源项将“Private”设置为“true”。
         主引用“System.Net.Security, Version=9.0.0.0, Culture=neutral, PublicKeyToken=b03f5f7f11d50a3a”。
             解析的文件路径为“C:\Program Files\dotnet\packs\Microsoft.NETCore.App.Ref\9.0.11\ref\net9.0\System.Net.Security.dll”。
             在搜索路径位置“{RawFileName}”找到引用。
             此引用不是“CopyLocal”，因为至少有一个源项将“Private”设置为“false”，而没有源项将“Private”设置为“true”。
         主引用“System.Net.ServicePoint, Version=9.0.0.0, Culture=neutral, PublicKeyToken=cc7b13ffcd2ddd51”。
             解析的文件路径为“C:\Program Files\dotnet\packs\Microsoft.NETCore.App.Ref\9.0.11\ref\net9.0\System.Net.ServicePoint.dll”。
             在搜索路径位置“{RawFileName}”找到引用。
             此引用不是“CopyLocal”，因为至少有一个源项将“Private”设置为“false”，而没有源项将“Private”设置为“true”。
         主引用“System.Net.Sockets, Version=9.0.0.0, Culture=neutral, PublicKeyToken=b03f5f7f11d50a3a”。
             解析的文件路径为“C:\Program Files\dotnet\packs\Microsoft.NETCore.App.Ref\9.0.11\ref\net9.0\System.Net.Sockets.dll”。
             在搜索路径位置“{RawFileName}”找到引用。
             此引用不是“CopyLocal”，因为至少有一个源项将“Private”设置为“false”，而没有源项将“Private”设置为“true”。
         主引用“System.Net.WebClient, Version=9.0.0.0, Culture=neutral, PublicKeyToken=cc7b13ffcd2ddd51”。
             解析的文件路径为“C:\Program Files\dotnet\packs\Microsoft.NETCore.App.Ref\9.0.11\ref\net9.0\System.Net.WebClient.dll”。
             在搜索路径位置“{RawFileName}”找到引用。
             此引用不是“CopyLocal”，因为至少有一个源项将“Private”设置为“false”，而没有源项将“Private”设置为“true”。
         主引用“System.Net.WebHeaderCollection, Version=9.0.0.0, Culture=neutral, PublicKeyToken=b03f5f7f11d50a3a”。
             解析的文件路径为“C:\Program Files\dotnet\packs\Microsoft.NETCore.App.Ref\9.0.11\ref\net9.0\System.Net.WebHeaderCollection.dll”。
             在搜索路径位置“{RawFileName}”找到引用。
             此引用不是“CopyLocal”，因为至少有一个源项将“Private”设置为“false”，而没有源项将“Private”设置为“true”。
         主引用“System.Net.WebProxy, Version=9.0.0.0, Culture=neutral, PublicKeyToken=cc7b13ffcd2ddd51”。
             解析的文件路径为“C:\Program Files\dotnet\packs\Microsoft.NETCore.App.Ref\9.0.11\ref\net9.0\System.Net.WebProxy.dll”。
             在搜索路径位置“{RawFileName}”找到引用。
             此引用不是“CopyLocal”，因为至少有一个源项将“Private”设置为“false”，而没有源项将“Private”设置为“true”。
         主引用“System.Net.WebSockets.Client, Version=9.0.0.0, Culture=neutral, PublicKeyToken=b03f5f7f11d50a3a”。
             解析的文件路径为“C:\Program Files\dotnet\packs\Microsoft.NETCore.App.Ref\9.0.11\ref\net9.0\System.Net.WebSockets.Client.dll”。
             在搜索路径位置“{RawFileName}”找到引用。
             此引用不是“CopyLocal”，因为至少有一个源项将“Private”设置为“false”，而没有源项将“Private”设置为“true”。
         主引用“System.Net.WebSockets, Version=9.0.0.0, Culture=neutral, PublicKeyToken=b03f5f7f11d50a3a”。
             解析的文件路径为“C:\Program Files\dotnet\packs\Microsoft.NETCore.App.Ref\9.0.11\ref\net9.0\System.Net.WebSockets.dll”。
             在搜索路径位置“{RawFileName}”找到引用。
             此引用不是“CopyLocal”，因为至少有一个源项将“Private”设置为“false”，而没有源项将“Private”设置为“true”。
         主引用“System.Net, Version=4.0.0.0, Culture=neutral, PublicKeyToken=b03f5f7f11d50a3a”。
             解析的文件路径为“C:\Program Files\dotnet\packs\Microsoft.NETCore.App.Ref\9.0.11\ref\net9.0\System.Net.dll”。
             在搜索路径位置“{RawFileName}”找到引用。
             此引用不是“CopyLocal”，因为至少有一个源项将“Private”设置为“false”，而没有源项将“Private”设置为“true”。
         主引用“System.Numerics.Vectors, Version=9.0.0.0, Culture=neutral, PublicKeyToken=b03f5f7f11d50a3a”。
             解析的文件路径为“C:\Program Files\dotnet\packs\Microsoft.NETCore.App.Ref\9.0.11\ref\net9.0\System.Numerics.Vectors.dll”。
             在搜索路径位置“{RawFileName}”找到引用。
             此引用不是“CopyLocal”，因为至少有一个源项将“Private”设置为“false”，而没有源项将“Private”设置为“true”。
         主引用“System.Numerics, Version=4.0.0.0, Culture=neutral, PublicKeyToken=b77a5c561934e089”。
             解析的文件路径为“C:\Program Files\dotnet\packs\Microsoft.NETCore.App.Ref\9.0.11\ref\net9.0\System.Numerics.dll”。
             在搜索路径位置“{RawFileName}”找到引用。
             此引用不是“CopyLocal”，因为至少有一个源项将“Private”设置为“false”，而没有源项将“Private”设置为“true”。
         主引用“System.ObjectModel, Version=9.0.0.0, Culture=neutral, PublicKeyToken=b03f5f7f11d50a3a”。
             解析的文件路径为“C:\Program Files\dotnet\packs\Microsoft.NETCore.App.Ref\9.0.11\ref\net9.0\System.ObjectModel.dll”。
             在搜索路径位置“{RawFileName}”找到引用。
             此引用不是“CopyLocal”，因为至少有一个源项将“Private”设置为“false”，而没有源项将“Private”设置为“true”。
         主引用“System.Reflection.DispatchProxy, Version=9.0.0.0, Culture=neutral, PublicKeyToken=b03f5f7f11d50a3a”。
             解析的文件路径为“C:\Program Files\dotnet\packs\Microsoft.NETCore.App.Ref\9.0.11\ref\net9.0\System.Reflection.DispatchProxy.dll”。
             在搜索路径位置“{RawFileName}”找到引用。
             此引用不是“CopyLocal”，因为至少有一个源项将“Private”设置为“false”，而没有源项将“Private”设置为“true”。
         主引用“System.Reflection.Emit.ILGeneration, Version=9.0.0.0, Culture=neutral, PublicKeyToken=b03f5f7f11d50a3a”。
             解析的文件路径为“C:\Program Files\dotnet\packs\Microsoft.NETCore.App.Ref\9.0.11\ref\net9.0\System.Reflection.Emit.ILGeneration.dll”。
             在搜索路径位置“{RawFileName}”找到引用。
             此引用不是“CopyLocal”，因为至少有一个源项将“Private”设置为“false”，而没有源项将“Private”设置为“true”。
         主引用“System.Reflection.Emit.Lightweight, Version=9.0.0.0, Culture=neutral, PublicKeyToken=b03f5f7f11d50a3a”。
             解析的文件路径为“C:\Program Files\dotnet\packs\Microsoft.NETCore.App.Ref\9.0.11\ref\net9.0\System.Reflection.Emit.Lightweight.dll”。
             在搜索路径位置“{RawFileName}”找到引用。
             此引用不是“CopyLocal”，因为至少有一个源项将“Private”设置为“false”，而没有源项将“Private”设置为“true”。
         主引用“System.Reflection.Emit, Version=9.0.0.0, Culture=neutral, PublicKeyToken=b03f5f7f11d50a3a”。
             解析的文件路径为“C:\Program Files\dotnet\packs\Microsoft.NETCore.App.Ref\9.0.11\ref\net9.0\System.Reflection.Emit.dll”。
             在搜索路径位置“{RawFileName}”找到引用。
             此引用不是“CopyLocal”，因为至少有一个源项将“Private”设置为“false”，而没有源项将“Private”设置为“true”。
         主引用“System.Reflection.Extensions, Version=9.0.0.0, Culture=neutral, PublicKeyToken=b03f5f7f11d50a3a”。
             解析的文件路径为“C:\Program Files\dotnet\packs\Microsoft.NETCore.App.Ref\9.0.11\ref\net9.0\System.Reflection.Extensions.dll”。
             在搜索路径位置“{RawFileName}”找到引用。
             此引用不是“CopyLocal”，因为至少有一个源项将“Private”设置为“false”，而没有源项将“Private”设置为“true”。
         主引用“System.Reflection.Metadata, Version=9.0.0.0, Culture=neutral, PublicKeyToken=b03f5f7f11d50a3a”。
             解析的文件路径为“C:\Program Files\dotnet\packs\Microsoft.NETCore.App.Ref\9.0.11\ref\net9.0\System.Reflection.Metadata.dll”。
             在搜索路径位置“{RawFileName}”找到引用。
             此引用不是“CopyLocal”，因为至少有一个源项将“Private”设置为“false”，而没有源项将“Private”设置为“true”。
         主引用“System.Reflection.Primitives, Version=9.0.0.0, Culture=neutral, PublicKeyToken=b03f5f7f11d50a3a”。
             解析的文件路径为“C:\Program Files\dotnet\packs\Microsoft.NETCore.App.Ref\9.0.11\ref\net9.0\System.Reflection.Primitives.dll”。
             在搜索路径位置“{RawFileName}”找到引用。
             此引用不是“CopyLocal”，因为至少有一个源项将“Private”设置为“false”，而没有源项将“Private”设置为“true”。
         主引用“System.Reflection.TypeExtensions, Version=9.0.0.0, Culture=neutral, PublicKeyToken=b03f5f7f11d50a3a”。
             解析的文件路径为“C:\Program Files\dotnet\packs\Microsoft.NETCore.App.Ref\9.0.11\ref\net9.0\System.Reflection.TypeExtensions.dll”。
             在搜索路径位置“{RawFileName}”找到引用。
             此引用不是“CopyLocal”，因为至少有一个源项将“Private”设置为“false”，而没有源项将“Private”设置为“true”。
         主引用“System.Reflection, Version=9.0.0.0, Culture=neutral, PublicKeyToken=b03f5f7f11d50a3a”。
             解析的文件路径为“C:\Program Files\dotnet\packs\Microsoft.NETCore.App.Ref\9.0.11\ref\net9.0\System.Reflection.dll”。
             在搜索路径位置“{RawFileName}”找到引用。
             此引用不是“CopyLocal”，因为至少有一个源项将“Private”设置为“false”，而没有源项将“Private”设置为“true”。
         主引用“System.Resources.Reader, Version=9.0.0.0, Culture=neutral, PublicKeyToken=b03f5f7f11d50a3a”。
             解析的文件路径为“C:\Program Files\dotnet\packs\Microsoft.NETCore.App.Ref\9.0.11\ref\net9.0\System.Resources.Reader.dll”。
             在搜索路径位置“{RawFileName}”找到引用。
             此引用不是“CopyLocal”，因为至少有一个源项将“Private”设置为“false”，而没有源项将“Private”设置为“true”。
         主引用“System.Resources.ResourceManager, Version=9.0.0.0, Culture=neutral, PublicKeyToken=b03f5f7f11d50a3a”。
             解析的文件路径为“C:\Program Files\dotnet\packs\Microsoft.NETCore.App.Ref\9.0.11\ref\net9.0\System.Resources.ResourceManager.dll”。
             在搜索路径位置“{RawFileName}”找到引用。
             此引用不是“CopyLocal”，因为至少有一个源项将“Private”设置为“false”，而没有源项将“Private”设置为“true”。
         主引用“System.Resources.Writer, Version=9.0.0.0, Culture=neutral, PublicKeyToken=b03f5f7f11d50a3a”。
             解析的文件路径为“C:\Program Files\dotnet\packs\Microsoft.NETCore.App.Ref\9.0.11\ref\net9.0\System.Resources.Writer.dll”。
             在搜索路径位置“{RawFileName}”找到引用。
             此引用不是“CopyLocal”，因为至少有一个源项将“Private”设置为“false”，而没有源项将“Private”设置为“true”。
         主引用“System.Runtime.CompilerServices.Unsafe, Version=9.0.0.0, Culture=neutral, PublicKeyToken=b03f5f7f11d50a3a”。
             解析的文件路径为“C:\Program Files\dotnet\packs\Microsoft.NETCore.App.Ref\9.0.11\ref\net9.0\System.Runtime.CompilerServices.Unsafe.dll”。
             在搜索路径位置“{RawFileName}”找到引用。
             此引用不是“CopyLocal”，因为至少有一个源项将“Private”设置为“false”，而没有源项将“Private”设置为“true”。
         主引用“System.Runtime.CompilerServices.VisualC, Version=9.0.0.0, Culture=neutral, PublicKeyToken=b03f5f7f11d50a3a”。
             解析的文件路径为“C:\Program Files\dotnet\packs\Microsoft.NETCore.App.Ref\9.0.11\ref\net9.0\System.Runtime.CompilerServices.VisualC.dll”。
             在搜索路径位置“{RawFileName}”找到引用。
             此引用不是“CopyLocal”，因为至少有一个源项将“Private”设置为“false”，而没有源项将“Private”设置为“true”。
         主引用“System.Runtime.Extensions, Version=9.0.0.0, Culture=neutral, PublicKeyToken=b03f5f7f11d50a3a”。
             解析的文件路径为“C:\Program Files\dotnet\packs\Microsoft.NETCore.App.Ref\9.0.11\ref\net9.0\System.Runtime.Extensions.dll”。
             在搜索路径位置“{RawFileName}”找到引用。
             此引用不是“CopyLocal”，因为至少有一个源项将“Private”设置为“false”，而没有源项将“Private”设置为“true”。
         主引用“System.Runtime.Handles, Version=9.0.0.0, Culture=neutral, PublicKeyToken=b03f5f7f11d50a3a”。
             解析的文件路径为“C:\Program Files\dotnet\packs\Microsoft.NETCore.App.Ref\9.0.11\ref\net9.0\System.Runtime.Handles.dll”。
             在搜索路径位置“{RawFileName}”找到引用。
             此引用不是“CopyLocal”，因为至少有一个源项将“Private”设置为“false”，而没有源项将“Private”设置为“true”。
         主引用“System.Runtime.InteropServices.JavaScript, Version=9.0.0.0, Culture=neutral, PublicKeyToken=b03f5f7f11d50a3a”。
             解析的文件路径为“C:\Program Files\dotnet\packs\Microsoft.NETCore.App.Ref\9.0.11\ref\net9.0\System.Runtime.InteropServices.JavaScript.dll”。
             在搜索路径位置“{RawFileName}”找到引用。
             此引用不是“CopyLocal”，因为至少有一个源项将“Private”设置为“false”，而没有源项将“Private”设置为“true”。
         主引用“System.Runtime.InteropServices.RuntimeInformation, Version=9.0.0.0, Culture=neutral, PublicKeyToken=b03f5f7f11d50a3a”。
             解析的文件路径为“C:\Program Files\dotnet\packs\Microsoft.NETCore.App.Ref\9.0.11\ref\net9.0\System.Runtime.InteropServices.RuntimeInformation.dll”。
             在搜索路径位置“{RawFileName}”找到引用。
             此引用不是“CopyLocal”，因为至少有一个源项将“Private”设置为“false”，而没有源项将“Private”设置为“true”。
         主引用“System.Runtime.InteropServices, Version=9.0.0.0, Culture=neutral, PublicKeyToken=b03f5f7f11d50a3a”。
             解析的文件路径为“C:\Program Files\dotnet\packs\Microsoft.NETCore.App.Ref\9.0.11\ref\net9.0\System.Runtime.InteropServices.dll”。
             在搜索路径位置“{RawFileName}”找到引用。
             此引用不是“CopyLocal”，因为至少有一个源项将“Private”设置为“false”，而没有源项将“Private”设置为“true”。
         主引用“System.Runtime.Intrinsics, Version=9.0.0.0, Culture=neutral, PublicKeyToken=cc7b13ffcd2ddd51”。
             解析的文件路径为“C:\Program Files\dotnet\packs\Microsoft.NETCore.App.Ref\9.0.11\ref\net9.0\System.Runtime.Intrinsics.dll”。
             在搜索路径位置“{RawFileName}”找到引用。
             此引用不是“CopyLocal”，因为至少有一个源项将“Private”设置为“false”，而没有源项将“Private”设置为“true”。
         主引用“System.Runtime.Loader, Version=9.0.0.0, Culture=neutral, PublicKeyToken=b03f5f7f11d50a3a”。
             解析的文件路径为“C:\Program Files\dotnet\packs\Microsoft.NETCore.App.Ref\9.0.11\ref\net9.0\System.Runtime.Loader.dll”。
             在搜索路径位置“{RawFileName}”找到引用。
             此引用不是“CopyLocal”，因为至少有一个源项将“Private”设置为“false”，而没有源项将“Private”设置为“true”。
         主引用“System.Runtime.Numerics, Version=9.0.0.0, Culture=neutral, PublicKeyToken=b03f5f7f11d50a3a”。
             解析的文件路径为“C:\Program Files\dotnet\packs\Microsoft.NETCore.App.Ref\9.0.11\ref\net9.0\System.Runtime.Numerics.dll”。
             在搜索路径位置“{RawFileName}”找到引用。
             此引用不是“CopyLocal”，因为至少有一个源项将“Private”设置为“false”，而没有源项将“Private”设置为“true”。
         主引用“System.Runtime.Serialization.Formatters, Version=8.1.0.0, Culture=neutral, PublicKeyToken=b03f5f7f11d50a3a”。
             解析的文件路径为“C:\Program Files\dotnet\packs\Microsoft.NETCore.App.Ref\9.0.11\ref\net9.0\System.Runtime.Serialization.Formatters.dll”。
             在搜索路径位置“{RawFileName}”找到引用。
             此引用不是“CopyLocal”，因为至少有一个源项将“Private”设置为“false”，而没有源项将“Private”设置为“true”。
         主引用“System.Runtime.Serialization.Json, Version=9.0.0.0, Culture=neutral, PublicKeyToken=b03f5f7f11d50a3a”。
             解析的文件路径为“C:\Program Files\dotnet\packs\Microsoft.NETCore.App.Ref\9.0.11\ref\net9.0\System.Runtime.Serialization.Json.dll”。
             在搜索路径位置“{RawFileName}”找到引用。
             此引用不是“CopyLocal”，因为至少有一个源项将“Private”设置为“false”，而没有源项将“Private”设置为“true”。
         主引用“System.Runtime.Serialization.Primitives, Version=9.0.0.0, Culture=neutral, PublicKeyToken=b03f5f7f11d50a3a”。
             解析的文件路径为“C:\Program Files\dotnet\packs\Microsoft.NETCore.App.Ref\9.0.11\ref\net9.0\System.Runtime.Serialization.Primitives.dll”。
             在搜索路径位置“{RawFileName}”找到引用。
             此引用不是“CopyLocal”，因为至少有一个源项将“Private”设置为“false”，而没有源项将“Private”设置为“true”。
         主引用“System.Runtime.Serialization.Xml, Version=9.0.0.0, Culture=neutral, PublicKeyToken=b03f5f7f11d50a3a”。
             解析的文件路径为“C:\Program Files\dotnet\packs\Microsoft.NETCore.App.Ref\9.0.11\ref\net9.0\System.Runtime.Serialization.Xml.dll”。
             在搜索路径位置“{RawFileName}”找到引用。
             此引用不是“CopyLocal”，因为至少有一个源项将“Private”设置为“false”，而没有源项将“Private”设置为“true”。
         主引用“System.Runtime.Serialization, Version=4.0.0.0, Culture=neutral, PublicKeyToken=b77a5c561934e089”。
             解析的文件路径为“C:\Program Files\dotnet\packs\Microsoft.NETCore.App.Ref\9.0.11\ref\net9.0\System.Runtime.Serialization.dll”。
             在搜索路径位置“{RawFileName}”找到引用。
             此引用不是“CopyLocal”，因为至少有一个源项将“Private”设置为“false”，而没有源项将“Private”设置为“true”。
         主引用“System.Runtime, Version=9.0.0.0, Culture=neutral, PublicKeyToken=b03f5f7f11d50a3a”。
             解析的文件路径为“C:\Program Files\dotnet\packs\Microsoft.NETCore.App.Ref\9.0.11\ref\net9.0\System.Runtime.dll”。
             在搜索路径位置“{RawFileName}”找到引用。
             此引用不是“CopyLocal”，因为至少有一个源项将“Private”设置为“false”，而没有源项将“Private”设置为“true”。
         主引用“System.Security.AccessControl, Version=9.0.0.0, Culture=neutral, PublicKeyToken=b03f5f7f11d50a3a”。
             解析的文件路径为“C:\Program Files\dotnet\packs\Microsoft.NETCore.App.Ref\9.0.11\ref\net9.0\System.Security.AccessControl.dll”。
             在搜索路径位置“{RawFileName}”找到引用。
             此引用不是“CopyLocal”，因为至少有一个源项将“Private”设置为“false”，而没有源项将“Private”设置为“true”。
         主引用“System.Security.Claims, Version=9.0.0.0, Culture=neutral, PublicKeyToken=b03f5f7f11d50a3a”。
             解析的文件路径为“C:\Program Files\dotnet\packs\Microsoft.NETCore.App.Ref\9.0.11\ref\net9.0\System.Security.Claims.dll”。
             在搜索路径位置“{RawFileName}”找到引用。
             此引用不是“CopyLocal”，因为至少有一个源项将“Private”设置为“false”，而没有源项将“Private”设置为“true”。
         主引用“System.Security.Cryptography.Algorithms, Version=9.0.0.0, Culture=neutral, PublicKeyToken=b03f5f7f11d50a3a”。
             解析的文件路径为“C:\Program Files\dotnet\packs\Microsoft.NETCore.App.Ref\9.0.11\ref\net9.0\System.Security.Cryptography.Algorithms.dll”。
             在搜索路径位置“{RawFileName}”找到引用。
             此引用不是“CopyLocal”，因为至少有一个源项将“Private”设置为“false”，而没有源项将“Private”设置为“true”。
         主引用“System.Security.Cryptography.Cng, Version=9.0.0.0, Culture=neutral, PublicKeyToken=b03f5f7f11d50a3a”。
             解析的文件路径为“C:\Program Files\dotnet\packs\Microsoft.NETCore.App.Ref\9.0.11\ref\net9.0\System.Security.Cryptography.Cng.dll”。
             在搜索路径位置“{RawFileName}”找到引用。
             此引用不是“CopyLocal”，因为至少有一个源项将“Private”设置为“false”，而没有源项将“Private”设置为“true”。
         主引用“System.Security.Cryptography.Csp, Version=9.0.0.0, Culture=neutral, PublicKeyToken=b03f5f7f11d50a3a”。
             解析的文件路径为“C:\Program Files\dotnet\packs\Microsoft.NETCore.App.Ref\9.0.11\ref\net9.0\System.Security.Cryptography.Csp.dll”。
             在搜索路径位置“{RawFileName}”找到引用。
             此引用不是“CopyLocal”，因为至少有一个源项将“Private”设置为“false”，而没有源项将“Private”设置为“true”。
         主引用“System.Security.Cryptography.Encoding, Version=9.0.0.0, Culture=neutral, PublicKeyToken=b03f5f7f11d50a3a”。
             解析的文件路径为“C:\Program Files\dotnet\packs\Microsoft.NETCore.App.Ref\9.0.11\ref\net9.0\System.Security.Cryptography.Encoding.dll”。
             在搜索路径位置“{RawFileName}”找到引用。
             此引用不是“CopyLocal”，因为至少有一个源项将“Private”设置为“false”，而没有源项将“Private”设置为“true”。
         主引用“System.Security.Cryptography.OpenSsl, Version=9.0.0.0, Culture=neutral, PublicKeyToken=b03f5f7f11d50a3a”。
             解析的文件路径为“C:\Program Files\dotnet\packs\Microsoft.NETCore.App.Ref\9.0.11\ref\net9.0\System.Security.Cryptography.OpenSsl.dll”。
             在搜索路径位置“{RawFileName}”找到引用。
             此引用不是“CopyLocal”，因为至少有一个源项将“Private”设置为“false”，而没有源项将“Private”设置为“true”。
         主引用“System.Security.Cryptography.Primitives, Version=9.0.0.0, Culture=neutral, PublicKeyToken=b03f5f7f11d50a3a”。
             解析的文件路径为“C:\Program Files\dotnet\packs\Microsoft.NETCore.App.Ref\9.0.11\ref\net9.0\System.Security.Cryptography.Primitives.dll”。
             在搜索路径位置“{RawFileName}”找到引用。
             此引用不是“CopyLocal”，因为至少有一个源项将“Private”设置为“false”，而没有源项将“Private”设置为“true”。
         主引用“System.Security.Cryptography.X509Certificates, Version=9.0.0.0, Culture=neutral, PublicKeyToken=b03f5f7f11d50a3a”。
             解析的文件路径为“C:\Program Files\dotnet\packs\Microsoft.NETCore.App.Ref\9.0.11\ref\net9.0\System.Security.Cryptography.X509Certificates.dll”。
             在搜索路径位置“{RawFileName}”找到引用。
             此引用不是“CopyLocal”，因为至少有一个源项将“Private”设置为“false”，而没有源项将“Private”设置为“true”。
         主引用“System.Security.Cryptography, Version=9.0.0.0, Culture=neutral, PublicKeyToken=b03f5f7f11d50a3a”。
             解析的文件路径为“C:\Program Files\dotnet\packs\Microsoft.NETCore.App.Ref\9.0.11\ref\net9.0\System.Security.Cryptography.dll”。
             在搜索路径位置“{RawFileName}”找到引用。
             此引用不是“CopyLocal”，因为至少有一个源项将“Private”设置为“false”，而没有源项将“Private”设置为“true”。
         主引用“System.Security.Principal.Windows, Version=9.0.0.0, Culture=neutral, PublicKeyToken=b03f5f7f11d50a3a”。
             解析的文件路径为“C:\Program Files\dotnet\packs\Microsoft.NETCore.App.Ref\9.0.11\ref\net9.0\System.Security.Principal.Windows.dll”。
             在搜索路径位置“{RawFileName}”找到引用。
             此引用不是“CopyLocal”，因为至少有一个源项将“Private”设置为“false”，而没有源项将“Private”设置为“true”。
         主引用“System.Security.Principal, Version=9.0.0.0, Culture=neutral, PublicKeyToken=b03f5f7f11d50a3a”。
             解析的文件路径为“C:\Program Files\dotnet\packs\Microsoft.NETCore.App.Ref\9.0.11\ref\net9.0\System.Security.Principal.dll”。
             在搜索路径位置“{RawFileName}”找到引用。
             此引用不是“CopyLocal”，因为至少有一个源项将“Private”设置为“false”，而没有源项将“Private”设置为“true”。
         主引用“System.Security.SecureString, Version=9.0.0.0, Culture=neutral, PublicKeyToken=b03f5f7f11d50a3a”。
             解析的文件路径为“C:\Program Files\dotnet\packs\Microsoft.NETCore.App.Ref\9.0.11\ref\net9.0\System.Security.SecureString.dll”。
             在搜索路径位置“{RawFileName}”找到引用。
             此引用不是“CopyLocal”，因为至少有一个源项将“Private”设置为“false”，而没有源项将“Private”设置为“true”。
         主引用“System.Security, Version=4.0.0.0, Culture=neutral, PublicKeyToken=b03f5f7f11d50a3a”。
             解析的文件路径为“C:\Program Files\dotnet\packs\Microsoft.NETCore.App.Ref\9.0.11\ref\net9.0\System.Security.dll”。
             在搜索路径位置“{RawFileName}”找到引用。
             此引用不是“CopyLocal”，因为至少有一个源项将“Private”设置为“false”，而没有源项将“Private”设置为“true”。
         主引用“System.ServiceModel.Web, Version=4.0.0.0, Culture=neutral, PublicKeyToken=31bf3856ad364e35”。
             解析的文件路径为“C:\Program Files\dotnet\packs\Microsoft.NETCore.App.Ref\9.0.11\ref\net9.0\System.ServiceModel.Web.dll”。
             在搜索路径位置“{RawFileName}”找到引用。
             此引用不是“CopyLocal”，因为至少有一个源项将“Private”设置为“false”，而没有源项将“Private”设置为“true”。
         主引用“System.ServiceProcess, Version=4.0.0.0, Culture=neutral, PublicKeyToken=b03f5f7f11d50a3a”。
             解析的文件路径为“C:\Program Files\dotnet\packs\Microsoft.NETCore.App.Ref\9.0.11\ref\net9.0\System.ServiceProcess.dll”。
             在搜索路径位置“{RawFileName}”找到引用。
             此引用不是“CopyLocal”，因为至少有一个源项将“Private”设置为“false”，而没有源项将“Private”设置为“true”。
         主引用“System.Text.Encoding.CodePages, Version=9.0.0.0, Culture=neutral, PublicKeyToken=b03f5f7f11d50a3a”。
             解析的文件路径为“C:\Program Files\dotnet\packs\Microsoft.NETCore.App.Ref\9.0.11\ref\net9.0\System.Text.Encoding.CodePages.dll”。
             在搜索路径位置“{RawFileName}”找到引用。
             此引用不是“CopyLocal”，因为至少有一个源项将“Private”设置为“false”，而没有源项将“Private”设置为“true”。
         主引用“System.Text.Encoding.Extensions, Version=9.0.0.0, Culture=neutral, PublicKeyToken=b03f5f7f11d50a3a”。
             解析的文件路径为“C:\Program Files\dotnet\packs\Microsoft.NETCore.App.Ref\9.0.11\ref\net9.0\System.Text.Encoding.Extensions.dll”。
             在搜索路径位置“{RawFileName}”找到引用。
             此引用不是“CopyLocal”，因为至少有一个源项将“Private”设置为“false”，而没有源项将“Private”设置为“true”。
         主引用“System.Text.Encoding, Version=9.0.0.0, Culture=neutral, PublicKeyToken=b03f5f7f11d50a3a”。
             解析的文件路径为“C:\Program Files\dotnet\packs\Microsoft.NETCore.App.Ref\9.0.11\ref\net9.0\System.Text.Encoding.dll”。
             在搜索路径位置“{RawFileName}”找到引用。
             此引用不是“CopyLocal”，因为至少有一个源项将“Private”设置为“false”，而没有源项将“Private”设置为“true”。
         主引用“System.Text.Encodings.Web, Version=9.0.0.0, Culture=neutral, PublicKeyToken=cc7b13ffcd2ddd51”。
             解析的文件路径为“C:\Program Files\dotnet\packs\Microsoft.NETCore.App.Ref\9.0.11\ref\net9.0\System.Text.Encodings.Web.dll”。
             在搜索路径位置“{RawFileName}”找到引用。
             此引用不是“CopyLocal”，因为至少有一个源项将“Private”设置为“false”，而没有源项将“Private”设置为“true”。
         主引用“System.Text.Json, Version=9.0.0.0, Culture=neutral, PublicKeyToken=cc7b13ffcd2ddd51”。
             解析的文件路径为“C:\Program Files\dotnet\packs\Microsoft.NETCore.App.Ref\9.0.11\ref\net9.0\System.Text.Json.dll”。
             在搜索路径位置“{RawFileName}”找到引用。
             此引用不是“CopyLocal”，因为至少有一个源项将“Private”设置为“false”，而没有源项将“Private”设置为“true”。
         主引用“System.Text.RegularExpressions, Version=9.0.0.0, Culture=neutral, PublicKeyToken=b03f5f7f11d50a3a”。
             解析的文件路径为“C:\Program Files\dotnet\packs\Microsoft.NETCore.App.Ref\9.0.11\ref\net9.0\System.Text.RegularExpressions.dll”。
             在搜索路径位置“{RawFileName}”找到引用。
             此引用不是“CopyLocal”，因为至少有一个源项将“Private”设置为“false”，而没有源项将“Private”设置为“true”。
         主引用“System.Threading.Channels, Version=9.0.0.0, Culture=neutral, PublicKeyToken=cc7b13ffcd2ddd51”。
             解析的文件路径为“C:\Program Files\dotnet\packs\Microsoft.NETCore.App.Ref\9.0.11\ref\net9.0\System.Threading.Channels.dll”。
             在搜索路径位置“{RawFileName}”找到引用。
             此引用不是“CopyLocal”，因为至少有一个源项将“Private”设置为“false”，而没有源项将“Private”设置为“true”。
         主引用“System.Threading.Overlapped, Version=9.0.0.0, Culture=neutral, PublicKeyToken=b03f5f7f11d50a3a”。
             解析的文件路径为“C:\Program Files\dotnet\packs\Microsoft.NETCore.App.Ref\9.0.11\ref\net9.0\System.Threading.Overlapped.dll”。
             在搜索路径位置“{RawFileName}”找到引用。
             此引用不是“CopyLocal”，因为至少有一个源项将“Private”设置为“false”，而没有源项将“Private”设置为“true”。
         主引用“System.Threading.Tasks.Dataflow, Version=9.0.0.0, Culture=neutral, PublicKeyToken=b03f5f7f11d50a3a”。
             解析的文件路径为“C:\Program Files\dotnet\packs\Microsoft.NETCore.App.Ref\9.0.11\ref\net9.0\System.Threading.Tasks.Dataflow.dll”。
             在搜索路径位置“{RawFileName}”找到引用。
             此引用不是“CopyLocal”，因为至少有一个源项将“Private”设置为“false”，而没有源项将“Private”设置为“true”。
         主引用“System.Threading.Tasks.Extensions, Version=9.0.0.0, Culture=neutral, PublicKeyToken=cc7b13ffcd2ddd51”。
             解析的文件路径为“C:\Program Files\dotnet\packs\Microsoft.NETCore.App.Ref\9.0.11\ref\net9.0\System.Threading.Tasks.Extensions.dll”。
             在搜索路径位置“{RawFileName}”找到引用。
             此引用不是“CopyLocal”，因为至少有一个源项将“Private”设置为“false”，而没有源项将“Private”设置为“true”。
         主引用“System.Threading.Tasks.Parallel, Version=9.0.0.0, Culture=neutral, PublicKeyToken=b03f5f7f11d50a3a”。
             解析的文件路径为“C:\Program Files\dotnet\packs\Microsoft.NETCore.App.Ref\9.0.11\ref\net9.0\System.Threading.Tasks.Parallel.dll”。
             在搜索路径位置“{RawFileName}”找到引用。
             此引用不是“CopyLocal”，因为至少有一个源项将“Private”设置为“false”，而没有源项将“Private”设置为“true”。
         主引用“System.Threading.Tasks, Version=9.0.0.0, Culture=neutral, PublicKeyToken=b03f5f7f11d50a3a”。
             解析的文件路径为“C:\Program Files\dotnet\packs\Microsoft.NETCore.App.Ref\9.0.11\ref\net9.0\System.Threading.Tasks.dll”。
             在搜索路径位置“{RawFileName}”找到引用。
             此引用不是“CopyLocal”，因为至少有一个源项将“Private”设置为“false”，而没有源项将“Private”设置为“true”。
         主引用“System.Threading.Thread, Version=9.0.0.0, Culture=neutral, PublicKeyToken=b03f5f7f11d50a3a”。
             解析的文件路径为“C:\Program Files\dotnet\packs\Microsoft.NETCore.App.Ref\9.0.11\ref\net9.0\System.Threading.Thread.dll”。
             在搜索路径位置“{RawFileName}”找到引用。
             此引用不是“CopyLocal”，因为至少有一个源项将“Private”设置为“false”，而没有源项将“Private”设置为“true”。
         主引用“System.Threading.ThreadPool, Version=9.0.0.0, Culture=neutral, PublicKeyToken=b03f5f7f11d50a3a”。
             解析的文件路径为“C:\Program Files\dotnet\packs\Microsoft.NETCore.App.Ref\9.0.11\ref\net9.0\System.Threading.ThreadPool.dll”。
             在搜索路径位置“{RawFileName}”找到引用。
             此引用不是“CopyLocal”，因为至少有一个源项将“Private”设置为“false”，而没有源项将“Private”设置为“true”。
         主引用“System.Threading.Timer, Version=9.0.0.0, Culture=neutral, PublicKeyToken=b03f5f7f11d50a3a”。
             解析的文件路径为“C:\Program Files\dotnet\packs\Microsoft.NETCore.App.Ref\9.0.11\ref\net9.0\System.Threading.Timer.dll”。
             在搜索路径位置“{RawFileName}”找到引用。
             此引用不是“CopyLocal”，因为至少有一个源项将“Private”设置为“false”，而没有源项将“Private”设置为“true”。
         主引用“System.Threading, Version=9.0.0.0, Culture=neutral, PublicKeyToken=b03f5f7f11d50a3a”。
             解析的文件路径为“C:\Program Files\dotnet\packs\Microsoft.NETCore.App.Ref\9.0.11\ref\net9.0\System.Threading.dll”。
             在搜索路径位置“{RawFileName}”找到引用。
             此引用不是“CopyLocal”，因为至少有一个源项将“Private”设置为“false”，而没有源项将“Private”设置为“true”。
         主引用“System.Transactions.Local, Version=9.0.0.0, Culture=neutral, PublicKeyToken=cc7b13ffcd2ddd51”。
             解析的文件路径为“C:\Program Files\dotnet\packs\Microsoft.NETCore.App.Ref\9.0.11\ref\net9.0\System.Transactions.Local.dll”。
             在搜索路径位置“{RawFileName}”找到引用。
             此引用不是“CopyLocal”，因为至少有一个源项将“Private”设置为“false”，而没有源项将“Private”设置为“true”。
         主引用“System.Transactions, Version=4.0.0.0, Culture=neutral, PublicKeyToken=b77a5c561934e089”。
             解析的文件路径为“C:\Program Files\dotnet\packs\Microsoft.NETCore.App.Ref\9.0.11\ref\net9.0\System.Transactions.dll”。
             在搜索路径位置“{RawFileName}”找到引用。
             此引用不是“CopyLocal”，因为至少有一个源项将“Private”设置为“false”，而没有源项将“Private”设置为“true”。
         主引用“System.ValueTuple, Version=9.0.0.0, Culture=neutral, PublicKeyToken=cc7b13ffcd2ddd51”。
             解析的文件路径为“C:\Program Files\dotnet\packs\Microsoft.NETCore.App.Ref\9.0.11\ref\net9.0\System.ValueTuple.dll”。
             在搜索路径位置“{RawFileName}”找到引用。
             此引用不是“CopyLocal”，因为至少有一个源项将“Private”设置为“false”，而没有源项将“Private”设置为“true”。
         主引用“System.Web.HttpUtility, Version=9.0.0.0, Culture=neutral, PublicKeyToken=cc7b13ffcd2ddd51”。
             解析的文件路径为“C:\Program Files\dotnet\packs\Microsoft.NETCore.App.Ref\9.0.11\ref\net9.0\System.Web.HttpUtility.dll”。
             在搜索路径位置“{RawFileName}”找到引用。
             此引用不是“CopyLocal”，因为至少有一个源项将“Private”设置为“false”，而没有源项将“Private”设置为“true”。
         主引用“System.Web, Version=4.0.0.0, Culture=neutral, PublicKeyToken=b03f5f7f11d50a3a”。
             解析的文件路径为“C:\Program Files\dotnet\packs\Microsoft.NETCore.App.Ref\9.0.11\ref\net9.0\System.Web.dll”。
             在搜索路径位置“{RawFileName}”找到引用。
             此引用不是“CopyLocal”，因为至少有一个源项将“Private”设置为“false”，而没有源项将“Private”设置为“true”。
         主引用“System.Windows, Version=4.0.0.0, Culture=neutral, PublicKeyToken=b03f5f7f11d50a3a”。
             解析的文件路径为“C:\Program Files\dotnet\packs\Microsoft.NETCore.App.Ref\9.0.11\ref\net9.0\System.Windows.dll”。
             在搜索路径位置“{RawFileName}”找到引用。
             此引用不是“CopyLocal”，因为至少有一个源项将“Private”设置为“false”，而没有源项将“Private”设置为“true”。
         主引用“System.Xml.Linq, Version=4.0.0.0, Culture=neutral, PublicKeyToken=b77a5c561934e089”。
             解析的文件路径为“C:\Program Files\dotnet\packs\Microsoft.NETCore.App.Ref\9.0.11\ref\net9.0\System.Xml.Linq.dll”。
             在搜索路径位置“{RawFileName}”找到引用。
             此引用不是“CopyLocal”，因为至少有一个源项将“Private”设置为“false”，而没有源项将“Private”设置为“true”。
         主引用“System.Xml.ReaderWriter, Version=9.0.0.0, Culture=neutral, PublicKeyToken=b03f5f7f11d50a3a”。
             解析的文件路径为“C:\Program Files\dotnet\packs\Microsoft.NETCore.App.Ref\9.0.11\ref\net9.0\System.Xml.ReaderWriter.dll”。
             在搜索路径位置“{RawFileName}”找到引用。
             此引用不是“CopyLocal”，因为至少有一个源项将“Private”设置为“false”，而没有源项将“Private”设置为“true”。
         主引用“System.Xml.Serialization, Version=4.0.0.0, Culture=neutral, PublicKeyToken=b77a5c561934e089”。
             解析的文件路径为“C:\Program Files\dotnet\packs\Microsoft.NETCore.App.Ref\9.0.11\ref\net9.0\System.Xml.Serialization.dll”。
             在搜索路径位置“{RawFileName}”找到引用。
             此引用不是“CopyLocal”，因为至少有一个源项将“Private”设置为“false”，而没有源项将“Private”设置为“true”。
         主引用“System.Xml.XDocument, Version=9.0.0.0, Culture=neutral, PublicKeyToken=b03f5f7f11d50a3a”。
             解析的文件路径为“C:\Program Files\dotnet\packs\Microsoft.NETCore.App.Ref\9.0.11\ref\net9.0\System.Xml.XDocument.dll”。
             在搜索路径位置“{RawFileName}”找到引用。
             此引用不是“CopyLocal”，因为至少有一个源项将“Private”设置为“false”，而没有源项将“Private”设置为“true”。
         主引用“System.Xml.XPath.XDocument, Version=9.0.0.0, Culture=neutral, PublicKeyToken=b03f5f7f11d50a3a”。
             解析的文件路径为“C:\Program Files\dotnet\packs\Microsoft.NETCore.App.Ref\9.0.11\ref\net9.0\System.Xml.XPath.XDocument.dll”。
             在搜索路径位置“{RawFileName}”找到引用。
             此引用不是“CopyLocal”，因为至少有一个源项将“Private”设置为“false”，而没有源项将“Private”设置为“true”。
         主引用“System.Xml.XPath, Version=9.0.0.0, Culture=neutral, PublicKeyToken=b03f5f7f11d50a3a”。
             解析的文件路径为“C:\Program Files\dotnet\packs\Microsoft.NETCore.App.Ref\9.0.11\ref\net9.0\System.Xml.XPath.dll”。
             在搜索路径位置“{RawFileName}”找到引用。
             此引用不是“CopyLocal”，因为至少有一个源项将“Private”设置为“false”，而没有源项将“Private”设置为“true”。
         主引用“System.Xml.XmlDocument, Version=9.0.0.0, Culture=neutral, PublicKeyToken=b03f5f7f11d50a3a”。
             解析的文件路径为“C:\Program Files\dotnet\packs\Microsoft.NETCore.App.Ref\9.0.11\ref\net9.0\System.Xml.XmlDocument.dll”。
             在搜索路径位置“{RawFileName}”找到引用。
             此引用不是“CopyLocal”，因为至少有一个源项将“Private”设置为“false”，而没有源项将“Private”设置为“true”。
         主引用“System.Xml.XmlSerializer, Version=9.0.0.0, Culture=neutral, PublicKeyToken=b03f5f7f11d50a3a”。
             解析的文件路径为“C:\Program Files\dotnet\packs\Microsoft.NETCore.App.Ref\9.0.11\ref\net9.0\System.Xml.XmlSerializer.dll”。
             在搜索路径位置“{RawFileName}”找到引用。
             此引用不是“CopyLocal”，因为至少有一个源项将“Private”设置为“false”，而没有源项将“Private”设置为“true”。
         主引用“System.Xml, Version=4.0.0.0, Culture=neutral, PublicKeyToken=b77a5c561934e089”。
             解析的文件路径为“C:\Program Files\dotnet\packs\Microsoft.NETCore.App.Ref\9.0.11\ref\net9.0\System.Xml.dll”。
             在搜索路径位置“{RawFileName}”找到引用。
             此引用不是“CopyLocal”，因为至少有一个源项将“Private”设置为“false”，而没有源项将“Private”设置为“true”。
         主引用“System, Version=4.0.0.0, Culture=neutral, PublicKeyToken=b77a5c561934e089”。
             解析的文件路径为“C:\Program Files\dotnet\packs\Microsoft.NETCore.App.Ref\9.0.11\ref\net9.0\System.dll”。
             在搜索路径位置“{RawFileName}”找到引用。
             此引用不是“CopyLocal”，因为至少有一个源项将“Private”设置为“false”，而没有源项将“Private”设置为“true”。
         主引用“WindowsBase, Version=4.0.0.0, Culture=neutral, PublicKeyToken=31bf3856ad364e35”。
             解析的文件路径为“C:\Program Files\dotnet\packs\Microsoft.NETCore.App.Ref\9.0.11\ref\net9.0\WindowsBase.dll”。
             在搜索路径位置“{RawFileName}”找到引用。
             此引用不是“CopyLocal”，因为至少有一个源项将“Private”设置为“false”，而没有源项将“Private”设置为“true”。
         主引用“mscorlib, Version=4.0.0.0, Culture=neutral, PublicKeyToken=b77a5c561934e089”。
             解析的文件路径为“C:\Program Files\dotnet\packs\Microsoft.NETCore.App.Ref\9.0.11\ref\net9.0\mscorlib.dll”。
             在搜索路径位置“{RawFileName}”找到引用。
             此引用不是“CopyLocal”，因为至少有一个源项将“Private”设置为“false”，而没有源项将“Private”设置为“true”。
         主引用“netstandard, Version=2.1.0.0, Culture=neutral, PublicKeyToken=cc7b13ffcd2ddd51”。
             解析的文件路径为“C:\Program Files\dotnet\packs\Microsoft.NETCore.App.Ref\9.0.11\ref\net9.0\netstandard.dll”。
             在搜索路径位置“{RawFileName}”找到引用。
             此引用不是“CopyLocal”，因为至少有一个源项将“Private”设置为“false”，而没有源项将“Private”设置为“true”。
       已完成执行任务“ResolveAssemblyReference”的操作。
   3:6>已完成在项目“CRM.TestCommon.csproj”中生成目标“ResolveAssemblyReferences”的操作。
       由于条件的计算结果为 false，已跳过目标“GenerateBindingRedirects”；('$(AutoGenerateBindingRedirects)' == 'true' and '$(GenerateBindingRedirectsOutputType)' == 'true' and '@(SuggestedBindingRedirects)' != '' and '$(DesignTimeBuild)' != 'true' and '$(BuildingProject)' == 'true')的计算结果为('' == 'true' and '' == 'true' and '' != '' and '' != 'true' and 'true' == 'true')。
       由于条件的计算结果为 false，已跳过目标“GenerateSupportedRuntime”；('$(GenerateSupportedRuntime)' != 'false' and '$(TargetFrameworkIdentifier)' == '.NETFramework' and '$(HasRuntimeOutput)' == 'true')的计算结果为('' != 'false' and '.NETCoreApp' == '.NETFramework' and '' == 'true')。
       由于条件的计算结果为 false，已跳过目标“GenerateBindingRedirectsUpdateAppConfig”；('$(AutoGenerateBindingRedirects)' == 'true' and '$(GenerateBindingRedirectsOutputType)' == 'true')的计算结果为('' == 'true' and '' == 'true')。
       由于条件的计算结果为 false，已跳过目标“ResolveComReferences”；('@(COMReference)'!='' or '@(COMFileReference)'!='')的计算结果为(''!='' or ''!='')。
   3:6>来自项目“d:\MyProject\FrontCRM(C#)\tests\CRM.TestCommon\CRM.TestCommon.csproj”的文件“C:\Program Files\dotnet\sdk\9.0.308\Microsoft.Common.CurrentVersion.targets”中的目标“AfterResolveReferences”(目标“ResolveReferences”依赖于它):
   3:6>已完成在项目“CRM.TestCommon.csproj”中生成目标“AfterResolveReferences”的操作。
   3:6>来自项目“d:\MyProject\FrontCRM(C#)\tests\CRM.TestCommon\CRM.TestCommon.csproj”的文件“C:\Program Files\dotnet\sdk\9.0.308\Microsoft.Common.CurrentVersion.targets”中的目标“ResolveReferences”(目标“_BlockWinMDsOnUnsupportedTFMs”依赖于它):
   3:6>已完成在项目“CRM.TestCommon.csproj”中生成目标“ResolveReferences”的操作。
   3:6>来自项目“d:\MyProject\FrontCRM(C#)\tests\CRM.TestCommon\CRM.TestCommon.csproj”的文件“C:\Program Files\dotnet\sdk\9.0.308\Sdks\Microsoft.NET.Sdk\targets\Microsoft.NET.Sdk.targets”中的目标“_BlockWinMDsOnUnsupportedTFMs”(目标“CoreBuild”依赖于它):
       正在使用程序集“C:\Program Files\dotnet\sdk\9.0.308\Sdks\Microsoft.NET.Sdk\targets\..\tools\net9.0\Microsoft.NET.Build.Tasks.dll”中的“CheckForUnsupportedWinMDReferences”任务。
       任务“CheckForUnsupportedWinMDReferences”
       已完成执行任务“CheckForUnsupportedWinMDReferences”的操作。
       由于 false 条件，已跳过任务“NETSdkError”；('$(OutputType)' == 'winmdobj')计算为('Library' == 'winmdobj')。
   3:6>已完成在项目“CRM.TestCommon.csproj”中生成目标“_BlockWinMDsOnUnsupportedTFMs”的操作。
       已跳过目标“ResolveReferences”。以前的生成已成功。
       已跳过目标“ResolvePackageDependenciesForBuild”。以前的生成已成功。
       已跳过目标“_HandlePackageFileConflicts”。以前的生成已成功。
   3:6>来自项目“d:\MyProject\FrontCRM(C#)\tests\CRM.TestCommon\CRM.TestCommon.csproj”的文件“C:\Program Files\dotnet\sdk\9.0.308\Roslyn\Microsoft.Managed.Core.targets”中的目标“CopyAdditionalFiles”(目标“AssignTargetPaths”依赖于它):
   3:6>已完成在项目“CRM.TestCommon.csproj”中生成目标“CopyAdditionalFiles”的操作。
       由于条件的计算结果为 false，已跳过目标“_GetAppHostPaths”；('$(UseAppHost)' == 'true' and '$(_IsExecutable)' == 'true')的计算结果为('' == 'true' and '' == 'true')。
       由于条件的计算结果为 false，已跳过目标“_GetAppHostCreationConfiguration”；('$(UseAppHost)' == 'true' and '$(_IsExecutable)' == 'true')的计算结果为('' == 'true' and '' == 'true')。
       由于条件的计算结果为 false，已跳过目标“_GetComHostPaths”；('$(EnableComHosting)' == 'true' and '$(_IsExecutable)' != 'true')的计算结果为('' == 'true' and '' != 'true')。
       由于条件的计算结果为 false，已跳过目标“_GetIjwHostPaths”；('$(UseIJWHost)' == 'true')的计算结果为('' == 'true')。
   3:6>来自项目“d:\MyProject\FrontCRM(C#)\tests\CRM.TestCommon\CRM.TestCommon.csproj”的文件“C:\Program Files\dotnet\sdk\9.0.308\Sdks\Microsoft.NET.Sdk\targets\Microsoft.NET.Sdk.targets”中的目标“_ComputeNETCoreBuildOutputFiles”(目标“AssignTargetPaths”依赖于它):
   3:6>已完成在项目“CRM.TestCommon.csproj”中生成目标“_ComputeNETCoreBuildOutputFiles”的操作。
   3:6>来自项目“d:\MyProject\FrontCRM(C#)\tests\CRM.TestCommon\CRM.TestCommon.csproj”的文件“C:\Program Files\dotnet\sdk\9.0.308\Microsoft.Common.CurrentVersion.targets”中的目标“AssignTargetPaths”(目标“PrepareResourceNames”依赖于它):
       正在使用程序集“Microsoft.Build.Tasks.Core, Version=15.1.0.0, Culture=neutral, PublicKeyToken=b03f5f7f11d50a3a”中的“AssignTargetPath”任务。
       任务“AssignTargetPath”
       已完成执行任务“AssignTargetPath”的操作。
       任务“AssignTargetPath”
       已完成执行任务“AssignTargetPath”的操作。
       任务“AssignTargetPath”
       已完成执行任务“AssignTargetPath”的操作。
       任务“AssignTargetPath”
       已完成执行任务“AssignTargetPath”的操作。
       由于 false 条件，已跳过任务“AssignTargetPath”；('@(_DeploymentBaseManifestWithTargetPath)'=='' and '%(None.Extension)'=='.manifest')计算为(''=='' and ''=='.manifest')。
   3:6>已完成在项目“CRM.TestCommon.csproj”中生成目标“AssignTargetPaths”的操作。
       已跳过目标“AssignTargetPaths”。以前的生成已成功。
   3:6>来自项目“d:\MyProject\FrontCRM(C#)\tests\CRM.TestCommon\CRM.TestCommon.csproj”的文件“C:\Program Files\dotnet\sdk\9.0.308\Microsoft.Common.CurrentVersion.targets”中的目标“SplitResourcesByCulture”(目标“PrepareResourceNames”依赖于它):
       由于 false 条件，已跳过任务“MSBuildInternalMessage”；('@(ResxWithNoCulture)'!='')计算为(''!='')。
       由于 false 条件，已跳过任务“MSBuildInternalMessage”；('@(ResxWithCulture)'!='')计算为(''!='')。
       由于 false 条件，已跳过任务“MSBuildInternalMessage”；('@(NonResxWithCulture)'!='')计算为(''!='')。
       由于 false 条件，已跳过任务“MSBuildInternalMessage”；('@(NonResxWithNoCulture)'!='')计算为(''!='')。
       正在使用程序集“Microsoft.Build.Tasks.Core, Version=15.1.0.0, Culture=neutral, PublicKeyToken=b03f5f7f11d50a3a”中的“AssignCulture”任务。
       任务“AssignCulture”
       已完成执行任务“AssignCulture”的操作。
   3:6>已完成在项目“CRM.TestCommon.csproj”中生成目标“SplitResourcesByCulture”的操作。
       由于条件的计算结果为 false，已跳过目标“CreateManifestResourceNames”；('@(EmbeddedResource)' != '')的计算结果为('' != '')。
   3:6>来自项目“d:\MyProject\FrontCRM(C#)\tests\CRM.TestCommon\CRM.TestCommon.csproj”的文件“C:\Program Files\dotnet\sdk\9.0.308\Microsoft.Common.CurrentVersion.targets”中的目标“CreateCustomManifestResourceNames”(目标“PrepareResourceNames”依赖于它):
   3:6>已完成在项目“CRM.TestCommon.csproj”中生成目标“CreateCustomManifestResourceNames”的操作。
   3:6>来自项目“d:\MyProject\FrontCRM(C#)\tests\CRM.TestCommon\CRM.TestCommon.csproj”的文件“C:\Program Files\dotnet\sdk\9.0.308\Microsoft.Common.CurrentVersion.targets”中的目标“PrepareResourceNames”(目标“PrepareResources”依赖于它):
   3:6>已完成在项目“CRM.TestCommon.csproj”中生成目标“PrepareResourceNames”的操作。
       已跳过目标“ResolveAssemblyReferences”。以前的生成已成功。
       已跳过目标“SplitResourcesByCulture”。以前的生成已成功。
   3:6>来自项目“d:\MyProject\FrontCRM(C#)\tests\CRM.TestCommon\CRM.TestCommon.csproj”的文件“C:\Program Files\dotnet\sdk\9.0.308\Microsoft.Common.CurrentVersion.targets”中的目标“BeforeResGen”(目标“ResGen”依赖于它):
   3:6>已完成在项目“CRM.TestCommon.csproj”中生成目标“BeforeResGen”的操作。
       已跳过目标“ResolveReferences”。以前的生成已成功。
   3:6>来自项目“d:\MyProject\FrontCRM(C#)\tests\CRM.TestCommon\CRM.TestCommon.csproj”的文件“C:\Program Files\dotnet\sdk\9.0.308\Microsoft.Common.CurrentVersion.targets”中的目标“FindReferenceAssembliesForReferences”(目标“CoreResGen”依赖于它):
   3:6>已完成在项目“CRM.TestCommon.csproj”中生成目标“FindReferenceAssembliesForReferences”的操作。
   3:6>来自项目“d:\MyProject\FrontCRM(C#)\tests\CRM.TestCommon\CRM.TestCommon.csproj”的文件“C:\Program Files\dotnet\sdk\9.0.308\Microsoft.Common.CurrentVersion.targets”中的目标“CoreResGen”(目标“ResGen”依赖于它):
       由于 false 条件，已跳过任务“GenerateResource”；('%(EmbeddedResource.Type)' == 'Resx' and '%(EmbeddedResource.GenerateResource)' != 'false' and '$(GenerateResourceMSBuildRuntime)' != 'CLR2')计算为('' == 'Resx' and '' != 'false' and 'CurrentRuntime' != 'CLR2')。
       由于 false 条件，已跳过任务“GenerateResource”；('%(EmbeddedResource.Type)' == 'Resx' and '%(EmbeddedResource.GenerateResource)' != 'false' and '$(GenerateResourceMSBuildRuntime)' == 'CLR2')计算为('' == 'Resx' and '' != 'false' and 'CurrentRuntime' == 'CLR2')。
   3:6>已完成在项目“CRM.TestCommon.csproj”中生成目标“CoreResGen”的操作。
   3:6>来自项目“d:\MyProject\FrontCRM(C#)\tests\CRM.TestCommon\CRM.TestCommon.csproj”的文件“C:\Program Files\dotnet\sdk\9.0.308\Microsoft.Common.CurrentVersion.targets”中的目标“AfterResGen”(目标“ResGen”依赖于它):
   3:6>已完成在项目“CRM.TestCommon.csproj”中生成目标“AfterResGen”的操作。
   3:6>来自项目“d:\MyProject\FrontCRM(C#)\tests\CRM.TestCommon\CRM.TestCommon.csproj”的文件“C:\Program Files\dotnet\sdk\9.0.308\Microsoft.Common.CurrentVersion.targets”中的目标“ResGen”(目标“PrepareResources”依赖于它):
   3:6>已完成在项目“CRM.TestCommon.csproj”中生成目标“ResGen”的操作。
       由于条件的计算结果为 false，已跳过目标“CompileLicxFiles”；('@(_LicxFile)'!='')的计算结果为(''!='')。
   3:6>来自项目“d:\MyProject\FrontCRM(C#)\tests\CRM.TestCommon\CRM.TestCommon.csproj”的文件“C:\Program Files\dotnet\sdk\9.0.308\Microsoft.Common.CurrentVersion.targets”中的目标“PrepareResources”(目标“CoreBuild”依赖于它):
   3:6>已完成在项目“CRM.TestCommon.csproj”中生成目标“PrepareResources”的操作。
       由于条件的计算结果为 false，已跳过目标“ResolveKeySource”；($(SignManifests) == 'true' or $(SignAssembly) == 'true')的计算结果为( == 'true' or false == 'true')。
       已跳过目标“ResolveReferences”。以前的生成已成功。
       由于条件的计算结果为 false，已跳过目标“ResolveKeySource”；($(SignManifests) == 'true' or $(SignAssembly) == 'true')的计算结果为( == 'true' or false == 'true')。
       由于条件的计算结果为 false，已跳过目标“ResolveComReferences”；('@(COMReference)'!='' or '@(COMFileReference)'!='')的计算结果为(''!='' or ''!='')。
       由于条件的计算结果为 false，已跳过目标“ResolveNativeReferences”；('@(NativeReference)'!='')的计算结果为(''!='')。
       由于条件的计算结果为 false，已跳过目标“_SetExternalWin32ManifestProperties”；('$(GenerateClickOnceManifests)'=='true' or '@(NativeReference)'!='' or '@(ResolvedIsolatedComModules)'!='')的计算结果为(''=='true' or ''!='' or ''!='')。
   3:6>来自项目“d:\MyProject\FrontCRM(C#)\tests\CRM.TestCommon\CRM.TestCommon.csproj”的文件“C:\Program Files\dotnet\sdk\9.0.308\Microsoft.Common.CurrentVersion.targets”中的目标“_SetEmbeddedWin32ManifestProperties”(目标“SetWin32ManifestProperties”依赖于它):
       正在使用程序集“Microsoft.Build.Tasks.Core, Version=15.1.0.0, Culture=neutral, PublicKeyToken=b03f5f7f11d50a3a”中的“GetFrameworkPath”任务。
       任务“GetFrameworkPath”
       已完成执行任务“GetFrameworkPath”的操作。
   3:6>已完成在项目“CRM.TestCommon.csproj”中生成目标“_SetEmbeddedWin32ManifestProperties”的操作。
   3:6>来自项目“d:\MyProject\FrontCRM(C#)\tests\CRM.TestCommon\CRM.TestCommon.csproj”的文件“C:\Program Files\dotnet\sdk\9.0.308\Microsoft.Common.CurrentVersion.targets”中的目标“SetWin32ManifestProperties”(目标“Compile”依赖于它):
   3:6>已完成在项目“CRM.TestCommon.csproj”中生成目标“SetWin32ManifestProperties”的操作。
       由于条件的计算结果为 false，已跳过目标“_SetPreferNativeArm64Win32ManifestProperties”；( '$(PreferNativeArm64)'=='true' and '$(NoWin32Manifest)'!='true')的计算结果为( 'false'=='true' and ''!='true')。
       已跳过目标“FindReferenceAssembliesForReferences”。以前的生成已成功。
   3:6>来自项目“d:\MyProject\FrontCRM(C#)\tests\CRM.TestCommon\CRM.TestCommon.csproj”的文件“C:\Program Files\dotnet\sdk\9.0.308\Microsoft.Common.CurrentVersion.targets”中的目标“_GenerateCompileInputs”(目标“Compile”依赖于它):
       由于 false 条件，已跳过任务“MSBuildInternalMessage”；('@(ManifestResourceWithNoCulture)'!='' and '%(ManifestResourceWithNoCulture.EmittedForCompatibilityOnly)'=='')计算为(''!='' and ''=='')。
       由于 false 条件，已跳过任务“MSBuildInternalMessage”；('@(ManifestNonResxWithNoCultureOnDisk)'!='' and '%(ManifestNonResxWithNoCultureOnDisk.EmittedForCompatibilityOnly)'=='')计算为(''!='' and ''=='')。
   3:6>已完成在项目“CRM.TestCommon.csproj”中生成目标“_GenerateCompileInputs”的操作。
       已跳过目标“PrepareForBuild”。以前的生成已成功。
   3:6>来自项目“d:\MyProject\FrontCRM(C#)\tests\CRM.TestCommon\CRM.TestCommon.csproj”的文件“C:\Program Files\dotnet\sdk\9.0.308\Roslyn\Microsoft.Managed.Core.targets”中的目标“GenerateMSBuildEditorConfigFileShouldRun”(目标“GenerateMSBuildEditorConfigFile”依赖于它):
   3:6>已完成在项目“CRM.TestCommon.csproj”中生成目标“GenerateMSBuildEditorConfigFileShouldRun”的操作。
   3:6>来自项目“d:\MyProject\FrontCRM(C#)\tests\CRM.TestCommon\CRM.TestCommon.csproj”的文件“C:\Program Files\dotnet\sdk\9.0.308\Sdks\Microsoft.NET.Sdk\codestyle\cs\build\Microsoft.CodeAnalysis.CSharp.CodeStyle.targets”中的目标“AddGlobalAnalyzerConfigForPackage_MicrosoftCodeAnalysisCSharpCodeStyle”(目标“GenerateMSBuildEditorConfigFileCore”依赖于它):
   3:6>已完成在项目“CRM.TestCommon.csproj”中生成目标“AddGlobalAnalyzerConfigForPackage_MicrosoftCodeAnalysisCSharpCodeStyle”的操作。
   3:6>来自项目“d:\MyProject\FrontCRM(C#)\tests\CRM.TestCommon\CRM.TestCommon.csproj”的文件“C:\Program Files\dotnet\sdk\9.0.308\Roslyn\Microsoft.Managed.Core.targets”中的目标“GenerateMSBuildEditorConfigFileCore”(目标“GenerateMSBuildEditorConfigFile”依赖于它):
       正在完全生成目标“GenerateMSBuildEditorConfigFileCore”。
       未指定输入文件。
       正在使用程序集“C:\Program Files\dotnet\sdk\9.0.308\Roslyn\Microsoft.Build.Tasks.CodeAnalysis.dll”中的“GenerateMSBuildEditorConfig”任务。
       任务“GenerateMSBuildEditorConfig”
       已完成执行任务“GenerateMSBuildEditorConfig”的操作。
   3:6>已完成在项目“CRM.TestCommon.csproj”中生成目标“GenerateMSBuildEditorConfigFileCore”的操作。
   3:6>来自项目“d:\MyProject\FrontCRM(C#)\tests\CRM.TestCommon\CRM.TestCommon.csproj”的文件“C:\Program Files\dotnet\sdk\9.0.308\Roslyn\Microsoft.Managed.Core.targets”中的目标“GenerateMSBuildEditorConfigFile”(目标“BeforeCompile”依赖于它):
   3:6>已完成在项目“CRM.TestCommon.csproj”中生成目标“GenerateMSBuildEditorConfigFile”的操作。
       已跳过目标“PrepareForBuild”。以前的生成已成功。
       已跳过目标“GetReferenceAssemblyPaths”。以前的生成已成功。
   3:6>来自项目“d:\MyProject\FrontCRM(C#)\tests\CRM.TestCommon\CRM.TestCommon.csproj”的文件“C:\Program Files\dotnet\sdk\9.0.308\Microsoft.CSharp.CurrentVersion.targets”中的目标“_SetTargetFrameworkMonikerAttribute”(目标“GenerateTargetFrameworkMonikerAttribute”依赖于它):
   3:6>已完成在项目“CRM.TestCommon.csproj”中生成目标“_SetTargetFrameworkMonikerAttribute”的操作。
   3:6>来自项目“d:\MyProject\FrontCRM(C#)\tests\CRM.TestCommon\CRM.TestCommon.csproj”的文件“C:\Program Files\dotnet\sdk\9.0.308\Microsoft.Common.CurrentVersion.targets”中的目标“GenerateTargetFrameworkMonikerAttribute”(目标“BeforeCompile”依赖于它):
       正在跳过目标“GenerateTargetFrameworkMonikerAttribute”，因为所有输出文件相对于输入文件而言都是最新的。
       输入文件:C:\Program Files\dotnet\sdk\9.0.308\Microsoft.Common.targets
       输出文件:obj\Debug\net9.0\.NETCoreApp,Version=v9.0.AssemblyAttributes.cs
   3:6>已完成在项目“CRM.TestCommon.csproj”中生成目标“GenerateTargetFrameworkMonikerAttribute”的操作。
       由于条件的计算结果为 false，已跳过目标“GenerateAdditionalSources”；('@(AssemblyAttributes)' != '' and '$(GenerateAdditionalSources)' == 'true')的计算结果为('' != '' and '' == 'true')。
       已跳过目标“PrepareForBuild”。以前的生成已成功。
   3:6>来自项目“d:\MyProject\FrontCRM(C#)\tests\CRM.TestCommon\CRM.TestCommon.csproj”的文件“C:\Program Files\dotnet\sdk\9.0.308\Sdks\Microsoft.NET.Sdk\targets\Microsoft.NET.GenerateAssemblyInfo.targets”中的目标“GetAssemblyVersion”(目标“GetAssemblyAttributes”依赖于它):
       正在使用程序集“C:\Program Files\dotnet\sdk\9.0.308\Sdks\Microsoft.NET.Sdk\targets\..\tools\net9.0\Microsoft.NET.Build.Tasks.dll”中的“GetAssemblyVersion”任务。
       任务“GetAssemblyVersion”
       已完成执行任务“GetAssemblyVersion”的操作。
   3:6>已完成在项目“CRM.TestCommon.csproj”中生成目标“GetAssemblyVersion”的操作。
   3:6>来自项目“d:\MyProject\FrontCRM(C#)\tests\CRM.TestCommon\CRM.TestCommon.csproj”的文件“C:\Program Files\dotnet\sdk\9.0.308\Sdks\Microsoft.Build.Tasks.Git\build\Microsoft.Build.Tasks.Git.targets”中的目标“InitializeSourceControlInformationFromSourceControlManager”(目标“_InitializeSourceControlInformationFromSourceControlManager”依赖于它):
       正在使用程序集“C:\Program Files\dotnet\sdk\9.0.308\Sdks\Microsoft.Build.Tasks.Git\build\..\tools\net\Microsoft.Build.Tasks.Git.dll”中的“Microsoft.Build.Tasks.Git.LocateRepository”任务。
       任务“Microsoft.Build.Tasks.Git.LocateRepository”
       已完成执行任务“Microsoft.Build.Tasks.Git.LocateRepository”的操作。
   3:6>已完成在项目“CRM.TestCommon.csproj”中生成目标“InitializeSourceControlInformationFromSourceControlManager”的操作。
   3:6>来自项目“d:\MyProject\FrontCRM(C#)\tests\CRM.TestCommon\CRM.TestCommon.csproj”的文件“C:\Program Files\dotnet\sdk\9.0.308\Sdks\Microsoft.SourceLink.Common\build\InitializeSourceControlInformation.targets”中的目标“_SourceLinkHasSingleProvider”(目标“_InitializeSourceControlInformationFromSourceControlManager”依赖于它):
       在 TaskRun 期间加载的程序集: Microsoft.SourceLink.Common, Version=9.0.11.11701, Culture=neutral, PublicKeyToken=31bf3856ad364e35 (位置: C:\Program Files\dotnet\sdk\9.0.308\Sdks\Microsoft.SourceLink.Common\tools\net\Microsoft.SourceLink.Common.dll，MVID: e7b93933-92ac-4eda-8ab8-a1e1c543bfb2，AssemblyLoadContext: MSBuild plugin C:\Program Files\dotnet\sdk\9.0.308\Sdks\Microsoft.SourceLink.Common\tools\net\Microsoft.SourceLink.Common.dll)
       正在使用程序集“C:\Program Files\dotnet\sdk\9.0.308\Sdks\Microsoft.SourceLink.Common\build\..\tools\net\Microsoft.SourceLink.Common.dll”中的“Microsoft.SourceLink.Common.SourceLinkHasSingleProvider”任务。
       任务“Microsoft.SourceLink.Common.SourceLinkHasSingleProvider”
       已完成执行任务“Microsoft.SourceLink.Common.SourceLinkHasSingleProvider”的操作。
   3:6>已完成在项目“CRM.TestCommon.csproj”中生成目标“_SourceLinkHasSingleProvider”的操作。
   3:6>来自项目“d:\MyProject\FrontCRM(C#)\tests\CRM.TestCommon\CRM.TestCommon.csproj”的文件“C:\Program Files\dotnet\sdk\9.0.308\Sdks\Microsoft.SourceLink.GitHub\build\Microsoft.SourceLink.GitHub.targets”中的目标“TranslateGitHubUrlsInSourceControlInformation”(目标“_InitializeSourceControlInformationFromSourceControlManager”依赖于它):
       在 TaskRun 期间加载的程序集: Microsoft.SourceLink.GitHub, Version=9.0.11.11701, Culture=neutral, PublicKeyToken=31bf3856ad364e35 (位置: C:\Program Files\dotnet\sdk\9.0.308\Sdks\Microsoft.SourceLink.GitHub\tools\net\Microsoft.SourceLink.GitHub.dll，MVID: de6eb21e-3e60-4c55-84da-db4085852056，AssemblyLoadContext: MSBuild plugin C:\Program Files\dotnet\sdk\9.0.308\Sdks\Microsoft.SourceLink.GitHub\tools\net\Microsoft.SourceLink.GitHub.dll)
       正在使用程序集“C:\Program Files\dotnet\sdk\9.0.308\Sdks\Microsoft.SourceLink.GitHub\build\..\tools\net\Microsoft.SourceLink.GitHub.dll”中的“Microsoft.SourceLink.GitHub.TranslateRepositoryUrls”任务。
       任务“Microsoft.SourceLink.GitHub.TranslateRepositoryUrls”
   2:6>ResolveAssemblyReferences:
                 Private =“false”
             C:\Program Files\dotnet\packs\Microsoft.NETCore.App.Ref\9.0.11\ref/net9.0/System.Text.RegularExpressions.dll
                 Private =“false”
             C:\Program Files\dotnet\packs\Microsoft.NETCore.App.Ref\9.0.11\ref/net9.0/System.Threading.Channels.dll
                 Private =“false”
             C:\Program Files\dotnet\packs\Microsoft.NETCore.App.Ref\9.0.11\ref/net9.0/System.Threading.Overlapped.dll
                 Private =“false”
   3:6>已完成执行任务“Microsoft.SourceLink.GitHub.TranslateRepositoryUrls”的操作。
   2:6>ResolveAssemblyReferences:
             C:\Program Files\dotnet\packs\Microsoft.NETCore.App.Ref\9.0.11\ref/net9.0/System.Threading.Tasks.Dataflow.dll
                 Private =“false”
             C:\Program Files\dotnet\packs\Microsoft.NETCore.App.Ref\9.0.11\ref/net9.0/System.Threading.Tasks.Extensions.dll
   3:6>已完成在项目“CRM.TestCommon.csproj”中生成目标“TranslateGitHubUrlsInSourceControlInformation”的操作。
   2:6>ResolveAssemblyReferences:
                 Private =“false”
             C:\Program Files\dotnet\packs\Microsoft.NETCore.App.Ref\9.0.11\ref/net9.0/System.Threading.Tasks.Parallel.dll
                 Private =“false”
             C:\Program Files\dotnet\packs\Microsoft.NETCore.App.Ref\9.0.11\ref/net9.0/System.Threading.Tasks.dll
                 Private =“false”
             C:\Program Files\dotnet\packs\Microsoft.NETCore.App.Ref\9.0.11\ref/net9.0/System.Threading.Thread.dll
                 Private =“false”
             C:\Program Files\dotnet\packs\Microsoft.NETCore.App.Ref\9.0.11\ref/net9.0/System.Threading.ThreadPool.dll
                 Private =“false”
             C:\Program Files\dotnet\packs\Microsoft.NETCore.App.Ref\9.0.11\ref/net9.0/System.Threading.Timer.dll
                 Private =“false”
             C:\Program Files\dotnet\packs\Microsoft.NETCore.App.Ref\9.0.11\ref/net9.0/System.Threading.dll
                 Private =“false”
             C:\Program Files\dotnet\packs\Microsoft.NETCore.App.Ref\9.0.11\ref/net9.0/System.Transactions.Local.dll
                 Private =“false”
             C:\Program Files\dotnet\packs\Microsoft.NETCore.App.Ref\9.0.11\ref/net9.0/System.Transactions.dll
                 Private =“false”
             C:\Program Files\dotnet\packs\Microsoft.NETCore.App.Ref\9.0.11\ref/net9.0/System.ValueTuple.dll
                 Private =“false”
             C:\Program Files\dotnet\packs\Microsoft.NETCore.App.Ref\9.0.11\ref/net9.0/System.Web.HttpUtility.dll
                 Private =“false”
             C:\Program Files\dotnet\packs\Microsoft.NETCore.App.Ref\9.0.11\ref/net9.0/System.Web.dll
                 Private =“false”
             C:\Program Files\dotnet\packs\Microsoft.NETCore.App.Ref\9.0.11\ref/net9.0/System.Windows.dll
                 Private =“false”
             C:\Program Files\dotnet\packs\Microsoft.NETCore.App.Ref\9.0.11\ref/net9.0/System.Xml.Linq.dll
   3:6>来自项目“d:\MyProject\FrontCRM(C#)\tests\CRM.TestCommon\CRM.TestCommon.csproj”的文件“C:\Program Files\dotnet\sdk\9.0.308\Sdks\Microsoft.SourceLink.GitLab\build\Microsoft.SourceLink.GitLab.targets”中的目标“TranslateGitLabUrlsInSourceControlInformation”(目标“_InitializeSourceControlInformationFromSourceControlManager”依赖于它):
   3:6>在 TaskRun 期间加载的程序集: Microsoft.SourceLink.GitLab, Version=9.0.11.11701, Culture=neutral, PublicKeyToken=31bf3856ad364e35 (位置: C:\Program Files\dotnet\sdk\9.0.308\Sdks\Microsoft.SourceLink.GitLab\tools\net\Microsoft.SourceLink.GitLab.dll，MVID: ccdddc0a-7879-4673-a23d-bd877ae513a4，AssemblyLoadContext: MSBuild plugin C:\Program Files\dotnet\sdk\9.0.308\Sdks\Microsoft.SourceLink.GitLab\tools\net\Microsoft.SourceLink.GitLab.dll)
   2:6>ResolveAssemblyReferences:
                 Private =“false”
             C:\Program Files\dotnet\packs\Microsoft.NETCore.App.Ref\9.0.11\ref/net9.0/System.Xml.ReaderWriter.dll
                 Private =“false”
             C:\Program Files\dotnet\packs\Microsoft.NETCore.App.Ref\9.0.11\ref/net9.0/System.Xml.Serialization.dll
   3:6>TranslateGitLabUrlsInSourceControlInformation:
       正在使用程序集“C:\Program Files\dotnet\sdk\9.0.308\Sdks\Microsoft.SourceLink.GitLab\build\..\tools\net\Microsoft.SourceLink.GitLab.dll”中的“Microsoft.SourceLink.GitLab.TranslateRepositoryUrls”任务。
       任务“Microsoft.SourceLink.GitLab.TranslateRepositoryUrls”
   2:6>ResolveAssemblyReferences:
                 Private =“false”
             C:\Program Files\dotnet\packs\Microsoft.NETCore.App.Ref\9.0.11\ref/net9.0/System.Xml.XDocument.dll
                 Private =“false”
             C:\Program Files\dotnet\packs\Microsoft.NETCore.App.Ref\9.0.11\ref/net9.0/System.Xml.XPath.XDocument.dll
                 Private =“false”
             C:\Program Files\dotnet\packs\Microsoft.NETCore.App.Ref\9.0.11\ref/net9.0/System.Xml.XPath.dll
                 Private =“false”
             C:\Program Files\dotnet\packs\Microsoft.NETCore.App.Ref\9.0.11\ref/net9.0/System.Xml.XmlDocument.dll
                 Private =“false”
             C:\Program Files\dotnet\packs\Microsoft.NETCore.App.Ref\9.0.11\ref/net9.0/System.Xml.XmlSerializer.dll
                 Private =“false”
             C:\Program Files\dotnet\packs\Microsoft.NETCore.App.Ref\9.0.11\ref/net9.0/System.Xml.dll
                 Private =“false”
             C:\Program Files\dotnet\packs\Microsoft.NETCore.App.Ref\9.0.11\ref/net9.0/System.dll
                 Private =“false”
             C:\Program Files\dotnet\packs\Microsoft.NETCore.App.Ref\9.0.11\ref/net9.0/WindowsBase.dll
                 Private =“false”
             C:\Program Files\dotnet\packs\Microsoft.NETCore.App.Ref\9.0.11\ref/net9.0/mscorlib.dll
                 Private =“false”
             C:\Program Files\dotnet\packs\Microsoft.NETCore.App.Ref\9.0.11\ref/net9.0/netstandard.dll
                 Private =“false”
         AssemblyFiles:
         CandidateAssemblyFiles:
         TargetFrameworkDirectories:
             
         NonCultureResourceDirectories:
             
         InstalledAssemblyTables:
   3:6>已完成执行任务“Microsoft.SourceLink.GitLab.TranslateRepositoryUrls”的操作。
   2:6>ResolveAssemblyReferences:
         IgnoreInstalledAssemblyTable:
             False
         SearchPaths:
   3:6>已完成在项目“CRM.TestCommon.csproj”中生成目标“TranslateGitLabUrlsInSourceControlInformation”的操作。
   2:6>ResolveAssemblyReferences:
             {CandidateAssemblyFiles}
             {HintPathFromItem}
             {TargetFrameworkDirectory}
             {RawFileName}
         AllowedAssemblyExtensions:
             .winmd
             .dll
             .exe
         AllowedRelatedFileExtensions:
             .pdb
             .xml
             .pri
             .dll.config
             .exe.config
         AppConfigFile:
             
         AutoUnify:
             True
         EnableCustomCulture:
             False
         CopyLocalDependenciesWhenParentReferenceInGac:
             True
         FindDependencies:
             True
   3:6>来自项目“d:\MyProject\FrontCRM(C#)\tests\CRM.TestCommon\CRM.TestCommon.csproj”的文件“C:\Program Files\dotnet\sdk\9.0.308\Sdks\Microsoft.SourceLink.AzureRepos.Git\build\Microsoft.SourceLink.AzureRepos.Git.targets”中的目标“TranslateAzureReposGitUrlsInSourceControlInformation”(目标“_InitializeSourceControlInformationFromSourceControlManager”依赖于它):
   3:6>在 TaskRun 期间加载的程序集: Microsoft.SourceLink.AzureRepos.Git, Version=9.0.11.11701, Culture=neutral, PublicKeyToken=31bf3856ad364e35 (位置: C:\Program Files\dotnet\sdk\9.0.308\Sdks\Microsoft.SourceLink.AzureRepos.Git\tools\net\Microsoft.SourceLink.AzureRepos.Git.dll，MVID: cc8362fa-d14c-4e8c-a855-a55f196817ae，AssemblyLoadContext: MSBuild plugin C:\Program Files\dotnet\sdk\9.0.308\Sdks\Microsoft.SourceLink.AzureRepos.Git\tools\net\Microsoft.SourceLink.AzureRepos.Git.dll)
   2:6>ResolveAssemblyReferences:
         TargetProcessorArchitecture:
             msil
         StateFile:
             obj\Debug\net9.0\CRM.Core.csproj.AssemblyReference.cache
         InstalledAssemblySubsetTables:
   3:6>TranslateAzureReposGitUrlsInSourceControlInformation:
       正在使用程序集“C:\Program Files\dotnet\sdk\9.0.308\Sdks\Microsoft.SourceLink.AzureRepos.Git\build\..\tools\net\Microsoft.SourceLink.AzureRepos.Git.dll”中的“Microsoft.SourceLink.AzureRepos.Git.TranslateRepositoryUrls”任务。
       任务“Microsoft.SourceLink.AzureRepos.Git.TranslateRepositoryUrls”
   2:6>ResolveAssemblyReferences:
         IgnoreInstalledAssemblySubsetTable:
             False
         TargetFrameworkSubsets:
         FullTargetFrameworkSubsetNames:
             Full
         ProfileName:
             
         FullFrameworkFolders:
         LatestTargetFrameworkDirectories:
         ProfileTablesLocation:
         主引用“Microsoft.CSharp, Version=9.0.0.0, Culture=neutral, PublicKeyToken=b03f5f7f11d50a3a”。
             解析的文件路径为“C:\Program Files\dotnet\packs\Microsoft.NETCore.App.Ref\9.0.11\ref\net9.0\Microsoft.CSharp.dll”。
             在搜索路径位置“{RawFileName}”找到引用。
             此引用不是“CopyLocal”，因为至少有一个源项将“Private”设置为“false”，而没有源项将“Private”设置为“true”。
         主引用“Microsoft.VisualBasic.Core, Version=14.0.0.0, Culture=neutral, PublicKeyToken=b03f5f7f11d50a3a”。
             解析的文件路径为“C:\Program Files\dotnet\packs\Microsoft.NETCore.App.Ref\9.0.11\ref\net9.0\Microsoft.VisualBasic.Core.dll”。
             在搜索路径位置“{RawFileName}”找到引用。
             此引用不是“CopyLocal”，因为至少有一个源项将“Private”设置为“false”，而没有源项将“Private”设置为“true”。
         主引用“Microsoft.VisualBasic, Version=10.0.0.0, Culture=neutral, PublicKeyToken=b03f5f7f11d50a3a”。
             解析的文件路径为“C:\Program Files\dotnet\packs\Microsoft.NETCore.App.Ref\9.0.11\ref\net9.0\Microsoft.VisualBasic.dll”。
             在搜索路径位置“{RawFileName}”找到引用。
             此引用不是“CopyLocal”，因为至少有一个源项将“Private”设置为“false”，而没有源项将“Private”设置为“true”。
         主引用“Microsoft.Win32.Primitives, Version=9.0.0.0, Culture=neutral, PublicKeyToken=b03f5f7f11d50a3a”。
             解析的文件路径为“C:\Program Files\dotnet\packs\Microsoft.NETCore.App.Ref\9.0.11\ref\net9.0\Microsoft.Win32.Primitives.dll”。
             在搜索路径位置“{RawFileName}”找到引用。
   3:6>已完成执行任务“Microsoft.SourceLink.AzureRepos.Git.TranslateRepositoryUrls”的操作。
   2:6>ResolveAssemblyReferences:
             此引用不是“CopyLocal”，因为至少有一个源项将“Private”设置为“false”，而没有源项将“Private”设置为“true”。
         主引用“Microsoft.Win32.Registry, Version=9.0.0.0, Culture=neutral, PublicKeyToken=b03f5f7f11d50a3a”。
   3:6>已完成在项目“CRM.TestCommon.csproj”中生成目标“TranslateAzureReposGitUrlsInSourceControlInformation”的操作。
   2:6>ResolveAssemblyReferences:
             解析的文件路径为“C:\Program Files\dotnet\packs\Microsoft.NETCore.App.Ref\9.0.11\ref\net9.0\Microsoft.Win32.Registry.dll”。
             在搜索路径位置“{RawFileName}”找到引用。
             此引用不是“CopyLocal”，因为至少有一个源项将“Private”设置为“false”，而没有源项将“Private”设置为“true”。
         主引用“System.AppContext, Version=9.0.0.0, Culture=neutral, PublicKeyToken=b03f5f7f11d50a3a”。
             解析的文件路径为“C:\Program Files\dotnet\packs\Microsoft.NETCore.App.Ref\9.0.11\ref\net9.0\System.AppContext.dll”。
             在搜索路径位置“{RawFileName}”找到引用。
             此引用不是“CopyLocal”，因为至少有一个源项将“Private”设置为“false”，而没有源项将“Private”设置为“true”。
         主引用“System.Buffers, Version=9.0.0.0, Culture=neutral, PublicKeyToken=cc7b13ffcd2ddd51”。
             解析的文件路径为“C:\Program Files\dotnet\packs\Microsoft.NETCore.App.Ref\9.0.11\ref\net9.0\System.Buffers.dll”。
             在搜索路径位置“{RawFileName}”找到引用。
             此引用不是“CopyLocal”，因为至少有一个源项将“Private”设置为“false”，而没有源项将“Private”设置为“true”。
         主引用“System.Collections.Concurrent, Version=9.0.0.0, Culture=neutral, PublicKeyToken=b03f5f7f11d50a3a”。
             解析的文件路径为“C:\Program Files\dotnet\packs\Microsoft.NETCore.App.Ref\9.0.11\ref\net9.0\System.Collections.Concurrent.dll”。
             在搜索路径位置“{RawFileName}”找到引用。
             此引用不是“CopyLocal”，因为至少有一个源项将“Private”设置为“false”，而没有源项将“Private”设置为“true”。
         主引用“System.Collections.Immutable, Version=9.0.0.0, Culture=neutral, PublicKeyToken=b03f5f7f11d50a3a”。
             解析的文件路径为“C:\Program Files\dotnet\packs\Microsoft.NETCore.App.Ref\9.0.11\ref\net9.0\System.Collections.Immutable.dll”。
             在搜索路径位置“{RawFileName}”找到引用。
             此引用不是“CopyLocal”，因为至少有一个源项将“Private”设置为“false”，而没有源项将“Private”设置为“true”。
         主引用“System.Collections.NonGeneric, Version=9.0.0.0, Culture=neutral, PublicKeyToken=b03f5f7f11d50a3a”。
             解析的文件路径为“C:\Program Files\dotnet\packs\Microsoft.NETCore.App.Ref\9.0.11\ref\net9.0\System.Collections.NonGeneric.dll”。
             在搜索路径位置“{RawFileName}”找到引用。
             此引用不是“CopyLocal”，因为至少有一个源项将“Private”设置为“false”，而没有源项将“Private”设置为“true”。
         主引用“System.Collections.Specialized, Version=9.0.0.0, Culture=neutral, PublicKeyToken=b03f5f7f11d50a3a”。
             解析的文件路径为“C:\Program Files\dotnet\packs\Microsoft.NETCore.App.Ref\9.0.11\ref\net9.0\System.Collections.Specialized.dll”。
             在搜索路径位置“{RawFileName}”找到引用。
             此引用不是“CopyLocal”，因为至少有一个源项将“Private”设置为“false”，而没有源项将“Private”设置为“true”。
   3:6>来自项目“d:\MyProject\FrontCRM(C#)\tests\CRM.TestCommon\CRM.TestCommon.csproj”的文件“C:\Program Files\dotnet\sdk\9.0.308\Sdks\Microsoft.SourceLink.Bitbucket.Git\build\Microsoft.SourceLink.Bitbucket.Git.targets”中的目标“TranslateBitbucketGitUrlsInSourceControlInformation”(目标“_InitializeSourceControlInformationFromSourceControlManager”依赖于它):
   3:6>在 TaskRun 期间加载的程序集: Microsoft.SourceLink.Bitbucket.Git, Version=9.0.11.11701, Culture=neutral, PublicKeyToken=31bf3856ad364e35 (位置: C:\Program Files\dotnet\sdk\9.0.308\Sdks\Microsoft.SourceLink.Bitbucket.Git\tools\net\Microsoft.SourceLink.Bitbucket.Git.dll，MVID: 633cbf61-44e1-4706-8334-7e18ba081963，AssemblyLoadContext: MSBuild plugin C:\Program Files\dotnet\sdk\9.0.308\Sdks\Microsoft.SourceLink.Bitbucket.Git\tools\net\Microsoft.SourceLink.Bitbucket.Git.dll)
   2:6>ResolveAssemblyReferences:
         主引用“System.Collections, Version=9.0.0.0, Culture=neutral, PublicKeyToken=b03f5f7f11d50a3a”。
             解析的文件路径为“C:\Program Files\dotnet\packs\Microsoft.NETCore.App.Ref\9.0.11\ref\net9.0\System.Collections.dll”。
             在搜索路径位置“{RawFileName}”找到引用。
             此引用不是“CopyLocal”，因为至少有一个源项将“Private”设置为“false”，而没有源项将“Private”设置为“true”。
         主引用“System.ComponentModel.Annotations, Version=9.0.0.0, Culture=neutral, PublicKeyToken=b03f5f7f11d50a3a”。
             解析的文件路径为“C:\Program Files\dotnet\packs\Microsoft.NETCore.App.Ref\9.0.11\ref\net9.0\System.ComponentModel.Annotations.dll”。
             在搜索路径位置“{RawFileName}”找到引用。
   3:6>TranslateBitbucketGitUrlsInSourceControlInformation:
       正在使用程序集“C:\Program Files\dotnet\sdk\9.0.308\Sdks\Microsoft.SourceLink.Bitbucket.Git\build\..\tools\net\Microsoft.SourceLink.Bitbucket.Git.dll”中的“Microsoft.SourceLink.Bitbucket.Git.TranslateRepositoryUrls”任务。
       任务“Microsoft.SourceLink.Bitbucket.Git.TranslateRepositoryUrls”
   2:6>ResolveAssemblyReferences:
             此引用不是“CopyLocal”，因为至少有一个源项将“Private”设置为“false”，而没有源项将“Private”设置为“true”。
         主引用“System.ComponentModel.DataAnnotations, Version=4.0.0.0, Culture=neutral, PublicKeyToken=31bf3856ad364e35”。
             解析的文件路径为“C:\Program Files\dotnet\packs\Microsoft.NETCore.App.Ref\9.0.11\ref\net9.0\System.ComponentModel.DataAnnotations.dll”。
             在搜索路径位置“{RawFileName}”找到引用。
             此引用不是“CopyLocal”，因为至少有一个源项将“Private”设置为“false”，而没有源项将“Private”设置为“true”。
         主引用“System.ComponentModel.EventBasedAsync, Version=9.0.0.0, Culture=neutral, PublicKeyToken=b03f5f7f11d50a3a”。
             解析的文件路径为“C:\Program Files\dotnet\packs\Microsoft.NETCore.App.Ref\9.0.11\ref\net9.0\System.ComponentModel.EventBasedAsync.dll”。
             在搜索路径位置“{RawFileName}”找到引用。
             此引用不是“CopyLocal”，因为至少有一个源项将“Private”设置为“false”，而没有源项将“Private”设置为“true”。
         主引用“System.ComponentModel.Primitives, Version=9.0.0.0, Culture=neutral, PublicKeyToken=b03f5f7f11d50a3a”。
             解析的文件路径为“C:\Program Files\dotnet\packs\Microsoft.NETCore.App.Ref\9.0.11\ref\net9.0\System.ComponentModel.Primitives.dll”。
             在搜索路径位置“{RawFileName}”找到引用。
             此引用不是“CopyLocal”，因为至少有一个源项将“Private”设置为“false”，而没有源项将“Private”设置为“true”。
         主引用“System.ComponentModel.TypeConverter, Version=9.0.0.0, Culture=neutral, PublicKeyToken=b03f5f7f11d50a3a”。
             解析的文件路径为“C:\Program Files\dotnet\packs\Microsoft.NETCore.App.Ref\9.0.11\ref\net9.0\System.ComponentModel.TypeConverter.dll”。
             在搜索路径位置“{RawFileName}”找到引用。
             此引用不是“CopyLocal”，因为至少有一个源项将“Private”设置为“false”，而没有源项将“Private”设置为“true”。
         主引用“System.ComponentModel, Version=9.0.0.0, Culture=neutral, PublicKeyToken=b03f5f7f11d50a3a”。
             解析的文件路径为“C:\Program Files\dotnet\packs\Microsoft.NETCore.App.Ref\9.0.11\ref\net9.0\System.ComponentModel.dll”。
             在搜索路径位置“{RawFileName}”找到引用。
             此引用不是“CopyLocal”，因为至少有一个源项将“Private”设置为“false”，而没有源项将“Private”设置为“true”。
         主引用“System.Configuration, Version=4.0.0.0, Culture=neutral, PublicKeyToken=b03f5f7f11d50a3a”。
             解析的文件路径为“C:\Program Files\dotnet\packs\Microsoft.NETCore.App.Ref\9.0.11\ref\net9.0\System.Configuration.dll”。
             在搜索路径位置“{RawFileName}”找到引用。
             此引用不是“CopyLocal”，因为至少有一个源项将“Private”设置为“false”，而没有源项将“Private”设置为“true”。
         主引用“System.Console, Version=9.0.0.0, Culture=neutral, PublicKeyToken=b03f5f7f11d50a3a”。
             解析的文件路径为“C:\Program Files\dotnet\packs\Microsoft.NETCore.App.Ref\9.0.11\ref\net9.0\System.Console.dll”。
             在搜索路径位置“{RawFileName}”找到引用。
             此引用不是“CopyLocal”，因为至少有一个源项将“Private”设置为“false”，而没有源项将“Private”设置为“true”。
   3:6>已完成执行任务“Microsoft.SourceLink.Bitbucket.Git.TranslateRepositoryUrls”的操作。
   2:6>ResolveAssemblyReferences:
         主引用“System.Core, Version=4.0.0.0, Culture=neutral, PublicKeyToken=b77a5c561934e089”。
             解析的文件路径为“C:\Program Files\dotnet\packs\Microsoft.NETCore.App.Ref\9.0.11\ref\net9.0\System.Core.dll”。
             在搜索路径位置“{RawFileName}”找到引用。
   3:6>已完成在项目“CRM.TestCommon.csproj”中生成目标“TranslateBitbucketGitUrlsInSourceControlInformation”的操作。
   2:6>ResolveAssemblyReferences:
             此引用不是“CopyLocal”，因为至少有一个源项将“Private”设置为“false”，而没有源项将“Private”设置为“true”。
         主引用“System.Data.Common, Version=9.0.0.0, Culture=neutral, PublicKeyToken=b03f5f7f11d50a3a”。
             解析的文件路径为“C:\Program Files\dotnet\packs\Microsoft.NETCore.App.Ref\9.0.11\ref\net9.0\System.Data.Common.dll”。
   3:6>来自项目“d:\MyProject\FrontCRM(C#)\tests\CRM.TestCommon\CRM.TestCommon.csproj”的文件“C:\Program Files\dotnet\sdk\9.0.308\Sdks\Microsoft.SourceLink.Common\build\InitializeSourceControlInformation.targets”中的目标“SourceControlManagerPublishTranslatedUrls”(目标“_InitializeSourceControlInformationFromSourceControlManager”依赖于它):
   3:6>已完成在项目“CRM.TestCommon.csproj”中生成目标“SourceControlManagerPublishTranslatedUrls”的操作。
   3:6>来自项目“d:\MyProject\FrontCRM(C#)\tests\CRM.TestCommon\CRM.TestCommon.csproj”的文件“C:\Program Files\dotnet\sdk\9.0.308\Sdks\Microsoft.SourceLink.Common\build\InitializeSourceControlInformation.targets”中的目标“_InitializeSourceControlInformationFromSourceControlManager”(目标“InitializeSourceControlInformation”依赖于它):
   3:6>已完成在项目“CRM.TestCommon.csproj”中生成目标“_InitializeSourceControlInformationFromSourceControlManager”的操作。
   3:6>来自项目“d:\MyProject\FrontCRM(C#)\tests\CRM.TestCommon\CRM.TestCommon.csproj”的文件“C:\Program Files\dotnet\sdk\9.0.308\Microsoft.Common.CurrentVersion.targets”中的目标“InitializeSourceControlInformation”(目标“GetAssemblyAttributes”依赖于它):
   3:6>已完成在项目“CRM.TestCommon.csproj”中生成目标“InitializeSourceControlInformation”的操作。
       已跳过目标“GetAssemblyVersion”。以前的生成已成功。
       已跳过目标“InitializeSourceControlInformation”。以前的生成已成功。
   3:6>来自项目“d:\MyProject\FrontCRM(C#)\tests\CRM.TestCommon\CRM.TestCommon.csproj”的文件“C:\Program Files\dotnet\sdk\9.0.308\Sdks\Microsoft.NET.Sdk\targets\Microsoft.NET.GenerateAssemblyInfo.targets”中的目标“AddSourceRevisionToInformationalVersion”(目标“GetAssemblyAttributes”依赖于它):
   3:6>已完成在项目“CRM.TestCommon.csproj”中生成目标“AddSourceRevisionToInformationalVersion”的操作。
   2:6>ResolveAssemblyReferences:
             在搜索路径位置“{RawFileName}”找到引用。
   3:6>由于条件的计算结果为 false，已跳过目标“_GetUserSecretsAssemblyAttribute”；( '$(UserSecretsId)' != '' AND '$(GenerateUserSecretsAttribute)' != 'false' AND '$(GeneratedUserSecretsAttributeFile)' == '' )的计算结果为( '' != '' AND '' != 'false' AND '' == '' )。
   2:6>ResolveAssemblyReferences:
             此引用不是“CopyLocal”，因为至少有一个源项将“Private”设置为“false”，而没有源项将“Private”设置为“true”。
         主引用“System.Data.DataSetExtensions, Version=9.0.0.0, Culture=neutral, PublicKeyToken=b77a5c561934e089”。
             解析的文件路径为“C:\Program Files\dotnet\packs\Microsoft.NETCore.App.Ref\9.0.11\ref\net9.0\System.Data.DataSetExtensions.dll”。
             在搜索路径位置“{RawFileName}”找到引用。
             此引用不是“CopyLocal”，因为至少有一个源项将“Private”设置为“false”，而没有源项将“Private”设置为“true”。
   3:6>来自项目“d:\MyProject\FrontCRM(C#)\tests\CRM.TestCommon\CRM.TestCommon.csproj”的文件“C:\Program Files\dotnet\sdk\9.0.308\Sdks\Microsoft.NET.Sdk\targets\Microsoft.NET.GenerateAssemblyInfo.targets”中的目标“GetAssemblyAttributes”(目标“CreateGeneratedAssemblyInfoInputsCacheFile”依赖于它):
   3:6>已完成在项目“CRM.TestCommon.csproj”中生成目标“GetAssemblyAttributes”的操作。
   2:6>ResolveAssemblyReferences:
         主引用“System.Data, Version=4.0.0.0, Culture=neutral, PublicKeyToken=b77a5c561934e089”。
             解析的文件路径为“C:\Program Files\dotnet\packs\Microsoft.NETCore.App.Ref\9.0.11\ref\net9.0\System.Data.dll”。
             在搜索路径位置“{RawFileName}”找到引用。
             此引用不是“CopyLocal”，因为至少有一个源项将“Private”设置为“false”，而没有源项将“Private”设置为“true”。
         主引用“System.Diagnostics.Contracts, Version=9.0.0.0, Culture=neutral, PublicKeyToken=b03f5f7f11d50a3a”。
             解析的文件路径为“C:\Program Files\dotnet\packs\Microsoft.NETCore.App.Ref\9.0.11\ref\net9.0\System.Diagnostics.Contracts.dll”。
   3:6>来自项目“d:\MyProject\FrontCRM(C#)\tests\CRM.TestCommon\CRM.TestCommon.csproj”的文件“C:\Program Files\dotnet\sdk\9.0.308\Sdks\Microsoft.NET.Sdk\targets\Microsoft.NET.GenerateAssemblyInfo.targets”中的目标“CreateGeneratedAssemblyInfoInputsCacheFile”(目标“CoreGenerateAssemblyInfo”依赖于它):
   3:6>正在使用程序集“Microsoft.Build.Tasks.Core, Version=15.1.0.0, Culture=neutral, PublicKeyToken=b03f5f7f11d50a3a”中的“Hash”任务。
       任务“Hash”
   2:6>ResolveAssemblyReferences:
             在搜索路径位置“{RawFileName}”找到引用。
             此引用不是“CopyLocal”，因为至少有一个源项将“Private”设置为“false”，而没有源项将“Private”设置为“true”。
         主引用“System.Diagnostics.Debug, Version=9.0.0.0, Culture=neutral, PublicKeyToken=b03f5f7f11d50a3a”。
             解析的文件路径为“C:\Program Files\dotnet\packs\Microsoft.NETCore.App.Ref\9.0.11\ref\net9.0\System.Diagnostics.Debug.dll”。
             在搜索路径位置“{RawFileName}”找到引用。
             此引用不是“CopyLocal”，因为至少有一个源项将“Private”设置为“false”，而没有源项将“Private”设置为“true”。
         主引用“System.Diagnostics.DiagnosticSource, Version=9.0.0.0, Culture=neutral, PublicKeyToken=cc7b13ffcd2ddd51”。
             解析的文件路径为“C:\Program Files\dotnet\packs\Microsoft.NETCore.App.Ref\9.0.11\ref\net9.0\System.Diagnostics.DiagnosticSource.dll”。
             在搜索路径位置“{RawFileName}”找到引用。
             此引用不是“CopyLocal”，因为至少有一个源项将“Private”设置为“false”，而没有源项将“Private”设置为“true”。
         主引用“System.Diagnostics.FileVersionInfo, Version=9.0.0.0, Culture=neutral, PublicKeyToken=b03f5f7f11d50a3a”。
             解析的文件路径为“C:\Program Files\dotnet\packs\Microsoft.NETCore.App.Ref\9.0.11\ref\net9.0\System.Diagnostics.FileVersionInfo.dll”。
             在搜索路径位置“{RawFileName}”找到引用。
   3:6>已完成执行任务“Hash”的操作。
   2:6>ResolveAssemblyReferences:
             此引用不是“CopyLocal”，因为至少有一个源项将“Private”设置为“false”，而没有源项将“Private”设置为“true”。
         主引用“System.Diagnostics.Process, Version=9.0.0.0, Culture=neutral, PublicKeyToken=b03f5f7f11d50a3a”。
   3:6>任务“WriteLinesToFile”
   2:6>ResolveAssemblyReferences:
             解析的文件路径为“C:\Program Files\dotnet\packs\Microsoft.NETCore.App.Ref\9.0.11\ref\net9.0\System.Diagnostics.Process.dll”。
             在搜索路径位置“{RawFileName}”找到引用。
             此引用不是“CopyLocal”，因为至少有一个源项将“Private”设置为“false”，而没有源项将“Private”设置为“true”。
         主引用“System.Diagnostics.StackTrace, Version=9.0.0.0, Culture=neutral, PublicKeyToken=b03f5f7f11d50a3a”。
             解析的文件路径为“C:\Program Files\dotnet\packs\Microsoft.NETCore.App.Ref\9.0.11\ref\net9.0\System.Diagnostics.StackTrace.dll”。
             在搜索路径位置“{RawFileName}”找到引用。
             此引用不是“CopyLocal”，因为至少有一个源项将“Private”设置为“false”，而没有源项将“Private”设置为“true”。
         主引用“System.Diagnostics.TextWriterTraceListener, Version=9.0.0.0, Culture=neutral, PublicKeyToken=b03f5f7f11d50a3a”。
             解析的文件路径为“C:\Program Files\dotnet\packs\Microsoft.NETCore.App.Ref\9.0.11\ref\net9.0\System.Diagnostics.TextWriterTraceListener.dll”。
             在搜索路径位置“{RawFileName}”找到引用。
             此引用不是“CopyLocal”，因为至少有一个源项将“Private”设置为“false”，而没有源项将“Private”设置为“true”。
         主引用“System.Diagnostics.Tools, Version=9.0.0.0, Culture=neutral, PublicKeyToken=b03f5f7f11d50a3a”。
             解析的文件路径为“C:\Program Files\dotnet\packs\Microsoft.NETCore.App.Ref\9.0.11\ref\net9.0\System.Diagnostics.Tools.dll”。
             在搜索路径位置“{RawFileName}”找到引用。
             此引用不是“CopyLocal”，因为至少有一个源项将“Private”设置为“false”，而没有源项将“Private”设置为“true”。
         主引用“System.Diagnostics.TraceSource, Version=9.0.0.0, Culture=neutral, PublicKeyToken=b03f5f7f11d50a3a”。
             解析的文件路径为“C:\Program Files\dotnet\packs\Microsoft.NETCore.App.Ref\9.0.11\ref\net9.0\System.Diagnostics.TraceSource.dll”。
             在搜索路径位置“{RawFileName}”找到引用。
             此引用不是“CopyLocal”，因为至少有一个源项将“Private”设置为“false”，而没有源项将“Private”设置为“true”。
   3:6>CreateGeneratedAssemblyInfoInputsCacheFile:
         跳过写入到文件“obj\Debug\net9.0\CRM.TestCommon.AssemblyInfoInputs.cache”，因为内容不会改变。
   2:6>ResolveAssemblyReferences:
         主引用“System.Diagnostics.Tracing, Version=9.0.0.0, Culture=neutral, PublicKeyToken=b03f5f7f11d50a3a”。
   3:6>已完成执行任务“WriteLinesToFile”的操作。
   2:6>ResolveAssemblyReferences:
             解析的文件路径为“C:\Program Files\dotnet\packs\Microsoft.NETCore.App.Ref\9.0.11\ref\net9.0\System.Diagnostics.Tracing.dll”。
   3:6>已完成在项目“CRM.TestCommon.csproj”中生成目标“CreateGeneratedAssemblyInfoInputsCacheFile”的操作。
   2:6>ResolveAssemblyReferences:
             在搜索路径位置“{RawFileName}”找到引用。
             此引用不是“CopyLocal”，因为至少有一个源项将“Private”设置为“false”，而没有源项将“Private”设置为“true”。
         主引用“System.Drawing.Primitives, Version=9.0.0.0, Culture=neutral, PublicKeyToken=b03f5f7f11d50a3a”。
             解析的文件路径为“C:\Program Files\dotnet\packs\Microsoft.NETCore.App.Ref\9.0.11\ref\net9.0\System.Drawing.Primitives.dll”。
   3:6>来自项目“d:\MyProject\FrontCRM(C#)\tests\CRM.TestCommon\CRM.TestCommon.csproj”的文件“C:\Program Files\dotnet\sdk\9.0.308\Sdks\Microsoft.NET.Sdk\targets\Microsoft.NET.GenerateAssemblyInfo.targets”中的目标“CoreGenerateAssemblyInfo”(目标“GenerateAssemblyInfo”依赖于它):
   3:6>正在跳过目标“CoreGenerateAssemblyInfo”，因为所有输出文件相对于输入文件而言都是最新的。
       输入文件:obj\Debug\net9.0\CRM.TestCommon.AssemblyInfoInputs.cache
       输出文件:obj\Debug\net9.0\CRM.TestCommon.AssemblyInfo.cs
   2:6>ResolveAssemblyReferences:
             在搜索路径位置“{RawFileName}”找到引用。
             此引用不是“CopyLocal”，因为至少有一个源项将“Private”设置为“false”，而没有源项将“Private”设置为“true”。
         主引用“System.Drawing, Version=4.0.0.0, Culture=neutral, PublicKeyToken=b03f5f7f11d50a3a”。
             解析的文件路径为“C:\Program Files\dotnet\packs\Microsoft.NETCore.App.Ref\9.0.11\ref\net9.0\System.Drawing.dll”。
             在搜索路径位置“{RawFileName}”找到引用。
             此引用不是“CopyLocal”，因为至少有一个源项将“Private”设置为“false”，而没有源项将“Private”设置为“true”。
         主引用“System.Dynamic.Runtime, Version=9.0.0.0, Culture=neutral, PublicKeyToken=b03f5f7f11d50a3a”。
             解析的文件路径为“C:\Program Files\dotnet\packs\Microsoft.NETCore.App.Ref\9.0.11\ref\net9.0\System.Dynamic.Runtime.dll”。
             在搜索路径位置“{RawFileName}”找到引用。
             此引用不是“CopyLocal”，因为至少有一个源项将“Private”设置为“false”，而没有源项将“Private”设置为“true”。
         主引用“System.Formats.Asn1, Version=9.0.0.0, Culture=neutral, PublicKeyToken=cc7b13ffcd2ddd51”。
             解析的文件路径为“C:\Program Files\dotnet\packs\Microsoft.NETCore.App.Ref\9.0.11\ref\net9.0\System.Formats.Asn1.dll”。
   3:6>已完成在项目“CRM.TestCommon.csproj”中生成目标“CoreGenerateAssemblyInfo”的操作。
   2:6>ResolveAssemblyReferences:
             在搜索路径位置“{RawFileName}”找到引用。
   3:6>来自项目“d:\MyProject\FrontCRM(C#)\tests\CRM.TestCommon\CRM.TestCommon.csproj”的文件“C:\Program Files\dotnet\sdk\9.0.308\Sdks\Microsoft.NET.Sdk\targets\Microsoft.NET.GenerateAssemblyInfo.targets”中的目标“GenerateAssemblyInfo”(目标“BeforeCompile”依赖于它):
   3:6>已完成在项目“CRM.TestCommon.csproj”中生成目标“GenerateAssemblyInfo”的操作。
   3:6>来自项目“d:\MyProject\FrontCRM(C#)\tests\CRM.TestCommon\CRM.TestCommon.csproj”的文件“C:\Program Files\dotnet\sdk\9.0.308\Microsoft.Common.CurrentVersion.targets”中的目标“BeforeCompile”(目标“Compile”依赖于它):
   3:6>已完成在项目“CRM.TestCommon.csproj”中生成目标“BeforeCompile”的操作。
       由于条件的计算结果为 false，已跳过目标“_TimeStampBeforeCompile”；('$(RunPostBuildEvent)'=='OnOutputUpdated' or ('$(RegisterForComInterop)'=='true' and '$(OutputType)'=='library'))的计算结果为(''=='OnOutputUpdated' or (''=='true' and 'Library'=='library'))。
       已跳过目标“ResolveAssemblyReferences”。以前的生成已成功。
       已跳过目标“_GenerateCompileInputs”。以前的生成已成功。
   2:6>ResolveAssemblyReferences:
             此引用不是“CopyLocal”，因为至少有一个源项将“Private”设置为“false”，而没有源项将“Private”设置为“true”。
         主引用“System.Formats.Tar, Version=9.0.0.0, Culture=neutral, PublicKeyToken=cc7b13ffcd2ddd51”。
             解析的文件路径为“C:\Program Files\dotnet\packs\Microsoft.NETCore.App.Ref\9.0.11\ref\net9.0\System.Formats.Tar.dll”。
             在搜索路径位置“{RawFileName}”找到引用。
             此引用不是“CopyLocal”，因为至少有一个源项将“Private”设置为“false”，而没有源项将“Private”设置为“true”。
         主引用“System.Globalization.Calendars, Version=9.0.0.0, Culture=neutral, PublicKeyToken=b03f5f7f11d50a3a”。
   3:6>来自项目“d:\MyProject\FrontCRM(C#)\tests\CRM.TestCommon\CRM.TestCommon.csproj”的文件“C:\Program Files\dotnet\sdk\9.0.308\Microsoft.Common.CurrentVersion.targets”中的目标“_GenerateCompileDependencyCache”(目标“Compile”依赖于它):
   3:6>任务“Hash”
   2:6>ResolveAssemblyReferences:
             解析的文件路径为“C:\Program Files\dotnet\packs\Microsoft.NETCore.App.Ref\9.0.11\ref\net9.0\System.Globalization.Calendars.dll”。
             在搜索路径位置“{RawFileName}”找到引用。
             此引用不是“CopyLocal”，因为至少有一个源项将“Private”设置为“false”，而没有源项将“Private”设置为“true”。
         主引用“System.Globalization.Extensions, Version=9.0.0.0, Culture=neutral, PublicKeyToken=b03f5f7f11d50a3a”。
             解析的文件路径为“C:\Program Files\dotnet\packs\Microsoft.NETCore.App.Ref\9.0.11\ref\net9.0\System.Globalization.Extensions.dll”。
             在搜索路径位置“{RawFileName}”找到引用。
             此引用不是“CopyLocal”，因为至少有一个源项将“Private”设置为“false”，而没有源项将“Private”设置为“true”。
         主引用“System.Globalization, Version=9.0.0.0, Culture=neutral, PublicKeyToken=b03f5f7f11d50a3a”。
             解析的文件路径为“C:\Program Files\dotnet\packs\Microsoft.NETCore.App.Ref\9.0.11\ref\net9.0\System.Globalization.dll”。
             在搜索路径位置“{RawFileName}”找到引用。
             此引用不是“CopyLocal”，因为至少有一个源项将“Private”设置为“false”，而没有源项将“Private”设置为“true”。
   3:6>已完成执行任务“Hash”的操作。
       任务“WriteLinesToFile”
   2:6>ResolveAssemblyReferences:
         主引用“System.IO.Compression.Brotli, Version=9.0.0.0, Culture=neutral, PublicKeyToken=b77a5c561934e089”。
             解析的文件路径为“C:\Program Files\dotnet\packs\Microsoft.NETCore.App.Ref\9.0.11\ref\net9.0\System.IO.Compression.Brotli.dll”。
             在搜索路径位置“{RawFileName}”找到引用。
             此引用不是“CopyLocal”，因为至少有一个源项将“Private”设置为“false”，而没有源项将“Private”设置为“true”。
         主引用“System.IO.Compression.FileSystem, Version=4.0.0.0, Culture=neutral, PublicKeyToken=b77a5c561934e089”。
             解析的文件路径为“C:\Program Files\dotnet\packs\Microsoft.NETCore.App.Ref\9.0.11\ref\net9.0\System.IO.Compression.FileSystem.dll”。
             在搜索路径位置“{RawFileName}”找到引用。
             此引用不是“CopyLocal”，因为至少有一个源项将“Private”设置为“false”，而没有源项将“Private”设置为“true”。
         主引用“System.IO.Compression.ZipFile, Version=9.0.0.0, Culture=neutral, PublicKeyToken=b77a5c561934e089”。
             解析的文件路径为“C:\Program Files\dotnet\packs\Microsoft.NETCore.App.Ref\9.0.11\ref\net9.0\System.IO.Compression.ZipFile.dll”。
             在搜索路径位置“{RawFileName}”找到引用。
             此引用不是“CopyLocal”，因为至少有一个源项将“Private”设置为“false”，而没有源项将“Private”设置为“true”。
         主引用“System.IO.Compression, Version=9.0.0.0, Culture=neutral, PublicKeyToken=b77a5c561934e089”。
             解析的文件路径为“C:\Program Files\dotnet\packs\Microsoft.NETCore.App.Ref\9.0.11\ref\net9.0\System.IO.Compression.dll”。
             在搜索路径位置“{RawFileName}”找到引用。
   3:6>_GenerateCompileDependencyCache:
         跳过写入到文件“obj\Debug\net9.0\CRM.TestCommon.csproj.CoreCompileInputs.cache”，因为内容不会改变。
   2:6>ResolveAssemblyReferences:
             此引用不是“CopyLocal”，因为至少有一个源项将“Private”设置为“false”，而没有源项将“Private”设置为“true”。
   3:6>已完成执行任务“WriteLinesToFile”的操作。
   2:6>ResolveAssemblyReferences:
         主引用“System.IO.FileSystem.AccessControl, Version=9.0.0.0, Culture=neutral, PublicKeyToken=b03f5f7f11d50a3a”。
             解析的文件路径为“C:\Program Files\dotnet\packs\Microsoft.NETCore.App.Ref\9.0.11\ref\net9.0\System.IO.FileSystem.AccessControl.dll”。
   3:6>已完成在项目“CRM.TestCommon.csproj”中生成目标“_GenerateCompileDependencyCache”的操作。
   2:6>ResolveAssemblyReferences:
             在搜索路径位置“{RawFileName}”找到引用。
             此引用不是“CopyLocal”，因为至少有一个源项将“Private”设置为“false”，而没有源项将“Private”设置为“true”。
   3:6>由于条件的计算结果为 false，已跳过目标“_ComputeNonExistentFileProperty”；(('$(BuildingInsideVisualStudio)' == 'true') and ('$(BuildingOutOfProcess)' != 'true') and (('$(BuildingProject)' == 'false') or ('$(UseHostCompilerIfAvailable)' == 'true')))的计算结果为(('' == 'true') and ('' != 'true') and (('true' == 'false') or ('true' == 'true')))。
       由于条件的计算结果为 false，已跳过目标“ResolveCodeAnalysisRuleSet”；('$(CodeAnalysisRuleSet)' != '')的计算结果为('' != '')。
   2:6>ResolveAssemblyReferences:
         主引用“System.IO.FileSystem.DriveInfo, Version=9.0.0.0, Culture=neutral, PublicKeyToken=b03f5f7f11d50a3a”。
   3:6>由于条件的计算结果为 false，已跳过目标“ShimReferencePathsWhenCommonTargetsDoesNotUnderstandReferenceAssemblies”；('@(ReferencePathWithRefAssemblies)' == '')的计算结果为('C:\Program Files\dotnet\packs\Microsoft.NETCore.App.Ref\9.0.11\ref\net9.0\Microsoft.CSharp.dll;C:\Program Files\dotnet\packs\Microsoft.NETCore.App.Ref\9.0.11\ref\net9.0\Microsoft.VisualBasic.Core.dll;C:\Program Files\dotnet\packs\Microsoft.NETCore.App.Ref\9.0.11\ref\net9.0\Microsoft.VisualBasic.dll;...' == '')。
   2:6>ResolveAssemblyReferences:
             解析的文件路径为“C:\Program Files\dotnet\packs\Microsoft.NETCore.App.Ref\9.0.11\ref\net9.0\System.IO.FileSystem.DriveInfo.dll”。
   3:6>来自项目“d:\MyProject\FrontCRM(C#)\tests\CRM.TestCommon\CRM.TestCommon.csproj”的文件“C:\Program Files\dotnet\sdk\9.0.308\Roslyn\Microsoft.Managed.Core.targets”中的目标“_BeforeVBCSCoreCompile”(目标“CoreCompile”依赖于它):
   3:6>已完成在项目“CRM.TestCommon.csproj”中生成目标“_BeforeVBCSCoreCompile”的操作。
   2:6>ResolveAssemblyReferences:
             在搜索路径位置“{RawFileName}”找到引用。
   3:6>由于条件的计算结果为 false，已跳过目标“AdjustDefaultPlatformTargetForNetFrameworkExeWithNoNativeCopyLocalItems”；('$(_UsingDefaultPlatformTarget)' == 'true' and
                     '$(_UsingDefaultRuntimeIdentifier)' == 'true')的计算结果为('true' == 'true' and
                     '' == 'true')。
       由于条件的计算结果为 false，已跳过目标“_DisableDiagnosticTracing”；('$(DisableDiagnosticTracing)' == 'true')的计算结果为('' == 'true')。
       由于条件的计算结果为 false，已跳过目标“ShimReferencePathsWhenCommonTargetsDoesNotUnderstandReferenceAssemblies”；('@(ReferencePathWithRefAssemblies)' == '')的计算结果为('C:\Program Files\dotnet\packs\Microsoft.NETCore.App.Ref\9.0.11\ref\net9.0\Microsoft.CSharp.dll;C:\Program Files\dotnet\packs\Microsoft.NETCore.App.Ref\9.0.11\ref\net9.0\Microsoft.VisualBasic.Core.dll;C:\Program Files\dotnet\packs\Microsoft.NETCore.App.Ref\9.0.11\ref\net9.0\Microsoft.VisualBasic.dll;...' == '')。
   2:6>ResolveAssemblyReferences:
             此引用不是“CopyLocal”，因为至少有一个源项将“Private”设置为“false”，而没有源项将“Private”设置为“true”。
   3:6>来自项目“d:\MyProject\FrontCRM(C#)\tests\CRM.TestCommon\CRM.TestCommon.csproj”的文件“C:\Program Files\dotnet\sdk\9.0.308\Roslyn\Microsoft.Managed.Core.targets”中的目标“_ComputeSkipAnalyzers”(目标“CoreCompile”依赖于它):
   3:6>由于 false 条件，已跳过任务“ShowMessageForImplicitlySkipAnalyzers”；('$(_ImplicitlySkipAnalyzers)' == 'true')计算为('' == 'true')。
   2:6>ResolveAssemblyReferences:
         主引用“System.IO.FileSystem.Primitives, Version=9.0.0.0, Culture=neutral, PublicKeyToken=b03f5f7f11d50a3a”。
             解析的文件路径为“C:\Program Files\dotnet\packs\Microsoft.NETCore.App.Ref\9.0.11\ref\net9.0\System.IO.FileSystem.Primitives.dll”。
   3:6>已完成在项目“CRM.TestCommon.csproj”中生成目标“_ComputeSkipAnalyzers”的操作。
       由于条件的计算结果为 false，已跳过目标“_SetPathMapFromSourceRoots”；('$(DeterministicSourcePaths)' == 'true')的计算结果为('' == 'true')。
       由于条件的计算结果为 false，已跳过目标“CreateCompilerGeneratedFilesOutputPath”；('$(EmitCompilerGeneratedFiles)' == 'true' and !('$(DesignTimeBuild)' == 'true' OR '$(BuildingProject)' != 'true'))的计算结果为('false' == 'true' and !('' == 'true' OR 'true' != 'true'))。
   2:6>ResolveAssemblyReferences:
             在搜索路径位置“{RawFileName}”找到引用。
   3:6>由于条件的计算结果为 false，已跳过目标“_CheckMicrosoftNetSdkCompilersToolsetPackageExists”；('$(_NeedToDownloadMicrosoftNetSdkCompilersToolsetPackage)' == 'true' and '$(DesignTimeBuild)' != 'true')的计算结果为('' == 'true' and '' != 'true')。
       已跳过目标“BeforeCompile”。以前的生成已成功。
       已跳过目标“InitializeSourceControlInformationFromSourceControlManager”。以前的生成已成功。
   2:6>ResolveAssemblyReferences:
             此引用不是“CopyLocal”，因为至少有一个源项将“Private”设置为“false”，而没有源项将“Private”设置为“true”。
   3:6>来自项目“d:\MyProject\FrontCRM(C#)\tests\CRM.TestCommon\CRM.TestCommon.csproj”的文件“C:\Program Files\dotnet\sdk\9.0.308\Sdks\Microsoft.Build.Tasks.Git\build\Microsoft.Build.Tasks.Git.targets”中的目标“SetEmbeddedFilesFromSourceControlManagerUntrackedFiles”(目标“_SetEmbeddedFilesFromSourceControlManagerUntrackedFiles”依赖于它):
   3:6>由于 false 条件，已跳过任务“Microsoft.Build.Tasks.Git.GetUntrackedFiles”；('$(_GitRepositoryId)' != '')计算为('' != '')。
   3:6>已完成在项目“CRM.TestCommon.csproj”中生成目标“SetEmbeddedFilesFromSourceControlManagerUntrackedFiles”的操作。
   3:6>来自项目“d:\MyProject\FrontCRM(C#)\tests\CRM.TestCommon\CRM.TestCommon.csproj”的文件“C:\Program Files\dotnet\sdk\9.0.308\Sdks\Microsoft.SourceLink.Common\build\Microsoft.SourceLink.Common.targets”中的目标“_SetEmbeddedFilesFromSourceControlManagerUntrackedFiles”(目标“CoreCompile”依赖于它):
   3:6>已完成在项目“CRM.TestCommon.csproj”中生成目标“_SetEmbeddedFilesFromSourceControlManagerUntrackedFiles”的操作。
       已跳过目标“InitializeSourceControlInformation”。以前的生成已成功。
   2:6>ResolveAssemblyReferences:
         主引用“System.IO.FileSystem.Watcher, Version=9.0.0.0, Culture=neutral, PublicKeyToken=b03f5f7f11d50a3a”。
   3:6>来自项目“d:\MyProject\FrontCRM(C#)\tests\CRM.TestCommon\CRM.TestCommon.csproj”的文件“C:\Program Files\dotnet\sdk\9.0.308\Sdks\Microsoft.SourceLink.Common\build\Microsoft.SourceLink.Common.targets”中的目标“_SetSourceLinkFilePath”(目标“_GenerateSourceLinkFile”依赖于它):
   3:6>已完成在项目“CRM.TestCommon.csproj”中生成目标“_SetSourceLinkFilePath”的操作。
       已跳过目标“InitializeSourceControlInformation”。以前的生成已成功。
   3:6>来自项目“d:\MyProject\FrontCRM(C#)\tests\CRM.TestCommon\CRM.TestCommon.csproj”的文件“C:\Program Files\dotnet\sdk\9.0.308\Roslyn\Microsoft.Managed.Core.targets”中的目标“_InitializeSourceRootMappedPathsFromSourceControl”(目标“InitializeSourceRootMappedPaths”依赖于它):
   3:6>已完成在项目“CRM.TestCommon.csproj”中生成目标“_InitializeSourceRootMappedPathsFromSourceControl”的操作。
   2:6>ResolveAssemblyReferences:
             解析的文件路径为“C:\Program Files\dotnet\packs\Microsoft.NETCore.App.Ref\9.0.11\ref\net9.0\System.IO.FileSystem.Watcher.dll”。
             在搜索路径位置“{RawFileName}”找到引用。
             此引用不是“CopyLocal”，因为至少有一个源项将“Private”设置为“false”，而没有源项将“Private”设置为“true”。
         主引用“System.IO.FileSystem, Version=9.0.0.0, Culture=neutral, PublicKeyToken=b03f5f7f11d50a3a”。
   3:6>来自项目“d:\MyProject\FrontCRM(C#)\tests\CRM.TestCommon\CRM.TestCommon.csproj”的文件“C:\Program Files\dotnet\sdk\9.0.308\Roslyn\Microsoft.Managed.Core.targets”中的目标“InitializeSourceRootMappedPaths”(目标“_InitializeSourceRootMappedPathsOpt”依赖于它):
   3:6>正在使用程序集“C:\Program Files\dotnet\sdk\9.0.308\Roslyn\Microsoft.Build.Tasks.CodeAnalysis.dll”中的“Microsoft.CodeAnalysis.BuildTasks.MapSourceRoots”任务。
       任务“Microsoft.CodeAnalysis.BuildTasks.MapSourceRoots”
   2:6>ResolveAssemblyReferences:
             解析的文件路径为“C:\Program Files\dotnet\packs\Microsoft.NETCore.App.Ref\9.0.11\ref\net9.0\System.IO.FileSystem.dll”。
             在搜索路径位置“{RawFileName}”找到引用。
             此引用不是“CopyLocal”，因为至少有一个源项将“Private”设置为“false”，而没有源项将“Private”设置为“true”。
         主引用“System.IO.IsolatedStorage, Version=9.0.0.0, Culture=neutral, PublicKeyToken=b03f5f7f11d50a3a”。
             解析的文件路径为“C:\Program Files\dotnet\packs\Microsoft.NETCore.App.Ref\9.0.11\ref\net9.0\System.IO.IsolatedStorage.dll”。
             在搜索路径位置“{RawFileName}”找到引用。
             此引用不是“CopyLocal”，因为至少有一个源项将“Private”设置为“false”，而没有源项将“Private”设置为“true”。
         主引用“System.IO.MemoryMappedFiles, Version=9.0.0.0, Culture=neutral, PublicKeyToken=b03f5f7f11d50a3a”。
             解析的文件路径为“C:\Program Files\dotnet\packs\Microsoft.NETCore.App.Ref\9.0.11\ref\net9.0\System.IO.MemoryMappedFiles.dll”。
   3:6>已完成执行任务“Microsoft.CodeAnalysis.BuildTasks.MapSourceRoots”的操作。
   2:6>ResolveAssemblyReferences:
             在搜索路径位置“{RawFileName}”找到引用。
             此引用不是“CopyLocal”，因为至少有一个源项将“Private”设置为“false”，而没有源项将“Private”设置为“true”。
   3:6>已完成在项目“CRM.TestCommon.csproj”中生成目标“InitializeSourceRootMappedPaths”的操作。
   3:6>来自项目“d:\MyProject\FrontCRM(C#)\tests\CRM.TestCommon\CRM.TestCommon.csproj”的文件“C:\Program Files\dotnet\sdk\9.0.308\Sdks\Microsoft.SourceLink.Common\build\Microsoft.SourceLink.Common.targets”中的目标“_InitializeSourceRootMappedPathsOpt”(目标“_GenerateSourceLinkFile”依赖于它):
   3:6>已完成在项目“CRM.TestCommon.csproj”中生成目标“_InitializeSourceRootMappedPathsOpt”的操作。
   2:6>ResolveAssemblyReferences:
         主引用“System.IO.Pipelines, Version=9.0.0.0, Culture=neutral, PublicKeyToken=cc7b13ffcd2ddd51”。
             解析的文件路径为“C:\Program Files\dotnet\packs\Microsoft.NETCore.App.Ref\9.0.11\ref\net9.0\System.IO.Pipelines.dll”。
   3:6>来自项目“d:\MyProject\FrontCRM(C#)\tests\CRM.TestCommon\CRM.TestCommon.csproj”的文件“C:\Program Files\dotnet\sdk\9.0.308\Sdks\Microsoft.SourceLink.GitHub\build\Microsoft.SourceLink.GitHub.targets”中的目标“_InitializeGitHubSourceLinkUrl”(目标“_GenerateSourceLinkFile”依赖于它):
   3:6>正在完全生成目标“_InitializeGitHubSourceLinkUrl”。
       未指定输入文件。
   2:6>ResolveAssemblyReferences:
             在搜索路径位置“{RawFileName}”找到引用。
             此引用不是“CopyLocal”，因为至少有一个源项将“Private”设置为“false”，而没有源项将“Private”设置为“true”。
   3:6>_InitializeGitHubSourceLinkUrl:
       正在使用程序集“C:\Program Files\dotnet\sdk\9.0.308\Sdks\Microsoft.SourceLink.GitHub\build\..\tools\net\Microsoft.SourceLink.GitHub.dll”中的“Microsoft.SourceLink.GitHub.GetSourceLinkUrl”任务。
       任务“Microsoft.SourceLink.GitHub.GetSourceLinkUrl”
   2:6>ResolveAssemblyReferences:
         主引用“System.IO.Pipes.AccessControl, Version=9.0.0.0, Culture=neutral, PublicKeyToken=b03f5f7f11d50a3a”。
             解析的文件路径为“C:\Program Files\dotnet\packs\Microsoft.NETCore.App.Ref\9.0.11\ref\net9.0\System.IO.Pipes.AccessControl.dll”。
             在搜索路径位置“{RawFileName}”找到引用。
             此引用不是“CopyLocal”，因为至少有一个源项将“Private”设置为“false”，而没有源项将“Private”设置为“true”。
         主引用“System.IO.Pipes, Version=9.0.0.0, Culture=neutral, PublicKeyToken=b03f5f7f11d50a3a”。
             解析的文件路径为“C:\Program Files\dotnet\packs\Microsoft.NETCore.App.Ref\9.0.11\ref\net9.0\System.IO.Pipes.dll”。
             在搜索路径位置“{RawFileName}”找到引用。
             此引用不是“CopyLocal”，因为至少有一个源项将“Private”设置为“false”，而没有源项将“Private”设置为“true”。
         主引用“System.IO.UnmanagedMemoryStream, Version=9.0.0.0, Culture=neutral, PublicKeyToken=b03f5f7f11d50a3a”。
             解析的文件路径为“C:\Program Files\dotnet\packs\Microsoft.NETCore.App.Ref\9.0.11\ref\net9.0\System.IO.UnmanagedMemoryStream.dll”。
             在搜索路径位置“{RawFileName}”找到引用。
             此引用不是“CopyLocal”，因为至少有一个源项将“Private”设置为“false”，而没有源项将“Private”设置为“true”。
         主引用“System.IO, Version=9.0.0.0, Culture=neutral, PublicKeyToken=b03f5f7f11d50a3a”。
             解析的文件路径为“C:\Program Files\dotnet\packs\Microsoft.NETCore.App.Ref\9.0.11\ref\net9.0\System.IO.dll”。
             在搜索路径位置“{RawFileName}”找到引用。
   3:6>已完成执行任务“Microsoft.SourceLink.GitHub.GetSourceLinkUrl”的操作。
   2:6>ResolveAssemblyReferences:
             此引用不是“CopyLocal”，因为至少有一个源项将“Private”设置为“false”，而没有源项将“Private”设置为“true”。
   3:6>已完成在项目“CRM.TestCommon.csproj”中生成目标“_InitializeGitHubSourceLinkUrl”的操作。
   2:6>ResolveAssemblyReferences:
         主引用“System.Linq.Expressions, Version=9.0.0.0, Culture=neutral, PublicKeyToken=b03f5f7f11d50a3a”。
   3:6>来自项目“d:\MyProject\FrontCRM(C#)\tests\CRM.TestCommon\CRM.TestCommon.csproj”的文件“C:\Program Files\dotnet\sdk\9.0.308\Sdks\Microsoft.SourceLink.GitHub\build\Microsoft.SourceLink.GitHub.targets”中的目标“_InitializeGitHubSourceLinkUrl”(目标“_GenerateSourceLinkFile”依赖于它):
   3:6>正在完全生成目标“_InitializeGitHubSourceLinkUrl”。
       未指定输入文件。
       任务“Microsoft.SourceLink.GitHub.GetSourceLinkUrl”
   2:6>ResolveAssemblyReferences:
             解析的文件路径为“C:\Program Files\dotnet\packs\Microsoft.NETCore.App.Ref\9.0.11\ref\net9.0\System.Linq.Expressions.dll”。
             在搜索路径位置“{RawFileName}”找到引用。
             此引用不是“CopyLocal”，因为至少有一个源项将“Private”设置为“false”，而没有源项将“Private”设置为“true”。
         主引用“System.Linq.Parallel, Version=9.0.0.0, Culture=neutral, PublicKeyToken=b03f5f7f11d50a3a”。
             解析的文件路径为“C:\Program Files\dotnet\packs\Microsoft.NETCore.App.Ref\9.0.11\ref\net9.0\System.Linq.Parallel.dll”。
             在搜索路径位置“{RawFileName}”找到引用。
             此引用不是“CopyLocal”，因为至少有一个源项将“Private”设置为“false”，而没有源项将“Private”设置为“true”。
         主引用“System.Linq.Queryable, Version=9.0.0.0, Culture=neutral, PublicKeyToken=b03f5f7f11d50a3a”。
   3:6>已完成执行任务“Microsoft.SourceLink.GitHub.GetSourceLinkUrl”的操作。
   2:6>ResolveAssemblyReferences:
             解析的文件路径为“C:\Program Files\dotnet\packs\Microsoft.NETCore.App.Ref\9.0.11\ref\net9.0\System.Linq.Queryable.dll”。
   3:6>已完成在项目“CRM.TestCommon.csproj”中生成目标“_InitializeGitHubSourceLinkUrl”的操作。
   2:6>ResolveAssemblyReferences:
             在搜索路径位置“{RawFileName}”找到引用。
   3:6>来自项目“d:\MyProject\FrontCRM(C#)\tests\CRM.TestCommon\CRM.TestCommon.csproj”的文件“C:\Program Files\dotnet\sdk\9.0.308\Sdks\Microsoft.SourceLink.GitLab\build\Microsoft.SourceLink.GitLab.targets”中的目标“_InitializeGitLabSourceLinkUrl”(目标“_GenerateSourceLinkFile”依赖于它):
   3:6>正在完全生成目标“_InitializeGitLabSourceLinkUrl”。
       未指定输入文件。
   2:6>ResolveAssemblyReferences:
             此引用不是“CopyLocal”，因为至少有一个源项将“Private”设置为“false”，而没有源项将“Private”设置为“true”。
         主引用“System.Linq, Version=9.0.0.0, Culture=neutral, PublicKeyToken=b03f5f7f11d50a3a”。
             解析的文件路径为“C:\Program Files\dotnet\packs\Microsoft.NETCore.App.Ref\9.0.11\ref\net9.0\System.Linq.dll”。
   3:6>_InitializeGitLabSourceLinkUrl:
       正在使用程序集“C:\Program Files\dotnet\sdk\9.0.308\Sdks\Microsoft.SourceLink.GitLab\build\..\tools\net\Microsoft.SourceLink.GitLab.dll”中的“Microsoft.SourceLink.GitLab.GetSourceLinkUrl”任务。
       任务“Microsoft.SourceLink.GitLab.GetSourceLinkUrl”
   2:6>ResolveAssemblyReferences:
             在搜索路径位置“{RawFileName}”找到引用。
             此引用不是“CopyLocal”，因为至少有一个源项将“Private”设置为“false”，而没有源项将“Private”设置为“true”。
         主引用“System.Memory, Version=9.0.0.0, Culture=neutral, PublicKeyToken=cc7b13ffcd2ddd51”。
             解析的文件路径为“C:\Program Files\dotnet\packs\Microsoft.NETCore.App.Ref\9.0.11\ref\net9.0\System.Memory.dll”。
             在搜索路径位置“{RawFileName}”找到引用。
             此引用不是“CopyLocal”，因为至少有一个源项将“Private”设置为“false”，而没有源项将“Private”设置为“true”。
         主引用“System.Net.Http.Json, Version=9.0.0.0, Culture=neutral, PublicKeyToken=cc7b13ffcd2ddd51”。
             解析的文件路径为“C:\Program Files\dotnet\packs\Microsoft.NETCore.App.Ref\9.0.11\ref\net9.0\System.Net.Http.Json.dll”。
             在搜索路径位置“{RawFileName}”找到引用。
             此引用不是“CopyLocal”，因为至少有一个源项将“Private”设置为“false”，而没有源项将“Private”设置为“true”。
         主引用“System.Net.Http, Version=9.0.0.0, Culture=neutral, PublicKeyToken=b03f5f7f11d50a3a”。
             解析的文件路径为“C:\Program Files\dotnet\packs\Microsoft.NETCore.App.Ref\9.0.11\ref\net9.0\System.Net.Http.dll”。
             在搜索路径位置“{RawFileName}”找到引用。
             此引用不是“CopyLocal”，因为至少有一个源项将“Private”设置为“false”，而没有源项将“Private”设置为“true”。
   3:6>已完成执行任务“Microsoft.SourceLink.GitLab.GetSourceLinkUrl”的操作。
   2:6>ResolveAssemblyReferences:
         主引用“System.Net.HttpListener, Version=9.0.0.0, Culture=neutral, PublicKeyToken=cc7b13ffcd2ddd51”。
   3:6>已完成在项目“CRM.TestCommon.csproj”中生成目标“_InitializeGitLabSourceLinkUrl”的操作。
   2:6>ResolveAssemblyReferences:
             解析的文件路径为“C:\Program Files\dotnet\packs\Microsoft.NETCore.App.Ref\9.0.11\ref\net9.0\System.Net.HttpListener.dll”。
   3:6>来自项目“d:\MyProject\FrontCRM(C#)\tests\CRM.TestCommon\CRM.TestCommon.csproj”的文件“C:\Program Files\dotnet\sdk\9.0.308\Sdks\Microsoft.SourceLink.GitLab\build\Microsoft.SourceLink.GitLab.targets”中的目标“_InitializeGitLabSourceLinkUrl”(目标“_GenerateSourceLinkFile”依赖于它):
   3:6>正在完全生成目标“_InitializeGitLabSourceLinkUrl”。
       未指定输入文件。
       任务“Microsoft.SourceLink.GitLab.GetSourceLinkUrl”
   2:6>ResolveAssemblyReferences:
             在搜索路径位置“{RawFileName}”找到引用。
             此引用不是“CopyLocal”，因为至少有一个源项将“Private”设置为“false”，而没有源项将“Private”设置为“true”。
         主引用“System.Net.Mail, Version=9.0.0.0, Culture=neutral, PublicKeyToken=cc7b13ffcd2ddd51”。
             解析的文件路径为“C:\Program Files\dotnet\packs\Microsoft.NETCore.App.Ref\9.0.11\ref\net9.0\System.Net.Mail.dll”。
             在搜索路径位置“{RawFileName}”找到引用。
             此引用不是“CopyLocal”，因为至少有一个源项将“Private”设置为“false”，而没有源项将“Private”设置为“true”。
         主引用“System.Net.NameResolution, Version=9.0.0.0, Culture=neutral, PublicKeyToken=b03f5f7f11d50a3a”。
   3:6>已完成执行任务“Microsoft.SourceLink.GitLab.GetSourceLinkUrl”的操作。
   2:6>ResolveAssemblyReferences:
             解析的文件路径为“C:\Program Files\dotnet\packs\Microsoft.NETCore.App.Ref\9.0.11\ref\net9.0\System.Net.NameResolution.dll”。
   3:6>已完成在项目“CRM.TestCommon.csproj”中生成目标“_InitializeGitLabSourceLinkUrl”的操作。
   2:6>ResolveAssemblyReferences:
             在搜索路径位置“{RawFileName}”找到引用。
   3:6>来自项目“d:\MyProject\FrontCRM(C#)\tests\CRM.TestCommon\CRM.TestCommon.csproj”的文件“C:\Program Files\dotnet\sdk\9.0.308\Sdks\Microsoft.SourceLink.AzureRepos.Git\build\Microsoft.SourceLink.AzureRepos.Git.targets”中的目标“_InitializeAzureReposGitSourceLinkUrl”(目标“_GenerateSourceLinkFile”依赖于它):
   3:6>正在完全生成目标“_InitializeAzureReposGitSourceLinkUrl”。
       未指定输入文件。
   2:6>ResolveAssemblyReferences:
             此引用不是“CopyLocal”，因为至少有一个源项将“Private”设置为“false”，而没有源项将“Private”设置为“true”。
         主引用“System.Net.NetworkInformation, Version=9.0.0.0, Culture=neutral, PublicKeyToken=b03f5f7f11d50a3a”。
             解析的文件路径为“C:\Program Files\dotnet\packs\Microsoft.NETCore.App.Ref\9.0.11\ref\net9.0\System.Net.NetworkInformation.dll”。
   3:6>_InitializeAzureReposGitSourceLinkUrl:
       正在使用程序集“C:\Program Files\dotnet\sdk\9.0.308\Sdks\Microsoft.SourceLink.AzureRepos.Git\build\..\tools\net\Microsoft.SourceLink.AzureRepos.Git.dll”中的“Microsoft.SourceLink.AzureRepos.Git.GetSourceLinkUrl”任务。
       任务“Microsoft.SourceLink.AzureRepos.Git.GetSourceLinkUrl”
   2:6>ResolveAssemblyReferences:
             在搜索路径位置“{RawFileName}”找到引用。
             此引用不是“CopyLocal”，因为至少有一个源项将“Private”设置为“false”，而没有源项将“Private”设置为“true”。
         主引用“System.Net.Ping, Version=9.0.0.0, Culture=neutral, PublicKeyToken=b03f5f7f11d50a3a”。
             解析的文件路径为“C:\Program Files\dotnet\packs\Microsoft.NETCore.App.Ref\9.0.11\ref\net9.0\System.Net.Ping.dll”。
             在搜索路径位置“{RawFileName}”找到引用。
             此引用不是“CopyLocal”，因为至少有一个源项将“Private”设置为“false”，而没有源项将“Private”设置为“true”。
         主引用“System.Net.Primitives, Version=9.0.0.0, Culture=neutral, PublicKeyToken=b03f5f7f11d50a3a”。
             解析的文件路径为“C:\Program Files\dotnet\packs\Microsoft.NETCore.App.Ref\9.0.11\ref\net9.0\System.Net.Primitives.dll”。
             在搜索路径位置“{RawFileName}”找到引用。
             此引用不是“CopyLocal”，因为至少有一个源项将“Private”设置为“false”，而没有源项将“Private”设置为“true”。
         主引用“System.Net.Quic, Version=9.0.0.0, Culture=neutral, PublicKeyToken=b03f5f7f11d50a3a”。
   3:6>已完成执行任务“Microsoft.SourceLink.AzureRepos.Git.GetSourceLinkUrl”的操作。
   2:6>ResolveAssemblyReferences:
             解析的文件路径为“C:\Program Files\dotnet\packs\Microsoft.NETCore.App.Ref\9.0.11\ref\net9.0\System.Net.Quic.dll”。
   3:6>已完成在项目“CRM.TestCommon.csproj”中生成目标“_InitializeAzureReposGitSourceLinkUrl”的操作。
   3:6>来自项目“d:\MyProject\FrontCRM(C#)\tests\CRM.TestCommon\CRM.TestCommon.csproj”的文件“C:\Program Files\dotnet\sdk\9.0.308\Sdks\Microsoft.SourceLink.AzureRepos.Git\build\Microsoft.SourceLink.AzureRepos.Git.targets”中的目标“_InitializeAzureReposGitSourceLinkUrl”(目标“_GenerateSourceLinkFile”依赖于它):
       正在完全生成目标“_InitializeAzureReposGitSourceLinkUrl”。
       未指定输入文件。
   2:6>ResolveAssemblyReferences:
             在搜索路径位置“{RawFileName}”找到引用。
   3:6>任务“Microsoft.SourceLink.AzureRepos.Git.GetSourceLinkUrl”
   2:6>ResolveAssemblyReferences:
             此引用不是“CopyLocal”，因为至少有一个源项将“Private”设置为“false”，而没有源项将“Private”设置为“true”。
         主引用“System.Net.Requests, Version=9.0.0.0, Culture=neutral, PublicKeyToken=b03f5f7f11d50a3a”。
             解析的文件路径为“C:\Program Files\dotnet\packs\Microsoft.NETCore.App.Ref\9.0.11\ref\net9.0\System.Net.Requests.dll”。
   3:6>已完成执行任务“Microsoft.SourceLink.AzureRepos.Git.GetSourceLinkUrl”的操作。
   2:6>ResolveAssemblyReferences:
             在搜索路径位置“{RawFileName}”找到引用。
   3:6>已完成在项目“CRM.TestCommon.csproj”中生成目标“_InitializeAzureReposGitSourceLinkUrl”的操作。
   3:6>来自项目“d:\MyProject\FrontCRM(C#)\tests\CRM.TestCommon\CRM.TestCommon.csproj”的文件“C:\Program Files\dotnet\sdk\9.0.308\Sdks\Microsoft.SourceLink.Bitbucket.Git\build\Microsoft.SourceLink.Bitbucket.Git.targets”中的目标“_InitializeBitbucketGitSourceLinkUrl”(目标“_GenerateSourceLinkFile”依赖于它):
       正在完全生成目标“_InitializeBitbucketGitSourceLinkUrl”。
       未指定输入文件。
   2:6>ResolveAssemblyReferences:
             此引用不是“CopyLocal”，因为至少有一个源项将“Private”设置为“false”，而没有源项将“Private”设置为“true”。
         主引用“System.Net.Security, Version=9.0.0.0, Culture=neutral, PublicKeyToken=b03f5f7f11d50a3a”。
             解析的文件路径为“C:\Program Files\dotnet\packs\Microsoft.NETCore.App.Ref\9.0.11\ref\net9.0\System.Net.Security.dll”。
   3:6>_InitializeBitbucketGitSourceLinkUrl:
       正在使用程序集“C:\Program Files\dotnet\sdk\9.0.308\Sdks\Microsoft.SourceLink.Bitbucket.Git\build\..\tools\net\Microsoft.SourceLink.Bitbucket.Git.dll”中的“Microsoft.SourceLink.Bitbucket.Git.GetSourceLinkUrl”任务。
       任务“Microsoft.SourceLink.Bitbucket.Git.GetSourceLinkUrl”
   2:6>ResolveAssemblyReferences:
             在搜索路径位置“{RawFileName}”找到引用。
             此引用不是“CopyLocal”，因为至少有一个源项将“Private”设置为“false”，而没有源项将“Private”设置为“true”。
         主引用“System.Net.ServicePoint, Version=9.0.0.0, Culture=neutral, PublicKeyToken=cc7b13ffcd2ddd51”。
             解析的文件路径为“C:\Program Files\dotnet\packs\Microsoft.NETCore.App.Ref\9.0.11\ref\net9.0\System.Net.ServicePoint.dll”。
             在搜索路径位置“{RawFileName}”找到引用。
             此引用不是“CopyLocal”，因为至少有一个源项将“Private”设置为“false”，而没有源项将“Private”设置为“true”。
         主引用“System.Net.Sockets, Version=9.0.0.0, Culture=neutral, PublicKeyToken=b03f5f7f11d50a3a”。
             解析的文件路径为“C:\Program Files\dotnet\packs\Microsoft.NETCore.App.Ref\9.0.11\ref\net9.0\System.Net.Sockets.dll”。
             在搜索路径位置“{RawFileName}”找到引用。
             此引用不是“CopyLocal”，因为至少有一个源项将“Private”设置为“false”，而没有源项将“Private”设置为“true”。
         主引用“System.Net.WebClient, Version=9.0.0.0, Culture=neutral, PublicKeyToken=cc7b13ffcd2ddd51”。
             解析的文件路径为“C:\Program Files\dotnet\packs\Microsoft.NETCore.App.Ref\9.0.11\ref\net9.0\System.Net.WebClient.dll”。
             在搜索路径位置“{RawFileName}”找到引用。
             此引用不是“CopyLocal”，因为至少有一个源项将“Private”设置为“false”，而没有源项将“Private”设置为“true”。
   3:6>已完成执行任务“Microsoft.SourceLink.Bitbucket.Git.GetSourceLinkUrl”的操作。
   3:6>已完成在项目“CRM.TestCommon.csproj”中生成目标“_InitializeBitbucketGitSourceLinkUrl”的操作。
   2:6>ResolveAssemblyReferences:
         主引用“System.Net.WebHeaderCollection, Version=9.0.0.0, Culture=neutral, PublicKeyToken=b03f5f7f11d50a3a”。
   3:6>来自项目“d:\MyProject\FrontCRM(C#)\tests\CRM.TestCommon\CRM.TestCommon.csproj”的文件“C:\Program Files\dotnet\sdk\9.0.308\Sdks\Microsoft.SourceLink.Bitbucket.Git\build\Microsoft.SourceLink.Bitbucket.Git.targets”中的目标“_InitializeBitbucketGitSourceLinkUrl”(目标“_GenerateSourceLinkFile”依赖于它):
   3:6>正在完全生成目标“_InitializeBitbucketGitSourceLinkUrl”。
       未指定输入文件。
       任务“Microsoft.SourceLink.Bitbucket.Git.GetSourceLinkUrl”
   2:6>ResolveAssemblyReferences:
             解析的文件路径为“C:\Program Files\dotnet\packs\Microsoft.NETCore.App.Ref\9.0.11\ref\net9.0\System.Net.WebHeaderCollection.dll”。
             在搜索路径位置“{RawFileName}”找到引用。
             此引用不是“CopyLocal”，因为至少有一个源项将“Private”设置为“false”，而没有源项将“Private”设置为“true”。
         主引用“System.Net.WebProxy, Version=9.0.0.0, Culture=neutral, PublicKeyToken=cc7b13ffcd2ddd51”。
             解析的文件路径为“C:\Program Files\dotnet\packs\Microsoft.NETCore.App.Ref\9.0.11\ref\net9.0\System.Net.WebProxy.dll”。
             在搜索路径位置“{RawFileName}”找到引用。
             此引用不是“CopyLocal”，因为至少有一个源项将“Private”设置为“false”，而没有源项将“Private”设置为“true”。
   3:6>已完成执行任务“Microsoft.SourceLink.Bitbucket.Git.GetSourceLinkUrl”的操作。
   2:6>ResolveAssemblyReferences:
         主引用“System.Net.WebSockets.Client, Version=9.0.0.0, Culture=neutral, PublicKeyToken=b03f5f7f11d50a3a”。
   3:6>已完成在项目“CRM.TestCommon.csproj”中生成目标“_InitializeBitbucketGitSourceLinkUrl”的操作。
   2:6>ResolveAssemblyReferences:
             解析的文件路径为“C:\Program Files\dotnet\packs\Microsoft.NETCore.App.Ref\9.0.11\ref\net9.0\System.Net.WebSockets.Client.dll”。
   3:6>来自项目“d:\MyProject\FrontCRM(C#)\tests\CRM.TestCommon\CRM.TestCommon.csproj”的文件“C:\Program Files\dotnet\sdk\9.0.308\Sdks\Microsoft.SourceLink.Common\build\Microsoft.SourceLink.Common.targets”中的目标“_GenerateSourceLinkFile”(目标“GenerateSourceLinkFile”依赖于它):
   3:6>正在完全生成目标“_GenerateSourceLinkFile”。
       未指定输入文件。
   2:6>ResolveAssemblyReferences:
             在搜索路径位置“{RawFileName}”找到引用。
             此引用不是“CopyLocal”，因为至少有一个源项将“Private”设置为“false”，而没有源项将“Private”设置为“true”。
   3:6>_GenerateSourceLinkFile:
       正在使用程序集“C:\Program Files\dotnet\sdk\9.0.308\Sdks\Microsoft.SourceLink.Common\build\..\tools\net\Microsoft.SourceLink.Common.dll”中的“Microsoft.SourceLink.Common.GenerateSourceLinkFile”任务。
       任务“Microsoft.SourceLink.Common.GenerateSourceLinkFile”
   2:6>ResolveAssemblyReferences:
         主引用“System.Net.WebSockets, Version=9.0.0.0, Culture=neutral, PublicKeyToken=b03f5f7f11d50a3a”。
             解析的文件路径为“C:\Program Files\dotnet\packs\Microsoft.NETCore.App.Ref\9.0.11\ref\net9.0\System.Net.WebSockets.dll”。
             在搜索路径位置“{RawFileName}”找到引用。
             此引用不是“CopyLocal”，因为至少有一个源项将“Private”设置为“false”，而没有源项将“Private”设置为“true”。
         主引用“System.Net, Version=4.0.0.0, Culture=neutral, PublicKeyToken=b03f5f7f11d50a3a”。
             解析的文件路径为“C:\Program Files\dotnet\packs\Microsoft.NETCore.App.Ref\9.0.11\ref\net9.0\System.Net.dll”。
             在搜索路径位置“{RawFileName}”找到引用。
             此引用不是“CopyLocal”，因为至少有一个源项将“Private”设置为“false”，而没有源项将“Private”设置为“true”。
         主引用“System.Numerics.Vectors, Version=9.0.0.0, Culture=neutral, PublicKeyToken=b03f5f7f11d50a3a”。
             解析的文件路径为“C:\Program Files\dotnet\packs\Microsoft.NETCore.App.Ref\9.0.11\ref\net9.0\System.Numerics.Vectors.dll”。
             在搜索路径位置“{RawFileName}”找到引用。
             此引用不是“CopyLocal”，因为至少有一个源项将“Private”设置为“false”，而没有源项将“Private”设置为“true”。
         主引用“System.Numerics, Version=4.0.0.0, Culture=neutral, PublicKeyToken=b77a5c561934e089”。
             解析的文件路径为“C:\Program Files\dotnet\packs\Microsoft.NETCore.App.Ref\9.0.11\ref\net9.0\System.Numerics.dll”。
             在搜索路径位置“{RawFileName}”找到引用。
             此引用不是“CopyLocal”，因为至少有一个源项将“Private”设置为“false”，而没有源项将“Private”设置为“true”。
         主引用“System.ObjectModel, Version=9.0.0.0, Culture=neutral, PublicKeyToken=b03f5f7f11d50a3a”。
             解析的文件路径为“C:\Program Files\dotnet\packs\Microsoft.NETCore.App.Ref\9.0.11\ref\net9.0\System.ObjectModel.dll”。
             在搜索路径位置“{RawFileName}”找到引用。
             此引用不是“CopyLocal”，因为至少有一个源项将“Private”设置为“false”，而没有源项将“Private”设置为“true”。
         主引用“System.Reflection.DispatchProxy, Version=9.0.0.0, Culture=neutral, PublicKeyToken=b03f5f7f11d50a3a”。
             解析的文件路径为“C:\Program Files\dotnet\packs\Microsoft.NETCore.App.Ref\9.0.11\ref\net9.0\System.Reflection.DispatchProxy.dll”。
             在搜索路径位置“{RawFileName}”找到引用。
             此引用不是“CopyLocal”，因为至少有一个源项将“Private”设置为“false”，而没有源项将“Private”设置为“true”。
         主引用“System.Reflection.Emit.ILGeneration, Version=9.0.0.0, Culture=neutral, PublicKeyToken=b03f5f7f11d50a3a”。
             解析的文件路径为“C:\Program Files\dotnet\packs\Microsoft.NETCore.App.Ref\9.0.11\ref\net9.0\System.Reflection.Emit.ILGeneration.dll”。
             在搜索路径位置“{RawFileName}”找到引用。
   3:6>_GenerateSourceLinkFile:
         在 TaskRun (Microsoft.SourceLink.Common.GenerateSourceLinkFile) 期间加载的程序集: Microsoft.SourceLink.Common.resources, Version=9.0.11.11701, Culture=zh-Hans, PublicKeyToken=31bf3856ad364e35 (位置: C:\Program Files\dotnet\sdk\9.0.308\Sdks\Microsoft.SourceLink.Common\tools\net\zh-Hans\Microsoft.SourceLink.Common.resources.dll，MVID: 627aa1d7-5d85-4743-897d-35ca47142d08，AssemblyLoadContext: MSBuild plugin C:\Program Files\dotnet\sdk\9.0.308\Sdks\Microsoft.SourceLink.Common\tools\net\Microsoft.SourceLink.Common.dll)
   2:6>ResolveAssemblyReferences:
             此引用不是“CopyLocal”，因为至少有一个源项将“Private”设置为“false”，而没有源项将“Private”设置为“true”。
   3:6>_GenerateSourceLinkFile:
         Source Link 为空，则文件 "obj\Debug\net9.0\CRM.TestCommon.sourcelink.json" 不存在。
   2:6>ResolveAssemblyReferences:
         主引用“System.Reflection.Emit.Lightweight, Version=9.0.0.0, Culture=neutral, PublicKeyToken=b03f5f7f11d50a3a”。
   3:6>已完成执行任务“Microsoft.SourceLink.Common.GenerateSourceLinkFile”的操作。
   3:6>已完成在项目“CRM.TestCommon.csproj”中生成目标“_GenerateSourceLinkFile”的操作。
   2:6>ResolveAssemblyReferences:
             解析的文件路径为“C:\Program Files\dotnet\packs\Microsoft.NETCore.App.Ref\9.0.11\ref\net9.0\System.Reflection.Emit.Lightweight.dll”。
   3:6>来自项目“d:\MyProject\FrontCRM(C#)\tests\CRM.TestCommon\CRM.TestCommon.csproj”的文件“C:\Program Files\dotnet\sdk\9.0.308\Sdks\Microsoft.SourceLink.Common\build\Microsoft.SourceLink.Common.targets”中的目标“GenerateSourceLinkFile”(目标“CoreCompile”依赖于它):
   3:6>已完成在项目“CRM.TestCommon.csproj”中生成目标“GenerateSourceLinkFile”的操作。
   2:6>ResolveAssemblyReferences:
             在搜索路径位置“{RawFileName}”找到引用。
             此引用不是“CopyLocal”，因为至少有一个源项将“Private”设置为“false”，而没有源项将“Private”设置为“true”。
         主引用“System.Reflection.Emit, Version=9.0.0.0, Culture=neutral, PublicKeyToken=b03f5f7f11d50a3a”。
             解析的文件路径为“C:\Program Files\dotnet\packs\Microsoft.NETCore.App.Ref\9.0.11\ref\net9.0\System.Reflection.Emit.dll”。
             在搜索路径位置“{RawFileName}”找到引用。
             此引用不是“CopyLocal”，因为至少有一个源项将“Private”设置为“false”，而没有源项将“Private”设置为“true”。
         主引用“System.Reflection.Extensions, Version=9.0.0.0, Culture=neutral, PublicKeyToken=b03f5f7f11d50a3a”。
             解析的文件路径为“C:\Program Files\dotnet\packs\Microsoft.NETCore.App.Ref\9.0.11\ref\net9.0\System.Reflection.Extensions.dll”。
             在搜索路径位置“{RawFileName}”找到引用。
             此引用不是“CopyLocal”，因为至少有一个源项将“Private”设置为“false”，而没有源项将“Private”设置为“true”。
         主引用“System.Reflection.Metadata, Version=9.0.0.0, Culture=neutral, PublicKeyToken=b03f5f7f11d50a3a”。
             解析的文件路径为“C:\Program Files\dotnet\packs\Microsoft.NETCore.App.Ref\9.0.11\ref\net9.0\System.Reflection.Metadata.dll”。
             在搜索路径位置“{RawFileName}”找到引用。
             此引用不是“CopyLocal”，因为至少有一个源项将“Private”设置为“false”，而没有源项将“Private”设置为“true”。
         主引用“System.Reflection.Primitives, Version=9.0.0.0, Culture=neutral, PublicKeyToken=b03f5f7f11d50a3a”。
             解析的文件路径为“C:\Program Files\dotnet\packs\Microsoft.NETCore.App.Ref\9.0.11\ref\net9.0\System.Reflection.Primitives.dll”。
             在搜索路径位置“{RawFileName}”找到引用。
             此引用不是“CopyLocal”，因为至少有一个源项将“Private”设置为“false”，而没有源项将“Private”设置为“true”。
         主引用“System.Reflection.TypeExtensions, Version=9.0.0.0, Culture=neutral, PublicKeyToken=b03f5f7f11d50a3a”。
   3:6>来自项目“d:\MyProject\FrontCRM(C#)\tests\CRM.TestCommon\CRM.TestCommon.csproj”的文件“C:\Program Files\dotnet\sdk\9.0.308\Sdks\Microsoft.NET.Sdk\analyzers\build\Microsoft.CodeAnalysis.NetAnalyzers.targets”中的目标“AddGlobalAnalyzerConfigForPackage_MicrosoftCodeAnalysisNetAnalyzers”(目标“CoreCompile”依赖于它):
   3:6>已完成在项目“CRM.TestCommon.csproj”中生成目标“AddGlobalAnalyzerConfigForPackage_MicrosoftCodeAnalysisNetAnalyzers”的操作。
   2:6>ResolveAssemblyReferences:
             解析的文件路径为“C:\Program Files\dotnet\packs\Microsoft.NETCore.App.Ref\9.0.11\ref\net9.0\System.Reflection.TypeExtensions.dll”。
   3:6>由于条件的计算结果为 false，已跳过目标“AddGlobalAnalyzerConfigForPackage_MicrosoftCodeAnalysisNetAnalyzersDesign”；('$(SkipGlobalAnalyzerConfigForPackage)' != 'true' and ('$(AnalysisLevelDesign)' != '' or '$(AnalysisModeDesign)' != ''))的计算结果为('' != 'true' and ('' != '' or '' != ''))。
       由于条件的计算结果为 false，已跳过目标“AddGlobalAnalyzerConfigForPackage_MicrosoftCodeAnalysisNetAnalyzersDocumentation”；('$(SkipGlobalAnalyzerConfigForPackage)' != 'true' and ('$(AnalysisLevelDocumentation)' != '' or '$(AnalysisModeDocumentation)' != ''))的计算结果为('' != 'true' and ('' != '' or '' != ''))。
       由于条件的计算结果为 false，已跳过目标“AddGlobalAnalyzerConfigForPackage_MicrosoftCodeAnalysisNetAnalyzersGlobalization”；('$(SkipGlobalAnalyzerConfigForPackage)' != 'true' and ('$(AnalysisLevelGlobalization)' != '' or '$(AnalysisModeGlobalization)' != ''))的计算结果为('' != 'true' and ('' != '' or '' != ''))。
   2:6>ResolveAssemblyReferences:
             在搜索路径位置“{RawFileName}”找到引用。
   3:6>由于条件的计算结果为 false，已跳过目标“AddGlobalAnalyzerConfigForPackage_MicrosoftCodeAnalysisNetAnalyzersInteroperability”；('$(SkipGlobalAnalyzerConfigForPackage)' != 'true' and ('$(AnalysisLevelInteroperability)' != '' or '$(AnalysisModeInteroperability)' != ''))的计算结果为('' != 'true' and ('' != '' or '' != ''))。
       由于条件的计算结果为 false，已跳过目标“AddGlobalAnalyzerConfigForPackage_MicrosoftCodeAnalysisNetAnalyzersMaintainability”；('$(SkipGlobalAnalyzerConfigForPackage)' != 'true' and ('$(AnalysisLevelMaintainability)' != '' or '$(AnalysisModeMaintainability)' != ''))的计算结果为('' != 'true' and ('' != '' or '' != ''))。
       由于条件的计算结果为 false，已跳过目标“AddGlobalAnalyzerConfigForPackage_MicrosoftCodeAnalysisNetAnalyzersNaming”；('$(SkipGlobalAnalyzerConfigForPackage)' != 'true' and ('$(AnalysisLevelNaming)' != '' or '$(AnalysisModeNaming)' != ''))的计算结果为('' != 'true' and ('' != '' or '' != ''))。
       由于条件的计算结果为 false，已跳过目标“AddGlobalAnalyzerConfigForPackage_MicrosoftCodeAnalysisNetAnalyzersPerformance”；('$(SkipGlobalAnalyzerConfigForPackage)' != 'true' and ('$(AnalysisLevelPerformance)' != '' or '$(AnalysisModePerformance)' != ''))的计算结果为('' != 'true' and ('' != '' or '' != ''))。
   2:6>ResolveAssemblyReferences:
             此引用不是“CopyLocal”，因为至少有一个源项将“Private”设置为“false”，而没有源项将“Private”设置为“true”。
   3:6>由于条件的计算结果为 false，已跳过目标“AddGlobalAnalyzerConfigForPackage_MicrosoftCodeAnalysisNetAnalyzersReliability”；('$(SkipGlobalAnalyzerConfigForPackage)' != 'true' and ('$(AnalysisLevelReliability)' != '' or '$(AnalysisModeReliability)' != ''))的计算结果为('' != 'true' and ('' != '' or '' != ''))。
       由于条件的计算结果为 false，已跳过目标“AddGlobalAnalyzerConfigForPackage_MicrosoftCodeAnalysisNetAnalyzersSecurity”；('$(SkipGlobalAnalyzerConfigForPackage)' != 'true' and ('$(AnalysisLevelSecurity)' != '' or '$(AnalysisModeSecurity)' != ''))的计算结果为('' != 'true' and ('' != '' or '' != ''))。
       由于条件的计算结果为 false，已跳过目标“AddGlobalAnalyzerConfigForPackage_MicrosoftCodeAnalysisNetAnalyzersUsage”；('$(SkipGlobalAnalyzerConfigForPackage)' != 'true' and ('$(AnalysisLevelUsage)' != '' or '$(AnalysisModeUsage)' != ''))的计算结果为('' != 'true' and ('' != '' or '' != ''))。
       由于条件的计算结果为 false，已跳过目标“_CodeAnalysisTreatWarningsAsErrors”；('$(DesignTimeBuild)' == 'true' OR '$(BuildingProject)' != 'true')的计算结果为('' == 'true' OR 'true' != 'true')。
   2:6>ResolveAssemblyReferences:
         主引用“System.Reflection, Version=9.0.0.0, Culture=neutral, PublicKeyToken=b03f5f7f11d50a3a”。
             解析的文件路径为“C:\Program Files\dotnet\packs\Microsoft.NETCore.App.Ref\9.0.11\ref\net9.0\System.Reflection.dll”。
             在搜索路径位置“{RawFileName}”找到引用。
             此引用不是“CopyLocal”，因为至少有一个源项将“Private”设置为“false”，而没有源项将“Private”设置为“true”。
         主引用“System.Resources.Reader, Version=9.0.0.0, Culture=neutral, PublicKeyToken=b03f5f7f11d50a3a”。
             解析的文件路径为“C:\Program Files\dotnet\packs\Microsoft.NETCore.App.Ref\9.0.11\ref\net9.0\System.Resources.Reader.dll”。
             在搜索路径位置“{RawFileName}”找到引用。
             此引用不是“CopyLocal”，因为至少有一个源项将“Private”设置为“false”，而没有源项将“Private”设置为“true”。
         主引用“System.Resources.ResourceManager, Version=9.0.0.0, Culture=neutral, PublicKeyToken=b03f5f7f11d50a3a”。
             解析的文件路径为“C:\Program Files\dotnet\packs\Microsoft.NETCore.App.Ref\9.0.11\ref\net9.0\System.Resources.ResourceManager.dll”。
             在搜索路径位置“{RawFileName}”找到引用。
             此引用不是“CopyLocal”，因为至少有一个源项将“Private”设置为“false”，而没有源项将“Private”设置为“true”。
         主引用“System.Resources.Writer, Version=9.0.0.0, Culture=neutral, PublicKeyToken=b03f5f7f11d50a3a”。
             解析的文件路径为“C:\Program Files\dotnet\packs\Microsoft.NETCore.App.Ref\9.0.11\ref\net9.0\System.Resources.Writer.dll”。
             在搜索路径位置“{RawFileName}”找到引用。
             此引用不是“CopyLocal”，因为至少有一个源项将“Private”设置为“false”，而没有源项将“Private”设置为“true”。
         主引用“System.Runtime.CompilerServices.Unsafe, Version=9.0.0.0, Culture=neutral, PublicKeyToken=b03f5f7f11d50a3a”。
             解析的文件路径为“C:\Program Files\dotnet\packs\Microsoft.NETCore.App.Ref\9.0.11\ref\net9.0\System.Runtime.CompilerServices.Unsafe.dll”。
             在搜索路径位置“{RawFileName}”找到引用。
             此引用不是“CopyLocal”，因为至少有一个源项将“Private”设置为“false”，而没有源项将“Private”设置为“true”。
         主引用“System.Runtime.CompilerServices.VisualC, Version=9.0.0.0, Culture=neutral, PublicKeyToken=b03f5f7f11d50a3a”。
             解析的文件路径为“C:\Program Files\dotnet\packs\Microsoft.NETCore.App.Ref\9.0.11\ref\net9.0\System.Runtime.CompilerServices.VisualC.dll”。
             在搜索路径位置“{RawFileName}”找到引用。
             此引用不是“CopyLocal”，因为至少有一个源项将“Private”设置为“false”，而没有源项将“Private”设置为“true”。
         主引用“System.Runtime.Extensions, Version=9.0.0.0, Culture=neutral, PublicKeyToken=b03f5f7f11d50a3a”。
             解析的文件路径为“C:\Program Files\dotnet\packs\Microsoft.NETCore.App.Ref\9.0.11\ref\net9.0\System.Runtime.Extensions.dll”。
             在搜索路径位置“{RawFileName}”找到引用。
             此引用不是“CopyLocal”，因为至少有一个源项将“Private”设置为“false”，而没有源项将“Private”设置为“true”。
         主引用“System.Runtime.Handles, Version=9.0.0.0, Culture=neutral, PublicKeyToken=b03f5f7f11d50a3a”。
             解析的文件路径为“C:\Program Files\dotnet\packs\Microsoft.NETCore.App.Ref\9.0.11\ref\net9.0\System.Runtime.Handles.dll”。
             在搜索路径位置“{RawFileName}”找到引用。
             此引用不是“CopyLocal”，因为至少有一个源项将“Private”设置为“false”，而没有源项将“Private”设置为“true”。
         主引用“System.Runtime.InteropServices.JavaScript, Version=9.0.0.0, Culture=neutral, PublicKeyToken=b03f5f7f11d50a3a”。
             解析的文件路径为“C:\Program Files\dotnet\packs\Microsoft.NETCore.App.Ref\9.0.11\ref\net9.0\System.Runtime.InteropServices.JavaScript.dll”。
             在搜索路径位置“{RawFileName}”找到引用。
             此引用不是“CopyLocal”，因为至少有一个源项将“Private”设置为“false”，而没有源项将“Private”设置为“true”。
         主引用“System.Runtime.InteropServices.RuntimeInformation, Version=9.0.0.0, Culture=neutral, PublicKeyToken=b03f5f7f11d50a3a”。
             解析的文件路径为“C:\Program Files\dotnet\packs\Microsoft.NETCore.App.Ref\9.0.11\ref\net9.0\System.Runtime.InteropServices.RuntimeInformation.dll”。
             在搜索路径位置“{RawFileName}”找到引用。
             此引用不是“CopyLocal”，因为至少有一个源项将“Private”设置为“false”，而没有源项将“Private”设置为“true”。
         主引用“System.Runtime.InteropServices, Version=9.0.0.0, Culture=neutral, PublicKeyToken=b03f5f7f11d50a3a”。
             解析的文件路径为“C:\Program Files\dotnet\packs\Microsoft.NETCore.App.Ref\9.0.11\ref\net9.0\System.Runtime.InteropServices.dll”。
             在搜索路径位置“{RawFileName}”找到引用。
             此引用不是“CopyLocal”，因为至少有一个源项将“Private”设置为“false”，而没有源项将“Private”设置为“true”。
         主引用“System.Runtime.Intrinsics, Version=9.0.0.0, Culture=neutral, PublicKeyToken=cc7b13ffcd2ddd51”。
             解析的文件路径为“C:\Program Files\dotnet\packs\Microsoft.NETCore.App.Ref\9.0.11\ref\net9.0\System.Runtime.Intrinsics.dll”。
             在搜索路径位置“{RawFileName}”找到引用。
             此引用不是“CopyLocal”，因为至少有一个源项将“Private”设置为“false”，而没有源项将“Private”设置为“true”。
         主引用“System.Runtime.Loader, Version=9.0.0.0, Culture=neutral, PublicKeyToken=b03f5f7f11d50a3a”。
             解析的文件路径为“C:\Program Files\dotnet\packs\Microsoft.NETCore.App.Ref\9.0.11\ref\net9.0\System.Runtime.Loader.dll”。
             在搜索路径位置“{RawFileName}”找到引用。
             此引用不是“CopyLocal”，因为至少有一个源项将“Private”设置为“false”，而没有源项将“Private”设置为“true”。
         主引用“System.Runtime.Numerics, Version=9.0.0.0, Culture=neutral, PublicKeyToken=b03f5f7f11d50a3a”。
             解析的文件路径为“C:\Program Files\dotnet\packs\Microsoft.NETCore.App.Ref\9.0.11\ref\net9.0\System.Runtime.Numerics.dll”。
             在搜索路径位置“{RawFileName}”找到引用。
             此引用不是“CopyLocal”，因为至少有一个源项将“Private”设置为“false”，而没有源项将“Private”设置为“true”。
         主引用“System.Runtime.Serialization.Formatters, Version=8.1.0.0, Culture=neutral, PublicKeyToken=b03f5f7f11d50a3a”。
             解析的文件路径为“C:\Program Files\dotnet\packs\Microsoft.NETCore.App.Ref\9.0.11\ref\net9.0\System.Runtime.Serialization.Formatters.dll”。
             在搜索路径位置“{RawFileName}”找到引用。
             此引用不是“CopyLocal”，因为至少有一个源项将“Private”设置为“false”，而没有源项将“Private”设置为“true”。
         主引用“System.Runtime.Serialization.Json, Version=9.0.0.0, Culture=neutral, PublicKeyToken=b03f5f7f11d50a3a”。
             解析的文件路径为“C:\Program Files\dotnet\packs\Microsoft.NETCore.App.Ref\9.0.11\ref\net9.0\System.Runtime.Serialization.Json.dll”。
             在搜索路径位置“{RawFileName}”找到引用。
             此引用不是“CopyLocal”，因为至少有一个源项将“Private”设置为“false”，而没有源项将“Private”设置为“true”。
         主引用“System.Runtime.Serialization.Primitives, Version=9.0.0.0, Culture=neutral, PublicKeyToken=b03f5f7f11d50a3a”。
             解析的文件路径为“C:\Program Files\dotnet\packs\Microsoft.NETCore.App.Ref\9.0.11\ref\net9.0\System.Runtime.Serialization.Primitives.dll”。
             在搜索路径位置“{RawFileName}”找到引用。
             此引用不是“CopyLocal”，因为至少有一个源项将“Private”设置为“false”，而没有源项将“Private”设置为“true”。
         主引用“System.Runtime.Serialization.Xml, Version=9.0.0.0, Culture=neutral, PublicKeyToken=b03f5f7f11d50a3a”。
             解析的文件路径为“C:\Program Files\dotnet\packs\Microsoft.NETCore.App.Ref\9.0.11\ref\net9.0\System.Runtime.Serialization.Xml.dll”。
             在搜索路径位置“{RawFileName}”找到引用。
             此引用不是“CopyLocal”，因为至少有一个源项将“Private”设置为“false”，而没有源项将“Private”设置为“true”。
         主引用“System.Runtime.Serialization, Version=4.0.0.0, Culture=neutral, PublicKeyToken=b77a5c561934e089”。
             解析的文件路径为“C:\Program Files\dotnet\packs\Microsoft.NETCore.App.Ref\9.0.11\ref\net9.0\System.Runtime.Serialization.dll”。
             在搜索路径位置“{RawFileName}”找到引用。
             此引用不是“CopyLocal”，因为至少有一个源项将“Private”设置为“false”，而没有源项将“Private”设置为“true”。
         主引用“System.Runtime, Version=9.0.0.0, Culture=neutral, PublicKeyToken=b03f5f7f11d50a3a”。
             解析的文件路径为“C:\Program Files\dotnet\packs\Microsoft.NETCore.App.Ref\9.0.11\ref\net9.0\System.Runtime.dll”。
             在搜索路径位置“{RawFileName}”找到引用。
             此引用不是“CopyLocal”，因为至少有一个源项将“Private”设置为“false”，而没有源项将“Private”设置为“true”。
         主引用“System.Security.AccessControl, Version=9.0.0.0, Culture=neutral, PublicKeyToken=b03f5f7f11d50a3a”。
             解析的文件路径为“C:\Program Files\dotnet\packs\Microsoft.NETCore.App.Ref\9.0.11\ref\net9.0\System.Security.AccessControl.dll”。
             在搜索路径位置“{RawFileName}”找到引用。
             此引用不是“CopyLocal”，因为至少有一个源项将“Private”设置为“false”，而没有源项将“Private”设置为“true”。
         主引用“System.Security.Claims, Version=9.0.0.0, Culture=neutral, PublicKeyToken=b03f5f7f11d50a3a”。
             解析的文件路径为“C:\Program Files\dotnet\packs\Microsoft.NETCore.App.Ref\9.0.11\ref\net9.0\System.Security.Claims.dll”。
             在搜索路径位置“{RawFileName}”找到引用。
             此引用不是“CopyLocal”，因为至少有一个源项将“Private”设置为“false”，而没有源项将“Private”设置为“true”。
         主引用“System.Security.Cryptography.Algorithms, Version=9.0.0.0, Culture=neutral, PublicKeyToken=b03f5f7f11d50a3a”。
             解析的文件路径为“C:\Program Files\dotnet\packs\Microsoft.NETCore.App.Ref\9.0.11\ref\net9.0\System.Security.Cryptography.Algorithms.dll”。
             在搜索路径位置“{RawFileName}”找到引用。
             此引用不是“CopyLocal”，因为至少有一个源项将“Private”设置为“false”，而没有源项将“Private”设置为“true”。
         主引用“System.Security.Cryptography.Cng, Version=9.0.0.0, Culture=neutral, PublicKeyToken=b03f5f7f11d50a3a”。
             解析的文件路径为“C:\Program Files\dotnet\packs\Microsoft.NETCore.App.Ref\9.0.11\ref\net9.0\System.Security.Cryptography.Cng.dll”。
             在搜索路径位置“{RawFileName}”找到引用。
             此引用不是“CopyLocal”，因为至少有一个源项将“Private”设置为“false”，而没有源项将“Private”设置为“true”。
         主引用“System.Security.Cryptography.Csp, Version=9.0.0.0, Culture=neutral, PublicKeyToken=b03f5f7f11d50a3a”。
             解析的文件路径为“C:\Program Files\dotnet\packs\Microsoft.NETCore.App.Ref\9.0.11\ref\net9.0\System.Security.Cryptography.Csp.dll”。
             在搜索路径位置“{RawFileName}”找到引用。
             此引用不是“CopyLocal”，因为至少有一个源项将“Private”设置为“false”，而没有源项将“Private”设置为“true”。
         主引用“System.Security.Cryptography.Encoding, Version=9.0.0.0, Culture=neutral, PublicKeyToken=b03f5f7f11d50a3a”。
             解析的文件路径为“C:\Program Files\dotnet\packs\Microsoft.NETCore.App.Ref\9.0.11\ref\net9.0\System.Security.Cryptography.Encoding.dll”。
             在搜索路径位置“{RawFileName}”找到引用。
             此引用不是“CopyLocal”，因为至少有一个源项将“Private”设置为“false”，而没有源项将“Private”设置为“true”。
         主引用“System.Security.Cryptography.OpenSsl, Version=9.0.0.0, Culture=neutral, PublicKeyToken=b03f5f7f11d50a3a”。
             解析的文件路径为“C:\Program Files\dotnet\packs\Microsoft.NETCore.App.Ref\9.0.11\ref\net9.0\System.Security.Cryptography.OpenSsl.dll”。
             在搜索路径位置“{RawFileName}”找到引用。
             此引用不是“CopyLocal”，因为至少有一个源项将“Private”设置为“false”，而没有源项将“Private”设置为“true”。
         主引用“System.Security.Cryptography.Primitives, Version=9.0.0.0, Culture=neutral, PublicKeyToken=b03f5f7f11d50a3a”。
             解析的文件路径为“C:\Program Files\dotnet\packs\Microsoft.NETCore.App.Ref\9.0.11\ref\net9.0\System.Security.Cryptography.Primitives.dll”。
             在搜索路径位置“{RawFileName}”找到引用。
             此引用不是“CopyLocal”，因为至少有一个源项将“Private”设置为“false”，而没有源项将“Private”设置为“true”。
         主引用“System.Security.Cryptography.X509Certificates, Version=9.0.0.0, Culture=neutral, PublicKeyToken=b03f5f7f11d50a3a”。
             解析的文件路径为“C:\Program Files\dotnet\packs\Microsoft.NETCore.App.Ref\9.0.11\ref\net9.0\System.Security.Cryptography.X509Certificates.dll”。
             在搜索路径位置“{RawFileName}”找到引用。
             此引用不是“CopyLocal”，因为至少有一个源项将“Private”设置为“false”，而没有源项将“Private”设置为“true”。
         主引用“System.Security.Cryptography, Version=9.0.0.0, Culture=neutral, PublicKeyToken=b03f5f7f11d50a3a”。
             解析的文件路径为“C:\Program Files\dotnet\packs\Microsoft.NETCore.App.Ref\9.0.11\ref\net9.0\System.Security.Cryptography.dll”。
             在搜索路径位置“{RawFileName}”找到引用。
             此引用不是“CopyLocal”，因为至少有一个源项将“Private”设置为“false”，而没有源项将“Private”设置为“true”。
         主引用“System.Security.Principal.Windows, Version=9.0.0.0, Culture=neutral, PublicKeyToken=b03f5f7f11d50a3a”。
             解析的文件路径为“C:\Program Files\dotnet\packs\Microsoft.NETCore.App.Ref\9.0.11\ref\net9.0\System.Security.Principal.Windows.dll”。
             在搜索路径位置“{RawFileName}”找到引用。
             此引用不是“CopyLocal”，因为至少有一个源项将“Private”设置为“false”，而没有源项将“Private”设置为“true”。
         主引用“System.Security.Principal, Version=9.0.0.0, Culture=neutral, PublicKeyToken=b03f5f7f11d50a3a”。
             解析的文件路径为“C:\Program Files\dotnet\packs\Microsoft.NETCore.App.Ref\9.0.11\ref\net9.0\System.Security.Principal.dll”。
             在搜索路径位置“{RawFileName}”找到引用。
             此引用不是“CopyLocal”，因为至少有一个源项将“Private”设置为“false”，而没有源项将“Private”设置为“true”。
         主引用“System.Security.SecureString, Version=9.0.0.0, Culture=neutral, PublicKeyToken=b03f5f7f11d50a3a”。
             解析的文件路径为“C:\Program Files\dotnet\packs\Microsoft.NETCore.App.Ref\9.0.11\ref\net9.0\System.Security.SecureString.dll”。
             在搜索路径位置“{RawFileName}”找到引用。
             此引用不是“CopyLocal”，因为至少有一个源项将“Private”设置为“false”，而没有源项将“Private”设置为“true”。
         主引用“System.Security, Version=4.0.0.0, Culture=neutral, PublicKeyToken=b03f5f7f11d50a3a”。
             解析的文件路径为“C:\Program Files\dotnet\packs\Microsoft.NETCore.App.Ref\9.0.11\ref\net9.0\System.Security.dll”。
             在搜索路径位置“{RawFileName}”找到引用。
             此引用不是“CopyLocal”，因为至少有一个源项将“Private”设置为“false”，而没有源项将“Private”设置为“true”。
         主引用“System.ServiceModel.Web, Version=4.0.0.0, Culture=neutral, PublicKeyToken=31bf3856ad364e35”。
             解析的文件路径为“C:\Program Files\dotnet\packs\Microsoft.NETCore.App.Ref\9.0.11\ref\net9.0\System.ServiceModel.Web.dll”。
             在搜索路径位置“{RawFileName}”找到引用。
             此引用不是“CopyLocal”，因为至少有一个源项将“Private”设置为“false”，而没有源项将“Private”设置为“true”。
         主引用“System.ServiceProcess, Version=4.0.0.0, Culture=neutral, PublicKeyToken=b03f5f7f11d50a3a”。
             解析的文件路径为“C:\Program Files\dotnet\packs\Microsoft.NETCore.App.Ref\9.0.11\ref\net9.0\System.ServiceProcess.dll”。
             在搜索路径位置“{RawFileName}”找到引用。
             此引用不是“CopyLocal”，因为至少有一个源项将“Private”设置为“false”，而没有源项将“Private”设置为“true”。
         主引用“System.Text.Encoding.CodePages, Version=9.0.0.0, Culture=neutral, PublicKeyToken=b03f5f7f11d50a3a”。
             解析的文件路径为“C:\Program Files\dotnet\packs\Microsoft.NETCore.App.Ref\9.0.11\ref\net9.0\System.Text.Encoding.CodePages.dll”。
             在搜索路径位置“{RawFileName}”找到引用。
             此引用不是“CopyLocal”，因为至少有一个源项将“Private”设置为“false”，而没有源项将“Private”设置为“true”。
         主引用“System.Text.Encoding.Extensions, Version=9.0.0.0, Culture=neutral, PublicKeyToken=b03f5f7f11d50a3a”。
             解析的文件路径为“C:\Program Files\dotnet\packs\Microsoft.NETCore.App.Ref\9.0.11\ref\net9.0\System.Text.Encoding.Extensions.dll”。
             在搜索路径位置“{RawFileName}”找到引用。
             此引用不是“CopyLocal”，因为至少有一个源项将“Private”设置为“false”，而没有源项将“Private”设置为“true”。
         主引用“System.Text.Encoding, Version=9.0.0.0, Culture=neutral, PublicKeyToken=b03f5f7f11d50a3a”。
             解析的文件路径为“C:\Program Files\dotnet\packs\Microsoft.NETCore.App.Ref\9.0.11\ref\net9.0\System.Text.Encoding.dll”。
             在搜索路径位置“{RawFileName}”找到引用。
             此引用不是“CopyLocal”，因为至少有一个源项将“Private”设置为“false”，而没有源项将“Private”设置为“true”。
         主引用“System.Text.Encodings.Web, Version=9.0.0.0, Culture=neutral, PublicKeyToken=cc7b13ffcd2ddd51”。
             解析的文件路径为“C:\Program Files\dotnet\packs\Microsoft.NETCore.App.Ref\9.0.11\ref\net9.0\System.Text.Encodings.Web.dll”。
             在搜索路径位置“{RawFileName}”找到引用。
             此引用不是“CopyLocal”，因为至少有一个源项将“Private”设置为“false”，而没有源项将“Private”设置为“true”。
         主引用“System.Text.Json, Version=9.0.0.0, Culture=neutral, PublicKeyToken=cc7b13ffcd2ddd51”。
             解析的文件路径为“C:\Program Files\dotnet\packs\Microsoft.NETCore.App.Ref\9.0.11\ref\net9.0\System.Text.Json.dll”。
             在搜索路径位置“{RawFileName}”找到引用。
             此引用不是“CopyLocal”，因为至少有一个源项将“Private”设置为“false”，而没有源项将“Private”设置为“true”。
         主引用“System.Text.RegularExpressions, Version=9.0.0.0, Culture=neutral, PublicKeyToken=b03f5f7f11d50a3a”。
             解析的文件路径为“C:\Program Files\dotnet\packs\Microsoft.NETCore.App.Ref\9.0.11\ref\net9.0\System.Text.RegularExpressions.dll”。
             在搜索路径位置“{RawFileName}”找到引用。
             此引用不是“CopyLocal”，因为至少有一个源项将“Private”设置为“false”，而没有源项将“Private”设置为“true”。
         主引用“System.Threading.Channels, Version=9.0.0.0, Culture=neutral, PublicKeyToken=cc7b13ffcd2ddd51”。
             解析的文件路径为“C:\Program Files\dotnet\packs\Microsoft.NETCore.App.Ref\9.0.11\ref\net9.0\System.Threading.Channels.dll”。
             在搜索路径位置“{RawFileName}”找到引用。
             此引用不是“CopyLocal”，因为至少有一个源项将“Private”设置为“false”，而没有源项将“Private”设置为“true”。
         主引用“System.Threading.Overlapped, Version=9.0.0.0, Culture=neutral, PublicKeyToken=b03f5f7f11d50a3a”。
             解析的文件路径为“C:\Program Files\dotnet\packs\Microsoft.NETCore.App.Ref\9.0.11\ref\net9.0\System.Threading.Overlapped.dll”。
             在搜索路径位置“{RawFileName}”找到引用。
             此引用不是“CopyLocal”，因为至少有一个源项将“Private”设置为“false”，而没有源项将“Private”设置为“true”。
         主引用“System.Threading.Tasks.Dataflow, Version=9.0.0.0, Culture=neutral, PublicKeyToken=b03f5f7f11d50a3a”。
             解析的文件路径为“C:\Program Files\dotnet\packs\Microsoft.NETCore.App.Ref\9.0.11\ref\net9.0\System.Threading.Tasks.Dataflow.dll”。
             在搜索路径位置“{RawFileName}”找到引用。
             此引用不是“CopyLocal”，因为至少有一个源项将“Private”设置为“false”，而没有源项将“Private”设置为“true”。
         主引用“System.Threading.Tasks.Extensions, Version=9.0.0.0, Culture=neutral, PublicKeyToken=cc7b13ffcd2ddd51”。
             解析的文件路径为“C:\Program Files\dotnet\packs\Microsoft.NETCore.App.Ref\9.0.11\ref\net9.0\System.Threading.Tasks.Extensions.dll”。
             在搜索路径位置“{RawFileName}”找到引用。
             此引用不是“CopyLocal”，因为至少有一个源项将“Private”设置为“false”，而没有源项将“Private”设置为“true”。
         主引用“System.Threading.Tasks.Parallel, Version=9.0.0.0, Culture=neutral, PublicKeyToken=b03f5f7f11d50a3a”。
             解析的文件路径为“C:\Program Files\dotnet\packs\Microsoft.NETCore.App.Ref\9.0.11\ref\net9.0\System.Threading.Tasks.Parallel.dll”。
             在搜索路径位置“{RawFileName}”找到引用。
             此引用不是“CopyLocal”，因为至少有一个源项将“Private”设置为“false”，而没有源项将“Private”设置为“true”。
         主引用“System.Threading.Tasks, Version=9.0.0.0, Culture=neutral, PublicKeyToken=b03f5f7f11d50a3a”。
             解析的文件路径为“C:\Program Files\dotnet\packs\Microsoft.NETCore.App.Ref\9.0.11\ref\net9.0\System.Threading.Tasks.dll”。
             在搜索路径位置“{RawFileName}”找到引用。
             此引用不是“CopyLocal”，因为至少有一个源项将“Private”设置为“false”，而没有源项将“Private”设置为“true”。
         主引用“System.Threading.Thread, Version=9.0.0.0, Culture=neutral, PublicKeyToken=b03f5f7f11d50a3a”。
             解析的文件路径为“C:\Program Files\dotnet\packs\Microsoft.NETCore.App.Ref\9.0.11\ref\net9.0\System.Threading.Thread.dll”。
             在搜索路径位置“{RawFileName}”找到引用。
             此引用不是“CopyLocal”，因为至少有一个源项将“Private”设置为“false”，而没有源项将“Private”设置为“true”。
         主引用“System.Threading.ThreadPool, Version=9.0.0.0, Culture=neutral, PublicKeyToken=b03f5f7f11d50a3a”。
             解析的文件路径为“C:\Program Files\dotnet\packs\Microsoft.NETCore.App.Ref\9.0.11\ref\net9.0\System.Threading.ThreadPool.dll”。
             在搜索路径位置“{RawFileName}”找到引用。
             此引用不是“CopyLocal”，因为至少有一个源项将“Private”设置为“false”，而没有源项将“Private”设置为“true”。
         主引用“System.Threading.Timer, Version=9.0.0.0, Culture=neutral, PublicKeyToken=b03f5f7f11d50a3a”。
             解析的文件路径为“C:\Program Files\dotnet\packs\Microsoft.NETCore.App.Ref\9.0.11\ref\net9.0\System.Threading.Timer.dll”。
             在搜索路径位置“{RawFileName}”找到引用。
             此引用不是“CopyLocal”，因为至少有一个源项将“Private”设置为“false”，而没有源项将“Private”设置为“true”。
   3:6>来自项目“d:\MyProject\FrontCRM(C#)\tests\CRM.TestCommon\CRM.TestCommon.csproj”的文件“C:\Program Files\dotnet\sdk\9.0.308\Roslyn\Microsoft.CSharp.Core.targets”中的目标“CoreCompile”(目标“Compile”依赖于它):
   3:6>正在跳过目标“CoreCompile”，因为所有输出文件相对于输入文件而言都是最新的。
       输入文件:
           Class1.cs
           obj\Debug\net9.0\CRM.TestCommon.GlobalUsings.g.cs
           obj\Debug\net9.0\.NETCoreApp,Version=v9.0.AssemblyAttributes.cs
           obj\Debug\net9.0\CRM.TestCommon.AssemblyInfo.cs
           C:\Program Files\dotnet\packs\Microsoft.NETCore.App.Ref\9.0.11\ref\net9.0\Microsoft.CSharp.dll
           C:\Program Files\dotnet\packs\Microsoft.NETCore.App.Ref\9.0.11\ref\net9.0\Microsoft.VisualBasic.Core.dll
           C:\Program Files\dotnet\packs\Microsoft.NETCore.App.Ref\9.0.11\ref\net9.0\Microsoft.VisualBasic.dll
           C:\Program Files\dotnet\packs\Microsoft.NETCore.App.Ref\9.0.11\ref\net9.0\Microsoft.Win32.Primitives.dll
           C:\Program Files\dotnet\packs\Microsoft.NETCore.App.Ref\9.0.11\ref\net9.0\Microsoft.Win32.Registry.dll
           C:\Program Files\dotnet\packs\Microsoft.NETCore.App.Ref\9.0.11\ref\net9.0\mscorlib.dll
           C:\Program Files\dotnet\packs\Microsoft.NETCore.App.Ref\9.0.11\ref\net9.0\netstandard.dll
           C:\Program Files\dotnet\packs\Microsoft.NETCore.App.Ref\9.0.11\ref\net9.0\System.AppContext.dll
           C:\Program Files\dotnet\packs\Microsoft.NETCore.App.Ref\9.0.11\ref\net9.0\System.Buffers.dll
           C:\Program Files\dotnet\packs\Microsoft.NETCore.App.Ref\9.0.11\ref\net9.0\System.Collections.Concurrent.dll
           C:\Program Files\dotnet\packs\Microsoft.NETCore.App.Ref\9.0.11\ref\net9.0\System.Collections.dll
           C:\Program Files\dotnet\packs\Microsoft.NETCore.App.Ref\9.0.11\ref\net9.0\System.Collections.Immutable.dll
           C:\Program Files\dotnet\packs\Microsoft.NETCore.App.Ref\9.0.11\ref\net9.0\System.Collections.NonGeneric.dll
           C:\Program Files\dotnet\packs\Microsoft.NETCore.App.Ref\9.0.11\ref\net9.0\System.Collections.Specialized.dll
           C:\Program Files\dotnet\packs\Microsoft.NETCore.App.Ref\9.0.11\ref\net9.0\System.ComponentModel.Annotations.dll
           C:\Program Files\dotnet\packs\Microsoft.NETCore.App.Ref\9.0.11\ref\net9.0\System.ComponentModel.DataAnnotations.dll
           C:\Program Files\dotnet\packs\Microsoft.NETCore.App.Ref\9.0.11\ref\net9.0\System.ComponentModel.dll
           C:\Program Files\dotnet\packs\Microsoft.NETCore.App.Ref\9.0.11\ref\net9.0\System.ComponentModel.EventBasedAsync.dll
           C:\Program Files\dotnet\packs\Microsoft.NETCore.App.Ref\9.0.11\ref\net9.0\System.ComponentModel.Primitives.dll
           C:\Program Files\dotnet\packs\Microsoft.NETCore.App.Ref\9.0.11\ref\net9.0\System.ComponentModel.TypeConverter.dll
           C:\Program Files\dotnet\packs\Microsoft.NETCore.App.Ref\9.0.11\ref\net9.0\System.Configuration.dll
           C:\Program Files\dotnet\packs\Microsoft.NETCore.App.Ref\9.0.11\ref\net9.0\System.Console.dll
           C:\Program Files\dotnet\packs\Microsoft.NETCore.App.Ref\9.0.11\ref\net9.0\System.Core.dll
           C:\Program Files\dotnet\packs\Microsoft.NETCore.App.Ref\9.0.11\ref\net9.0\System.Data.Common.dll
           C:\Program Files\dotnet\packs\Microsoft.NETCore.App.Ref\9.0.11\ref\net9.0\System.Data.DataSetExtensions.dll
           C:\Program Files\dotnet\packs\Microsoft.NETCore.App.Ref\9.0.11\ref\net9.0\System.Data.dll
           C:\Program Files\dotnet\packs\Microsoft.NETCore.App.Ref\9.0.11\ref\net9.0\System.Diagnostics.Contracts.dll
           C:\Program Files\dotnet\packs\Microsoft.NETCore.App.Ref\9.0.11\ref\net9.0\System.Diagnostics.Debug.dll
           C:\Program Files\dotnet\packs\Microsoft.NETCore.App.Ref\9.0.11\ref\net9.0\System.Diagnostics.DiagnosticSource.dll
           C:\Program Files\dotnet\packs\Microsoft.NETCore.App.Ref\9.0.11\ref\net9.0\System.Diagnostics.FileVersionInfo.dll
           C:\Program Files\dotnet\packs\Microsoft.NETCore.App.Ref\9.0.11\ref\net9.0\System.Diagnostics.Process.dll
           C:\Program Files\dotnet\packs\Microsoft.NETCore.App.Ref\9.0.11\ref\net9.0\System.Diagnostics.StackTrace.dll
           C:\Program Files\dotnet\packs\Microsoft.NETCore.App.Ref\9.0.11\ref\net9.0\System.Diagnostics.TextWriterTraceListener.dll
           C:\Program Files\dotnet\packs\Microsoft.NETCore.App.Ref\9.0.11\ref\net9.0\System.Diagnostics.Tools.dll
           C:\Program Files\dotnet\packs\Microsoft.NETCore.App.Ref\9.0.11\ref\net9.0\System.Diagnostics.TraceSource.dll
           C:\Program Files\dotnet\packs\Microsoft.NETCore.App.Ref\9.0.11\ref\net9.0\System.Diagnostics.Tracing.dll
           C:\Program Files\dotnet\packs\Microsoft.NETCore.App.Ref\9.0.11\ref\net9.0\System.dll
           C:\Program Files\dotnet\packs\Microsoft.NETCore.App.Ref\9.0.11\ref\net9.0\System.Drawing.dll
           C:\Program Files\dotnet\packs\Microsoft.NETCore.App.Ref\9.0.11\ref\net9.0\System.Drawing.Primitives.dll
           C:\Program Files\dotnet\packs\Microsoft.NETCore.App.Ref\9.0.11\ref\net9.0\System.Dynamic.Runtime.dll
           C:\Program Files\dotnet\packs\Microsoft.NETCore.App.Ref\9.0.11\ref\net9.0\System.Formats.Asn1.dll
           C:\Program Files\dotnet\packs\Microsoft.NETCore.App.Ref\9.0.11\ref\net9.0\System.Formats.Tar.dll
           C:\Program Files\dotnet\packs\Microsoft.NETCore.App.Ref\9.0.11\ref\net9.0\System.Globalization.Calendars.dll
           C:\Program Files\dotnet\packs\Microsoft.NETCore.App.Ref\9.0.11\ref\net9.0\System.Globalization.dll
           C:\Program Files\dotnet\packs\Microsoft.NETCore.App.Ref\9.0.11\ref\net9.0\System.Globalization.Extensions.dll
           C:\Program Files\dotnet\packs\Microsoft.NETCore.App.Ref\9.0.11\ref\net9.0\System.IO.Compression.Brotli.dll
           C:\Program Files\dotnet\packs\Microsoft.NETCore.App.Ref\9.0.11\ref\net9.0\System.IO.Compression.dll
           C:\Program Files\dotnet\packs\Microsoft.NETCore.App.Ref\9.0.11\ref\net9.0\System.IO.Compression.FileSystem.dll
           C:\Program Files\dotnet\packs\Microsoft.NETCore.App.Ref\9.0.11\ref\net9.0\System.IO.Compression.ZipFile.dll
           C:\Program Files\dotnet\packs\Microsoft.NETCore.App.Ref\9.0.11\ref\net9.0\System.IO.dll
           C:\Program Files\dotnet\packs\Microsoft.NETCore.App.Ref\9.0.11\ref\net9.0\System.IO.FileSystem.AccessControl.dll
           C:\Program Files\dotnet\packs\Microsoft.NETCore.App.Ref\9.0.11\ref\net9.0\System.IO.FileSystem.dll
           C:\Program Files\dotnet\packs\Microsoft.NETCore.App.Ref\9.0.11\ref\net9.0\System.IO.FileSystem.DriveInfo.dll
           C:\Program Files\dotnet\packs\Microsoft.NETCore.App.Ref\9.0.11\ref\net9.0\System.IO.FileSystem.Primitives.dll
           C:\Program Files\dotnet\packs\Microsoft.NETCore.App.Ref\9.0.11\ref\net9.0\System.IO.FileSystem.Watcher.dll
           C:\Program Files\dotnet\packs\Microsoft.NETCore.App.Ref\9.0.11\ref\net9.0\System.IO.IsolatedStorage.dll
           C:\Program Files\dotnet\packs\Microsoft.NETCore.App.Ref\9.0.11\ref\net9.0\System.IO.MemoryMappedFiles.dll
           C:\Program Files\dotnet\packs\Microsoft.NETCore.App.Ref\9.0.11\ref\net9.0\System.IO.Pipelines.dll
           C:\Program Files\dotnet\packs\Microsoft.NETCore.App.Ref\9.0.11\ref\net9.0\System.IO.Pipes.AccessControl.dll
           C:\Program Files\dotnet\packs\Microsoft.NETCore.App.Ref\9.0.11\ref\net9.0\System.IO.Pipes.dll
           C:\Program Files\dotnet\packs\Microsoft.NETCore.App.Ref\9.0.11\ref\net9.0\System.IO.UnmanagedMemoryStream.dll
           C:\Program Files\dotnet\packs\Microsoft.NETCore.App.Ref\9.0.11\ref\net9.0\System.Linq.dll
           C:\Program Files\dotnet\packs\Microsoft.NETCore.App.Ref\9.0.11\ref\net9.0\System.Linq.Expressions.dll
           C:\Program Files\dotnet\packs\Microsoft.NETCore.App.Ref\9.0.11\ref\net9.0\System.Linq.Parallel.dll
           C:\Program Files\dotnet\packs\Microsoft.NETCore.App.Ref\9.0.11\ref\net9.0\System.Linq.Queryable.dll
           C:\Program Files\dotnet\packs\Microsoft.NETCore.App.Ref\9.0.11\ref\net9.0\System.Memory.dll
           C:\Program Files\dotnet\packs\Microsoft.NETCore.App.Ref\9.0.11\ref\net9.0\System.Net.dll
           C:\Program Files\dotnet\packs\Microsoft.NETCore.App.Ref\9.0.11\ref\net9.0\System.Net.Http.dll
           C:\Program Files\dotnet\packs\Microsoft.NETCore.App.Ref\9.0.11\ref\net9.0\System.Net.Http.Json.dll
           C:\Program Files\dotnet\packs\Microsoft.NETCore.App.Ref\9.0.11\ref\net9.0\System.Net.HttpListener.dll
           C:\Program Files\dotnet\packs\Microsoft.NETCore.App.Ref\9.0.11\ref\net9.0\System.Net.Mail.dll
           C:\Program Files\dotnet\packs\Microsoft.NETCore.App.Ref\9.0.11\ref\net9.0\System.Net.NameResolution.dll
           C:\Program Files\dotnet\packs\Microsoft.NETCore.App.Ref\9.0.11\ref\net9.0\System.Net.NetworkInformation.dll
           C:\Program Files\dotnet\packs\Microsoft.NETCore.App.Ref\9.0.11\ref\net9.0\System.Net.Ping.dll
           C:\Program Files\dotnet\packs\Microsoft.NETCore.App.Ref\9.0.11\ref\net9.0\System.Net.Primitives.dll
           C:\Program Files\dotnet\packs\Microsoft.NETCore.App.Ref\9.0.11\ref\net9.0\System.Net.Quic.dll
           C:\Program Files\dotnet\packs\Microsoft.NETCore.App.Ref\9.0.11\ref\net9.0\System.Net.Requests.dll
           C:\Program Files\dotnet\packs\Microsoft.NETCore.App.Ref\9.0.11\ref\net9.0\System.Net.Security.dll
           C:\Program Files\dotnet\packs\Microsoft.NETCore.App.Ref\9.0.11\ref\net9.0\System.Net.ServicePoint.dll
           C:\Program Files\dotnet\packs\Microsoft.NETCore.App.Ref\9.0.11\ref\net9.0\System.Net.Sockets.dll
           C:\Program Files\dotnet\packs\Microsoft.NETCore.App.Ref\9.0.11\ref\net9.0\System.Net.WebClient.dll
           C:\Program Files\dotnet\packs\Microsoft.NETCore.App.Ref\9.0.11\ref\net9.0\System.Net.WebHeaderCollection.dll
           C:\Program Files\dotnet\packs\Microsoft.NETCore.App.Ref\9.0.11\ref\net9.0\System.Net.WebProxy.dll
           C:\Program Files\dotnet\packs\Microsoft.NETCore.App.Ref\9.0.11\ref\net9.0\System.Net.WebSockets.Client.dll
           C:\Program Files\dotnet\packs\Microsoft.NETCore.App.Ref\9.0.11\ref\net9.0\System.Net.WebSockets.dll
           C:\Program Files\dotnet\packs\Microsoft.NETCore.App.Ref\9.0.11\ref\net9.0\System.Numerics.dll
           C:\Program Files\dotnet\packs\Microsoft.NETCore.App.Ref\9.0.11\ref\net9.0\System.Numerics.Vectors.dll
           C:\Program Files\dotnet\packs\Microsoft.NETCore.App.Ref\9.0.11\ref\net9.0\System.ObjectModel.dll
           C:\Program Files\dotnet\packs\Microsoft.NETCore.App.Ref\9.0.11\ref\net9.0\System.Reflection.DispatchProxy.dll
           C:\Program Files\dotnet\packs\Microsoft.NETCore.App.Ref\9.0.11\ref\net9.0\System.Reflection.dll
           C:\Program Files\dotnet\packs\Microsoft.NETCore.App.Ref\9.0.11\ref\net9.0\System.Reflection.Emit.dll
           C:\Program Files\dotnet\packs\Microsoft.NETCore.App.Ref\9.0.11\ref\net9.0\System.Reflection.Emit.ILGeneration.dll
           C:\Program Files\dotnet\packs\Microsoft.NETCore.App.Ref\9.0.11\ref\net9.0\System.Reflection.Emit.Lightweight.dll
           C:\Program Files\dotnet\packs\Microsoft.NETCore.App.Ref\9.0.11\ref\net9.0\System.Reflection.Extensions.dll
           C:\Program Files\dotnet\packs\Microsoft.NETCore.App.Ref\9.0.11\ref\net9.0\System.Reflection.Metadata.dll
           C:\Program Files\dotnet\packs\Microsoft.NETCore.App.Ref\9.0.11\ref\net9.0\System.Reflection.Primitives.dll
           C:\Program Files\dotnet\packs\Microsoft.NETCore.App.Ref\9.0.11\ref\net9.0\System.Reflection.TypeExtensions.dll
           C:\Program Files\dotnet\packs\Microsoft.NETCore.App.Ref\9.0.11\ref\net9.0\System.Resources.Reader.dll
           C:\Program Files\dotnet\packs\Microsoft.NETCore.App.Ref\9.0.11\ref\net9.0\System.Resources.ResourceManager.dll
           C:\Program Files\dotnet\packs\Microsoft.NETCore.App.Ref\9.0.11\ref\net9.0\System.Resources.Writer.dll
           C:\Program Files\dotnet\packs\Microsoft.NETCore.App.Ref\9.0.11\ref\net9.0\System.Runtime.CompilerServices.Unsafe.dll
           C:\Program Files\dotnet\packs\Microsoft.NETCore.App.Ref\9.0.11\ref\net9.0\System.Runtime.CompilerServices.VisualC.dll
           C:\Program Files\dotnet\packs\Microsoft.NETCore.App.Ref\9.0.11\ref\net9.0\System.Runtime.dll
           C:\Program Files\dotnet\packs\Microsoft.NETCore.App.Ref\9.0.11\ref\net9.0\System.Runtime.Extensions.dll
           C:\Program Files\dotnet\packs\Microsoft.NETCore.App.Ref\9.0.11\ref\net9.0\System.Runtime.Handles.dll
           C:\Program Files\dotnet\packs\Microsoft.NETCore.App.Ref\9.0.11\ref\net9.0\System.Runtime.InteropServices.dll
           C:\Program Files\dotnet\packs\Microsoft.NETCore.App.Ref\9.0.11\ref\net9.0\System.Runtime.InteropServices.JavaScript.dll
           C:\Program Files\dotnet\packs\Microsoft.NETCore.App.Ref\9.0.11\ref\net9.0\System.Runtime.InteropServices.RuntimeInformation.dll
           C:\Program Files\dotnet\packs\Microsoft.NETCore.App.Ref\9.0.11\ref\net9.0\System.Runtime.Intrinsics.dll
           C:\Program Files\dotnet\packs\Microsoft.NETCore.App.Ref\9.0.11\ref\net9.0\System.Runtime.Loader.dll
           C:\Program Files\dotnet\packs\Microsoft.NETCore.App.Ref\9.0.11\ref\net9.0\System.Runtime.Numerics.dll
           C:\Program Files\dotnet\packs\Microsoft.NETCore.App.Ref\9.0.11\ref\net9.0\System.Runtime.Serialization.dll
           C:\Program Files\dotnet\packs\Microsoft.NETCore.App.Ref\9.0.11\ref\net9.0\System.Runtime.Serialization.Formatters.dll
           C:\Program Files\dotnet\packs\Microsoft.NETCore.App.Ref\9.0.11\ref\net9.0\System.Runtime.Serialization.Json.dll
           C:\Program Files\dotnet\packs\Microsoft.NETCore.App.Ref\9.0.11\ref\net9.0\System.Runtime.Serialization.Primitives.dll
           C:\Program Files\dotnet\packs\Microsoft.NETCore.App.Ref\9.0.11\ref\net9.0\System.Runtime.Serialization.Xml.dll
           C:\Program Files\dotnet\packs\Microsoft.NETCore.App.Ref\9.0.11\ref\net9.0\System.Security.AccessControl.dll
           C:\Program Files\dotnet\packs\Microsoft.NETCore.App.Ref\9.0.11\ref\net9.0\System.Security.Claims.dll
           C:\Program Files\dotnet\packs\Microsoft.NETCore.App.Ref\9.0.11\ref\net9.0\System.Security.Cryptography.Algorithms.dll
           C:\Program Files\dotnet\packs\Microsoft.NETCore.App.Ref\9.0.11\ref\net9.0\System.Security.Cryptography.Cng.dll
           C:\Program Files\dotnet\packs\Microsoft.NETCore.App.Ref\9.0.11\ref\net9.0\System.Security.Cryptography.Csp.dll
           C:\Program Files\dotnet\packs\Microsoft.NETCore.App.Ref\9.0.11\ref\net9.0\System.Security.Cryptography.dll
           C:\Program Files\dotnet\packs\Microsoft.NETCore.App.Ref\9.0.11\ref\net9.0\System.Security.Cryptography.Encoding.dll
           C:\Program Files\dotnet\packs\Microsoft.NETCore.App.Ref\9.0.11\ref\net9.0\System.Security.Cryptography.OpenSsl.dll
           C:\Program Files\dotnet\packs\Microsoft.NETCore.App.Ref\9.0.11\ref\net9.0\System.Security.Cryptography.Primitives.dll
           C:\Program Files\dotnet\packs\Microsoft.NETCore.App.Ref\9.0.11\ref\net9.0\System.Security.Cryptography.X509Certificates.dll
           C:\Program Files\dotnet\packs\Microsoft.NETCore.App.Ref\9.0.11\ref\net9.0\System.Security.dll
           C:\Program Files\dotnet\packs\Microsoft.NETCore.App.Ref\9.0.11\ref\net9.0\System.Security.Principal.dll
           C:\Program Files\dotnet\packs\Microsoft.NETCore.App.Ref\9.0.11\ref\net9.0\System.Security.Principal.Windows.dll
           C:\Program Files\dotnet\packs\Microsoft.NETCore.App.Ref\9.0.11\ref\net9.0\System.Security.SecureString.dll
           C:\Program Files\dotnet\packs\Microsoft.NETCore.App.Ref\9.0.11\ref\net9.0\System.ServiceModel.Web.dll
           C:\Program Files\dotnet\packs\Microsoft.NETCore.App.Ref\9.0.11\ref\net9.0\System.ServiceProcess.dll
           C:\Program Files\dotnet\packs\Microsoft.NETCore.App.Ref\9.0.11\ref\net9.0\System.Text.Encoding.CodePages.dll
           C:\Program Files\dotnet\packs\Microsoft.NETCore.App.Ref\9.0.11\ref\net9.0\System.Text.Encoding.dll
           C:\Program Files\dotnet\packs\Microsoft.NETCore.App.Ref\9.0.11\ref\net9.0\System.Text.Encoding.Extensions.dll
           C:\Program Files\dotnet\packs\Microsoft.NETCore.App.Ref\9.0.11\ref\net9.0\System.Text.Encodings.Web.dll
           C:\Program Files\dotnet\packs\Microsoft.NETCore.App.Ref\9.0.11\ref\net9.0\System.Text.Json.dll
           C:\Program Files\dotnet\packs\Microsoft.NETCore.App.Ref\9.0.11\ref\net9.0\System.Text.RegularExpressions.dll
           C:\Program Files\dotnet\packs\Microsoft.NETCore.App.Ref\9.0.11\ref\net9.0\System.Threading.Channels.dll
           C:\Program Files\dotnet\packs\Microsoft.NETCore.App.Ref\9.0.11\ref\net9.0\System.Threading.dll
           C:\Program Files\dotnet\packs\Microsoft.NETCore.App.Ref\9.0.11\ref\net9.0\System.Threading.Overlapped.dll
           C:\Program Files\dotnet\packs\Microsoft.NETCore.App.Ref\9.0.11\ref\net9.0\System.Threading.Tasks.Dataflow.dll
           C:\Program Files\dotnet\packs\Microsoft.NETCore.App.Ref\9.0.11\ref\net9.0\System.Threading.Tasks.dll
           C:\Program Files\dotnet\packs\Microsoft.NETCore.App.Ref\9.0.11\ref\net9.0\System.Threading.Tasks.Extensions.dll
           C:\Program Files\dotnet\packs\Microsoft.NETCore.App.Ref\9.0.11\ref\net9.0\System.Threading.Tasks.Parallel.dll
           C:\Program Files\dotnet\packs\Microsoft.NETCore.App.Ref\9.0.11\ref\net9.0\System.Threading.Thread.dll
           C:\Program Files\dotnet\packs\Microsoft.NETCore.App.Ref\9.0.11\ref\net9.0\System.Threading.ThreadPool.dll
           C:\Program Files\dotnet\packs\Microsoft.NETCore.App.Ref\9.0.11\ref\net9.0\System.Threading.Timer.dll
           C:\Program Files\dotnet\packs\Microsoft.NETCore.App.Ref\9.0.11\ref\net9.0\System.Transactions.dll
           C:\Program Files\dotnet\packs\Microsoft.NETCore.App.Ref\9.0.11\ref\net9.0\System.Transactions.Local.dll
           C:\Program Files\dotnet\packs\Microsoft.NETCore.App.Ref\9.0.11\ref\net9.0\System.ValueTuple.dll
           C:\Program Files\dotnet\packs\Microsoft.NETCore.App.Ref\9.0.11\ref\net9.0\System.Web.dll
           C:\Program Files\dotnet\packs\Microsoft.NETCore.App.Ref\9.0.11\ref\net9.0\System.Web.HttpUtility.dll
           C:\Program Files\dotnet\packs\Microsoft.NETCore.App.Ref\9.0.11\ref\net9.0\System.Windows.dll
           C:\Program Files\dotnet\packs\Microsoft.NETCore.App.Ref\9.0.11\ref\net9.0\System.Xml.dll
           C:\Program Files\dotnet\packs\Microsoft.NETCore.App.Ref\9.0.11\ref\net9.0\System.Xml.Linq.dll
           C:\Program Files\dotnet\packs\Microsoft.NETCore.App.Ref\9.0.11\ref\net9.0\System.Xml.ReaderWriter.dll
           C:\Program Files\dotnet\packs\Microsoft.NETCore.App.Ref\9.0.11\ref\net9.0\System.Xml.Serialization.dll
           C:\Program Files\dotnet\packs\Microsoft.NETCore.App.Ref\9.0.11\ref\net9.0\System.Xml.XDocument.dll
           C:\Program Files\dotnet\packs\Microsoft.NETCore.App.Ref\9.0.11\ref\net9.0\System.Xml.XmlDocument.dll
           C:\Program Files\dotnet\packs\Microsoft.NETCore.App.Ref\9.0.11\ref\net9.0\System.Xml.XmlSerializer.dll
           C:\Program Files\dotnet\packs\Microsoft.NETCore.App.Ref\9.0.11\ref\net9.0\System.Xml.XPath.dll
           C:\Program Files\dotnet\packs\Microsoft.NETCore.App.Ref\9.0.11\ref\net9.0\System.Xml.XPath.XDocument.dll
           C:\Program Files\dotnet\packs\Microsoft.NETCore.App.Ref\9.0.11\ref\net9.0\WindowsBase.dll
           obj\Debug\net9.0\CRM.TestCommon.csproj.CoreCompileInputs.cache
           C:\Program Files\dotnet\sdk\9.0.308\Sdks\Microsoft.NET.Sdk\targets\..\analyzers\Microsoft.CodeAnalysis.CSharp.NetAnalyzers.dll
           C:\Program Files\dotnet\sdk\9.0.308\Sdks\Microsoft.NET.Sdk\targets\..\analyzers\Microsoft.CodeAnalysis.NetAnalyzers.dll
           C:\Program Files\dotnet\packs\Microsoft.NETCore.App.Ref\9.0.11\analyzers/dotnet/cs/Microsoft.Interop.ComInterfaceGenerator.dll
           C:\Program Files\dotnet\packs\Microsoft.NETCore.App.Ref\9.0.11\analyzers/dotnet/cs/Microsoft.Interop.JavaScript.JSImportGenerator.dll
           C:\Program Files\dotnet\packs\Microsoft.NETCore.App.Ref\9.0.11\analyzers/dotnet/cs/Microsoft.Interop.LibraryImportGenerator.dll
           C:\Program Files\dotnet\packs\Microsoft.NETCore.App.Ref\9.0.11\analyzers/dotnet/cs/Microsoft.Interop.SourceGeneration.dll
           C:\Program Files\dotnet\packs\Microsoft.NETCore.App.Ref\9.0.11\analyzers/dotnet/cs/System.Text.Json.SourceGeneration.dll
           C:\Program Files\dotnet\packs\Microsoft.NETCore.App.Ref\9.0.11\analyzers/dotnet/cs/System.Text.RegularExpressions.Generator.dll
           obj\Debug\net9.0\CRM.TestCommon.GeneratedMSBuildEditorConfig.editorconfig
           C:\Program Files\dotnet\sdk\9.0.308\Sdks\Microsoft.NET.Sdk\analyzers\build\config\analysislevel_9_default.globalconfig
           d:\MyProject\FrontCRM(C#)\tests\CRM.TestCommon\obj\CRM.TestCommon.csproj.nuget.g.targets
           C:\Program Files\dotnet\sdk\9.0.308\Current\Microsoft.Common.targets\ImportAfter\Microsoft.TestPlatform.ImportAfter.targets
       输出文件:
           obj\Debug\net9.0\CRM.TestCommon.dll
           obj\Debug\net9.0\refint\CRM.TestCommon.dll
           obj\Debug\net9.0\CRM.TestCommon.pdb
   2:6>ResolveAssemblyReferences:
         主引用“System.Threading, Version=9.0.0.0, Culture=neutral, PublicKeyToken=b03f5f7f11d50a3a”。
             解析的文件路径为“C:\Program Files\dotnet\packs\Microsoft.NETCore.App.Ref\9.0.11\ref\net9.0\System.Threading.dll”。
   3:6>CoreCompile:
       C:\Program Files\dotnet\sdk\9.0.308\Roslyn\Microsoft.CSharp.Core.targets(66,7): message : 在 C:\Program Files\dotnet\sdk\9.0.308\Roslyn\Microsoft.CSharp.Core.targets (66,7) 处重新分配属性: $(NoWarn)=“1701;1702;1701;1702”(先前值:“1701;1702”) [d:\MyProject\FrontCRM(C#)\tests\CRM.TestCommon\CRM.TestCommon.csproj]
   2:6>ResolveAssemblyReferences:
             在搜索路径位置“{RawFileName}”找到引用。
             此引用不是“CopyLocal”，因为至少有一个源项将“Private”设置为“false”，而没有源项将“Private”设置为“true”。
         主引用“System.Transactions.Local, Version=9.0.0.0, Culture=neutral, PublicKeyToken=cc7b13ffcd2ddd51”。
             解析的文件路径为“C:\Program Files\dotnet\packs\Microsoft.NETCore.App.Ref\9.0.11\ref\net9.0\System.Transactions.Local.dll”。
             在搜索路径位置“{RawFileName}”找到引用。
   3:6>已完成在项目“CRM.TestCommon.csproj”中生成目标“CoreCompile”的操作。
       由于条件的计算结果为 false，已跳过目标“_TouchLastBuildWithSkipAnalyzers”；('$(_SkipAnalyzers)' == 'true')的计算结果为('' == 'true')。
       由于条件的计算结果为 false，已跳过目标“_TimeStampAfterCompile”；('$(RunPostBuildEvent)'=='OnOutputUpdated' or ('$(RegisterForComInterop)'=='true' and '$(OutputType)'=='library'))的计算结果为(''=='OnOutputUpdated' or (''=='true' and 'Library'=='library'))。
   2:6>ResolveAssemblyReferences:
             此引用不是“CopyLocal”，因为至少有一个源项将“Private”设置为“false”，而没有源项将“Private”设置为“true”。
   3:6>来自项目“d:\MyProject\FrontCRM(C#)\tests\CRM.TestCommon\CRM.TestCommon.csproj”的文件“C:\Program Files\dotnet\sdk\9.0.308\Microsoft.Common.CurrentVersion.targets”中的目标“AfterCompile”(目标“Compile”依赖于它):
   3:6>已完成在项目“CRM.TestCommon.csproj”中生成目标“AfterCompile”的操作。
       由于条件的计算结果为 false，已跳过目标“_CreateAppHost”；('$(ComputeNETCoreBuildOutputFiles)' == 'true' and
                            '$(AppHostSourcePath)' != '' and
                            Exists('@(IntermediateAssembly)') and
                            Exists('$(AppHostSourcePath)'))的计算结果为('true' == 'true' and
                            '' != '' and
                            Exists('obj\Debug\net9.0\CRM.TestCommon.dll') and
                            Exists(''))。
   2:6>ResolveAssemblyReferences:
         主引用“System.Transactions, Version=4.0.0.0, Culture=neutral, PublicKeyToken=b77a5c561934e089”。
   3:6>由于条件的计算结果为 false，已跳过目标“_CreateComHost”；('$(ComputeNETCoreBuildOutputFiles)' == 'true' and
                     '$(ComHostIntermediatePath)' != '' and
                     Exists('@(IntermediateAssembly)') and
                     Exists('$(ComHostSourcePath)'))的计算结果为('true' == 'true' and
                     '' != '' and
                     Exists('obj\Debug\net9.0\CRM.TestCommon.dll') and
                     Exists(''))。
       由于条件的计算结果为 false，已跳过目标“_GetIjwHostPaths”；('$(UseIJWHost)' == 'true')的计算结果为('' == 'true')。
   3:6>来自项目“d:\MyProject\FrontCRM(C#)\tests\CRM.TestCommon\CRM.TestCommon.csproj”的文件“C:\Program Files\dotnet\sdk\9.0.308\Microsoft.Common.CurrentVersion.targets”中的目标“Compile”(目标“CoreBuild”依赖于它):
   3:6>已完成在项目“CRM.TestCommon.csproj”中生成目标“Compile”的操作。
       由于条件的计算结果为 false，已跳过目标“ExportWindowsMDFile”；('$(ExportWinMDFile)' == 'true')的计算结果为('' == 'true')。
   2:6>ResolveAssemblyReferences:
             解析的文件路径为“C:\Program Files\dotnet\packs\Microsoft.NETCore.App.Ref\9.0.11\ref\net9.0\System.Transactions.dll”。
             在搜索路径位置“{RawFileName}”找到引用。
   3:6>由于条件的计算结果为 false，已跳过目标“UnmanagedUnregistration”；((('$(_AssemblyTimestampBeforeCompile)' != '$(_AssemblyTimestampAfterCompile)' or '$(RegisterForComInterop)' != 'true' or '$(OutputType)' != 'library') or
                    ('$(_AssemblyTimestampBeforeCompile)' == '')) and
                   Exists('@(_UnmanagedRegistrationCache)'))的计算结果为((('' != '' or '' != 'true' or 'Library' != 'library') or
                    ('' == '')) and
                   Exists('obj\CRM.TestCommon.csproj.UnmanagedRegistration.cache'))。
       由于条件的计算结果为 false，已跳过目标“GenerateSerializationAssemblies”；('$(_SGenGenerateSerializationAssembliesConfig)' == 'On' or ('@(WebReferenceUrl)'!='' and '$(_SGenGenerateSerializationAssembliesConfig)' == 'Auto'))的计算结果为('Off' == 'On' or (''!='' and 'Off' == 'Auto'))。
   2:6>ResolveAssemblyReferences:
             此引用不是“CopyLocal”，因为至少有一个源项将“Private”设置为“false”，而没有源项将“Private”设置为“true”。
   3:6>来自项目“d:\MyProject\FrontCRM(C#)\tests\CRM.TestCommon\CRM.TestCommon.csproj”的文件“C:\Program Files\dotnet\sdk\9.0.308\Microsoft.Common.CurrentVersion.targets”中的目标“_GenerateSatelliteAssemblyInputs”(目标“CreateSatelliteAssemblies”依赖于它):
   3:6>由于 false 条件，已跳过任务“MSBuildInternalMessage”；('@(ManifestResourceWithCulture)'!='' and '%(ManifestResourceWithCulture.EmittedForCompatibilityOnly)'=='')计算为(''!='' and ''=='')。
   2:6>ResolveAssemblyReferences:
         主引用“System.ValueTuple, Version=9.0.0.0, Culture=neutral, PublicKeyToken=cc7b13ffcd2ddd51”。
   3:6>_GenerateSatelliteAssemblyInputs:
       由于 false 条件，已跳过任务“MSBuildInternalMessage”；('@(ManifestNonResxWithCultureOnDisk)'!='' and '%(ManifestNonResxWithCultureOnDisk.EmittedForCompatibilityOnly)'=='')计算为(''!='' and ''=='')。
   2:6>ResolveAssemblyReferences:
             解析的文件路径为“C:\Program Files\dotnet\packs\Microsoft.NETCore.App.Ref\9.0.11\ref\net9.0\System.ValueTuple.dll”。
   3:6>已完成在项目“CRM.TestCommon.csproj”中生成目标“_GenerateSatelliteAssemblyInputs”的操作。
       由于条件的计算结果为 false，已跳过目标“ComputeIntermediateSatelliteAssemblies”；(@(EmbeddedResource->'%(WithCulture)') != '')的计算结果为( != '')。
       由于条件的计算结果为 false，已跳过目标“GenerateSatelliteAssemblies”；('@(_SatelliteAssemblyResourceInputs)' != '' and '$(GenerateSatelliteAssembliesForCore)' != 'true')的计算结果为('' != '' and 'true' != 'true')。
   2:6>ResolveAssemblyReferences:
             在搜索路径位置“{RawFileName}”找到引用。
   3:6>由于条件的计算结果为 false，已跳过目标“CoreGenerateSatelliteAssemblies”；('@(_SatelliteAssemblyResourceInputs)' != ''  and '$(GenerateSatelliteAssembliesForCore)' == 'true' )的计算结果为('' != ''  and 'true' == 'true' )。
   3:6>来自项目“d:\MyProject\FrontCRM(C#)\tests\CRM.TestCommon\CRM.TestCommon.csproj”的文件“C:\Program Files\dotnet\sdk\9.0.308\Microsoft.Common.CurrentVersion.targets”中的目标“CreateSatelliteAssemblies”(目标“CoreBuild”依赖于它):
   3:6>已完成在项目“CRM.TestCommon.csproj”中生成目标“CreateSatelliteAssemblies”的操作。
       由于条件的计算结果为 false，已跳过目标“GenerateManifests”；('$(GenerateClickOnceManifests)'=='true' or '@(NativeReference)'!='' or '@(ResolvedIsolatedComModules)'!='' or '$(GenerateAppxManifest)' == 'true')的计算结果为(''=='true' or ''!='' or ''!='' or '' == 'true')。
   2:6>ResolveAssemblyReferences:
             此引用不是“CopyLocal”，因为至少有一个源项将“Private”设置为“false”，而没有源项将“Private”设置为“true”。
   3:6>来自项目“d:\MyProject\FrontCRM(C#)\tests\CRM.TestCommon\CRM.TestCommon.csproj”的文件“C:\Program Files\dotnet\sdk\9.0.308\Microsoft.Common.CurrentVersion.targets”中的目标“GetTargetPathWithTargetPlatformMoniker”(目标“GetTargetPath”依赖于它):
   3:6>已完成在项目“CRM.TestCommon.csproj”中生成目标“GetTargetPathWithTargetPlatformMoniker”的操作。
   3:6>来自项目“d:\MyProject\FrontCRM(C#)\tests\CRM.TestCommon\CRM.TestCommon.csproj”的文件“C:\Program Files\dotnet\sdk\9.0.308\Microsoft.Common.CurrentVersion.targets”中的目标“GetTargetPath”(目标“CoreBuild”依赖于它):
   3:6>已完成在项目“CRM.TestCommon.csproj”中生成目标“GetTargetPath”的操作。
   2:6>ResolveAssemblyReferences:
         主引用“System.Web.HttpUtility, Version=9.0.0.0, Culture=neutral, PublicKeyToken=cc7b13ffcd2ddd51”。
   3:6>由于条件的计算结果为 false，已跳过目标“ComputeIntermediateSatelliteAssemblies”；(@(EmbeddedResource->'%(WithCulture)') != '')的计算结果为( != '')。
       由于条件的计算结果为 false，已跳过目标“_CopyFilesMarkedCopyLocal”；('@(ReferenceCopyLocalPaths)' != '')的计算结果为('' != '')。
       已跳过目标“AssignTargetPaths”。以前的生成已成功。
       由于条件的计算结果为 false，已跳过目标“AssignProjectConfiguration”；('$(CurrentSolutionConfigurationContents)' != '' or '@(ProjectReference)'!='')的计算结果为('' != '' or ''!='')。
       已跳过目标“_SplitProjectReferencesByFileExistence”。以前的生成已成功。
       已跳过目标“_GetProjectReferenceTargetFrameworkProperties”。以前的生成已成功。
   2:6>ResolveAssemblyReferences:
             解析的文件路径为“C:\Program Files\dotnet\packs\Microsoft.NETCore.App.Ref\9.0.11\ref\net9.0\System.Web.HttpUtility.dll”。
   3:6>来自项目“d:\MyProject\FrontCRM(C#)\tests\CRM.TestCommon\CRM.TestCommon.csproj”的文件“C:\Program Files\dotnet\sdk\9.0.308\Microsoft.Common.CurrentVersion.targets”中的目标“_PopulateCommonStateForGetCopyToOutputDirectoryItems”(目标“GetCopyToOutputDirectoryItems”依赖于它):
   3:6>已完成在项目“CRM.TestCommon.csproj”中生成目标“_PopulateCommonStateForGetCopyToOutputDirectoryItems”的操作。
       由于条件的计算结果为 false，已跳过目标“AddDepsJsonAndRuntimeConfigToCopyItemsForReferencingProjects”；('$(HasRuntimeOutput)' == 'true')的计算结果为('' == 'true')。
   2:6>ResolveAssemblyReferences:
             在搜索路径位置“{RawFileName}”找到引用。
             此引用不是“CopyLocal”，因为至少有一个源项将“Private”设置为“false”，而没有源项将“Private”设置为“true”。
         主引用“System.Web, Version=4.0.0.0, Culture=neutral, PublicKeyToken=b03f5f7f11d50a3a”。
             解析的文件路径为“C:\Program Files\dotnet\packs\Microsoft.NETCore.App.Ref\9.0.11\ref\net9.0\System.Web.dll”。
             在搜索路径位置“{RawFileName}”找到引用。
             此引用不是“CopyLocal”，因为至少有一个源项将“Private”设置为“false”，而没有源项将“Private”设置为“true”。
         主引用“System.Windows, Version=4.0.0.0, Culture=neutral, PublicKeyToken=b03f5f7f11d50a3a”。
   3:6>来自项目“d:\MyProject\FrontCRM(C#)\tests\CRM.TestCommon\CRM.TestCommon.csproj”的文件“C:\Program Files\dotnet\sdk\9.0.308\Microsoft.Common.CurrentVersion.targets”中的目标“GetCopyToOutputDirectoryItems”(目标“_CopySourceItemsToOutputDirectory”依赖于它):
   3:6>正在使用程序集“Microsoft.Build.Tasks.Core, Version=15.1.0.0, Culture=neutral, PublicKeyToken=b03f5f7f11d50a3a”中的“CallTarget”任务。
       任务“CallTarget”
   2:6>ResolveAssemblyReferences:
             解析的文件路径为“C:\Program Files\dotnet\packs\Microsoft.NETCore.App.Ref\9.0.11\ref\net9.0\System.Windows.dll”。
             在搜索路径位置“{RawFileName}”找到引用。
             此引用不是“CopyLocal”，因为至少有一个源项将“Private”设置为“false”，而没有源项将“Private”设置为“true”。
         主引用“System.Xml.Linq, Version=4.0.0.0, Culture=neutral, PublicKeyToken=b77a5c561934e089”。
             解析的文件路径为“C:\Program Files\dotnet\packs\Microsoft.NETCore.App.Ref\9.0.11\ref\net9.0\System.Xml.Linq.dll”。
             在搜索路径位置“{RawFileName}”找到引用。
             此引用不是“CopyLocal”，因为至少有一个源项将“Private”设置为“false”，而没有源项将“Private”设置为“true”。
         主引用“System.Xml.ReaderWriter, Version=9.0.0.0, Culture=neutral, PublicKeyToken=b03f5f7f11d50a3a”。
   3:6>已跳过目标“_PopulateCommonStateForGetCopyToOutputDirectoryItems”。以前的生成已成功。
       已跳过目标“_AddOutputPathToGlobalPropertiesToRemove”。以前的生成已成功。
   2:6>ResolveAssemblyReferences:
             解析的文件路径为“C:\Program Files\dotnet\packs\Microsoft.NETCore.App.Ref\9.0.11\ref\net9.0\System.Xml.ReaderWriter.dll”。
             在搜索路径位置“{RawFileName}”找到引用。
             此引用不是“CopyLocal”，因为至少有一个源项将“Private”设置为“false”，而没有源项将“Private”设置为“true”。
   3:6>来自项目“d:\MyProject\FrontCRM(C#)\tests\CRM.TestCommon\CRM.TestCommon.csproj”的文件“C:\Program Files\dotnet\sdk\9.0.308\Microsoft.Common.CurrentVersion.targets”中的目标“_GetCopyToOutputDirectoryItemsFromTransitiveProjectReferences”(目标“GetCopyToOutputDirectoryItems”依赖于它):
   3:6>由于 false 条件，已跳过任务“MSBuild”；('@(_MSBuildProjectReferenceExistent)' != '' and '$(_GetChildProjectCopyToOutputDirectoryItems)' == 'true' and '%(_MSBuildProjectReferenceExistent.Private)' != 'false' and '$(UseCommonOutputDirectory)' != 'true')计算为('' != '' and 'true' == 'true' and '' != 'false' and 'false' != 'true')。
   2:6>ResolveAssemblyReferences:
         主引用“System.Xml.Serialization, Version=4.0.0.0, Culture=neutral, PublicKeyToken=b77a5c561934e089”。
             解析的文件路径为“C:\Program Files\dotnet\packs\Microsoft.NETCore.App.Ref\9.0.11\ref\net9.0\System.Xml.Serialization.dll”。
   3:6>任务“AssignTargetPath”
   2:6>ResolveAssemblyReferences:
             在搜索路径位置“{RawFileName}”找到引用。
   3:6>已完成执行任务“AssignTargetPath”的操作。
   3:6>已完成在项目“CRM.TestCommon.csproj”中生成目标“_GetCopyToOutputDirectoryItemsFromTransitiveProjectReferences”的操作。
   2:6>ResolveAssemblyReferences:
             此引用不是“CopyLocal”，因为至少有一个源项将“Private”设置为“false”，而没有源项将“Private”设置为“true”。
         主引用“System.Xml.XDocument, Version=9.0.0.0, Culture=neutral, PublicKeyToken=b03f5f7f11d50a3a”。
             解析的文件路径为“C:\Program Files\dotnet\packs\Microsoft.NETCore.App.Ref\9.0.11\ref\net9.0\System.Xml.XDocument.dll”。
             在搜索路径位置“{RawFileName}”找到引用。
             此引用不是“CopyLocal”，因为至少有一个源项将“Private”设置为“false”，而没有源项将“Private”设置为“true”。
   3:6>已完成执行任务“CallTarget”的操作。
       任务“CallTarget”
   2:6>ResolveAssemblyReferences:
         主引用“System.Xml.XPath.XDocument, Version=9.0.0.0, Culture=neutral, PublicKeyToken=b03f5f7f11d50a3a”。
             解析的文件路径为“C:\Program Files\dotnet\packs\Microsoft.NETCore.App.Ref\9.0.11\ref\net9.0\System.Xml.XPath.XDocument.dll”。
             在搜索路径位置“{RawFileName}”找到引用。
             此引用不是“CopyLocal”，因为至少有一个源项将“Private”设置为“false”，而没有源项将“Private”设置为“true”。
   3:6>已跳过目标“AssignTargetPaths”。以前的生成已成功。
       已跳过目标“_PopulateCommonStateForGetCopyToOutputDirectoryItems”。以前的生成已成功。
       由于条件的计算结果为 false，已跳过目标“AddDepsJsonAndRuntimeConfigToCopyItemsForReferencingProjects”；('$(HasRuntimeOutput)' == 'true')的计算结果为('' == 'true')。
   2:6>ResolveAssemblyReferences:
         主引用“System.Xml.XPath, Version=9.0.0.0, Culture=neutral, PublicKeyToken=b03f5f7f11d50a3a”。
             解析的文件路径为“C:\Program Files\dotnet\packs\Microsoft.NETCore.App.Ref\9.0.11\ref\net9.0\System.Xml.XPath.dll”。
   3:6>来自项目“d:\MyProject\FrontCRM(C#)\tests\CRM.TestCommon\CRM.TestCommon.csproj”的文件“C:\Program Files\dotnet\sdk\9.0.308\Microsoft.Common.CurrentVersion.targets”中的目标“_GetCopyToOutputDirectoryItemsFromThisProject”(目标“GetCopyToOutputDirectoryItems”依赖于它):
   3:6>任务“AssignTargetPath”
   2:6>ResolveAssemblyReferences:
             在搜索路径位置“{RawFileName}”找到引用。
   3:6>已完成执行任务“AssignTargetPath”的操作。
   2:6>ResolveAssemblyReferences:
             此引用不是“CopyLocal”，因为至少有一个源项将“Private”设置为“false”，而没有源项将“Private”设置为“true”。
   3:6>已完成在项目“CRM.TestCommon.csproj”中生成目标“_GetCopyToOutputDirectoryItemsFromThisProject”的操作。
   2:6>ResolveAssemblyReferences:
         主引用“System.Xml.XmlDocument, Version=9.0.0.0, Culture=neutral, PublicKeyToken=b03f5f7f11d50a3a”。
   3:6>已完成执行任务“CallTarget”的操作。
   2:6>ResolveAssemblyReferences:
             解析的文件路径为“C:\Program Files\dotnet\packs\Microsoft.NETCore.App.Ref\9.0.11\ref\net9.0\System.Xml.XmlDocument.dll”。
             在搜索路径位置“{RawFileName}”找到引用。
             此引用不是“CopyLocal”，因为至少有一个源项将“Private”设置为“false”，而没有源项将“Private”设置为“true”。
         主引用“System.Xml.XmlSerializer, Version=9.0.0.0, Culture=neutral, PublicKeyToken=b03f5f7f11d50a3a”。
             解析的文件路径为“C:\Program Files\dotnet\packs\Microsoft.NETCore.App.Ref\9.0.11\ref\net9.0\System.Xml.XmlSerializer.dll”。
             在搜索路径位置“{RawFileName}”找到引用。
             此引用不是“CopyLocal”，因为至少有一个源项将“Private”设置为“false”，而没有源项将“Private”设置为“true”。
   3:6>已完成在项目“CRM.TestCommon.csproj”中生成目标“GetCopyToOutputDirectoryItems”的操作。
   2:6>ResolveAssemblyReferences:
         主引用“System.Xml, Version=4.0.0.0, Culture=neutral, PublicKeyToken=b77a5c561934e089”。
   3:6>由于条件的计算结果为 false，已跳过目标“_CopyOutOfDateSourceItemsToOutputDirectory”；( '@(_SourceItemsToCopyToOutputDirectory)' != '' )的计算结果为( '' != '' )。
       由于条件的计算结果为 false，已跳过目标“_CopyOutOfDateSourceItemsToOutputDirectoryAlways”；( '@(_SourceItemsToCopyToOutputDirectoryAlways)' != '' )的计算结果为( '' != '' )。
       由于条件的计算结果为 false，已跳过目标“_CopyDifferingSourceItemsToOutputDirectory”；( '@(_SourceItemsToCopyToOutputDirectoryIfDifferent)' != '' )的计算结果为( '' != '' )。
   3:6>来自项目“d:\MyProject\FrontCRM(C#)\tests\CRM.TestCommon\CRM.TestCommon.csproj”的文件“C:\Program Files\dotnet\sdk\9.0.308\Microsoft.Common.CurrentVersion.targets”中的目标“_CopySourceItemsToOutputDirectory”(目标“CopyFilesToOutputDirectory”依赖于它):
   3:6>已完成在项目“CRM.TestCommon.csproj”中生成目标“_CopySourceItemsToOutputDirectory”的操作。
       由于条件的计算结果为 false，已跳过目标“_CopyAppConfigFile”；( '@(AppConfigWithTargetPath)' != '' )的计算结果为( '' != '' )。
       由于条件的计算结果为 false，已跳过目标“_CopyManifestFiles”；( '$(_DeploymentCopyApplicationManifest)'=='true' or '$(GenerateClickOnceManifests)'=='true' )的计算结果为( ''=='true' or ''=='true' )。
   2:6>ResolveAssemblyReferences:
             解析的文件路径为“C:\Program Files\dotnet\packs\Microsoft.NETCore.App.Ref\9.0.11\ref\net9.0\System.Xml.dll”。
             在搜索路径位置“{RawFileName}”找到引用。
             此引用不是“CopyLocal”，因为至少有一个源项将“Private”设置为“false”，而没有源项将“Private”设置为“true”。
         主引用“System, Version=4.0.0.0, Culture=neutral, PublicKeyToken=b77a5c561934e089”。
             解析的文件路径为“C:\Program Files\dotnet\packs\Microsoft.NETCore.App.Ref\9.0.11\ref\net9.0\System.dll”。
             在搜索路径位置“{RawFileName}”找到引用。
             此引用不是“CopyLocal”，因为至少有一个源项将“Private”设置为“false”，而没有源项将“Private”设置为“true”。
         主引用“WindowsBase, Version=4.0.0.0, Culture=neutral, PublicKeyToken=31bf3856ad364e35”。
   3:6>来自项目“d:\MyProject\FrontCRM(C#)\tests\CRM.TestCommon\CRM.TestCommon.csproj”的文件“C:\Program Files\dotnet\sdk\9.0.308\Microsoft.Common.CurrentVersion.targets”中的目标“_CheckForCompileOutputs”(目标“CopyFilesToOutputDirectory”依赖于它):
   3:6>已完成在项目“CRM.TestCommon.csproj”中生成目标“_CheckForCompileOutputs”的操作。
       由于条件的计算结果为 false，已跳过目标“_SGenCheckForOutputs”；('$(_SGenGenerateSerializationAssembliesConfig)' == 'On' or ('@(WebReferenceUrl)'!='' and '$(_SGenGenerateSerializationAssembliesConfig)' == 'Auto'))的计算结果为('Off' == 'On' or (''!='' and 'Off' == 'Auto'))。
   2:6>ResolveAssemblyReferences:
             解析的文件路径为“C:\Program Files\dotnet\packs\Microsoft.NETCore.App.Ref\9.0.11\ref\net9.0\WindowsBase.dll”。
   3:6>已跳过目标“_DefaultMicrosoftNETPlatformLibrary”。以前的生成已成功。
       已跳过目标“_HandlePackageFileConflicts”。以前的生成已成功。
       已跳过目标“ResolveAssemblyReferences”。以前的生成已成功。
   2:6>ResolveAssemblyReferences:
             在搜索路径位置“{RawFileName}”找到引用。
             此引用不是“CopyLocal”，因为至少有一个源项将“Private”设置为“false”，而没有源项将“Private”设置为“true”。
         主引用“mscorlib, Version=4.0.0.0, Culture=neutral, PublicKeyToken=b77a5c561934e089”。
             解析的文件路径为“C:\Program Files\dotnet\packs\Microsoft.NETCore.App.Ref\9.0.11\ref\net9.0\mscorlib.dll”。
             在搜索路径位置“{RawFileName}”找到引用。
             此引用不是“CopyLocal”，因为至少有一个源项将“Private”设置为“false”，而没有源项将“Private”设置为“true”。
         主引用“netstandard, Version=2.1.0.0, Culture=neutral, PublicKeyToken=cc7b13ffcd2ddd51”。
             解析的文件路径为“C:\Program Files\dotnet\packs\Microsoft.NETCore.App.Ref\9.0.11\ref\net9.0\netstandard.dll”。
             在搜索路径位置“{RawFileName}”找到引用。
             此引用不是“CopyLocal”，因为至少有一个源项将“Private”设置为“false”，而没有源项将“Private”设置为“true”。
       已完成执行任务“ResolveAssemblyReference”的操作。
   3:6>来自项目“d:\MyProject\FrontCRM(C#)\tests\CRM.TestCommon\CRM.TestCommon.csproj”的文件“C:\Program Files\dotnet\sdk\9.0.308\Sdks\Microsoft.NET.Sdk\targets\Microsoft.NET.Sdk.targets”中的目标“_ComputeReferenceAssemblies”(目标“GenerateBuildDependencyFile”依赖于它):
   3:6>已完成在项目“CRM.TestCommon.csproj”中生成目标“_ComputeReferenceAssemblies”的操作。
   2:6>已完成在项目“CRM.Core.csproj”中生成目标“ResolveAssemblyReferences”的操作。
       由于条件的计算结果为 false，已跳过目标“GenerateBindingRedirects”；('$(AutoGenerateBindingRedirects)' == 'true' and '$(GenerateBindingRedirectsOutputType)' == 'true' and '@(SuggestedBindingRedirects)' != '' and '$(DesignTimeBuild)' != 'true' and '$(BuildingProject)' == 'true')的计算结果为('' == 'true' and '' == 'true' and '' != '' and '' != 'true' and 'true' == 'true')。
       由于条件的计算结果为 false，已跳过目标“GenerateSupportedRuntime”；('$(GenerateSupportedRuntime)' != 'false' and '$(TargetFrameworkIdentifier)' == '.NETFramework' and '$(HasRuntimeOutput)' == 'true')的计算结果为('' != 'false' and '.NETCoreApp' == '.NETFramework' and '' == 'true')。
       由于条件的计算结果为 false，已跳过目标“GenerateBindingRedirectsUpdateAppConfig”；('$(AutoGenerateBindingRedirects)' == 'true' and '$(GenerateBindingRedirectsOutputType)' == 'true')的计算结果为('' == 'true' and '' == 'true')。
       由于条件的计算结果为 false，已跳过目标“ResolveComReferences”；('@(COMReference)'!='' or '@(COMFileReference)'!='')的计算结果为(''!='' or ''!='')。
   2:6>来自项目“d:\MyProject\FrontCRM(C#)\CRM.Core\CRM.Core.csproj”的文件“C:\Program Files\dotnet\sdk\9.0.308\Microsoft.Common.CurrentVersion.targets”中的目标“AfterResolveReferences”(目标“ResolveReferences”依赖于它):
   2:6>已完成在项目“CRM.Core.csproj”中生成目标“AfterResolveReferences”的操作。
   2:6>来自项目“d:\MyProject\FrontCRM(C#)\CRM.Core\CRM.Core.csproj”的文件“C:\Program Files\dotnet\sdk\9.0.308\Microsoft.Common.CurrentVersion.targets”中的目标“ResolveReferences”(目标“_BlockWinMDsOnUnsupportedTFMs”依赖于它):
   2:6>已完成在项目“CRM.Core.csproj”中生成目标“ResolveReferences”的操作。
   2:6>来自项目“d:\MyProject\FrontCRM(C#)\CRM.Core\CRM.Core.csproj”的文件“C:\Program Files\dotnet\sdk\9.0.308\Sdks\Microsoft.NET.Sdk\targets\Microsoft.NET.Sdk.targets”中的目标“_BlockWinMDsOnUnsupportedTFMs”(目标“CoreBuild”依赖于它):
       正在使用程序集“C:\Program Files\dotnet\sdk\9.0.308\Sdks\Microsoft.NET.Sdk\targets\..\tools\net9.0\Microsoft.NET.Build.Tasks.dll”中的“CheckForUnsupportedWinMDReferences”任务。
       任务“CheckForUnsupportedWinMDReferences”
       已完成执行任务“CheckForUnsupportedWinMDReferences”的操作。
       由于 false 条件，已跳过任务“NETSdkError”；('$(OutputType)' == 'winmdobj')计算为('Library' == 'winmdobj')。
   2:6>已完成在项目“CRM.Core.csproj”中生成目标“_BlockWinMDsOnUnsupportedTFMs”的操作。
       已跳过目标“ResolveReferences”。以前的生成已成功。
       已跳过目标“ResolvePackageDependenciesForBuild”。以前的生成已成功。
       已跳过目标“_HandlePackageFileConflicts”。以前的生成已成功。
   2:6>来自项目“d:\MyProject\FrontCRM(C#)\CRM.Core\CRM.Core.csproj”的文件“C:\Program Files\dotnet\sdk\9.0.308\Roslyn\Microsoft.Managed.Core.targets”中的目标“CopyAdditionalFiles”(目标“AssignTargetPaths”依赖于它):
   2:6>已完成在项目“CRM.Core.csproj”中生成目标“CopyAdditionalFiles”的操作。
       由于条件的计算结果为 false，已跳过目标“_GetAppHostPaths”；('$(UseAppHost)' == 'true' and '$(_IsExecutable)' == 'true')的计算结果为('' == 'true' and '' == 'true')。
       由于条件的计算结果为 false，已跳过目标“_GetAppHostCreationConfiguration”；('$(UseAppHost)' == 'true' and '$(_IsExecutable)' == 'true')的计算结果为('' == 'true' and '' == 'true')。
       由于条件的计算结果为 false，已跳过目标“_GetComHostPaths”；('$(EnableComHosting)' == 'true' and '$(_IsExecutable)' != 'true')的计算结果为('' == 'true' and '' != 'true')。
       由于条件的计算结果为 false，已跳过目标“_GetIjwHostPaths”；('$(UseIJWHost)' == 'true')的计算结果为('' == 'true')。
   2:6>来自项目“d:\MyProject\FrontCRM(C#)\CRM.Core\CRM.Core.csproj”的文件“C:\Program Files\dotnet\sdk\9.0.308\Sdks\Microsoft.NET.Sdk\targets\Microsoft.NET.Sdk.targets”中的目标“_ComputeNETCoreBuildOutputFiles”(目标“AssignTargetPaths”依赖于它):
   2:6>已完成在项目“CRM.Core.csproj”中生成目标“_ComputeNETCoreBuildOutputFiles”的操作。
   2:6>来自项目“d:\MyProject\FrontCRM(C#)\CRM.Core\CRM.Core.csproj”的文件“C:\Program Files\dotnet\sdk\9.0.308\Microsoft.Common.CurrentVersion.targets”中的目标“AssignTargetPaths”(目标“PrepareResourceNames”依赖于它):
       正在使用程序集“Microsoft.Build.Tasks.Core, Version=15.1.0.0, Culture=neutral, PublicKeyToken=b03f5f7f11d50a3a”中的“AssignTargetPath”任务。
       任务“AssignTargetPath”
       已完成执行任务“AssignTargetPath”的操作。
       任务“AssignTargetPath”
       已完成执行任务“AssignTargetPath”的操作。
       任务“AssignTargetPath”
       已完成执行任务“AssignTargetPath”的操作。
       任务“AssignTargetPath”
       已完成执行任务“AssignTargetPath”的操作。
       由于 false 条件，已跳过任务“AssignTargetPath”；('@(_DeploymentBaseManifestWithTargetPath)'=='' and '%(None.Extension)'=='.manifest')计算为(''=='' and '.md'=='.manifest')。
   2:6>已完成在项目“CRM.Core.csproj”中生成目标“AssignTargetPaths”的操作。
       已跳过目标“AssignTargetPaths”。以前的生成已成功。
   2:6>来自项目“d:\MyProject\FrontCRM(C#)\CRM.Core\CRM.Core.csproj”的文件“C:\Program Files\dotnet\sdk\9.0.308\Microsoft.Common.CurrentVersion.targets”中的目标“SplitResourcesByCulture”(目标“PrepareResourceNames”依赖于它):
       由于 false 条件，已跳过任务“MSBuildInternalMessage”；('@(ResxWithNoCulture)'!='')计算为(''!='')。
       由于 false 条件，已跳过任务“MSBuildInternalMessage”；('@(ResxWithCulture)'!='')计算为(''!='')。
       由于 false 条件，已跳过任务“MSBuildInternalMessage”；('@(NonResxWithCulture)'!='')计算为(''!='')。
       由于 false 条件，已跳过任务“MSBuildInternalMessage”；('@(NonResxWithNoCulture)'!='')计算为(''!='')。
       正在使用程序集“Microsoft.Build.Tasks.Core, Version=15.1.0.0, Culture=neutral, PublicKeyToken=b03f5f7f11d50a3a”中的“AssignCulture”任务。
       任务“AssignCulture”
       已完成执行任务“AssignCulture”的操作。
   2:6>已完成在项目“CRM.Core.csproj”中生成目标“SplitResourcesByCulture”的操作。
       由于条件的计算结果为 false，已跳过目标“CreateManifestResourceNames”；('@(EmbeddedResource)' != '')的计算结果为('' != '')。
   2:6>来自项目“d:\MyProject\FrontCRM(C#)\CRM.Core\CRM.Core.csproj”的文件“C:\Program Files\dotnet\sdk\9.0.308\Microsoft.Common.CurrentVersion.targets”中的目标“CreateCustomManifestResourceNames”(目标“PrepareResourceNames”依赖于它):
   2:6>已完成在项目“CRM.Core.csproj”中生成目标“CreateCustomManifestResourceNames”的操作。
   2:6>来自项目“d:\MyProject\FrontCRM(C#)\CRM.Core\CRM.Core.csproj”的文件“C:\Program Files\dotnet\sdk\9.0.308\Microsoft.Common.CurrentVersion.targets”中的目标“PrepareResourceNames”(目标“PrepareResources”依赖于它):
   2:6>已完成在项目“CRM.Core.csproj”中生成目标“PrepareResourceNames”的操作。
       已跳过目标“ResolveAssemblyReferences”。以前的生成已成功。
       已跳过目标“SplitResourcesByCulture”。以前的生成已成功。
   2:6>来自项目“d:\MyProject\FrontCRM(C#)\CRM.Core\CRM.Core.csproj”的文件“C:\Program Files\dotnet\sdk\9.0.308\Microsoft.Common.CurrentVersion.targets”中的目标“BeforeResGen”(目标“ResGen”依赖于它):
   2:6>已完成在项目“CRM.Core.csproj”中生成目标“BeforeResGen”的操作。
       已跳过目标“ResolveReferences”。以前的生成已成功。
   2:6>来自项目“d:\MyProject\FrontCRM(C#)\CRM.Core\CRM.Core.csproj”的文件“C:\Program Files\dotnet\sdk\9.0.308\Microsoft.Common.CurrentVersion.targets”中的目标“FindReferenceAssembliesForReferences”(目标“CoreResGen”依赖于它):
   2:6>已完成在项目“CRM.Core.csproj”中生成目标“FindReferenceAssembliesForReferences”的操作。
   2:6>来自项目“d:\MyProject\FrontCRM(C#)\CRM.Core\CRM.Core.csproj”的文件“C:\Program Files\dotnet\sdk\9.0.308\Microsoft.Common.CurrentVersion.targets”中的目标“CoreResGen”(目标“ResGen”依赖于它):
       由于 false 条件，已跳过任务“GenerateResource”；('%(EmbeddedResource.Type)' == 'Resx' and '%(EmbeddedResource.GenerateResource)' != 'false' and '$(GenerateResourceMSBuildRuntime)' != 'CLR2')计算为('' == 'Resx' and '' != 'false' and 'CurrentRuntime' != 'CLR2')。
       由于 false 条件，已跳过任务“GenerateResource”；('%(EmbeddedResource.Type)' == 'Resx' and '%(EmbeddedResource.GenerateResource)' != 'false' and '$(GenerateResourceMSBuildRuntime)' == 'CLR2')计算为('' == 'Resx' and '' != 'false' and 'CurrentRuntime' == 'CLR2')。
   2:6>已完成在项目“CRM.Core.csproj”中生成目标“CoreResGen”的操作。
   2:6>来自项目“d:\MyProject\FrontCRM(C#)\CRM.Core\CRM.Core.csproj”的文件“C:\Program Files\dotnet\sdk\9.0.308\Microsoft.Common.CurrentVersion.targets”中的目标“AfterResGen”(目标“ResGen”依赖于它):
   2:6>已完成在项目“CRM.Core.csproj”中生成目标“AfterResGen”的操作。
   2:6>来自项目“d:\MyProject\FrontCRM(C#)\CRM.Core\CRM.Core.csproj”的文件“C:\Program Files\dotnet\sdk\9.0.308\Microsoft.Common.CurrentVersion.targets”中的目标“ResGen”(目标“PrepareResources”依赖于它):
   2:6>已完成在项目“CRM.Core.csproj”中生成目标“ResGen”的操作。
       由于条件的计算结果为 false，已跳过目标“CompileLicxFiles”；('@(_LicxFile)'!='')的计算结果为(''!='')。
   2:6>来自项目“d:\MyProject\FrontCRM(C#)\CRM.Core\CRM.Core.csproj”的文件“C:\Program Files\dotnet\sdk\9.0.308\Microsoft.Common.CurrentVersion.targets”中的目标“PrepareResources”(目标“CoreBuild”依赖于它):
   2:6>已完成在项目“CRM.Core.csproj”中生成目标“PrepareResources”的操作。
       由于条件的计算结果为 false，已跳过目标“ResolveKeySource”；($(SignManifests) == 'true' or $(SignAssembly) == 'true')的计算结果为( == 'true' or false == 'true')。
       已跳过目标“ResolveReferences”。以前的生成已成功。
       由于条件的计算结果为 false，已跳过目标“ResolveKeySource”；($(SignManifests) == 'true' or $(SignAssembly) == 'true')的计算结果为( == 'true' or false == 'true')。
       由于条件的计算结果为 false，已跳过目标“ResolveComReferences”；('@(COMReference)'!='' or '@(COMFileReference)'!='')的计算结果为(''!='' or ''!='')。
       由于条件的计算结果为 false，已跳过目标“ResolveNativeReferences”；('@(NativeReference)'!='')的计算结果为(''!='')。
       由于条件的计算结果为 false，已跳过目标“_SetExternalWin32ManifestProperties”；('$(GenerateClickOnceManifests)'=='true' or '@(NativeReference)'!='' or '@(ResolvedIsolatedComModules)'!='')的计算结果为(''=='true' or ''!='' or ''!='')。
   2:6>来自项目“d:\MyProject\FrontCRM(C#)\CRM.Core\CRM.Core.csproj”的文件“C:\Program Files\dotnet\sdk\9.0.308\Microsoft.Common.CurrentVersion.targets”中的目标“_SetEmbeddedWin32ManifestProperties”(目标“SetWin32ManifestProperties”依赖于它):
       正在使用程序集“Microsoft.Build.Tasks.Core, Version=15.1.0.0, Culture=neutral, PublicKeyToken=b03f5f7f11d50a3a”中的“GetFrameworkPath”任务。
       任务“GetFrameworkPath”
       已完成执行任务“GetFrameworkPath”的操作。
   2:6>已完成在项目“CRM.Core.csproj”中生成目标“_SetEmbeddedWin32ManifestProperties”的操作。
   2:6>来自项目“d:\MyProject\FrontCRM(C#)\CRM.Core\CRM.Core.csproj”的文件“C:\Program Files\dotnet\sdk\9.0.308\Microsoft.Common.CurrentVersion.targets”中的目标“SetWin32ManifestProperties”(目标“Compile”依赖于它):
   2:6>已完成在项目“CRM.Core.csproj”中生成目标“SetWin32ManifestProperties”的操作。
       由于条件的计算结果为 false，已跳过目标“_SetPreferNativeArm64Win32ManifestProperties”；( '$(PreferNativeArm64)'=='true' and '$(NoWin32Manifest)'!='true')的计算结果为( 'false'=='true' and ''!='true')。
       已跳过目标“FindReferenceAssembliesForReferences”。以前的生成已成功。
   2:6>来自项目“d:\MyProject\FrontCRM(C#)\CRM.Core\CRM.Core.csproj”的文件“C:\Program Files\dotnet\sdk\9.0.308\Microsoft.Common.CurrentVersion.targets”中的目标“_GenerateCompileInputs”(目标“Compile”依赖于它):
       由于 false 条件，已跳过任务“MSBuildInternalMessage”；('@(ManifestResourceWithNoCulture)'!='' and '%(ManifestResourceWithNoCulture.EmittedForCompatibilityOnly)'=='')计算为(''!='' and ''=='')。
       由于 false 条件，已跳过任务“MSBuildInternalMessage”；('@(ManifestNonResxWithNoCultureOnDisk)'!='' and '%(ManifestNonResxWithNoCultureOnDisk.EmittedForCompatibilityOnly)'=='')计算为(''!='' and ''=='')。
   2:6>已完成在项目“CRM.Core.csproj”中生成目标“_GenerateCompileInputs”的操作。
       已跳过目标“PrepareForBuild”。以前的生成已成功。
   2:6>来自项目“d:\MyProject\FrontCRM(C#)\CRM.Core\CRM.Core.csproj”的文件“C:\Program Files\dotnet\sdk\9.0.308\Roslyn\Microsoft.Managed.Core.targets”中的目标“GenerateMSBuildEditorConfigFileShouldRun”(目标“GenerateMSBuildEditorConfigFile”依赖于它):
   2:6>已完成在项目“CRM.Core.csproj”中生成目标“GenerateMSBuildEditorConfigFileShouldRun”的操作。
   2:6>来自项目“d:\MyProject\FrontCRM(C#)\CRM.Core\CRM.Core.csproj”的文件“C:\Program Files\dotnet\sdk\9.0.308\Sdks\Microsoft.NET.Sdk\codestyle\cs\build\Microsoft.CodeAnalysis.CSharp.CodeStyle.targets”中的目标“AddGlobalAnalyzerConfigForPackage_MicrosoftCodeAnalysisCSharpCodeStyle”(目标“GenerateMSBuildEditorConfigFileCore”依赖于它):
   2:6>已完成在项目“CRM.Core.csproj”中生成目标“AddGlobalAnalyzerConfigForPackage_MicrosoftCodeAnalysisCSharpCodeStyle”的操作。
   2:6>来自项目“d:\MyProject\FrontCRM(C#)\CRM.Core\CRM.Core.csproj”的文件“C:\Program Files\dotnet\sdk\9.0.308\Roslyn\Microsoft.Managed.Core.targets”中的目标“GenerateMSBuildEditorConfigFileCore”(目标“GenerateMSBuildEditorConfigFile”依赖于它):
       正在完全生成目标“GenerateMSBuildEditorConfigFileCore”。
       未指定输入文件。
       正在使用程序集“C:\Program Files\dotnet\sdk\9.0.308\Roslyn\Microsoft.Build.Tasks.CodeAnalysis.dll”中的“GenerateMSBuildEditorConfig”任务。
       任务“GenerateMSBuildEditorConfig”
       已完成执行任务“GenerateMSBuildEditorConfig”的操作。
   2:6>已完成在项目“CRM.Core.csproj”中生成目标“GenerateMSBuildEditorConfigFileCore”的操作。
   2:6>来自项目“d:\MyProject\FrontCRM(C#)\CRM.Core\CRM.Core.csproj”的文件“C:\Program Files\dotnet\sdk\9.0.308\Roslyn\Microsoft.Managed.Core.targets”中的目标“GenerateMSBuildEditorConfigFile”(目标“BeforeCompile”依赖于它):
   2:6>已完成在项目“CRM.Core.csproj”中生成目标“GenerateMSBuildEditorConfigFile”的操作。
       已跳过目标“PrepareForBuild”。以前的生成已成功。
       已跳过目标“GetReferenceAssemblyPaths”。以前的生成已成功。
   2:6>来自项目“d:\MyProject\FrontCRM(C#)\CRM.Core\CRM.Core.csproj”的文件“C:\Program Files\dotnet\sdk\9.0.308\Microsoft.CSharp.CurrentVersion.targets”中的目标“_SetTargetFrameworkMonikerAttribute”(目标“GenerateTargetFrameworkMonikerAttribute”依赖于它):
   2:6>已完成在项目“CRM.Core.csproj”中生成目标“_SetTargetFrameworkMonikerAttribute”的操作。
   2:6>来自项目“d:\MyProject\FrontCRM(C#)\CRM.Core\CRM.Core.csproj”的文件“C:\Program Files\dotnet\sdk\9.0.308\Microsoft.Common.CurrentVersion.targets”中的目标“GenerateTargetFrameworkMonikerAttribute”(目标“BeforeCompile”依赖于它):
       正在跳过目标“GenerateTargetFrameworkMonikerAttribute”，因为所有输出文件相对于输入文件而言都是最新的。
       输入文件:C:\Program Files\dotnet\sdk\9.0.308\Microsoft.Common.targets
       输出文件:obj\Debug\net9.0\.NETCoreApp,Version=v9.0.AssemblyAttributes.cs
   2:6>已完成在项目“CRM.Core.csproj”中生成目标“GenerateTargetFrameworkMonikerAttribute”的操作。
       由于条件的计算结果为 false，已跳过目标“GenerateAdditionalSources”；('@(AssemblyAttributes)' != '' and '$(GenerateAdditionalSources)' == 'true')的计算结果为('' != '' and '' == 'true')。
       已跳过目标“PrepareForBuild”。以前的生成已成功。
   2:6>来自项目“d:\MyProject\FrontCRM(C#)\CRM.Core\CRM.Core.csproj”的文件“C:\Program Files\dotnet\sdk\9.0.308\Sdks\Microsoft.NET.Sdk\targets\Microsoft.NET.GenerateAssemblyInfo.targets”中的目标“GetAssemblyVersion”(目标“GetAssemblyAttributes”依赖于它):
       正在使用程序集“C:\Program Files\dotnet\sdk\9.0.308\Sdks\Microsoft.NET.Sdk\targets\..\tools\net9.0\Microsoft.NET.Build.Tasks.dll”中的“GetAssemblyVersion”任务。
       任务“GetAssemblyVersion”
       已完成执行任务“GetAssemblyVersion”的操作。
   2:6>已完成在项目“CRM.Core.csproj”中生成目标“GetAssemblyVersion”的操作。
   2:6>来自项目“d:\MyProject\FrontCRM(C#)\CRM.Core\CRM.Core.csproj”的文件“C:\Program Files\dotnet\sdk\9.0.308\Sdks\Microsoft.Build.Tasks.Git\build\Microsoft.Build.Tasks.Git.targets”中的目标“InitializeSourceControlInformationFromSourceControlManager”(目标“_InitializeSourceControlInformationFromSourceControlManager”依赖于它):
       正在使用程序集“C:\Program Files\dotnet\sdk\9.0.308\Sdks\Microsoft.Build.Tasks.Git\build\..\tools\net\Microsoft.Build.Tasks.Git.dll”中的“Microsoft.Build.Tasks.Git.LocateRepository”任务。
       任务“Microsoft.Build.Tasks.Git.LocateRepository”
       已完成执行任务“Microsoft.Build.Tasks.Git.LocateRepository”的操作。
   2:6>已完成在项目“CRM.Core.csproj”中生成目标“InitializeSourceControlInformationFromSourceControlManager”的操作。
   2:6>来自项目“d:\MyProject\FrontCRM(C#)\CRM.Core\CRM.Core.csproj”的文件“C:\Program Files\dotnet\sdk\9.0.308\Sdks\Microsoft.SourceLink.Common\build\InitializeSourceControlInformation.targets”中的目标“_SourceLinkHasSingleProvider”(目标“_InitializeSourceControlInformationFromSourceControlManager”依赖于它):
       在 TaskRun 期间加载的程序集: Microsoft.SourceLink.Common, Version=9.0.11.11701, Culture=neutral, PublicKeyToken=31bf3856ad364e35 (位置: C:\Program Files\dotnet\sdk\9.0.308\Sdks\Microsoft.SourceLink.Common\tools\net\Microsoft.SourceLink.Common.dll，MVID: e7b93933-92ac-4eda-8ab8-a1e1c543bfb2，AssemblyLoadContext: MSBuild plugin C:\Program Files\dotnet\sdk\9.0.308\Sdks\Microsoft.SourceLink.Common\tools\net\Microsoft.SourceLink.Common.dll)
       正在使用程序集“C:\Program Files\dotnet\sdk\9.0.308\Sdks\Microsoft.SourceLink.Common\build\..\tools\net\Microsoft.SourceLink.Common.dll”中的“Microsoft.SourceLink.Common.SourceLinkHasSingleProvider”任务。
       任务“Microsoft.SourceLink.Common.SourceLinkHasSingleProvider”
       已完成执行任务“Microsoft.SourceLink.Common.SourceLinkHasSingleProvider”的操作。
   2:6>已完成在项目“CRM.Core.csproj”中生成目标“_SourceLinkHasSingleProvider”的操作。
   2:6>来自项目“d:\MyProject\FrontCRM(C#)\CRM.Core\CRM.Core.csproj”的文件“C:\Program Files\dotnet\sdk\9.0.308\Sdks\Microsoft.SourceLink.GitHub\build\Microsoft.SourceLink.GitHub.targets”中的目标“TranslateGitHubUrlsInSourceControlInformation”(目标“_InitializeSourceControlInformationFromSourceControlManager”依赖于它):
       在 TaskRun 期间加载的程序集: Microsoft.SourceLink.GitHub, Version=9.0.11.11701, Culture=neutral, PublicKeyToken=31bf3856ad364e35 (位置: C:\Program Files\dotnet\sdk\9.0.308\Sdks\Microsoft.SourceLink.GitHub\tools\net\Microsoft.SourceLink.GitHub.dll，MVID: de6eb21e-3e60-4c55-84da-db4085852056，AssemblyLoadContext: MSBuild plugin C:\Program Files\dotnet\sdk\9.0.308\Sdks\Microsoft.SourceLink.GitHub\tools\net\Microsoft.SourceLink.GitHub.dll)
       正在使用程序集“C:\Program Files\dotnet\sdk\9.0.308\Sdks\Microsoft.SourceLink.GitHub\build\..\tools\net\Microsoft.SourceLink.GitHub.dll”中的“Microsoft.SourceLink.GitHub.TranslateRepositoryUrls”任务。
       任务“Microsoft.SourceLink.GitHub.TranslateRepositoryUrls”
       已完成执行任务“Microsoft.SourceLink.GitHub.TranslateRepositoryUrls”的操作。
   2:6>已完成在项目“CRM.Core.csproj”中生成目标“TranslateGitHubUrlsInSourceControlInformation”的操作。
   2:6>来自项目“d:\MyProject\FrontCRM(C#)\CRM.Core\CRM.Core.csproj”的文件“C:\Program Files\dotnet\sdk\9.0.308\Sdks\Microsoft.SourceLink.GitLab\build\Microsoft.SourceLink.GitLab.targets”中的目标“TranslateGitLabUrlsInSourceControlInformation”(目标“_InitializeSourceControlInformationFromSourceControlManager”依赖于它):
       在 TaskRun 期间加载的程序集: Microsoft.SourceLink.GitLab, Version=9.0.11.11701, Culture=neutral, PublicKeyToken=31bf3856ad364e35 (位置: C:\Program Files\dotnet\sdk\9.0.308\Sdks\Microsoft.SourceLink.GitLab\tools\net\Microsoft.SourceLink.GitLab.dll，MVID: ccdddc0a-7879-4673-a23d-bd877ae513a4，AssemblyLoadContext: MSBuild plugin C:\Program Files\dotnet\sdk\9.0.308\Sdks\Microsoft.SourceLink.GitLab\tools\net\Microsoft.SourceLink.GitLab.dll)
       正在使用程序集“C:\Program Files\dotnet\sdk\9.0.308\Sdks\Microsoft.SourceLink.GitLab\build\..\tools\net\Microsoft.SourceLink.GitLab.dll”中的“Microsoft.SourceLink.GitLab.TranslateRepositoryUrls”任务。
       任务“Microsoft.SourceLink.GitLab.TranslateRepositoryUrls”
       已完成执行任务“Microsoft.SourceLink.GitLab.TranslateRepositoryUrls”的操作。
   2:6>已完成在项目“CRM.Core.csproj”中生成目标“TranslateGitLabUrlsInSourceControlInformation”的操作。
   2:6>来自项目“d:\MyProject\FrontCRM(C#)\CRM.Core\CRM.Core.csproj”的文件“C:\Program Files\dotnet\sdk\9.0.308\Sdks\Microsoft.SourceLink.AzureRepos.Git\build\Microsoft.SourceLink.AzureRepos.Git.targets”中的目标“TranslateAzureReposGitUrlsInSourceControlInformation”(目标“_InitializeSourceControlInformationFromSourceControlManager”依赖于它):
       在 TaskRun 期间加载的程序集: Microsoft.SourceLink.AzureRepos.Git, Version=9.0.11.11701, Culture=neutral, PublicKeyToken=31bf3856ad364e35 (位置: C:\Program Files\dotnet\sdk\9.0.308\Sdks\Microsoft.SourceLink.AzureRepos.Git\tools\net\Microsoft.SourceLink.AzureRepos.Git.dll，MVID: cc8362fa-d14c-4e8c-a855-a55f196817ae，AssemblyLoadContext: MSBuild plugin C:\Program Files\dotnet\sdk\9.0.308\Sdks\Microsoft.SourceLink.AzureRepos.Git\tools\net\Microsoft.SourceLink.AzureRepos.Git.dll)
       正在使用程序集“C:\Program Files\dotnet\sdk\9.0.308\Sdks\Microsoft.SourceLink.AzureRepos.Git\build\..\tools\net\Microsoft.SourceLink.AzureRepos.Git.dll”中的“Microsoft.SourceLink.AzureRepos.Git.TranslateRepositoryUrls”任务。
       任务“Microsoft.SourceLink.AzureRepos.Git.TranslateRepositoryUrls”
       已完成执行任务“Microsoft.SourceLink.AzureRepos.Git.TranslateRepositoryUrls”的操作。
   2:6>已完成在项目“CRM.Core.csproj”中生成目标“TranslateAzureReposGitUrlsInSourceControlInformation”的操作。
   2:6>来自项目“d:\MyProject\FrontCRM(C#)\CRM.Core\CRM.Core.csproj”的文件“C:\Program Files\dotnet\sdk\9.0.308\Sdks\Microsoft.SourceLink.Bitbucket.Git\build\Microsoft.SourceLink.Bitbucket.Git.targets”中的目标“TranslateBitbucketGitUrlsInSourceControlInformation”(目标“_InitializeSourceControlInformationFromSourceControlManager”依赖于它):
       在 TaskRun 期间加载的程序集: Microsoft.SourceLink.Bitbucket.Git, Version=9.0.11.11701, Culture=neutral, PublicKeyToken=31bf3856ad364e35 (位置: C:\Program Files\dotnet\sdk\9.0.308\Sdks\Microsoft.SourceLink.Bitbucket.Git\tools\net\Microsoft.SourceLink.Bitbucket.Git.dll，MVID: 633cbf61-44e1-4706-8334-7e18ba081963，AssemblyLoadContext: MSBuild plugin C:\Program Files\dotnet\sdk\9.0.308\Sdks\Microsoft.SourceLink.Bitbucket.Git\tools\net\Microsoft.SourceLink.Bitbucket.Git.dll)
       正在使用程序集“C:\Program Files\dotnet\sdk\9.0.308\Sdks\Microsoft.SourceLink.Bitbucket.Git\build\..\tools\net\Microsoft.SourceLink.Bitbucket.Git.dll”中的“Microsoft.SourceLink.Bitbucket.Git.TranslateRepositoryUrls”任务。
       任务“Microsoft.SourceLink.Bitbucket.Git.TranslateRepositoryUrls”
       已完成执行任务“Microsoft.SourceLink.Bitbucket.Git.TranslateRepositoryUrls”的操作。
   2:6>已完成在项目“CRM.Core.csproj”中生成目标“TranslateBitbucketGitUrlsInSourceControlInformation”的操作。
   2:6>来自项目“d:\MyProject\FrontCRM(C#)\CRM.Core\CRM.Core.csproj”的文件“C:\Program Files\dotnet\sdk\9.0.308\Sdks\Microsoft.SourceLink.Common\build\InitializeSourceControlInformation.targets”中的目标“SourceControlManagerPublishTranslatedUrls”(目标“_InitializeSourceControlInformationFromSourceControlManager”依赖于它):
   2:6>已完成在项目“CRM.Core.csproj”中生成目标“SourceControlManagerPublishTranslatedUrls”的操作。
   2:6>来自项目“d:\MyProject\FrontCRM(C#)\CRM.Core\CRM.Core.csproj”的文件“C:\Program Files\dotnet\sdk\9.0.308\Sdks\Microsoft.SourceLink.Common\build\InitializeSourceControlInformation.targets”中的目标“_InitializeSourceControlInformationFromSourceControlManager”(目标“InitializeSourceControlInformation”依赖于它):
   2:6>已完成在项目“CRM.Core.csproj”中生成目标“_InitializeSourceControlInformationFromSourceControlManager”的操作。
   2:6>来自项目“d:\MyProject\FrontCRM(C#)\CRM.Core\CRM.Core.csproj”的文件“C:\Program Files\dotnet\sdk\9.0.308\Microsoft.Common.CurrentVersion.targets”中的目标“InitializeSourceControlInformation”(目标“GetAssemblyAttributes”依赖于它):
   2:6>已完成在项目“CRM.Core.csproj”中生成目标“InitializeSourceControlInformation”的操作。
       已跳过目标“GetAssemblyVersion”。以前的生成已成功。
       已跳过目标“InitializeSourceControlInformation”。以前的生成已成功。
   2:6>来自项目“d:\MyProject\FrontCRM(C#)\CRM.Core\CRM.Core.csproj”的文件“C:\Program Files\dotnet\sdk\9.0.308\Sdks\Microsoft.NET.Sdk\targets\Microsoft.NET.GenerateAssemblyInfo.targets”中的目标“AddSourceRevisionToInformationalVersion”(目标“GetAssemblyAttributes”依赖于它):
   2:6>已完成在项目“CRM.Core.csproj”中生成目标“AddSourceRevisionToInformationalVersion”的操作。
       由于条件的计算结果为 false，已跳过目标“_GetUserSecretsAssemblyAttribute”；( '$(UserSecretsId)' != '' AND '$(GenerateUserSecretsAttribute)' != 'false' AND '$(GeneratedUserSecretsAttributeFile)' == '' )的计算结果为( '' != '' AND '' != 'false' AND '' == '' )。
   2:6>来自项目“d:\MyProject\FrontCRM(C#)\CRM.Core\CRM.Core.csproj”的文件“C:\Program Files\dotnet\sdk\9.0.308\Sdks\Microsoft.NET.Sdk\targets\Microsoft.NET.GenerateAssemblyInfo.targets”中的目标“GetAssemblyAttributes”(目标“CreateGeneratedAssemblyInfoInputsCacheFile”依赖于它):
   2:6>已完成在项目“CRM.Core.csproj”中生成目标“GetAssemblyAttributes”的操作。
   2:6>来自项目“d:\MyProject\FrontCRM(C#)\CRM.Core\CRM.Core.csproj”的文件“C:\Program Files\dotnet\sdk\9.0.308\Sdks\Microsoft.NET.Sdk\targets\Microsoft.NET.GenerateAssemblyInfo.targets”中的目标“CreateGeneratedAssemblyInfoInputsCacheFile”(目标“CoreGenerateAssemblyInfo”依赖于它):
       正在使用程序集“Microsoft.Build.Tasks.Core, Version=15.1.0.0, Culture=neutral, PublicKeyToken=b03f5f7f11d50a3a”中的“Hash”任务。
       任务“Hash”
       已完成执行任务“Hash”的操作。
       任务“WriteLinesToFile”
         跳过写入到文件“obj\Debug\net9.0\CRM.Core.AssemblyInfoInputs.cache”，因为内容不会改变。
       已完成执行任务“WriteLinesToFile”的操作。
   2:6>已完成在项目“CRM.Core.csproj”中生成目标“CreateGeneratedAssemblyInfoInputsCacheFile”的操作。
   2:6>来自项目“d:\MyProject\FrontCRM(C#)\CRM.Core\CRM.Core.csproj”的文件“C:\Program Files\dotnet\sdk\9.0.308\Sdks\Microsoft.NET.Sdk\targets\Microsoft.NET.GenerateAssemblyInfo.targets”中的目标“CoreGenerateAssemblyInfo”(目标“GenerateAssemblyInfo”依赖于它):
       正在跳过目标“CoreGenerateAssemblyInfo”，因为所有输出文件相对于输入文件而言都是最新的。
       输入文件:obj\Debug\net9.0\CRM.Core.AssemblyInfoInputs.cache
       输出文件:obj\Debug\net9.0\CRM.Core.AssemblyInfo.cs
   2:6>已完成在项目“CRM.Core.csproj”中生成目标“CoreGenerateAssemblyInfo”的操作。
   2:6>来自项目“d:\MyProject\FrontCRM(C#)\CRM.Core\CRM.Core.csproj”的文件“C:\Program Files\dotnet\sdk\9.0.308\Sdks\Microsoft.NET.Sdk\targets\Microsoft.NET.GenerateAssemblyInfo.targets”中的目标“GenerateAssemblyInfo”(目标“BeforeCompile”依赖于它):
   2:6>已完成在项目“CRM.Core.csproj”中生成目标“GenerateAssemblyInfo”的操作。
   2:6>来自项目“d:\MyProject\FrontCRM(C#)\CRM.Core\CRM.Core.csproj”的文件“C:\Program Files\dotnet\sdk\9.0.308\Microsoft.Common.CurrentVersion.targets”中的目标“BeforeCompile”(目标“Compile”依赖于它):
   2:6>已完成在项目“CRM.Core.csproj”中生成目标“BeforeCompile”的操作。
       由于条件的计算结果为 false，已跳过目标“_TimeStampBeforeCompile”；('$(RunPostBuildEvent)'=='OnOutputUpdated' or ('$(RegisterForComInterop)'=='true' and '$(OutputType)'=='library'))的计算结果为(''=='OnOutputUpdated' or (''=='true' and 'Library'=='library'))。
       已跳过目标“ResolveAssemblyReferences”。以前的生成已成功。
       已跳过目标“_GenerateCompileInputs”。以前的生成已成功。
   2:6>来自项目“d:\MyProject\FrontCRM(C#)\CRM.Core\CRM.Core.csproj”的文件“C:\Program Files\dotnet\sdk\9.0.308\Microsoft.Common.CurrentVersion.targets”中的目标“_GenerateCompileDependencyCache”(目标“Compile”依赖于它):
       任务“Hash”
       已完成执行任务“Hash”的操作。
       任务“WriteLinesToFile”
         跳过写入到文件“obj\Debug\net9.0\CRM.Core.csproj.CoreCompileInputs.cache”，因为内容不会改变。
       已完成执行任务“WriteLinesToFile”的操作。
   2:6>已完成在项目“CRM.Core.csproj”中生成目标“_GenerateCompileDependencyCache”的操作。
       由于条件的计算结果为 false，已跳过目标“_ComputeNonExistentFileProperty”；(('$(BuildingInsideVisualStudio)' == 'true') and ('$(BuildingOutOfProcess)' != 'true') and (('$(BuildingProject)' == 'false') or ('$(UseHostCompilerIfAvailable)' == 'true')))的计算结果为(('' == 'true') and ('' != 'true') and (('true' == 'false') or ('true' == 'true')))。
       由于条件的计算结果为 false，已跳过目标“ResolveCodeAnalysisRuleSet”；('$(CodeAnalysisRuleSet)' != '')的计算结果为('' != '')。
       由于条件的计算结果为 false，已跳过目标“ShimReferencePathsWhenCommonTargetsDoesNotUnderstandReferenceAssemblies”；('@(ReferencePathWithRefAssemblies)' == '')的计算结果为('C:\Program Files\dotnet\packs\Microsoft.NETCore.App.Ref\9.0.11\ref\net9.0\Microsoft.CSharp.dll;C:\Program Files\dotnet\packs\Microsoft.NETCore.App.Ref\9.0.11\ref\net9.0\Microsoft.VisualBasic.Core.dll;C:\Program Files\dotnet\packs\Microsoft.NETCore.App.Ref\9.0.11\ref\net9.0\Microsoft.VisualBasic.dll;...' == '')。
   2:6>来自项目“d:\MyProject\FrontCRM(C#)\CRM.Core\CRM.Core.csproj”的文件“C:\Program Files\dotnet\sdk\9.0.308\Roslyn\Microsoft.Managed.Core.targets”中的目标“_BeforeVBCSCoreCompile”(目标“CoreCompile”依赖于它):
   2:6>已完成在项目“CRM.Core.csproj”中生成目标“_BeforeVBCSCoreCompile”的操作。
       由于条件的计算结果为 false，已跳过目标“AdjustDefaultPlatformTargetForNetFrameworkExeWithNoNativeCopyLocalItems”；('$(_UsingDefaultPlatformTarget)' == 'true' and
                            '$(_UsingDefaultRuntimeIdentifier)' == 'true')的计算结果为('true' == 'true' and
                            '' == 'true')。
       由于条件的计算结果为 false，已跳过目标“_DisableDiagnosticTracing”；('$(DisableDiagnosticTracing)' == 'true')的计算结果为('' == 'true')。
       由于条件的计算结果为 false，已跳过目标“ShimReferencePathsWhenCommonTargetsDoesNotUnderstandReferenceAssemblies”；('@(ReferencePathWithRefAssemblies)' == '')的计算结果为('C:\Program Files\dotnet\packs\Microsoft.NETCore.App.Ref\9.0.11\ref\net9.0\Microsoft.CSharp.dll;C:\Program Files\dotnet\packs\Microsoft.NETCore.App.Ref\9.0.11\ref\net9.0\Microsoft.VisualBasic.Core.dll;C:\Program Files\dotnet\packs\Microsoft.NETCore.App.Ref\9.0.11\ref\net9.0\Microsoft.VisualBasic.dll;...' == '')。
   2:6>来自项目“d:\MyProject\FrontCRM(C#)\CRM.Core\CRM.Core.csproj”的文件“C:\Program Files\dotnet\sdk\9.0.308\Roslyn\Microsoft.Managed.Core.targets”中的目标“_ComputeSkipAnalyzers”(目标“CoreCompile”依赖于它):
       由于 false 条件，已跳过任务“ShowMessageForImplicitlySkipAnalyzers”；('$(_ImplicitlySkipAnalyzers)' == 'true')计算为('' == 'true')。
   2:6>已完成在项目“CRM.Core.csproj”中生成目标“_ComputeSkipAnalyzers”的操作。
       由于条件的计算结果为 false，已跳过目标“_SetPathMapFromSourceRoots”；('$(DeterministicSourcePaths)' == 'true')的计算结果为('' == 'true')。
       由于条件的计算结果为 false，已跳过目标“CreateCompilerGeneratedFilesOutputPath”；('$(EmitCompilerGeneratedFiles)' == 'true' and !('$(DesignTimeBuild)' == 'true' OR '$(BuildingProject)' != 'true'))的计算结果为('false' == 'true' and !('' == 'true' OR 'true' != 'true'))。
       由于条件的计算结果为 false，已跳过目标“_CheckMicrosoftNetSdkCompilersToolsetPackageExists”；('$(_NeedToDownloadMicrosoftNetSdkCompilersToolsetPackage)' == 'true' and '$(DesignTimeBuild)' != 'true')的计算结果为('' == 'true' and '' != 'true')。
       已跳过目标“BeforeCompile”。以前的生成已成功。
       已跳过目标“InitializeSourceControlInformationFromSourceControlManager”。以前的生成已成功。
   2:6>来自项目“d:\MyProject\FrontCRM(C#)\CRM.Core\CRM.Core.csproj”的文件“C:\Program Files\dotnet\sdk\9.0.308\Sdks\Microsoft.Build.Tasks.Git\build\Microsoft.Build.Tasks.Git.targets”中的目标“SetEmbeddedFilesFromSourceControlManagerUntrackedFiles”(目标“_SetEmbeddedFilesFromSourceControlManagerUntrackedFiles”依赖于它):
       由于 false 条件，已跳过任务“Microsoft.Build.Tasks.Git.GetUntrackedFiles”；('$(_GitRepositoryId)' != '')计算为('' != '')。
   2:6>已完成在项目“CRM.Core.csproj”中生成目标“SetEmbeddedFilesFromSourceControlManagerUntrackedFiles”的操作。
   2:6>来自项目“d:\MyProject\FrontCRM(C#)\CRM.Core\CRM.Core.csproj”的文件“C:\Program Files\dotnet\sdk\9.0.308\Sdks\Microsoft.SourceLink.Common\build\Microsoft.SourceLink.Common.targets”中的目标“_SetEmbeddedFilesFromSourceControlManagerUntrackedFiles”(目标“CoreCompile”依赖于它):
   2:6>已完成在项目“CRM.Core.csproj”中生成目标“_SetEmbeddedFilesFromSourceControlManagerUntrackedFiles”的操作。
       已跳过目标“InitializeSourceControlInformation”。以前的生成已成功。
   2:6>来自项目“d:\MyProject\FrontCRM(C#)\CRM.Core\CRM.Core.csproj”的文件“C:\Program Files\dotnet\sdk\9.0.308\Sdks\Microsoft.SourceLink.Common\build\Microsoft.SourceLink.Common.targets”中的目标“_SetSourceLinkFilePath”(目标“_GenerateSourceLinkFile”依赖于它):
   2:6>已完成在项目“CRM.Core.csproj”中生成目标“_SetSourceLinkFilePath”的操作。
       已跳过目标“InitializeSourceControlInformation”。以前的生成已成功。
   2:6>来自项目“d:\MyProject\FrontCRM(C#)\CRM.Core\CRM.Core.csproj”的文件“C:\Program Files\dotnet\sdk\9.0.308\Roslyn\Microsoft.Managed.Core.targets”中的目标“_InitializeSourceRootMappedPathsFromSourceControl”(目标“InitializeSourceRootMappedPaths”依赖于它):
   2:6>已完成在项目“CRM.Core.csproj”中生成目标“_InitializeSourceRootMappedPathsFromSourceControl”的操作。
   2:6>来自项目“d:\MyProject\FrontCRM(C#)\CRM.Core\CRM.Core.csproj”的文件“C:\Program Files\dotnet\sdk\9.0.308\Roslyn\Microsoft.Managed.Core.targets”中的目标“InitializeSourceRootMappedPaths”(目标“_InitializeSourceRootMappedPathsOpt”依赖于它):
       正在使用程序集“C:\Program Files\dotnet\sdk\9.0.308\Roslyn\Microsoft.Build.Tasks.CodeAnalysis.dll”中的“Microsoft.CodeAnalysis.BuildTasks.MapSourceRoots”任务。
       任务“Microsoft.CodeAnalysis.BuildTasks.MapSourceRoots”
       已完成执行任务“Microsoft.CodeAnalysis.BuildTasks.MapSourceRoots”的操作。
   2:6>已完成在项目“CRM.Core.csproj”中生成目标“InitializeSourceRootMappedPaths”的操作。
   2:6>来自项目“d:\MyProject\FrontCRM(C#)\CRM.Core\CRM.Core.csproj”的文件“C:\Program Files\dotnet\sdk\9.0.308\Sdks\Microsoft.SourceLink.Common\build\Microsoft.SourceLink.Common.targets”中的目标“_InitializeSourceRootMappedPathsOpt”(目标“_GenerateSourceLinkFile”依赖于它):
   2:6>已完成在项目“CRM.Core.csproj”中生成目标“_InitializeSourceRootMappedPathsOpt”的操作。
   2:6>来自项目“d:\MyProject\FrontCRM(C#)\CRM.Core\CRM.Core.csproj”的文件“C:\Program Files\dotnet\sdk\9.0.308\Sdks\Microsoft.SourceLink.GitHub\build\Microsoft.SourceLink.GitHub.targets”中的目标“_InitializeGitHubSourceLinkUrl”(目标“_GenerateSourceLinkFile”依赖于它):
       正在完全生成目标“_InitializeGitHubSourceLinkUrl”。
       未指定输入文件。
       正在使用程序集“C:\Program Files\dotnet\sdk\9.0.308\Sdks\Microsoft.SourceLink.GitHub\build\..\tools\net\Microsoft.SourceLink.GitHub.dll”中的“Microsoft.SourceLink.GitHub.GetSourceLinkUrl”任务。
       任务“Microsoft.SourceLink.GitHub.GetSourceLinkUrl”
       已完成执行任务“Microsoft.SourceLink.GitHub.GetSourceLinkUrl”的操作。
   2:6>已完成在项目“CRM.Core.csproj”中生成目标“_InitializeGitHubSourceLinkUrl”的操作。
   2:6>来自项目“d:\MyProject\FrontCRM(C#)\CRM.Core\CRM.Core.csproj”的文件“C:\Program Files\dotnet\sdk\9.0.308\Sdks\Microsoft.SourceLink.GitHub\build\Microsoft.SourceLink.GitHub.targets”中的目标“_InitializeGitHubSourceLinkUrl”(目标“_GenerateSourceLinkFile”依赖于它):
       正在完全生成目标“_InitializeGitHubSourceLinkUrl”。
       未指定输入文件。
       任务“Microsoft.SourceLink.GitHub.GetSourceLinkUrl”
       已完成执行任务“Microsoft.SourceLink.GitHub.GetSourceLinkUrl”的操作。
   2:6>已完成在项目“CRM.Core.csproj”中生成目标“_InitializeGitHubSourceLinkUrl”的操作。
   2:6>来自项目“d:\MyProject\FrontCRM(C#)\CRM.Core\CRM.Core.csproj”的文件“C:\Program Files\dotnet\sdk\9.0.308\Sdks\Microsoft.SourceLink.GitLab\build\Microsoft.SourceLink.GitLab.targets”中的目标“_InitializeGitLabSourceLinkUrl”(目标“_GenerateSourceLinkFile”依赖于它):
       正在完全生成目标“_InitializeGitLabSourceLinkUrl”。
       未指定输入文件。
       正在使用程序集“C:\Program Files\dotnet\sdk\9.0.308\Sdks\Microsoft.SourceLink.GitLab\build\..\tools\net\Microsoft.SourceLink.GitLab.dll”中的“Microsoft.SourceLink.GitLab.GetSourceLinkUrl”任务。
       任务“Microsoft.SourceLink.GitLab.GetSourceLinkUrl”
       已完成执行任务“Microsoft.SourceLink.GitLab.GetSourceLinkUrl”的操作。
   2:6>已完成在项目“CRM.Core.csproj”中生成目标“_InitializeGitLabSourceLinkUrl”的操作。
   2:6>来自项目“d:\MyProject\FrontCRM(C#)\CRM.Core\CRM.Core.csproj”的文件“C:\Program Files\dotnet\sdk\9.0.308\Sdks\Microsoft.SourceLink.GitLab\build\Microsoft.SourceLink.GitLab.targets”中的目标“_InitializeGitLabSourceLinkUrl”(目标“_GenerateSourceLinkFile”依赖于它):
       正在完全生成目标“_InitializeGitLabSourceLinkUrl”。
       未指定输入文件。
       任务“Microsoft.SourceLink.GitLab.GetSourceLinkUrl”
       已完成执行任务“Microsoft.SourceLink.GitLab.GetSourceLinkUrl”的操作。
   2:6>已完成在项目“CRM.Core.csproj”中生成目标“_InitializeGitLabSourceLinkUrl”的操作。
   2:6>来自项目“d:\MyProject\FrontCRM(C#)\CRM.Core\CRM.Core.csproj”的文件“C:\Program Files\dotnet\sdk\9.0.308\Sdks\Microsoft.SourceLink.AzureRepos.Git\build\Microsoft.SourceLink.AzureRepos.Git.targets”中的目标“_InitializeAzureReposGitSourceLinkUrl”(目标“_GenerateSourceLinkFile”依赖于它):
       正在完全生成目标“_InitializeAzureReposGitSourceLinkUrl”。
       未指定输入文件。
       正在使用程序集“C:\Program Files\dotnet\sdk\9.0.308\Sdks\Microsoft.SourceLink.AzureRepos.Git\build\..\tools\net\Microsoft.SourceLink.AzureRepos.Git.dll”中的“Microsoft.SourceLink.AzureRepos.Git.GetSourceLinkUrl”任务。
       任务“Microsoft.SourceLink.AzureRepos.Git.GetSourceLinkUrl”
       已完成执行任务“Microsoft.SourceLink.AzureRepos.Git.GetSourceLinkUrl”的操作。
   2:6>已完成在项目“CRM.Core.csproj”中生成目标“_InitializeAzureReposGitSourceLinkUrl”的操作。
   2:6>来自项目“d:\MyProject\FrontCRM(C#)\CRM.Core\CRM.Core.csproj”的文件“C:\Program Files\dotnet\sdk\9.0.308\Sdks\Microsoft.SourceLink.AzureRepos.Git\build\Microsoft.SourceLink.AzureRepos.Git.targets”中的目标“_InitializeAzureReposGitSourceLinkUrl”(目标“_GenerateSourceLinkFile”依赖于它):
       正在完全生成目标“_InitializeAzureReposGitSourceLinkUrl”。
       未指定输入文件。
       任务“Microsoft.SourceLink.AzureRepos.Git.GetSourceLinkUrl”
       已完成执行任务“Microsoft.SourceLink.AzureRepos.Git.GetSourceLinkUrl”的操作。
   2:6>已完成在项目“CRM.Core.csproj”中生成目标“_InitializeAzureReposGitSourceLinkUrl”的操作。
   2:6>来自项目“d:\MyProject\FrontCRM(C#)\CRM.Core\CRM.Core.csproj”的文件“C:\Program Files\dotnet\sdk\9.0.308\Sdks\Microsoft.SourceLink.Bitbucket.Git\build\Microsoft.SourceLink.Bitbucket.Git.targets”中的目标“_InitializeBitbucketGitSourceLinkUrl”(目标“_GenerateSourceLinkFile”依赖于它):
       正在完全生成目标“_InitializeBitbucketGitSourceLinkUrl”。
       未指定输入文件。
       正在使用程序集“C:\Program Files\dotnet\sdk\9.0.308\Sdks\Microsoft.SourceLink.Bitbucket.Git\build\..\tools\net\Microsoft.SourceLink.Bitbucket.Git.dll”中的“Microsoft.SourceLink.Bitbucket.Git.GetSourceLinkUrl”任务。
       任务“Microsoft.SourceLink.Bitbucket.Git.GetSourceLinkUrl”
       已完成执行任务“Microsoft.SourceLink.Bitbucket.Git.GetSourceLinkUrl”的操作。
   2:6>已完成在项目“CRM.Core.csproj”中生成目标“_InitializeBitbucketGitSourceLinkUrl”的操作。
   2:6>来自项目“d:\MyProject\FrontCRM(C#)\CRM.Core\CRM.Core.csproj”的文件“C:\Program Files\dotnet\sdk\9.0.308\Sdks\Microsoft.SourceLink.Bitbucket.Git\build\Microsoft.SourceLink.Bitbucket.Git.targets”中的目标“_InitializeBitbucketGitSourceLinkUrl”(目标“_GenerateSourceLinkFile”依赖于它):
       正在完全生成目标“_InitializeBitbucketGitSourceLinkUrl”。
       未指定输入文件。
       任务“Microsoft.SourceLink.Bitbucket.Git.GetSourceLinkUrl”
       已完成执行任务“Microsoft.SourceLink.Bitbucket.Git.GetSourceLinkUrl”的操作。
   2:6>已完成在项目“CRM.Core.csproj”中生成目标“_InitializeBitbucketGitSourceLinkUrl”的操作。
   2:6>来自项目“d:\MyProject\FrontCRM(C#)\CRM.Core\CRM.Core.csproj”的文件“C:\Program Files\dotnet\sdk\9.0.308\Sdks\Microsoft.SourceLink.Common\build\Microsoft.SourceLink.Common.targets”中的目标“_GenerateSourceLinkFile”(目标“GenerateSourceLinkFile”依赖于它):
       正在完全生成目标“_GenerateSourceLinkFile”。
       未指定输入文件。
       正在使用程序集“C:\Program Files\dotnet\sdk\9.0.308\Sdks\Microsoft.SourceLink.Common\build\..\tools\net\Microsoft.SourceLink.Common.dll”中的“Microsoft.SourceLink.Common.GenerateSourceLinkFile”任务。
       任务“Microsoft.SourceLink.Common.GenerateSourceLinkFile”
         在 TaskRun (Microsoft.SourceLink.Common.GenerateSourceLinkFile) 期间加载的程序集: Microsoft.SourceLink.Common.resources, Version=9.0.11.11701, Culture=zh-Hans, PublicKeyToken=31bf3856ad364e35 (位置: C:\Program Files\dotnet\sdk\9.0.308\Sdks\Microsoft.SourceLink.Common\tools\net\zh-Hans\Microsoft.SourceLink.Common.resources.dll，MVID: 627aa1d7-5d85-4743-897d-35ca47142d08，AssemblyLoadContext: MSBuild plugin C:\Program Files\dotnet\sdk\9.0.308\Sdks\Microsoft.SourceLink.Common\tools\net\Microsoft.SourceLink.Common.dll)
         Source Link 为空，则文件 "obj\Debug\net9.0\CRM.Core.sourcelink.json" 不存在。
       已完成执行任务“Microsoft.SourceLink.Common.GenerateSourceLinkFile”的操作。
   2:6>已完成在项目“CRM.Core.csproj”中生成目标“_GenerateSourceLinkFile”的操作。
   2:6>来自项目“d:\MyProject\FrontCRM(C#)\CRM.Core\CRM.Core.csproj”的文件“C:\Program Files\dotnet\sdk\9.0.308\Sdks\Microsoft.SourceLink.Common\build\Microsoft.SourceLink.Common.targets”中的目标“GenerateSourceLinkFile”(目标“CoreCompile”依赖于它):
   2:6>已完成在项目“CRM.Core.csproj”中生成目标“GenerateSourceLinkFile”的操作。
   2:6>来自项目“d:\MyProject\FrontCRM(C#)\CRM.Core\CRM.Core.csproj”的文件“C:\Program Files\dotnet\sdk\9.0.308\Sdks\Microsoft.NET.Sdk\analyzers\build\Microsoft.CodeAnalysis.NetAnalyzers.targets”中的目标“AddGlobalAnalyzerConfigForPackage_MicrosoftCodeAnalysisNetAnalyzers”(目标“CoreCompile”依赖于它):
   2:6>已完成在项目“CRM.Core.csproj”中生成目标“AddGlobalAnalyzerConfigForPackage_MicrosoftCodeAnalysisNetAnalyzers”的操作。
       由于条件的计算结果为 false，已跳过目标“AddGlobalAnalyzerConfigForPackage_MicrosoftCodeAnalysisNetAnalyzersDesign”；('$(SkipGlobalAnalyzerConfigForPackage)' != 'true' and ('$(AnalysisLevelDesign)' != '' or '$(AnalysisModeDesign)' != ''))的计算结果为('' != 'true' and ('' != '' or '' != ''))。
       由于条件的计算结果为 false，已跳过目标“AddGlobalAnalyzerConfigForPackage_MicrosoftCodeAnalysisNetAnalyzersDocumentation”；('$(SkipGlobalAnalyzerConfigForPackage)' != 'true' and ('$(AnalysisLevelDocumentation)' != '' or '$(AnalysisModeDocumentation)' != ''))的计算结果为('' != 'true' and ('' != '' or '' != ''))。
       由于条件的计算结果为 false，已跳过目标“AddGlobalAnalyzerConfigForPackage_MicrosoftCodeAnalysisNetAnalyzersGlobalization”；('$(SkipGlobalAnalyzerConfigForPackage)' != 'true' and ('$(AnalysisLevelGlobalization)' != '' or '$(AnalysisModeGlobalization)' != ''))的计算结果为('' != 'true' and ('' != '' or '' != ''))。
       由于条件的计算结果为 false，已跳过目标“AddGlobalAnalyzerConfigForPackage_MicrosoftCodeAnalysisNetAnalyzersInteroperability”；('$(SkipGlobalAnalyzerConfigForPackage)' != 'true' and ('$(AnalysisLevelInteroperability)' != '' or '$(AnalysisModeInteroperability)' != ''))的计算结果为('' != 'true' and ('' != '' or '' != ''))。
       由于条件的计算结果为 false，已跳过目标“AddGlobalAnalyzerConfigForPackage_MicrosoftCodeAnalysisNetAnalyzersMaintainability”；('$(SkipGlobalAnalyzerConfigForPackage)' != 'true' and ('$(AnalysisLevelMaintainability)' != '' or '$(AnalysisModeMaintainability)' != ''))的计算结果为('' != 'true' and ('' != '' or '' != ''))。
       由于条件的计算结果为 false，已跳过目标“AddGlobalAnalyzerConfigForPackage_MicrosoftCodeAnalysisNetAnalyzersNaming”；('$(SkipGlobalAnalyzerConfigForPackage)' != 'true' and ('$(AnalysisLevelNaming)' != '' or '$(AnalysisModeNaming)' != ''))的计算结果为('' != 'true' and ('' != '' or '' != ''))。
       由于条件的计算结果为 false，已跳过目标“AddGlobalAnalyzerConfigForPackage_MicrosoftCodeAnalysisNetAnalyzersPerformance”；('$(SkipGlobalAnalyzerConfigForPackage)' != 'true' and ('$(AnalysisLevelPerformance)' != '' or '$(AnalysisModePerformance)' != ''))的计算结果为('' != 'true' and ('' != '' or '' != ''))。
       由于条件的计算结果为 false，已跳过目标“AddGlobalAnalyzerConfigForPackage_MicrosoftCodeAnalysisNetAnalyzersReliability”；('$(SkipGlobalAnalyzerConfigForPackage)' != 'true' and ('$(AnalysisLevelReliability)' != '' or '$(AnalysisModeReliability)' != ''))的计算结果为('' != 'true' and ('' != '' or '' != ''))。
       由于条件的计算结果为 false，已跳过目标“AddGlobalAnalyzerConfigForPackage_MicrosoftCodeAnalysisNetAnalyzersSecurity”；('$(SkipGlobalAnalyzerConfigForPackage)' != 'true' and ('$(AnalysisLevelSecurity)' != '' or '$(AnalysisModeSecurity)' != ''))的计算结果为('' != 'true' and ('' != '' or '' != ''))。
       由于条件的计算结果为 false，已跳过目标“AddGlobalAnalyzerConfigForPackage_MicrosoftCodeAnalysisNetAnalyzersUsage”；('$(SkipGlobalAnalyzerConfigForPackage)' != 'true' and ('$(AnalysisLevelUsage)' != '' or '$(AnalysisModeUsage)' != ''))的计算结果为('' != 'true' and ('' != '' or '' != ''))。
       由于条件的计算结果为 false，已跳过目标“_CodeAnalysisTreatWarningsAsErrors”；('$(DesignTimeBuild)' == 'true' OR '$(BuildingProject)' != 'true')的计算结果为('' == 'true' OR 'true' != 'true')。
   2:6>来自项目“d:\MyProject\FrontCRM(C#)\CRM.Core\CRM.Core.csproj”的文件“C:\Program Files\dotnet\sdk\9.0.308\Roslyn\Microsoft.CSharp.Core.targets”中的目标“CoreCompile”(目标“Compile”依赖于它):
       正在跳过目标“CoreCompile”，因为所有输出文件相对于输入文件而言都是最新的。
       输入文件:
           Class1.cs
           Constants\JwtSettings.cs
           Interfaces\IBusinessLogService.cs
           Interfaces\ICustomerService.cs
           Interfaces\IRepository.cs
           Interfaces\ISysParamService.cs
           Interfaces\IUnitOfWork.cs
           Models\BaseEntity.cs
           Models\Customer\CustomerAddress.cs
           Models\Customer\CustomerBankInfo.cs
           Models\Customer\CustomerContactInfo.cs
           Models\Customer\CustomerInfo.cs
           Models\Finance\Invoice.cs
           Models\Finance\Payment.cs
           Models\Finance\Receipt.cs
           Models\Inventory\StockInfo.cs
           Models\Material\MaterialInfo.cs
           Models\Purchase\PurchaseOrder.cs
           Models\Quote\Quote.cs
           Models\RFQ\RFQ.cs
           Models\Sales\SellOrder.cs
           Models\System\BusinessLog.cs
           Models\System\SysParam.cs
           Models\System\SysParamGroup.cs
           Models\System\SysParamHistory.cs
           Models\User.cs
           Models\Vendor\VendorAddress.cs
           Models\Vendor\VendorBankInfo.cs
           Models\Vendor\VendorContactInfo.cs
           Models\Vendor\VendorInfo.cs
           Services\CustomerService.cs
           Services\UserRegistrationService.cs
           obj\Debug\net9.0\CRM.Core.GlobalUsings.g.cs
           obj\Debug\net9.0\.NETCoreApp,Version=v9.0.AssemblyAttributes.cs
           obj\Debug\net9.0\CRM.Core.AssemblyInfo.cs
           C:\Program Files\dotnet\packs\Microsoft.NETCore.App.Ref\9.0.11\ref\net9.0\Microsoft.CSharp.dll
           C:\Program Files\dotnet\packs\Microsoft.NETCore.App.Ref\9.0.11\ref\net9.0\Microsoft.VisualBasic.Core.dll
           C:\Program Files\dotnet\packs\Microsoft.NETCore.App.Ref\9.0.11\ref\net9.0\Microsoft.VisualBasic.dll
           C:\Program Files\dotnet\packs\Microsoft.NETCore.App.Ref\9.0.11\ref\net9.0\Microsoft.Win32.Primitives.dll
           C:\Program Files\dotnet\packs\Microsoft.NETCore.App.Ref\9.0.11\ref\net9.0\Microsoft.Win32.Registry.dll
           C:\Program Files\dotnet\packs\Microsoft.NETCore.App.Ref\9.0.11\ref\net9.0\mscorlib.dll
           C:\Program Files\dotnet\packs\Microsoft.NETCore.App.Ref\9.0.11\ref\net9.0\netstandard.dll
           C:\Program Files\dotnet\packs\Microsoft.NETCore.App.Ref\9.0.11\ref\net9.0\System.AppContext.dll
           C:\Program Files\dotnet\packs\Microsoft.NETCore.App.Ref\9.0.11\ref\net9.0\System.Buffers.dll
           C:\Program Files\dotnet\packs\Microsoft.NETCore.App.Ref\9.0.11\ref\net9.0\System.Collections.Concurrent.dll
           C:\Program Files\dotnet\packs\Microsoft.NETCore.App.Ref\9.0.11\ref\net9.0\System.Collections.dll
           C:\Program Files\dotnet\packs\Microsoft.NETCore.App.Ref\9.0.11\ref\net9.0\System.Collections.Immutable.dll
           C:\Program Files\dotnet\packs\Microsoft.NETCore.App.Ref\9.0.11\ref\net9.0\System.Collections.NonGeneric.dll
           C:\Program Files\dotnet\packs\Microsoft.NETCore.App.Ref\9.0.11\ref\net9.0\System.Collections.Specialized.dll
           C:\Program Files\dotnet\packs\Microsoft.NETCore.App.Ref\9.0.11\ref\net9.0\System.ComponentModel.Annotations.dll
           C:\Program Files\dotnet\packs\Microsoft.NETCore.App.Ref\9.0.11\ref\net9.0\System.ComponentModel.DataAnnotations.dll
           C:\Program Files\dotnet\packs\Microsoft.NETCore.App.Ref\9.0.11\ref\net9.0\System.ComponentModel.dll
           C:\Program Files\dotnet\packs\Microsoft.NETCore.App.Ref\9.0.11\ref\net9.0\System.ComponentModel.EventBasedAsync.dll
           C:\Program Files\dotnet\packs\Microsoft.NETCore.App.Ref\9.0.11\ref\net9.0\System.ComponentModel.Primitives.dll
           C:\Program Files\dotnet\packs\Microsoft.NETCore.App.Ref\9.0.11\ref\net9.0\System.ComponentModel.TypeConverter.dll
           C:\Program Files\dotnet\packs\Microsoft.NETCore.App.Ref\9.0.11\ref\net9.0\System.Configuration.dll
           C:\Program Files\dotnet\packs\Microsoft.NETCore.App.Ref\9.0.11\ref\net9.0\System.Console.dll
           C:\Program Files\dotnet\packs\Microsoft.NETCore.App.Ref\9.0.11\ref\net9.0\System.Core.dll
           C:\Program Files\dotnet\packs\Microsoft.NETCore.App.Ref\9.0.11\ref\net9.0\System.Data.Common.dll
           C:\Program Files\dotnet\packs\Microsoft.NETCore.App.Ref\9.0.11\ref\net9.0\System.Data.DataSetExtensions.dll
           C:\Program Files\dotnet\packs\Microsoft.NETCore.App.Ref\9.0.11\ref\net9.0\System.Data.dll
           C:\Program Files\dotnet\packs\Microsoft.NETCore.App.Ref\9.0.11\ref\net9.0\System.Diagnostics.Contracts.dll
           C:\Program Files\dotnet\packs\Microsoft.NETCore.App.Ref\9.0.11\ref\net9.0\System.Diagnostics.Debug.dll
           C:\Program Files\dotnet\packs\Microsoft.NETCore.App.Ref\9.0.11\ref\net9.0\System.Diagnostics.DiagnosticSource.dll
           C:\Program Files\dotnet\packs\Microsoft.NETCore.App.Ref\9.0.11\ref\net9.0\System.Diagnostics.FileVersionInfo.dll
           C:\Program Files\dotnet\packs\Microsoft.NETCore.App.Ref\9.0.11\ref\net9.0\System.Diagnostics.Process.dll
           C:\Program Files\dotnet\packs\Microsoft.NETCore.App.Ref\9.0.11\ref\net9.0\System.Diagnostics.StackTrace.dll
           C:\Program Files\dotnet\packs\Microsoft.NETCore.App.Ref\9.0.11\ref\net9.0\System.Diagnostics.TextWriterTraceListener.dll
           C:\Program Files\dotnet\packs\Microsoft.NETCore.App.Ref\9.0.11\ref\net9.0\System.Diagnostics.Tools.dll
           C:\Program Files\dotnet\packs\Microsoft.NETCore.App.Ref\9.0.11\ref\net9.0\System.Diagnostics.TraceSource.dll
           C:\Program Files\dotnet\packs\Microsoft.NETCore.App.Ref\9.0.11\ref\net9.0\System.Diagnostics.Tracing.dll
           C:\Program Files\dotnet\packs\Microsoft.NETCore.App.Ref\9.0.11\ref\net9.0\System.dll
           C:\Program Files\dotnet\packs\Microsoft.NETCore.App.Ref\9.0.11\ref\net9.0\System.Drawing.dll
           C:\Program Files\dotnet\packs\Microsoft.NETCore.App.Ref\9.0.11\ref\net9.0\System.Drawing.Primitives.dll
           C:\Program Files\dotnet\packs\Microsoft.NETCore.App.Ref\9.0.11\ref\net9.0\System.Dynamic.Runtime.dll
           C:\Program Files\dotnet\packs\Microsoft.NETCore.App.Ref\9.0.11\ref\net9.0\System.Formats.Asn1.dll
           C:\Program Files\dotnet\packs\Microsoft.NETCore.App.Ref\9.0.11\ref\net9.0\System.Formats.Tar.dll
           C:\Program Files\dotnet\packs\Microsoft.NETCore.App.Ref\9.0.11\ref\net9.0\System.Globalization.Calendars.dll
           C:\Program Files\dotnet\packs\Microsoft.NETCore.App.Ref\9.0.11\ref\net9.0\System.Globalization.dll
           C:\Program Files\dotnet\packs\Microsoft.NETCore.App.Ref\9.0.11\ref\net9.0\System.Globalization.Extensions.dll
           C:\Program Files\dotnet\packs\Microsoft.NETCore.App.Ref\9.0.11\ref\net9.0\System.IO.Compression.Brotli.dll
           C:\Program Files\dotnet\packs\Microsoft.NETCore.App.Ref\9.0.11\ref\net9.0\System.IO.Compression.dll
           C:\Program Files\dotnet\packs\Microsoft.NETCore.App.Ref\9.0.11\ref\net9.0\System.IO.Compression.FileSystem.dll
           C:\Program Files\dotnet\packs\Microsoft.NETCore.App.Ref\9.0.11\ref\net9.0\System.IO.Compression.ZipFile.dll
           C:\Program Files\dotnet\packs\Microsoft.NETCore.App.Ref\9.0.11\ref\net9.0\System.IO.dll
           C:\Program Files\dotnet\packs\Microsoft.NETCore.App.Ref\9.0.11\ref\net9.0\System.IO.FileSystem.AccessControl.dll
           C:\Program Files\dotnet\packs\Microsoft.NETCore.App.Ref\9.0.11\ref\net9.0\System.IO.FileSystem.dll
           C:\Program Files\dotnet\packs\Microsoft.NETCore.App.Ref\9.0.11\ref\net9.0\System.IO.FileSystem.DriveInfo.dll
           C:\Program Files\dotnet\packs\Microsoft.NETCore.App.Ref\9.0.11\ref\net9.0\System.IO.FileSystem.Primitives.dll
           C:\Program Files\dotnet\packs\Microsoft.NETCore.App.Ref\9.0.11\ref\net9.0\System.IO.FileSystem.Watcher.dll
           C:\Program Files\dotnet\packs\Microsoft.NETCore.App.Ref\9.0.11\ref\net9.0\System.IO.IsolatedStorage.dll
           C:\Program Files\dotnet\packs\Microsoft.NETCore.App.Ref\9.0.11\ref\net9.0\System.IO.MemoryMappedFiles.dll
           C:\Program Files\dotnet\packs\Microsoft.NETCore.App.Ref\9.0.11\ref\net9.0\System.IO.Pipelines.dll
           C:\Program Files\dotnet\packs\Microsoft.NETCore.App.Ref\9.0.11\ref\net9.0\System.IO.Pipes.AccessControl.dll
           C:\Program Files\dotnet\packs\Microsoft.NETCore.App.Ref\9.0.11\ref\net9.0\System.IO.Pipes.dll
           C:\Program Files\dotnet\packs\Microsoft.NETCore.App.Ref\9.0.11\ref\net9.0\System.IO.UnmanagedMemoryStream.dll
           C:\Program Files\dotnet\packs\Microsoft.NETCore.App.Ref\9.0.11\ref\net9.0\System.Linq.dll
           C:\Program Files\dotnet\packs\Microsoft.NETCore.App.Ref\9.0.11\ref\net9.0\System.Linq.Expressions.dll
           C:\Program Files\dotnet\packs\Microsoft.NETCore.App.Ref\9.0.11\ref\net9.0\System.Linq.Parallel.dll
           C:\Program Files\dotnet\packs\Microsoft.NETCore.App.Ref\9.0.11\ref\net9.0\System.Linq.Queryable.dll
           C:\Program Files\dotnet\packs\Microsoft.NETCore.App.Ref\9.0.11\ref\net9.0\System.Memory.dll
           C:\Program Files\dotnet\packs\Microsoft.NETCore.App.Ref\9.0.11\ref\net9.0\System.Net.dll
           C:\Program Files\dotnet\packs\Microsoft.NETCore.App.Ref\9.0.11\ref\net9.0\System.Net.Http.dll
           C:\Program Files\dotnet\packs\Microsoft.NETCore.App.Ref\9.0.11\ref\net9.0\System.Net.Http.Json.dll
           C:\Program Files\dotnet\packs\Microsoft.NETCore.App.Ref\9.0.11\ref\net9.0\System.Net.HttpListener.dll
           C:\Program Files\dotnet\packs\Microsoft.NETCore.App.Ref\9.0.11\ref\net9.0\System.Net.Mail.dll
           C:\Program Files\dotnet\packs\Microsoft.NETCore.App.Ref\9.0.11\ref\net9.0\System.Net.NameResolution.dll
           C:\Program Files\dotnet\packs\Microsoft.NETCore.App.Ref\9.0.11\ref\net9.0\System.Net.NetworkInformation.dll
           C:\Program Files\dotnet\packs\Microsoft.NETCore.App.Ref\9.0.11\ref\net9.0\System.Net.Ping.dll
           C:\Program Files\dotnet\packs\Microsoft.NETCore.App.Ref\9.0.11\ref\net9.0\System.Net.Primitives.dll
           C:\Program Files\dotnet\packs\Microsoft.NETCore.App.Ref\9.0.11\ref\net9.0\System.Net.Quic.dll
           C:\Program Files\dotnet\packs\Microsoft.NETCore.App.Ref\9.0.11\ref\net9.0\System.Net.Requests.dll
           C:\Program Files\dotnet\packs\Microsoft.NETCore.App.Ref\9.0.11\ref\net9.0\System.Net.Security.dll
           C:\Program Files\dotnet\packs\Microsoft.NETCore.App.Ref\9.0.11\ref\net9.0\System.Net.ServicePoint.dll
           C:\Program Files\dotnet\packs\Microsoft.NETCore.App.Ref\9.0.11\ref\net9.0\System.Net.Sockets.dll
           C:\Program Files\dotnet\packs\Microsoft.NETCore.App.Ref\9.0.11\ref\net9.0\System.Net.WebClient.dll
           C:\Program Files\dotnet\packs\Microsoft.NETCore.App.Ref\9.0.11\ref\net9.0\System.Net.WebHeaderCollection.dll
           C:\Program Files\dotnet\packs\Microsoft.NETCore.App.Ref\9.0.11\ref\net9.0\System.Net.WebProxy.dll
           C:\Program Files\dotnet\packs\Microsoft.NETCore.App.Ref\9.0.11\ref\net9.0\System.Net.WebSockets.Client.dll
           C:\Program Files\dotnet\packs\Microsoft.NETCore.App.Ref\9.0.11\ref\net9.0\System.Net.WebSockets.dll
           C:\Program Files\dotnet\packs\Microsoft.NETCore.App.Ref\9.0.11\ref\net9.0\System.Numerics.dll
           C:\Program Files\dotnet\packs\Microsoft.NETCore.App.Ref\9.0.11\ref\net9.0\System.Numerics.Vectors.dll
           C:\Program Files\dotnet\packs\Microsoft.NETCore.App.Ref\9.0.11\ref\net9.0\System.ObjectModel.dll
           C:\Program Files\dotnet\packs\Microsoft.NETCore.App.Ref\9.0.11\ref\net9.0\System.Reflection.DispatchProxy.dll
           C:\Program Files\dotnet\packs\Microsoft.NETCore.App.Ref\9.0.11\ref\net9.0\System.Reflection.dll
           C:\Program Files\dotnet\packs\Microsoft.NETCore.App.Ref\9.0.11\ref\net9.0\System.Reflection.Emit.dll
           C:\Program Files\dotnet\packs\Microsoft.NETCore.App.Ref\9.0.11\ref\net9.0\System.Reflection.Emit.ILGeneration.dll
           C:\Program Files\dotnet\packs\Microsoft.NETCore.App.Ref\9.0.11\ref\net9.0\System.Reflection.Emit.Lightweight.dll
           C:\Program Files\dotnet\packs\Microsoft.NETCore.App.Ref\9.0.11\ref\net9.0\System.Reflection.Extensions.dll
           C:\Program Files\dotnet\packs\Microsoft.NETCore.App.Ref\9.0.11\ref\net9.0\System.Reflection.Metadata.dll
           C:\Program Files\dotnet\packs\Microsoft.NETCore.App.Ref\9.0.11\ref\net9.0\System.Reflection.Primitives.dll
           C:\Program Files\dotnet\packs\Microsoft.NETCore.App.Ref\9.0.11\ref\net9.0\System.Reflection.TypeExtensions.dll
           C:\Program Files\dotnet\packs\Microsoft.NETCore.App.Ref\9.0.11\ref\net9.0\System.Resources.Reader.dll
           C:\Program Files\dotnet\packs\Microsoft.NETCore.App.Ref\9.0.11\ref\net9.0\System.Resources.ResourceManager.dll
           C:\Program Files\dotnet\packs\Microsoft.NETCore.App.Ref\9.0.11\ref\net9.0\System.Resources.Writer.dll
           C:\Program Files\dotnet\packs\Microsoft.NETCore.App.Ref\9.0.11\ref\net9.0\System.Runtime.CompilerServices.Unsafe.dll
           C:\Program Files\dotnet\packs\Microsoft.NETCore.App.Ref\9.0.11\ref\net9.0\System.Runtime.CompilerServices.VisualC.dll
           C:\Program Files\dotnet\packs\Microsoft.NETCore.App.Ref\9.0.11\ref\net9.0\System.Runtime.dll
           C:\Program Files\dotnet\packs\Microsoft.NETCore.App.Ref\9.0.11\ref\net9.0\System.Runtime.Extensions.dll
           C:\Program Files\dotnet\packs\Microsoft.NETCore.App.Ref\9.0.11\ref\net9.0\System.Runtime.Handles.dll
           C:\Program Files\dotnet\packs\Microsoft.NETCore.App.Ref\9.0.11\ref\net9.0\System.Runtime.InteropServices.dll
           C:\Program Files\dotnet\packs\Microsoft.NETCore.App.Ref\9.0.11\ref\net9.0\System.Runtime.InteropServices.JavaScript.dll
           C:\Program Files\dotnet\packs\Microsoft.NETCore.App.Ref\9.0.11\ref\net9.0\System.Runtime.InteropServices.RuntimeInformation.dll
           C:\Program Files\dotnet\packs\Microsoft.NETCore.App.Ref\9.0.11\ref\net9.0\System.Runtime.Intrinsics.dll
           C:\Program Files\dotnet\packs\Microsoft.NETCore.App.Ref\9.0.11\ref\net9.0\System.Runtime.Loader.dll
           C:\Program Files\dotnet\packs\Microsoft.NETCore.App.Ref\9.0.11\ref\net9.0\System.Runtime.Numerics.dll
           C:\Program Files\dotnet\packs\Microsoft.NETCore.App.Ref\9.0.11\ref\net9.0\System.Runtime.Serialization.dll
           C:\Program Files\dotnet\packs\Microsoft.NETCore.App.Ref\9.0.11\ref\net9.0\System.Runtime.Serialization.Formatters.dll
           C:\Program Files\dotnet\packs\Microsoft.NETCore.App.Ref\9.0.11\ref\net9.0\System.Runtime.Serialization.Json.dll
           C:\Program Files\dotnet\packs\Microsoft.NETCore.App.Ref\9.0.11\ref\net9.0\System.Runtime.Serialization.Primitives.dll
           C:\Program Files\dotnet\packs\Microsoft.NETCore.App.Ref\9.0.11\ref\net9.0\System.Runtime.Serialization.Xml.dll
           C:\Program Files\dotnet\packs\Microsoft.NETCore.App.Ref\9.0.11\ref\net9.0\System.Security.AccessControl.dll
           C:\Program Files\dotnet\packs\Microsoft.NETCore.App.Ref\9.0.11\ref\net9.0\System.Security.Claims.dll
           C:\Program Files\dotnet\packs\Microsoft.NETCore.App.Ref\9.0.11\ref\net9.0\System.Security.Cryptography.Algorithms.dll
           C:\Program Files\dotnet\packs\Microsoft.NETCore.App.Ref\9.0.11\ref\net9.0\System.Security.Cryptography.Cng.dll
           C:\Program Files\dotnet\packs\Microsoft.NETCore.App.Ref\9.0.11\ref\net9.0\System.Security.Cryptography.Csp.dll
           C:\Program Files\dotnet\packs\Microsoft.NETCore.App.Ref\9.0.11\ref\net9.0\System.Security.Cryptography.dll
           C:\Program Files\dotnet\packs\Microsoft.NETCore.App.Ref\9.0.11\ref\net9.0\System.Security.Cryptography.Encoding.dll
           C:\Program Files\dotnet\packs\Microsoft.NETCore.App.Ref\9.0.11\ref\net9.0\System.Security.Cryptography.OpenSsl.dll
           C:\Program Files\dotnet\packs\Microsoft.NETCore.App.Ref\9.0.11\ref\net9.0\System.Security.Cryptography.Primitives.dll
           C:\Program Files\dotnet\packs\Microsoft.NETCore.App.Ref\9.0.11\ref\net9.0\System.Security.Cryptography.X509Certificates.dll
           C:\Program Files\dotnet\packs\Microsoft.NETCore.App.Ref\9.0.11\ref\net9.0\System.Security.dll
           C:\Program Files\dotnet\packs\Microsoft.NETCore.App.Ref\9.0.11\ref\net9.0\System.Security.Principal.dll
           C:\Program Files\dotnet\packs\Microsoft.NETCore.App.Ref\9.0.11\ref\net9.0\System.Security.Principal.Windows.dll
           C:\Program Files\dotnet\packs\Microsoft.NETCore.App.Ref\9.0.11\ref\net9.0\System.Security.SecureString.dll
           C:\Program Files\dotnet\packs\Microsoft.NETCore.App.Ref\9.0.11\ref\net9.0\System.ServiceModel.Web.dll
           C:\Program Files\dotnet\packs\Microsoft.NETCore.App.Ref\9.0.11\ref\net9.0\System.ServiceProcess.dll
           C:\Program Files\dotnet\packs\Microsoft.NETCore.App.Ref\9.0.11\ref\net9.0\System.Text.Encoding.CodePages.dll
           C:\Program Files\dotnet\packs\Microsoft.NETCore.App.Ref\9.0.11\ref\net9.0\System.Text.Encoding.dll
           C:\Program Files\dotnet\packs\Microsoft.NETCore.App.Ref\9.0.11\ref\net9.0\System.Text.Encoding.Extensions.dll
           C:\Program Files\dotnet\packs\Microsoft.NETCore.App.Ref\9.0.11\ref\net9.0\System.Text.Encodings.Web.dll
           C:\Program Files\dotnet\packs\Microsoft.NETCore.App.Ref\9.0.11\ref\net9.0\System.Text.Json.dll
           C:\Program Files\dotnet\packs\Microsoft.NETCore.App.Ref\9.0.11\ref\net9.0\System.Text.RegularExpressions.dll
           C:\Program Files\dotnet\packs\Microsoft.NETCore.App.Ref\9.0.11\ref\net9.0\System.Threading.Channels.dll
           C:\Program Files\dotnet\packs\Microsoft.NETCore.App.Ref\9.0.11\ref\net9.0\System.Threading.dll
           C:\Program Files\dotnet\packs\Microsoft.NETCore.App.Ref\9.0.11\ref\net9.0\System.Threading.Overlapped.dll
           C:\Program Files\dotnet\packs\Microsoft.NETCore.App.Ref\9.0.11\ref\net9.0\System.Threading.Tasks.Dataflow.dll
           C:\Program Files\dotnet\packs\Microsoft.NETCore.App.Ref\9.0.11\ref\net9.0\System.Threading.Tasks.dll
           C:\Program Files\dotnet\packs\Microsoft.NETCore.App.Ref\9.0.11\ref\net9.0\System.Threading.Tasks.Extensions.dll
           C:\Program Files\dotnet\packs\Microsoft.NETCore.App.Ref\9.0.11\ref\net9.0\System.Threading.Tasks.Parallel.dll
           C:\Program Files\dotnet\packs\Microsoft.NETCore.App.Ref\9.0.11\ref\net9.0\System.Threading.Thread.dll
           C:\Program Files\dotnet\packs\Microsoft.NETCore.App.Ref\9.0.11\ref\net9.0\System.Threading.ThreadPool.dll
           C:\Program Files\dotnet\packs\Microsoft.NETCore.App.Ref\9.0.11\ref\net9.0\System.Threading.Timer.dll
           C:\Program Files\dotnet\packs\Microsoft.NETCore.App.Ref\9.0.11\ref\net9.0\System.Transactions.dll
           C:\Program Files\dotnet\packs\Microsoft.NETCore.App.Ref\9.0.11\ref\net9.0\System.Transactions.Local.dll
           C:\Program Files\dotnet\packs\Microsoft.NETCore.App.Ref\9.0.11\ref\net9.0\System.ValueTuple.dll
           C:\Program Files\dotnet\packs\Microsoft.NETCore.App.Ref\9.0.11\ref\net9.0\System.Web.dll
           C:\Program Files\dotnet\packs\Microsoft.NETCore.App.Ref\9.0.11\ref\net9.0\System.Web.HttpUtility.dll
           C:\Program Files\dotnet\packs\Microsoft.NETCore.App.Ref\9.0.11\ref\net9.0\System.Windows.dll
           C:\Program Files\dotnet\packs\Microsoft.NETCore.App.Ref\9.0.11\ref\net9.0\System.Xml.dll
           C:\Program Files\dotnet\packs\Microsoft.NETCore.App.Ref\9.0.11\ref\net9.0\System.Xml.Linq.dll
           C:\Program Files\dotnet\packs\Microsoft.NETCore.App.Ref\9.0.11\ref\net9.0\System.Xml.ReaderWriter.dll
           C:\Program Files\dotnet\packs\Microsoft.NETCore.App.Ref\9.0.11\ref\net9.0\System.Xml.Serialization.dll
           C:\Program Files\dotnet\packs\Microsoft.NETCore.App.Ref\9.0.11\ref\net9.0\System.Xml.XDocument.dll
           C:\Program Files\dotnet\packs\Microsoft.NETCore.App.Ref\9.0.11\ref\net9.0\System.Xml.XmlDocument.dll
           C:\Program Files\dotnet\packs\Microsoft.NETCore.App.Ref\9.0.11\ref\net9.0\System.Xml.XmlSerializer.dll
           C:\Program Files\dotnet\packs\Microsoft.NETCore.App.Ref\9.0.11\ref\net9.0\System.Xml.XPath.dll
           C:\Program Files\dotnet\packs\Microsoft.NETCore.App.Ref\9.0.11\ref\net9.0\System.Xml.XPath.XDocument.dll
           C:\Program Files\dotnet\packs\Microsoft.NETCore.App.Ref\9.0.11\ref\net9.0\WindowsBase.dll
           obj\Debug\net9.0\CRM.Core.csproj.CoreCompileInputs.cache
           C:\Program Files\dotnet\sdk\9.0.308\Sdks\Microsoft.NET.Sdk\targets\..\analyzers\Microsoft.CodeAnalysis.CSharp.NetAnalyzers.dll
           C:\Program Files\dotnet\sdk\9.0.308\Sdks\Microsoft.NET.Sdk\targets\..\analyzers\Microsoft.CodeAnalysis.NetAnalyzers.dll
           C:\Program Files\dotnet\packs\Microsoft.NETCore.App.Ref\9.0.11\analyzers/dotnet/cs/Microsoft.Interop.ComInterfaceGenerator.dll
           C:\Program Files\dotnet\packs\Microsoft.NETCore.App.Ref\9.0.11\analyzers/dotnet/cs/Microsoft.Interop.JavaScript.JSImportGenerator.dll
           C:\Program Files\dotnet\packs\Microsoft.NETCore.App.Ref\9.0.11\analyzers/dotnet/cs/Microsoft.Interop.LibraryImportGenerator.dll
           C:\Program Files\dotnet\packs\Microsoft.NETCore.App.Ref\9.0.11\analyzers/dotnet/cs/Microsoft.Interop.SourceGeneration.dll
           C:\Program Files\dotnet\packs\Microsoft.NETCore.App.Ref\9.0.11\analyzers/dotnet/cs/System.Text.Json.SourceGeneration.dll
           C:\Program Files\dotnet\packs\Microsoft.NETCore.App.Ref\9.0.11\analyzers/dotnet/cs/System.Text.RegularExpressions.Generator.dll
           obj\Debug\net9.0\CRM.Core.GeneratedMSBuildEditorConfig.editorconfig
           C:\Program Files\dotnet\sdk\9.0.308\Sdks\Microsoft.NET.Sdk\analyzers\build\config\analysislevel_9_default.globalconfig
           d:\MyProject\FrontCRM(C#)\CRM.Core\obj\CRM.Core.csproj.nuget.g.targets
           C:\Program Files\dotnet\sdk\9.0.308\Current\Microsoft.Common.targets\ImportAfter\Microsoft.TestPlatform.ImportAfter.targets
       输出文件:
           obj\Debug\net9.0\CRM.Core.dll
           obj\Debug\net9.0\refint\CRM.Core.dll
           obj\Debug\net9.0\CRM.Core.pdb
       C:\Program Files\dotnet\sdk\9.0.308\Roslyn\Microsoft.CSharp.Core.targets(66,7): message : 在 C:\Program Files\dotnet\sdk\9.0.308\Roslyn\Microsoft.CSharp.Core.targets (66,7) 处重新分配属性: $(NoWarn)=“1701;1702;1701;1702”(先前值:“1701;1702”) [d:\MyProject\FrontCRM(C#)\CRM.Core\CRM.Core.csproj]
   2:6>已完成在项目“CRM.Core.csproj”中生成目标“CoreCompile”的操作。
       由于条件的计算结果为 false，已跳过目标“_TouchLastBuildWithSkipAnalyzers”；('$(_SkipAnalyzers)' == 'true')的计算结果为('' == 'true')。
       由于条件的计算结果为 false，已跳过目标“_TimeStampAfterCompile”；('$(RunPostBuildEvent)'=='OnOutputUpdated' or ('$(RegisterForComInterop)'=='true' and '$(OutputType)'=='library'))的计算结果为(''=='OnOutputUpdated' or (''=='true' and 'Library'=='library'))。
   2:6>来自项目“d:\MyProject\FrontCRM(C#)\CRM.Core\CRM.Core.csproj”的文件“C:\Program Files\dotnet\sdk\9.0.308\Microsoft.Common.CurrentVersion.targets”中的目标“AfterCompile”(目标“Compile”依赖于它):
   2:6>已完成在项目“CRM.Core.csproj”中生成目标“AfterCompile”的操作。
       由于条件的计算结果为 false，已跳过目标“_CreateAppHost”；('$(ComputeNETCoreBuildOutputFiles)' == 'true' and
                            '$(AppHostSourcePath)' != '' and
                            Exists('@(IntermediateAssembly)') and
                            Exists('$(AppHostSourcePath)'))的计算结果为('true' == 'true' and
                            '' != '' and
                            Exists('obj\Debug\net9.0\CRM.Core.dll') and
                            Exists(''))。
       由于条件的计算结果为 false，已跳过目标“_CreateComHost”；('$(ComputeNETCoreBuildOutputFiles)' == 'true' and
                            '$(ComHostIntermediatePath)' != '' and
                            Exists('@(IntermediateAssembly)') and
                            Exists('$(ComHostSourcePath)'))的计算结果为('true' == 'true' and
                            '' != '' and
                            Exists('obj\Debug\net9.0\CRM.Core.dll') and
                            Exists(''))。
       由于条件的计算结果为 false，已跳过目标“_GetIjwHostPaths”；('$(UseIJWHost)' == 'true')的计算结果为('' == 'true')。
   2:6>来自项目“d:\MyProject\FrontCRM(C#)\CRM.Core\CRM.Core.csproj”的文件“C:\Program Files\dotnet\sdk\9.0.308\Microsoft.Common.CurrentVersion.targets”中的目标“Compile”(目标“CoreBuild”依赖于它):
   2:6>已完成在项目“CRM.Core.csproj”中生成目标“Compile”的操作。
       由于条件的计算结果为 false，已跳过目标“ExportWindowsMDFile”；('$(ExportWinMDFile)' == 'true')的计算结果为('' == 'true')。
       由于条件的计算结果为 false，已跳过目标“UnmanagedUnregistration”；((('$(_AssemblyTimestampBeforeCompile)' != '$(_AssemblyTimestampAfterCompile)' or '$(RegisterForComInterop)' != 'true' or '$(OutputType)' != 'library') or
                           ('$(_AssemblyTimestampBeforeCompile)' == '')) and
                          Exists('@(_UnmanagedRegistrationCache)'))的计算结果为((('' != '' or '' != 'true' or 'Library' != 'library') or
                           ('' == '')) and
                          Exists('obj\CRM.Core.csproj.UnmanagedRegistration.cache'))。
       由于条件的计算结果为 false，已跳过目标“GenerateSerializationAssemblies”；('$(_SGenGenerateSerializationAssembliesConfig)' == 'On' or ('@(WebReferenceUrl)'!='' and '$(_SGenGenerateSerializationAssembliesConfig)' == 'Auto'))的计算结果为('Off' == 'On' or (''!='' and 'Off' == 'Auto'))。
   2:6>来自项目“d:\MyProject\FrontCRM(C#)\CRM.Core\CRM.Core.csproj”的文件“C:\Program Files\dotnet\sdk\9.0.308\Microsoft.Common.CurrentVersion.targets”中的目标“_GenerateSatelliteAssemblyInputs”(目标“CreateSatelliteAssemblies”依赖于它):
       由于 false 条件，已跳过任务“MSBuildInternalMessage”；('@(ManifestResourceWithCulture)'!='' and '%(ManifestResourceWithCulture.EmittedForCompatibilityOnly)'=='')计算为(''!='' and ''=='')。
       由于 false 条件，已跳过任务“MSBuildInternalMessage”；('@(ManifestNonResxWithCultureOnDisk)'!='' and '%(ManifestNonResxWithCultureOnDisk.EmittedForCompatibilityOnly)'=='')计算为(''!='' and ''=='')。
   2:6>已完成在项目“CRM.Core.csproj”中生成目标“_GenerateSatelliteAssemblyInputs”的操作。
       由于条件的计算结果为 false，已跳过目标“ComputeIntermediateSatelliteAssemblies”；(@(EmbeddedResource->'%(WithCulture)') != '')的计算结果为( != '')。
       由于条件的计算结果为 false，已跳过目标“GenerateSatelliteAssemblies”；('@(_SatelliteAssemblyResourceInputs)' != '' and '$(GenerateSatelliteAssembliesForCore)' != 'true')的计算结果为('' != '' and 'true' != 'true')。
       由于条件的计算结果为 false，已跳过目标“CoreGenerateSatelliteAssemblies”；('@(_SatelliteAssemblyResourceInputs)' != ''  and '$(GenerateSatelliteAssembliesForCore)' == 'true' )的计算结果为('' != ''  and 'true' == 'true' )。
   2:6>来自项目“d:\MyProject\FrontCRM(C#)\CRM.Core\CRM.Core.csproj”的文件“C:\Program Files\dotnet\sdk\9.0.308\Microsoft.Common.CurrentVersion.targets”中的目标“CreateSatelliteAssemblies”(目标“CoreBuild”依赖于它):
   2:6>已完成在项目“CRM.Core.csproj”中生成目标“CreateSatelliteAssemblies”的操作。
       由于条件的计算结果为 false，已跳过目标“GenerateManifests”；('$(GenerateClickOnceManifests)'=='true' or '@(NativeReference)'!='' or '@(ResolvedIsolatedComModules)'!='' or '$(GenerateAppxManifest)' == 'true')的计算结果为(''=='true' or ''!='' or ''!='' or '' == 'true')。
   2:6>来自项目“d:\MyProject\FrontCRM(C#)\CRM.Core\CRM.Core.csproj”的文件“C:\Program Files\dotnet\sdk\9.0.308\Microsoft.Common.CurrentVersion.targets”中的目标“GetTargetPathWithTargetPlatformMoniker”(目标“GetTargetPath”依赖于它):
   2:6>已完成在项目“CRM.Core.csproj”中生成目标“GetTargetPathWithTargetPlatformMoniker”的操作。
   2:6>来自项目“d:\MyProject\FrontCRM(C#)\CRM.Core\CRM.Core.csproj”的文件“C:\Program Files\dotnet\sdk\9.0.308\Microsoft.Common.CurrentVersion.targets”中的目标“GetTargetPath”(目标“CoreBuild”依赖于它):
   2:6>已完成在项目“CRM.Core.csproj”中生成目标“GetTargetPath”的操作。
       由于条件的计算结果为 false，已跳过目标“ComputeIntermediateSatelliteAssemblies”；(@(EmbeddedResource->'%(WithCulture)') != '')的计算结果为( != '')。
       由于条件的计算结果为 false，已跳过目标“_CopyFilesMarkedCopyLocal”；('@(ReferenceCopyLocalPaths)' != '')的计算结果为('' != '')。
       已跳过目标“AssignTargetPaths”。以前的生成已成功。
       由于条件的计算结果为 false，已跳过目标“AssignProjectConfiguration”；('$(CurrentSolutionConfigurationContents)' != '' or '@(ProjectReference)'!='')的计算结果为('' != '' or ''!='')。
       已跳过目标“_SplitProjectReferencesByFileExistence”。以前的生成已成功。
       已跳过目标“_GetProjectReferenceTargetFrameworkProperties”。以前的生成已成功。
   2:6>来自项目“d:\MyProject\FrontCRM(C#)\CRM.Core\CRM.Core.csproj”的文件“C:\Program Files\dotnet\sdk\9.0.308\Microsoft.Common.CurrentVersion.targets”中的目标“_PopulateCommonStateForGetCopyToOutputDirectoryItems”(目标“GetCopyToOutputDirectoryItems”依赖于它):
   2:6>已完成在项目“CRM.Core.csproj”中生成目标“_PopulateCommonStateForGetCopyToOutputDirectoryItems”的操作。
       由于条件的计算结果为 false，已跳过目标“AddDepsJsonAndRuntimeConfigToCopyItemsForReferencingProjects”；('$(HasRuntimeOutput)' == 'true')的计算结果为('' == 'true')。
   2:6>来自项目“d:\MyProject\FrontCRM(C#)\CRM.Core\CRM.Core.csproj”的文件“C:\Program Files\dotnet\sdk\9.0.308\Microsoft.Common.CurrentVersion.targets”中的目标“GetCopyToOutputDirectoryItems”(目标“_CopySourceItemsToOutputDirectory”依赖于它):
       任务“CallTarget”
       已跳过目标“_PopulateCommonStateForGetCopyToOutputDirectoryItems”。以前的生成已成功。
       已跳过目标“_AddOutputPathToGlobalPropertiesToRemove”。以前的生成已成功。
   2:6>来自项目“d:\MyProject\FrontCRM(C#)\CRM.Core\CRM.Core.csproj”的文件“C:\Program Files\dotnet\sdk\9.0.308\Microsoft.Common.CurrentVersion.targets”中的目标“_GetCopyToOutputDirectoryItemsFromTransitiveProjectReferences”(目标“GetCopyToOutputDirectoryItems”依赖于它):
       由于 false 条件，已跳过任务“MSBuild”；('@(_MSBuildProjectReferenceExistent)' != '' and '$(_GetChildProjectCopyToOutputDirectoryItems)' == 'true' and '%(_MSBuildProjectReferenceExistent.Private)' != 'false' and '$(UseCommonOutputDirectory)' != 'true')计算为('' != '' and 'true' == 'true' and '' != 'false' and 'false' != 'true')。
       任务“AssignTargetPath”
       已完成执行任务“AssignTargetPath”的操作。
   2:6>已完成在项目“CRM.Core.csproj”中生成目标“_GetCopyToOutputDirectoryItemsFromTransitiveProjectReferences”的操作。
       已完成执行任务“CallTarget”的操作。
       任务“CallTarget”
       已跳过目标“AssignTargetPaths”。以前的生成已成功。
       已跳过目标“_PopulateCommonStateForGetCopyToOutputDirectoryItems”。以前的生成已成功。
       由于条件的计算结果为 false，已跳过目标“AddDepsJsonAndRuntimeConfigToCopyItemsForReferencingProjects”；('$(HasRuntimeOutput)' == 'true')的计算结果为('' == 'true')。
   2:6>来自项目“d:\MyProject\FrontCRM(C#)\CRM.Core\CRM.Core.csproj”的文件“C:\Program Files\dotnet\sdk\9.0.308\Microsoft.Common.CurrentVersion.targets”中的目标“_GetCopyToOutputDirectoryItemsFromThisProject”(目标“GetCopyToOutputDirectoryItems”依赖于它):
       任务“AssignTargetPath”
       已完成执行任务“AssignTargetPath”的操作。
   2:6>已完成在项目“CRM.Core.csproj”中生成目标“_GetCopyToOutputDirectoryItemsFromThisProject”的操作。
       已完成执行任务“CallTarget”的操作。
   2:6>已完成在项目“CRM.Core.csproj”中生成目标“GetCopyToOutputDirectoryItems”的操作。
       由于条件的计算结果为 false，已跳过目标“_CopyOutOfDateSourceItemsToOutputDirectory”；( '@(_SourceItemsToCopyToOutputDirectory)' != '' )的计算结果为( '' != '' )。
       由于条件的计算结果为 false，已跳过目标“_CopyOutOfDateSourceItemsToOutputDirectoryAlways”；( '@(_SourceItemsToCopyToOutputDirectoryAlways)' != '' )的计算结果为( '' != '' )。
       由于条件的计算结果为 false，已跳过目标“_CopyDifferingSourceItemsToOutputDirectory”；( '@(_SourceItemsToCopyToOutputDirectoryIfDifferent)' != '' )的计算结果为( '' != '' )。
   2:6>来自项目“d:\MyProject\FrontCRM(C#)\CRM.Core\CRM.Core.csproj”的文件“C:\Program Files\dotnet\sdk\9.0.308\Microsoft.Common.CurrentVersion.targets”中的目标“_CopySourceItemsToOutputDirectory”(目标“CopyFilesToOutputDirectory”依赖于它):
   2:6>已完成在项目“CRM.Core.csproj”中生成目标“_CopySourceItemsToOutputDirectory”的操作。
       由于条件的计算结果为 false，已跳过目标“_CopyAppConfigFile”；( '@(AppConfigWithTargetPath)' != '' )的计算结果为( '' != '' )。
       由于条件的计算结果为 false，已跳过目标“_CopyManifestFiles”；( '$(_DeploymentCopyApplicationManifest)'=='true' or '$(GenerateClickOnceManifests)'=='true' )的计算结果为( ''=='true' or ''=='true' )。
   2:6>来自项目“d:\MyProject\FrontCRM(C#)\CRM.Core\CRM.Core.csproj”的文件“C:\Program Files\dotnet\sdk\9.0.308\Microsoft.Common.CurrentVersion.targets”中的目标“_CheckForCompileOutputs”(目标“CopyFilesToOutputDirectory”依赖于它):
   2:6>已完成在项目“CRM.Core.csproj”中生成目标“_CheckForCompileOutputs”的操作。
       由于条件的计算结果为 false，已跳过目标“_SGenCheckForOutputs”；('$(_SGenGenerateSerializationAssembliesConfig)' == 'On' or ('@(WebReferenceUrl)'!='' and '$(_SGenGenerateSerializationAssembliesConfig)' == 'Auto'))的计算结果为('Off' == 'On' or (''!='' and 'Off' == 'Auto'))。
       已跳过目标“_DefaultMicrosoftNETPlatformLibrary”。以前的生成已成功。
       已跳过目标“_HandlePackageFileConflicts”。以前的生成已成功。
       已跳过目标“ResolveAssemblyReferences”。以前的生成已成功。
   2:6>来自项目“d:\MyProject\FrontCRM(C#)\CRM.Core\CRM.Core.csproj”的文件“C:\Program Files\dotnet\sdk\9.0.308\Sdks\Microsoft.NET.Sdk\targets\Microsoft.NET.Sdk.targets”中的目标“_ComputeReferenceAssemblies”(目标“GenerateBuildDependencyFile”依赖于它):
   2:6>已完成在项目“CRM.Core.csproj”中生成目标“_ComputeReferenceAssemblies”的操作。
   2:6>来自项目“d:\MyProject\FrontCRM(C#)\CRM.Core\CRM.Core.csproj”的文件“C:\Program Files\dotnet\sdk\9.0.308\Sdks\Microsoft.NET.Sdk\targets\Microsoft.NET.Sdk.targets”中的目标“_ComputeUserRuntimeAssemblies”(目标“GenerateBuildDependencyFile”依赖于它):
   2:6>已完成在项目“CRM.Core.csproj”中生成目标“_ComputeUserRuntimeAssemblies”的操作。
       由于条件的计算结果为 false，已跳过目标“ResolveRuntimePackAssets”；('@(RuntimePack)' != '')的计算结果为('' != '')。
       已跳过目标“_ComputePackageReferencePublish”。以前的生成已成功。
       由于条件的计算结果为 false，已跳过目标“ComputeDependencyFileCompilerOptions”；('$(PreserveCompilationContext)' == 'true')的计算结果为('' == 'true')。
   2:6>来自项目“d:\MyProject\FrontCRM(C#)\CRM.Core\CRM.Core.csproj”的文件“C:\Program Files\dotnet\sdk\9.0.308\Sdks\Microsoft.NET.Sdk\targets\Microsoft.NET.Sdk.targets”中的目标“GenerateBuildDependencyFile”(目标“CopyFilesToOutputDirectory”依赖于它):
       正在跳过目标“GenerateBuildDependencyFile”，因为所有输出文件相对于输入文件而言都是最新的。
       输入文件:
           d:\MyProject\FrontCRM%28C#%29\CRM.Core\obj\project.assets.json
           d:\MyProject\FrontCRM%28C#%29\CRM.Core\obj\Debug\net9.0\CRM.Core.assets.cache
           d:\MyProject\FrontCRM(C#)\CRM.Core\obj\CRM.Core.csproj.nuget.g.targets
           C:\Program Files\dotnet\sdk\9.0.308\Current\Microsoft.Common.targets\ImportAfter\Microsoft.TestPlatform.ImportAfter.targets
       输出文件:d:\MyProject\FrontCRM%28C#%29\CRM.Core\bin\Debug\net9.0\CRM.Core.deps.json
   2:6>已完成在项目“CRM.Core.csproj”中生成目标“GenerateBuildDependencyFile”的操作。
       由于条件的计算结果为 false，已跳过目标“GenerateBuildRuntimeConfigurationFiles”；( '$(GenerateRuntimeConfigurationFiles)' == 'true')的计算结果为( '' == 'true')。
       由于条件的计算结果为 false，已跳过目标“GenerateShimsAssets”；('$(PackAsTool)' == 'true' and $(PackAsToolShimRuntimeIdentifiers) != '' )的计算结果为('' == 'true' and  != '' )。
   2:6>来自项目“d:\MyProject\FrontCRM(C#)\CRM.Core\CRM.Core.csproj”的文件“C:\Program Files\dotnet\sdk\9.0.308\Microsoft.Common.CurrentVersion.targets”中的目标“CopyFilesToOutputDirectory”(目标“PrepareForRun”依赖于它):
       正在使用程序集“Microsoft.Build.Tasks.Core, Version=15.1.0.0, Culture=neutral, PublicKeyToken=b03f5f7f11d50a3a”中的“Copy”任务。
       任务“Copy”
         未从文件“obj\Debug\net9.0\CRM.Core.dll”复制到文件“bin\Debug\net9.0\CRM.Core.dll”，因为“SkipUnchangedFiles”参数在项目中设置为“true”，而两个文件的大小及时间戳一致。
       已完成执行任务“Copy”的操作。
       正在使用程序集“C:\Program Files\dotnet\sdk\9.0.308\Roslyn\Microsoft.Build.Tasks.CodeAnalysis.dll”中的“CopyRefAssembly”任务。
       任务“CopyRefAssembly”
         在 TaskRun (Microsoft.CodeAnalysis.BuildTasks.CopyRefAssembly) 期间加载的程序集: Microsoft.Build.Tasks.CodeAnalysis.resources, Version=4.14.12.46508, Culture=zh-Hans, PublicKeyToken=31bf3856ad364e35 (位置: C:\Program Files\dotnet\sdk\9.0.308\Roslyn\zh-Hans\Microsoft.Build.Tasks.CodeAnalysis.resources.dll，MVID: 8af0ef19-4f1f-444e-939d-3325ce38cb52，AssemblyLoadContext: MSBuild plugin C:\Program Files\dotnet\sdk\9.0.308\Roslyn\Microsoft.Build.Tasks.CodeAnalysis.dll)
         引用程序集“d:\MyProject\FrontCRM(C#)\CRM.Core\obj\Debug\net9.0\ref\CRM.Core.dll”已具有最新信息。请不要改动。
       已完成执行任务“CopyRefAssembly”的操作。
       任务“Message”
         CRM.Core -> d:\MyProject\FrontCRM(C#)\CRM.Core\bin\Debug\net9.0\CRM.Core.dll
       已完成执行任务“Message”的操作。
       由于 false 条件，已跳过任务“Copy”；('@(AddModules)' != '')计算为('' != '')。
       由于 false 条件，已跳过任务“Copy”；('$(_SGenDllCreated)'=='true')计算为('false'=='true')。
       任务“Copy”
         未从文件“obj\Debug\net9.0\CRM.Core.pdb”复制到文件“bin\Debug\net9.0\CRM.Core.pdb”，因为“SkipUnchangedFiles”参数在项目中设置为“true”，而两个文件的大小及时间戳一致。
       已完成执行任务“Copy”的操作。
       由于 false 条件，已跳过任务“Copy”；('$(_DocumentationFileProduced)'=='true' and '$(CopyDocumentationFileToOutputDirectory)'=='true')计算为('false'=='true' and 'true'=='true')。
       由于 false 条件，已跳过任务“Copy”；('@(IntermediateSatelliteAssembliesWithTargetPath)' != '')计算为('' != '')。
       由于 false 条件，已跳过任务“Copy”；('@(ReferenceComWrappersToCopyLocal)' != '' or '@(ResolvedIsolatedComModules)' != '' or '@(_DeploymentLooseManifestFile)' != '' or '@(NativeReferenceFile)' != '' )计算为('' != '' or '' != '' or '' != '' or '' != '' )。
       由于 false 条件，已跳过任务“Copy”；('$(SkipCopyWinMDArtifact)' != 'true' and '@(WinMDExpArtifacts)' != '')计算为('' != 'true' and '' != '')。
       由于 false 条件，已跳过任务“Message”；('$(SkipCopyWinMDArtifact)' != 'true' and '$(_WindowsMetadataOutputPath)' != '')计算为('' != 'true' and '' != '')。
   2:6>已完成在项目“CRM.Core.csproj”中生成目标“CopyFilesToOutputDirectory”的操作。
       由于条件的计算结果为 false，已跳过目标“_CopyReferenceOnlyAssembliesForBuild”；('$(PreserveCompilationReferences)' == 'true')的计算结果为('' == 'true')。
   2:6>来自项目“d:\MyProject\FrontCRM(C#)\CRM.Core\CRM.Core.csproj”的文件“C:\Program Files\dotnet\sdk\9.0.308\Microsoft.Common.CurrentVersion.targets”中的目标“PrepareForRun”(目标“CoreBuild”依赖于它):
   2:6>已完成在项目“CRM.Core.csproj”中生成目标“PrepareForRun”的操作。
       由于条件的计算结果为 false，已跳过目标“UnmanagedRegistration”；('$(RegisterForComInterop)'=='true' and '$(OutputType)'=='library')的计算结果为(''=='true' and 'Library'=='library')。
       已跳过目标“_CheckForCompileOutputs”。以前的生成已成功。
       由于条件的计算结果为 false，已跳过目标“_SGenCheckForOutputs”；('$(_SGenGenerateSerializationAssembliesConfig)' == 'On' or ('@(WebReferenceUrl)'!='' and '$(_SGenGenerateSerializationAssembliesConfig)' == 'Auto'))的计算结果为('Off' == 'On' or (''!='' and 'Off' == 'Auto'))。
   2:6>来自项目“d:\MyProject\FrontCRM(C#)\CRM.Core\CRM.Core.csproj”的文件“C:\Program Files\dotnet\sdk\9.0.308\Microsoft.Common.CurrentVersion.targets”中的目标“_CleanGetCurrentAndPriorFileWrites”(目标“IncrementalClean”依赖于它):
       正在使用程序集“Microsoft.Build.Tasks.Core, Version=15.1.0.0, Culture=neutral, PublicKeyToken=b03f5f7f11d50a3a”中的“ReadLinesFromFile”任务。
       任务“ReadLinesFromFile”
       已完成执行任务“ReadLinesFromFile”的操作。
       任务“ConvertToAbsolutePath”
       已完成执行任务“ConvertToAbsolutePath”的操作。
       正在使用程序集“Microsoft.Build.Tasks.Core, Version=15.1.0.0, Culture=neutral, PublicKeyToken=b03f5f7f11d50a3a”中的“FindUnderPath”任务。
       任务“FindUnderPath”
         比较路径为“d:\MyProject\FrontCRM(C#)\CRM.Core”。
       已完成执行任务“FindUnderPath”的操作。
       任务“FindUnderPath”
         比较路径为“bin\Debug\net9.0\”。
       已完成执行任务“FindUnderPath”的操作。
       任务“FindUnderPath”
         比较路径为“obj\Debug\net9.0\”。
       已完成执行任务“FindUnderPath”的操作。
       任务“RemoveDuplicates”
       已完成执行任务“RemoveDuplicates”的操作。
   2:6>已完成在项目“CRM.Core.csproj”中生成目标“_CleanGetCurrentAndPriorFileWrites”的操作。
   2:6>来自项目“d:\MyProject\FrontCRM(C#)\CRM.Core\CRM.Core.csproj”的文件“C:\Program Files\dotnet\sdk\9.0.308\Microsoft.Common.CurrentVersion.targets”中的目标“IncrementalClean”(目标“CoreBuild”依赖于它):
       任务“FindUnderPath”
         比较路径为“bin\Debug\net9.0\”。
       已完成执行任务“FindUnderPath”的操作。
       任务“FindUnderPath”
         比较路径为“obj\Debug\net9.0\”。
       已完成执行任务“FindUnderPath”的操作。
       正在使用程序集“Microsoft.Build.Tasks.Core, Version=15.1.0.0, Culture=neutral, PublicKeyToken=b03f5f7f11d50a3a”中的“Delete”任务。
       任务“Delete”
       已完成执行任务“Delete”的操作。
       任务“RemoveDuplicates”
       已完成执行任务“RemoveDuplicates”的操作。
       由于 false 条件，已跳过任务“WriteLinesToFile”；('@(_CleanUnfilteredPriorFileWrites)'!='@(_CleanUniqueRemainingFileWritesAfterIncrementalClean)')计算为('d:\MyProject\FrontCRM\CRM.Core\bin\Debug\net9.0\CRM.Core.deps.json;d:\MyProject\FrontCRM\CRM.Core\bin\Debug\net9.0\CRM.Core.dll;d:\MyProject\FrontCRM\CRM.Core\bin\Debug\net9.0\CRM.Core.pdb;...'!='d:\MyProject\FrontCRM\CRM.Core\bin\Debug\net9.0\CRM.Core.deps.json;d:\MyProject\FrontCRM\CRM.Core\bin\Debug\net9.0\CRM.Core.dll;d:\MyProject\FrontCRM\CRM.Core\bin\Debug\net9.0\CRM.Core.pdb;...')。
   2:6>已完成在项目“CRM.Core.csproj”中生成目标“IncrementalClean”的操作。
       由于条件的计算结果为 false，已跳过目标“PostBuildEvent”；('$(PostBuildEvent)' != '' and ('$(RunPostBuildEvent)' != 'OnOutputUpdated' or '$(_AssemblyTimestampBeforeCompile)' != '$(_AssemblyTimestampAfterCompile)'))的计算结果为('' != '' and ('' != 'OnOutputUpdated' or '' != ''))。
       已跳过目标“GenerateBuildDependencyFile”。以前的生成已成功。
       由于条件的计算结果为 false，已跳过目标“GenerateBuildRuntimeConfigurationFiles”；( '$(GenerateRuntimeConfigurationFiles)' == 'true')的计算结果为( '' == 'true')。
   2:6>来自项目“d:\MyProject\FrontCRM(C#)\CRM.Core\CRM.Core.csproj”的文件“C:\Program Files\dotnet\sdk\9.0.308\Microsoft.Common.CurrentVersion.targets”中的目标“CoreBuild”(目标“Build”依赖于它):
   2:6>已完成在项目“CRM.Core.csproj”中生成目标“CoreBuild”的操作。
   2:6>来自项目“d:\MyProject\FrontCRM(C#)\CRM.Core\CRM.Core.csproj”的文件“C:\Program Files\dotnet\sdk\9.0.308\Microsoft.Common.CurrentVersion.targets”中的目标“AfterBuild”(目标“Build”依赖于它):
   2:6>已完成在项目“CRM.Core.csproj”中生成目标“AfterBuild”的操作。
       由于条件的计算结果为 false，已跳过目标“_CheckBrowserWorkloadNeededButNotAvailable”；('$(RuntimeIdentifier)' == 'browser-wasm' and '$(_BrowserWorkloadDisabled)' != 'true' and '$(WasmNativeWorkloadAvailable)' != 'true')的计算结果为('' == 'browser-wasm' and '' != 'true' and '' != 'true')。
       由于条件的计算结果为 false，已跳过目标“_ErrorWorkloadDisabledForTFMLessThan6”；('$(_BrowserWorkloadNotSupportedForTFM)' == 'true')的计算结果为('' == 'true')。
       由于条件的计算结果为 false，已跳过目标“_ErrorDualWasmThreadPropsOn7”；('$(TargetsNet7)' == 'true' and '$(RuntimeIdentifier)' == 'browser-wasm' and
           '$(BrowserWorkloadDisabled)' != 'true' and '$(WasmEnableThreads)' == 'true' and '$(WasmEnablePerfTrace)' == 'true')的计算结果为('' == 'true' and '' == 'browser-wasm' and
           '' != 'true' and '' == 'true' and '' == 'true')。
       已跳过目标“_CheckForInvalidConfigurationAndPlatform”。以前的生成已成功。
       已跳过目标“_CheckForInvalidConfigurationAndPlatform”。以前的生成已成功。
   2:6>来自项目“d:\MyProject\FrontCRM(C#)\CRM.Core\CRM.Core.csproj”的文件“C:\Program Files\dotnet\sdk\9.0.308\Microsoft.Common.CurrentVersion.targets”中的目标“Build”(入口点):
   2:6>已完成在项目“CRM.Core.csproj”中生成目标“Build”的操作。
       由于条件的计算结果为 false，已跳过目标“_PackAsBuildAfterTarget”；('$(GeneratePackageOnBuild)' == 'true' AND '$(IsInnerBuild)' != 'true')的计算结果为('false' == 'true' AND '' != 'true')。
   2:6>来自项目“d:\MyProject\FrontCRM(C#)\CRM.Core\CRM.Core.csproj”的文件“C:\Program Files\dotnet\sdk\9.0.308\Containers\build\Microsoft.NET.Build.Containers.targets”中的目标“_CheckContainersPackage”(入口点):
       由于 false 条件，已跳过任务“Warning”；($(_ContainerPackageIsPresent)
               and (
                 ($(_SdkCanPublishWeb) and $(_IsWebProject)) or
                 ($(_SdkCanPublishWorker) and $(_IsWorkerProject)) or
                 ($(_SdkCanPublishConsole) and '$(EnableSdkContainerSupport)' == 'true')
               ))计算为(false
               and (
                 (True and false) or
                 (True and false) or
                 (True and '' == 'true')
               ))。
   2:6>已完成在项目“CRM.Core.csproj”中生成目标“_CheckContainersPackage”的操作。
   3:6>来自项目“d:\MyProject\FrontCRM(C#)\tests\CRM.TestCommon\CRM.TestCommon.csproj”的文件“C:\Program Files\dotnet\sdk\9.0.308\Sdks\Microsoft.NET.Sdk\targets\Microsoft.NET.Sdk.targets”中的目标“_ComputeUserRuntimeAssemblies”(目标“GenerateBuildDependencyFile”依赖于它):
   3:6>已完成在项目“CRM.TestCommon.csproj”中生成目标“_ComputeUserRuntimeAssemblies”的操作。
   2:6>已完成生成项目“d:\MyProject\FrontCRM(C#)\CRM.Core\CRM.Core.csproj”(默认目标)的操作。
   3:6>由于条件的计算结果为 false，已跳过目标“ResolveRuntimePackAssets”；('@(RuntimePack)' != '')的计算结果为('' != '')。
       已跳过目标“_ComputePackageReferencePublish”。以前的生成已成功。
       由于条件的计算结果为 false，已跳过目标“ComputeDependencyFileCompilerOptions”；('$(PreserveCompilationContext)' == 'true')的计算结果为('' == 'true')。
   3:6>来自项目“d:\MyProject\FrontCRM(C#)\tests\CRM.TestCommon\CRM.TestCommon.csproj”的文件“C:\Program Files\dotnet\sdk\9.0.308\Sdks\Microsoft.NET.Sdk\targets\Microsoft.NET.Sdk.targets”中的目标“GenerateBuildDependencyFile”(目标“CopyFilesToOutputDirectory”依赖于它):
       正在跳过目标“GenerateBuildDependencyFile”，因为所有输出文件相对于输入文件而言都是最新的。
       输入文件:
           d:\MyProject\FrontCRM%28C#%29\tests\CRM.TestCommon\obj\project.assets.json
           d:\MyProject\FrontCRM%28C#%29\tests\CRM.TestCommon\obj\Debug\net9.0\CRM.TestCommon.assets.cache
           d:\MyProject\FrontCRM(C#)\tests\CRM.TestCommon\obj\CRM.TestCommon.csproj.nuget.g.targets
           C:\Program Files\dotnet\sdk\9.0.308\Current\Microsoft.Common.targets\ImportAfter\Microsoft.TestPlatform.ImportAfter.targets
       输出文件:d:\MyProject\FrontCRM%28C#%29\tests\CRM.TestCommon\bin\Debug\net9.0\CRM.TestCommon.deps.json
   3:6>已完成在项目“CRM.TestCommon.csproj”中生成目标“GenerateBuildDependencyFile”的操作。
       由于条件的计算结果为 false，已跳过目标“GenerateBuildRuntimeConfigurationFiles”；( '$(GenerateRuntimeConfigurationFiles)' == 'true')的计算结果为( '' == 'true')。
       由于条件的计算结果为 false，已跳过目标“GenerateShimsAssets”；('$(PackAsTool)' == 'true' and $(PackAsToolShimRuntimeIdentifiers) != '' )的计算结果为('' == 'true' and  != '' )。
   3:6>来自项目“d:\MyProject\FrontCRM(C#)\tests\CRM.TestCommon\CRM.TestCommon.csproj”的文件“C:\Program Files\dotnet\sdk\9.0.308\Microsoft.Common.CurrentVersion.targets”中的目标“CopyFilesToOutputDirectory”(目标“PrepareForRun”依赖于它):
       正在使用程序集“Microsoft.Build.Tasks.Core, Version=15.1.0.0, Culture=neutral, PublicKeyToken=b03f5f7f11d50a3a”中的“Copy”任务。
       任务“Copy”
         未从文件“obj\Debug\net9.0\CRM.TestCommon.dll”复制到文件“bin\Debug\net9.0\CRM.TestCommon.dll”，因为“SkipUnchangedFiles”参数在项目中设置为“true”，而两个文件的大小及时间戳一致。
       已完成执行任务“Copy”的操作。
       正在使用程序集“C:\Program Files\dotnet\sdk\9.0.308\Roslyn\Microsoft.Build.Tasks.CodeAnalysis.dll”中的“CopyRefAssembly”任务。
       任务“CopyRefAssembly”
         在 TaskRun (Microsoft.CodeAnalysis.BuildTasks.CopyRefAssembly) 期间加载的程序集: Microsoft.Build.Tasks.CodeAnalysis.resources, Version=4.14.12.46508, Culture=zh-Hans, PublicKeyToken=31bf3856ad364e35 (位置: C:\Program Files\dotnet\sdk\9.0.308\Roslyn\zh-Hans\Microsoft.Build.Tasks.CodeAnalysis.resources.dll，MVID: 8af0ef19-4f1f-444e-939d-3325ce38cb52，AssemblyLoadContext: MSBuild plugin C:\Program Files\dotnet\sdk\9.0.308\Roslyn\Microsoft.Build.Tasks.CodeAnalysis.dll)
         引用程序集“d:\MyProject\FrontCRM(C#)\tests\CRM.TestCommon\obj\Debug\net9.0\ref\CRM.TestCommon.dll”已具有最新信息。请不要改动。
       已完成执行任务“CopyRefAssembly”的操作。
       任务“Message”
         CRM.TestCommon -> d:\MyProject\FrontCRM(C#)\tests\CRM.TestCommon\bin\Debug\net9.0\CRM.TestCommon.dll
       已完成执行任务“Message”的操作。
       由于 false 条件，已跳过任务“Copy”；('@(AddModules)' != '')计算为('' != '')。
       由于 false 条件，已跳过任务“Copy”；('$(_SGenDllCreated)'=='true')计算为('false'=='true')。
       任务“Copy”
         未从文件“obj\Debug\net9.0\CRM.TestCommon.pdb”复制到文件“bin\Debug\net9.0\CRM.TestCommon.pdb”，因为“SkipUnchangedFiles”参数在项目中设置为“true”，而两个文件的大小及时间戳一致。
       已完成执行任务“Copy”的操作。
       由于 false 条件，已跳过任务“Copy”；('$(_DocumentationFileProduced)'=='true' and '$(CopyDocumentationFileToOutputDirectory)'=='true')计算为('false'=='true' and 'true'=='true')。
       由于 false 条件，已跳过任务“Copy”；('@(IntermediateSatelliteAssembliesWithTargetPath)' != '')计算为('' != '')。
       由于 false 条件，已跳过任务“Copy”；('@(ReferenceComWrappersToCopyLocal)' != '' or '@(ResolvedIsolatedComModules)' != '' or '@(_DeploymentLooseManifestFile)' != '' or '@(NativeReferenceFile)' != '' )计算为('' != '' or '' != '' or '' != '' or '' != '' )。
       由于 false 条件，已跳过任务“Copy”；('$(SkipCopyWinMDArtifact)' != 'true' and '@(WinMDExpArtifacts)' != '')计算为('' != 'true' and '' != '')。
       由于 false 条件，已跳过任务“Message”；('$(SkipCopyWinMDArtifact)' != 'true' and '$(_WindowsMetadataOutputPath)' != '')计算为('' != 'true' and '' != '')。
   3:6>已完成在项目“CRM.TestCommon.csproj”中生成目标“CopyFilesToOutputDirectory”的操作。
       由于条件的计算结果为 false，已跳过目标“_CopyReferenceOnlyAssembliesForBuild”；('$(PreserveCompilationReferences)' == 'true')的计算结果为('' == 'true')。
   3:6>来自项目“d:\MyProject\FrontCRM(C#)\tests\CRM.TestCommon\CRM.TestCommon.csproj”的文件“C:\Program Files\dotnet\sdk\9.0.308\Microsoft.Common.CurrentVersion.targets”中的目标“PrepareForRun”(目标“CoreBuild”依赖于它):
   3:6>已完成在项目“CRM.TestCommon.csproj”中生成目标“PrepareForRun”的操作。
       由于条件的计算结果为 false，已跳过目标“UnmanagedRegistration”；('$(RegisterForComInterop)'=='true' and '$(OutputType)'=='library')的计算结果为(''=='true' and 'Library'=='library')。
       已跳过目标“_CheckForCompileOutputs”。以前的生成已成功。
       由于条件的计算结果为 false，已跳过目标“_SGenCheckForOutputs”；('$(_SGenGenerateSerializationAssembliesConfig)' == 'On' or ('@(WebReferenceUrl)'!='' and '$(_SGenGenerateSerializationAssembliesConfig)' == 'Auto'))的计算结果为('Off' == 'On' or (''!='' and 'Off' == 'Auto'))。
   3:6>来自项目“d:\MyProject\FrontCRM(C#)\tests\CRM.TestCommon\CRM.TestCommon.csproj”的文件“C:\Program Files\dotnet\sdk\9.0.308\Microsoft.Common.CurrentVersion.targets”中的目标“_CleanGetCurrentAndPriorFileWrites”(目标“IncrementalClean”依赖于它):
       正在使用程序集“Microsoft.Build.Tasks.Core, Version=15.1.0.0, Culture=neutral, PublicKeyToken=b03f5f7f11d50a3a”中的“ReadLinesFromFile”任务。
       任务“ReadLinesFromFile”
       已完成执行任务“ReadLinesFromFile”的操作。
       任务“ConvertToAbsolutePath”
       已完成执行任务“ConvertToAbsolutePath”的操作。
       正在使用程序集“Microsoft.Build.Tasks.Core, Version=15.1.0.0, Culture=neutral, PublicKeyToken=b03f5f7f11d50a3a”中的“FindUnderPath”任务。
       任务“FindUnderPath”
         比较路径为“d:\MyProject\FrontCRM(C#)\tests\CRM.TestCommon”。
       已完成执行任务“FindUnderPath”的操作。
       任务“FindUnderPath”
         比较路径为“bin\Debug\net9.0\”。
       已完成执行任务“FindUnderPath”的操作。
       任务“FindUnderPath”
         比较路径为“obj\Debug\net9.0\”。
       已完成执行任务“FindUnderPath”的操作。
       任务“RemoveDuplicates”
       已完成执行任务“RemoveDuplicates”的操作。
   3:6>已完成在项目“CRM.TestCommon.csproj”中生成目标“_CleanGetCurrentAndPriorFileWrites”的操作。
   3:6>来自项目“d:\MyProject\FrontCRM(C#)\tests\CRM.TestCommon\CRM.TestCommon.csproj”的文件“C:\Program Files\dotnet\sdk\9.0.308\Microsoft.Common.CurrentVersion.targets”中的目标“IncrementalClean”(目标“CoreBuild”依赖于它):
       任务“FindUnderPath”
         比较路径为“bin\Debug\net9.0\”。
       已完成执行任务“FindUnderPath”的操作。
       任务“FindUnderPath”
         比较路径为“obj\Debug\net9.0\”。
       已完成执行任务“FindUnderPath”的操作。
       正在使用程序集“Microsoft.Build.Tasks.Core, Version=15.1.0.0, Culture=neutral, PublicKeyToken=b03f5f7f11d50a3a”中的“Delete”任务。
       任务“Delete”
       已完成执行任务“Delete”的操作。
       任务“RemoveDuplicates”
       已完成执行任务“RemoveDuplicates”的操作。
       由于 false 条件，已跳过任务“WriteLinesToFile”；('@(_CleanUnfilteredPriorFileWrites)'!='@(_CleanUniqueRemainingFileWritesAfterIncrementalClean)')计算为('d:\MyProject\FrontCRM(C#)\tests\CRM.TestCommon\bin\Debug\net9.0\CRM.TestCommon.deps.json;d:\MyProject\FrontCRM(C#)\tests\CRM.TestCommon\bin\Debug\net9.0\CRM.TestCommon.dll;d:\MyProject\FrontCRM(C#)\tests\CRM.TestCommon\bin\Debug\net9.0\CRM.TestCommon.pdb;...'!='d:\MyProject\FrontCRM(C#)\tests\CRM.TestCommon\bin\Debug\net9.0\CRM.TestCommon.deps.json;d:\MyProject\FrontCRM(C#)\tests\CRM.TestCommon\bin\Debug\net9.0\CRM.TestCommon.dll;d:\MyProject\FrontCRM(C#)\tests\CRM.TestCommon\bin\Debug\net9.0\CRM.TestCommon.pdb;...')。
   3:6>已完成在项目“CRM.TestCommon.csproj”中生成目标“IncrementalClean”的操作。
       由于条件的计算结果为 false，已跳过目标“PostBuildEvent”；('$(PostBuildEvent)' != '' and ('$(RunPostBuildEvent)' != 'OnOutputUpdated' or '$(_AssemblyTimestampBeforeCompile)' != '$(_AssemblyTimestampAfterCompile)'))的计算结果为('' != '' and ('' != 'OnOutputUpdated' or '' != ''))。
       已跳过目标“GenerateBuildDependencyFile”。以前的生成已成功。
       由于条件的计算结果为 false，已跳过目标“GenerateBuildRuntimeConfigurationFiles”；( '$(GenerateRuntimeConfigurationFiles)' == 'true')的计算结果为( '' == 'true')。
   3:6>来自项目“d:\MyProject\FrontCRM(C#)\tests\CRM.TestCommon\CRM.TestCommon.csproj”的文件“C:\Program Files\dotnet\sdk\9.0.308\Microsoft.Common.CurrentVersion.targets”中的目标“CoreBuild”(目标“Build”依赖于它):
   3:6>已完成在项目“CRM.TestCommon.csproj”中生成目标“CoreBuild”的操作。
   3:6>来自项目“d:\MyProject\FrontCRM(C#)\tests\CRM.TestCommon\CRM.TestCommon.csproj”的文件“C:\Program Files\dotnet\sdk\9.0.308\Microsoft.Common.CurrentVersion.targets”中的目标“AfterBuild”(目标“Build”依赖于它):
   3:6>已完成在项目“CRM.TestCommon.csproj”中生成目标“AfterBuild”的操作。
       由于条件的计算结果为 false，已跳过目标“_CheckBrowserWorkloadNeededButNotAvailable”；('$(RuntimeIdentifier)' == 'browser-wasm' and '$(_BrowserWorkloadDisabled)' != 'true' and '$(WasmNativeWorkloadAvailable)' != 'true')的计算结果为('' == 'browser-wasm' and '' != 'true' and '' != 'true')。
       由于条件的计算结果为 false，已跳过目标“_ErrorWorkloadDisabledForTFMLessThan6”；('$(_BrowserWorkloadNotSupportedForTFM)' == 'true')的计算结果为('' == 'true')。
       由于条件的计算结果为 false，已跳过目标“_ErrorDualWasmThreadPropsOn7”；('$(TargetsNet7)' == 'true' and '$(RuntimeIdentifier)' == 'browser-wasm' and
           '$(BrowserWorkloadDisabled)' != 'true' and '$(WasmEnableThreads)' == 'true' and '$(WasmEnablePerfTrace)' == 'true')的计算结果为('' == 'true' and '' == 'browser-wasm' and
           '' != 'true' and '' == 'true' and '' == 'true')。
       已跳过目标“_CheckForInvalidConfigurationAndPlatform”。以前的生成已成功。
       已跳过目标“_CheckForInvalidConfigurationAndPlatform”。以前的生成已成功。
   3:6>来自项目“d:\MyProject\FrontCRM(C#)\tests\CRM.TestCommon\CRM.TestCommon.csproj”的文件“C:\Program Files\dotnet\sdk\9.0.308\Microsoft.Common.CurrentVersion.targets”中的目标“Build”(入口点):
   3:6>已完成在项目“CRM.TestCommon.csproj”中生成目标“Build”的操作。
       由于条件的计算结果为 false，已跳过目标“_PackAsBuildAfterTarget”；('$(GeneratePackageOnBuild)' == 'true' AND '$(IsInnerBuild)' != 'true')的计算结果为('false' == 'true' AND '' != 'true')。
   3:6>来自项目“d:\MyProject\FrontCRM(C#)\tests\CRM.TestCommon\CRM.TestCommon.csproj”的文件“C:\Program Files\dotnet\sdk\9.0.308\Containers\build\Microsoft.NET.Build.Containers.targets”中的目标“_CheckContainersPackage”(入口点):
       由于 false 条件，已跳过任务“Warning”；($(_ContainerPackageIsPresent)
               and (
                 ($(_SdkCanPublishWeb) and $(_IsWebProject)) or
                 ($(_SdkCanPublishWorker) and $(_IsWorkerProject)) or
                 ($(_SdkCanPublishConsole) and '$(EnableSdkContainerSupport)' == 'true')
               ))计算为(false
               and (
                 (True and false) or
                 (True and false) or
                 (True and '' == 'true')
               ))。
   3:6>已完成在项目“CRM.TestCommon.csproj”中生成目标“_CheckContainersPackage”的操作。
   3:6>已完成生成项目“d:\MyProject\FrontCRM(C#)\tests\CRM.TestCommon\CRM.TestCommon.csproj”(默认目标)的操作。
   1:8>已完成执行任务“MSBuild”的操作。
       任务“MSBuild”
         移除项目“..\..\CRM.Core\CRM.Core.csproj”的属性:
           TargetFramework
           RuntimeIdentifier
           SelfContained
         移除项目“..\CRM.TestCommon\CRM.TestCommon.csproj”的属性:
           TargetFramework
           RuntimeIdentifier
           SelfContained
   1:8>项目“d:\MyProject\FrontCRM(C#)\tests\CRM.Core.Tests\CRM.Core.Tests.csproj”(1:8)正在节点 2 上生成“d:\MyProject\FrontCRM(C#)\CRM.Core\CRM.Core.csproj”(2:7) (GetNativeManifest 个目标)。
   2:7>来自项目“d:\MyProject\FrontCRM(C#)\CRM.Core\CRM.Core.csproj”的文件“C:\Program Files\dotnet\sdk\9.0.308\Microsoft.Common.CurrentVersion.targets”中的目标“GetNativeManifest”(入口点):
   2:7>已完成在项目“CRM.Core.csproj”中生成目标“GetNativeManifest”的操作。
   2:7>已完成生成项目“d:\MyProject\FrontCRM(C#)\CRM.Core\CRM.Core.csproj”(GetNativeManifest 个目标)的操作。
   1:8>项目“d:\MyProject\FrontCRM(C#)\tests\CRM.Core.Tests\CRM.Core.Tests.csproj”(1:8)正在节点 1 上生成“d:\MyProject\FrontCRM(C#)\tests\CRM.TestCommon\CRM.TestCommon.csproj”(3:7) (GetNativeManifest 个目标)。
   3:7>来自项目“d:\MyProject\FrontCRM(C#)\tests\CRM.TestCommon\CRM.TestCommon.csproj”的文件“C:\Program Files\dotnet\sdk\9.0.308\Microsoft.Common.CurrentVersion.targets”中的目标“GetNativeManifest”(入口点):
   3:7>已完成在项目“CRM.TestCommon.csproj”中生成目标“GetNativeManifest”的操作。
   3:7>已完成生成项目“d:\MyProject\FrontCRM(C#)\tests\CRM.TestCommon\CRM.TestCommon.csproj”(GetNativeManifest 个目标)的操作。
   1:8>已完成执行任务“MSBuild”的操作。
       由于 false 条件，已跳过任务“MSBuildInternalMessage”；('$(_NonExistentProjectReferenceSeverity)' != '')计算为('' != '')。
   1:8>已完成在项目“CRM.Core.Tests.csproj”中生成目标“ResolveProjectReferences”的操作。
       由于条件的计算结果为 false，已跳过目标“FindInvalidProjectReferences”；('$(FindInvalidProjectReferences)' == 'true')的计算结果为('' == 'true')。
       由于条件的计算结果为 false，已跳过目标“ResolveNativeReferences”；('@(NativeReference)'!='')的计算结果为(''!='')。
       已跳过目标“ResolveProjectReferences”。以前的生成已成功。
       由于条件的计算结果为 false，已跳过目标“FindInvalidProjectReferences”；('$(FindInvalidProjectReferences)' == 'true')的计算结果为('' == 'true')。
       已跳过目标“GetFrameworkPaths”。以前的生成已成功。
       已跳过目标“GetReferenceAssemblyPaths”。以前的生成已成功。
       已跳过目标“PrepareForBuild”。以前的生成已成功。
       由于条件的计算结果为 false，已跳过目标“GetInstalledSDKLocations”；('@(SDKReference)' != '')的计算结果为('' != '')。
   1:8>来自项目“d:\MyProject\FrontCRM(C#)\tests\CRM.Core.Tests\CRM.Core.Tests.csproj”的文件“C:\Program Files\dotnet\sdk\9.0.308\Microsoft.Common.CurrentVersion.targets”中的目标“ResolveSDKReferences”(目标“ResolveAssemblyReferences”依赖于它):
       由于 false 条件，已跳过任务“ResolveSDKReference”；('@(SDKReference)'!='')计算为(''!='')。
   1:8>已完成在项目“CRM.Core.Tests.csproj”中生成目标“ResolveSDKReferences”的操作。
       已跳过目标“ResolveSDKReferences”。以前的生成已成功。
   1:8>来自项目“d:\MyProject\FrontCRM(C#)\tests\CRM.Core.Tests\CRM.Core.Tests.csproj”的文件“C:\Program Files\dotnet\sdk\9.0.308\Microsoft.Common.CurrentVersion.targets”中的目标“ExpandSDKReferences”(目标“ResolveAssemblyReferences”依赖于它):
       由于 false 条件，已跳过任务“GetSDKReferenceFiles”；('@(ResolvedSDKReference)'!='')计算为(''!='')。
   1:8>已完成在项目“CRM.Core.Tests.csproj”中生成目标“ExpandSDKReferences”的操作。
       已跳过目标“ResolvePackageDependenciesForBuild”。以前的生成已成功。
       已跳过目标“GetFrameworkPaths”。以前的生成已成功。
       已跳过目标“GetReferenceAssemblyPaths”。以前的生成已成功。
       已跳过目标“ProcessFrameworkReferences”。以前的生成已成功。
       已跳过目标“ResolvePackageAssets”。以前的生成已成功。
   1:8>来自项目“d:\MyProject\FrontCRM(C#)\tests\CRM.Core.Tests\CRM.Core.Tests.csproj”的文件“C:\Program Files\dotnet\sdk\9.0.308\Sdks\Microsoft.NET.Sdk\targets\Microsoft.NET.Sdk.FrameworkReferenceResolution.targets”中的目标“ResolveFrameworkReferences”(目标“ResolveTargetingPackAssets”依赖于它):
       正在使用程序集“C:\Program Files\dotnet\sdk\9.0.308\Sdks\Microsoft.NET.Sdk\targets\..\tools\net9.0\Microsoft.NET.Build.Tasks.dll”中的“GetPackageDirectory”任务。
       任务“GetPackageDirectory”
       已完成执行任务“GetPackageDirectory”的操作。
       任务“GetPackageDirectory”
       已完成执行任务“GetPackageDirectory”的操作。
       任务“GetPackageDirectory”
       已完成执行任务“GetPackageDirectory”的操作。
       任务“GetPackageDirectory”
       已完成执行任务“GetPackageDirectory”的操作。
       任务“GetPackageDirectory”
       已完成执行任务“GetPackageDirectory”的操作。
       任务“GetPackageDirectory”
       已完成执行任务“GetPackageDirectory”的操作。
       任务“GetPackageDirectory”
       已完成执行任务“GetPackageDirectory”的操作。
       任务“GetPackageDirectory”
       已完成执行任务“GetPackageDirectory”的操作。
       任务“GetPackageDirectory”
       已完成执行任务“GetPackageDirectory”的操作。
       任务“GetPackageDirectory”
       已完成执行任务“GetPackageDirectory”的操作。
       正在使用程序集“C:\Program Files\dotnet\sdk\9.0.308\Sdks\Microsoft.NET.Sdk\targets\..\tools\net9.0\Microsoft.NET.Build.Tasks.dll”中的“ResolveFrameworkReferences”任务。
       任务“ResolveFrameworkReferences”
       已完成执行任务“ResolveFrameworkReferences”的操作。
   1:8>已完成在项目“CRM.Core.Tests.csproj”中生成目标“ResolveFrameworkReferences”的操作。
   1:8>来自项目“d:\MyProject\FrontCRM(C#)\tests\CRM.Core.Tests\CRM.Core.Tests.csproj”的文件“C:\Program Files\dotnet\sdk\9.0.308\Sdks\Microsoft.NET.Sdk\targets\Microsoft.NET.Sdk.FrameworkReferenceResolution.targets”中的目标“ResolveTargetingPackAssets”(目标“_HandlePackageFileConflicts”依赖于它):
       正在使用程序集“C:\Program Files\dotnet\sdk\9.0.308\Sdks\Microsoft.NET.Sdk\targets\..\tools\net9.0\Microsoft.NET.Build.Tasks.dll”中的“ResolveTargetingPackAssets”任务。
       任务“ResolveTargetingPackAssets”
       已完成执行任务“ResolveTargetingPackAssets”的操作。
   1:8>已完成在项目“CRM.Core.Tests.csproj”中生成目标“ResolveTargetingPackAssets”的操作。
   1:8>来自项目“d:\MyProject\FrontCRM(C#)\tests\CRM.Core.Tests\CRM.Core.Tests.csproj”的文件“C:\Program Files\dotnet\sdk\9.0.308\Sdks\Microsoft.NET.Sdk\targets\Microsoft.NET.Sdk.FrameworkReferenceResolution.targets”中的目标“ResolveOffByDefaultAnalyzers”(目标“_HandlePackageFileConflicts”依赖于它):
   1:8>已完成在项目“CRM.Core.Tests.csproj”中生成目标“ResolveOffByDefaultAnalyzers”的操作。
   1:8>来自项目“d:\MyProject\FrontCRM(C#)\tests\CRM.Core.Tests\CRM.Core.Tests.csproj”的文件“C:\Program Files\dotnet\sdk\9.0.308\Sdks\Microsoft.NET.Sdk\targets\Microsoft.NET.ConflictResolution.targets”中的目标“_HandlePackageFileConflicts”(目标“ResolveAssemblyReferences”依赖于它):
       正在使用程序集“C:\Program Files\dotnet\sdk\9.0.308\Sdks\Microsoft.NET.Sdk\targets\..\tools\net9.0\Microsoft.NET.Build.Tasks.dll”中的“ResolvePackageFileConflicts”任务。
       任务“ResolvePackageFileConflicts”
         “Reference:C:\Users\admin\.nuget\packages\microsoft.testplatform.objectmodel\18.3.0\lib\net8.0\Microsoft.TestPlatform.CoreUtilities.dll”和“Reference:C:\Users\admin\.nuget\packages\microsoft.testplatform.testhost\18.3.0\lib\net8.0\Microsoft.TestPlatform.CoreUtilities.dll”之间存在冲突。 文件和程序集版本相等，因此无法确定优胜者。
         “Reference:C:\Users\admin\.nuget\packages\microsoft.testplatform.objectmodel\18.3.0\lib\net8.0\Microsoft.TestPlatform.PlatformAbstractions.dll”和“Reference:C:\Users\admin\.nuget\packages\microsoft.testplatform.testhost\18.3.0\lib\net8.0\Microsoft.TestPlatform.PlatformAbstractions.dll”之间存在冲突。 文件和程序集版本相等，因此无法确定优胜者。
         “Reference:C:\Users\admin\.nuget\packages\microsoft.testplatform.objectmodel\18.3.0\lib\net8.0\Microsoft.VisualStudio.TestPlatform.ObjectModel.dll”和“Reference:C:\Users\admin\.nuget\packages\microsoft.testplatform.testhost\18.3.0\lib\net8.0\Microsoft.VisualStudio.TestPlatform.ObjectModel.dll”之间存在冲突。 文件和程序集版本相等，因此无法确定优胜者。
         “CopyLocal:C:\Users\admin\.nuget\packages\microsoft.testplatform.objectmodel\18.3.0\lib\net8.0\Microsoft.TestPlatform.CoreUtilities.dll”和“CopyLocal:C:\Users\admin\.nuget\packages\microsoft.testplatform.testhost\18.3.0\lib\net8.0\Microsoft.TestPlatform.CoreUtilities.dll”之间存在冲突。 任意选择“CopyLocal:C:\Users\admin\.nuget\packages\microsoft.testplatform.objectmodel\18.3.0\lib\net8.0\Microsoft.TestPlatform.CoreUtilities.dll”，因为两个项都是本地副本且文件和程序集版本相等。
         “CopyLocal:C:\Users\admin\.nuget\packages\microsoft.testplatform.objectmodel\18.3.0\lib\net8.0\Microsoft.TestPlatform.PlatformAbstractions.dll”和“CopyLocal:C:\Users\admin\.nuget\packages\microsoft.testplatform.testhost\18.3.0\lib\net8.0\Microsoft.TestPlatform.PlatformAbstractions.dll”之间存在冲突。 任意选择“CopyLocal:C:\Users\admin\.nuget\packages\microsoft.testplatform.objectmodel\18.3.0\lib\net8.0\Microsoft.TestPlatform.PlatformAbstractions.dll”，因为两个项都是本地副本且文件和程序集版本相等。
         “CopyLocal:C:\Users\admin\.nuget\packages\microsoft.testplatform.objectmodel\18.3.0\lib\net8.0\Microsoft.VisualStudio.TestPlatform.ObjectModel.dll”和“CopyLocal:C:\Users\admin\.nuget\packages\microsoft.testplatform.testhost\18.3.0\lib\net8.0\Microsoft.VisualStudio.TestPlatform.ObjectModel.dll”之间存在冲突。 任意选择“CopyLocal:C:\Users\admin\.nuget\packages\microsoft.testplatform.objectmodel\18.3.0\lib\net8.0\Microsoft.VisualStudio.TestPlatform.ObjectModel.dll”，因为两个项都是本地副本且文件和程序集版本相等。
         “Platform:mscorlib.dll”和“Platform:mscorlib.dll”之间存在冲突。 文件和程序集版本相等，因此无法确定优胜者。
         “Platform:Microsoft.VisualBasic.dll”和“Platform:Microsoft.VisualBasic.dll”之间存在冲突。 文件和程序集版本相等，因此无法确定优胜者。
         “Platform:System.dll”和“Platform:System.dll”之间存在冲突。 文件和程序集版本相等，因此无法确定优胜者。
         “Platform:System.ComponentModel.DataAnnotations.dll”和“Platform:System.ComponentModel.DataAnnotations.dll”之间存在冲突。 文件和程序集版本相等，因此无法确定优胜者。
         “Platform:System.Configuration.dll”和“Platform:System.Configuration.dll”之间存在冲突。 文件和程序集版本相等，因此无法确定优胜者。
         “Platform:System.Core.dll”和“Platform:System.Core.dll”之间存在冲突。 文件和程序集版本相等，因此无法确定优胜者。
         “Platform:System.Data.dll”和“Platform:System.Data.dll”之间存在冲突。 文件和程序集版本相等，因此无法确定优胜者。
         “Platform:System.Drawing.dll”和“Platform:System.Drawing.dll”之间存在冲突。 文件和程序集版本相等，因此无法确定优胜者。
         “Platform:System.IO.Compression.FileSystem.dll”和“Platform:System.IO.Compression.FileSystem.dll”之间存在冲突。 文件和程序集版本相等，因此无法确定优胜者。
         “Platform:System.Net.dll”和“Platform:System.Net.dll”之间存在冲突。 文件和程序集版本相等，因此无法确定优胜者。
         “Platform:System.Numerics.dll”和“Platform:System.Numerics.dll”之间存在冲突。 文件和程序集版本相等，因此无法确定优胜者。
         “Platform:System.Runtime.Serialization.dll”和“Platform:System.Runtime.Serialization.dll”之间存在冲突。 文件和程序集版本相等，因此无法确定优胜者。
         “Platform:System.Security.dll”和“Platform:System.Security.dll”之间存在冲突。 文件和程序集版本相等，因此无法确定优胜者。
         “Platform:System.ServiceProcess.dll”和“Platform:System.ServiceProcess.dll”之间存在冲突。 文件和程序集版本相等，因此无法确定优胜者。
         “Platform:System.ServiceModel.Web.dll”和“Platform:System.ServiceModel.Web.dll”之间存在冲突。 文件和程序集版本相等，因此无法确定优胜者。
         “Platform:System.Transactions.dll”和“Platform:System.Transactions.dll”之间存在冲突。 文件和程序集版本相等，因此无法确定优胜者。
         “Platform:System.Web.dll”和“Platform:System.Web.dll”之间存在冲突。 文件和程序集版本相等，因此无法确定优胜者。
         “Platform:System.Windows.dll”和“Platform:System.Windows.dll”之间存在冲突。 文件和程序集版本相等，因此无法确定优胜者。
         “Platform:System.Xml.dll”和“Platform:System.Xml.dll”之间存在冲突。 文件和程序集版本相等，因此无法确定优胜者。
         “Platform:System.Xml.Serialization.dll”和“Platform:System.Xml.Serialization.dll”之间存在冲突。 文件和程序集版本相等，因此无法确定优胜者。
         “Platform:System.Xml.Linq.dll”和“Platform:System.Xml.Linq.dll”之间存在冲突。 文件和程序集版本相等，因此无法确定优胜者。
         “Platform:WindowsBase.dll”和“Platform:WindowsBase.dll”之间存在冲突。 文件和程序集版本相等，因此无法确定优胜者。
         “Platform:netstandard.dll”和“Platform:netstandard.dll”之间存在冲突。 文件和程序集版本相等，因此无法确定优胜者。
         “Platform:System.Private.CoreLib.dll”和“Platform:System.Private.CoreLib.dll”之间存在冲突。 文件和程序集版本相等，因此无法确定优胜者。
         “Platform:System.Private.DataContractSerialization.dll”和“Platform:System.Private.DataContractSerialization.dll”之间存在冲突。 文件和程序集版本相等，因此无法确定优胜者。
         “Platform:System.Private.Uri.dll”和“Platform:System.Private.Uri.dll”之间存在冲突。 文件和程序集版本相等，因此无法确定优胜者。
         “Platform:System.Private.Xml.dll”和“Platform:System.Private.Xml.dll”之间存在冲突。 文件和程序集版本相等，因此无法确定优胜者。
         “Platform:System.Private.Xml.Linq.dll”和“Platform:System.Private.Xml.Linq.dll”之间存在冲突。 文件和程序集版本相等，因此无法确定优胜者。
         “Platform:mscordaccore_amd64_amd64_9.0.1125.51716.dll”和“Platform:mscordaccore_amd64_amd64_9.0.1125.51716.dll”之间存在冲突。 文件和程序集版本相等，因此无法确定优胜者。
       已完成执行任务“ResolvePackageFileConflicts”的操作。
   1:8>已完成在项目“CRM.Core.Tests.csproj”中生成目标“_HandlePackageFileConflicts”的操作。
       已跳过目标“ResolveTargetingPackAssets”。以前的生成已成功。
   1:8>来自项目“d:\MyProject\FrontCRM(C#)\tests\CRM.Core.Tests\CRM.Core.Tests.csproj”的文件“C:\Program Files\dotnet\sdk\9.0.308\Microsoft.Common.CurrentVersion.targets”中的目标“ResolveAssemblyReferences”(目标“ResolveReferences”依赖于它):
       任务“ResolveAssemblyReference”
         TargetFrameworkMoniker:
             .NETCoreApp,Version=v9.0
         TargetFrameworkMonikerDisplayName:
             .NET 9.0
         TargetedRuntimeVersion:
             
         Assemblies:
             C:\Users\admin\.nuget\packages\bogus\35.6.5\lib\net6.0\Bogus.dll
                 Private =“false”
                 HintPath =“C:\Users\admin\.nuget\packages\bogus\35.6.5\lib\net6.0\Bogus.dll”
             C:\Users\admin\.nuget\packages\castle.core\5.1.1\lib\net6.0\Castle.Core.dll
                 Private =“false”
                 HintPath =“C:\Users\admin\.nuget\packages\castle.core\5.1.1\lib\net6.0\Castle.Core.dll”
             C:\Users\admin\.nuget\packages\fluentassertions\8.8.0\lib\net6.0\FluentAssertions.dll
                 Private =“false”
                 HintPath =“C:\Users\admin\.nuget\packages\fluentassertions\8.8.0\lib\net6.0\FluentAssertions.dll”
             C:\Users\admin\.nuget\packages\microsoft.codecoverage\18.3.0\lib\net8.0\Microsoft.VisualStudio.CodeCoverage.Shim.dll
                 Private =“false”
                 HintPath =“C:\Users\admin\.nuget\packages\microsoft.codecoverage\18.3.0\lib\net8.0\Microsoft.VisualStudio.CodeCoverage.Shim.dll”
             C:\Users\admin\.nuget\packages\microsoft.testplatform.objectmodel\18.3.0\lib\net8.0\Microsoft.TestPlatform.CoreUtilities.dll
                 Private =“false”
                 HintPath =“C:\Users\admin\.nuget\packages\microsoft.testplatform.objectmodel\18.3.0\lib\net8.0\Microsoft.TestPlatform.CoreUtilities.dll”
             C:\Users\admin\.nuget\packages\microsoft.testplatform.objectmodel\18.3.0\lib\net8.0\Microsoft.TestPlatform.PlatformAbstractions.dll
                 Private =“false”
                 HintPath =“C:\Users\admin\.nuget\packages\microsoft.testplatform.objectmodel\18.3.0\lib\net8.0\Microsoft.TestPlatform.PlatformAbstractions.dll”
             C:\Users\admin\.nuget\packages\microsoft.testplatform.objectmodel\18.3.0\lib\net8.0\Microsoft.VisualStudio.TestPlatform.ObjectModel.dll
                 Private =“false”
                 HintPath =“C:\Users\admin\.nuget\packages\microsoft.testplatform.objectmodel\18.3.0\lib\net8.0\Microsoft.VisualStudio.TestPlatform.ObjectModel.dll”
             C:\Users\admin\.nuget\packages\microsoft.testplatform.testhost\18.3.0\lib\net8.0\Microsoft.TestPlatform.CommunicationUtilities.dll
                 Private =“false”
                 HintPath =“C:\Users\admin\.nuget\packages\microsoft.testplatform.testhost\18.3.0\lib\net8.0\Microsoft.TestPlatform.CommunicationUtilities.dll”
             C:\Users\admin\.nuget\packages\microsoft.testplatform.testhost\18.3.0\lib\net8.0\Microsoft.TestPlatform.CoreUtilities.dll
                 Private =“false”
                 HintPath =“C:\Users\admin\.nuget\packages\microsoft.testplatform.testhost\18.3.0\lib\net8.0\Microsoft.TestPlatform.CoreUtilities.dll”
             C:\Users\admin\.nuget\packages\microsoft.testplatform.testhost\18.3.0\lib\net8.0\Microsoft.TestPlatform.CrossPlatEngine.dll
                 Private =“false”
                 HintPath =“C:\Users\admin\.nuget\packages\microsoft.testplatform.testhost\18.3.0\lib\net8.0\Microsoft.TestPlatform.CrossPlatEngine.dll”
             C:\Users\admin\.nuget\packages\microsoft.testplatform.testhost\18.3.0\lib\net8.0\Microsoft.TestPlatform.PlatformAbstractions.dll
                 Private =“false”
                 HintPath =“C:\Users\admin\.nuget\packages\microsoft.testplatform.testhost\18.3.0\lib\net8.0\Microsoft.TestPlatform.PlatformAbstractions.dll”
             C:\Users\admin\.nuget\packages\microsoft.testplatform.testhost\18.3.0\lib\net8.0\Microsoft.TestPlatform.Utilities.dll
                 Private =“false”
                 HintPath =“C:\Users\admin\.nuget\packages\microsoft.testplatform.testhost\18.3.0\lib\net8.0\Microsoft.TestPlatform.Utilities.dll”
             C:\Users\admin\.nuget\packages\microsoft.testplatform.testhost\18.3.0\lib\net8.0\Microsoft.VisualStudio.TestPlatform.Common.dll
                 Private =“false”
                 HintPath =“C:\Users\admin\.nuget\packages\microsoft.testplatform.testhost\18.3.0\lib\net8.0\Microsoft.VisualStudio.TestPlatform.Common.dll”
             C:\Users\admin\.nuget\packages\microsoft.testplatform.testhost\18.3.0\lib\net8.0\Microsoft.VisualStudio.TestPlatform.ObjectModel.dll
                 Private =“false”
                 HintPath =“C:\Users\admin\.nuget\packages\microsoft.testplatform.testhost\18.3.0\lib\net8.0\Microsoft.VisualStudio.TestPlatform.ObjectModel.dll”
             C:\Users\admin\.nuget\packages\microsoft.testplatform.testhost\18.3.0\lib\net8.0\testhost.dll
                 Private =“false”
                 HintPath =“C:\Users\admin\.nuget\packages\microsoft.testplatform.testhost\18.3.0\lib\net8.0\testhost.dll”
             C:\Users\admin\.nuget\packages\newtonsoft.json\13.0.3\lib\net6.0\Newtonsoft.Json.dll
                 Private =“false”
                 HintPath =“C:\Users\admin\.nuget\packages\newtonsoft.json\13.0.3\lib\net6.0\Newtonsoft.Json.dll”
             C:\Users\admin\.nuget\packages\nsubstitute\5.3.0\lib\net6.0\NSubstitute.dll
                 Private =“false”
                 HintPath =“C:\Users\admin\.nuget\packages\nsubstitute\5.3.0\lib\net6.0\NSubstitute.dll”
             C:\Users\admin\.nuget\packages\system.diagnostics.eventlog\6.0.0\lib\net6.0\System.Diagnostics.EventLog.dll
                 Private =“false”
                 HintPath =“C:\Users\admin\.nuget\packages\system.diagnostics.eventlog\6.0.0\lib\net6.0\System.Diagnostics.EventLog.dll”
             C:\Users\admin\.nuget\packages\xunit.abstractions\2.0.3\lib\netstandard2.0\xunit.abstractions.dll
                 Private =“false”
                 HintPath =“C:\Users\admin\.nuget\packages\xunit.abstractions\2.0.3\lib\netstandard2.0\xunit.abstractions.dll”
             C:\Users\admin\.nuget\packages\xunit.assert\2.9.3\lib\net6.0\xunit.assert.dll
                 Private =“false”
                 HintPath =“C:\Users\admin\.nuget\packages\xunit.assert\2.9.3\lib\net6.0\xunit.assert.dll”
             C:\Users\admin\.nuget\packages\xunit.extensibility.core\2.9.3\lib\netstandard1.1\xunit.core.dll
                 Private =“false”
                 HintPath =“C:\Users\admin\.nuget\packages\xunit.extensibility.core\2.9.3\lib\netstandard1.1\xunit.core.dll”
             C:\Users\admin\.nuget\packages\xunit.extensibility.execution\2.9.3\lib\netstandard1.1\xunit.execution.dotnet.dll
                 Private =“false”
                 HintPath =“C:\Users\admin\.nuget\packages\xunit.extensibility.execution\2.9.3\lib\netstandard1.1\xunit.execution.dotnet.dll”
             C:\Program Files\dotnet\packs\Microsoft.NETCore.App.Ref\9.0.11\ref/net9.0/Microsoft.CSharp.dll
                 Private =“false”
             C:\Program Files\dotnet\packs\Microsoft.NETCore.App.Ref\9.0.11\ref/net9.0/Microsoft.VisualBasic.Core.dll
                 Private =“false”
             C:\Program Files\dotnet\packs\Microsoft.NETCore.App.Ref\9.0.11\ref/net9.0/Microsoft.VisualBasic.dll
                 Private =“false”
             C:\Program Files\dotnet\packs\Microsoft.NETCore.App.Ref\9.0.11\ref/net9.0/Microsoft.Win32.Primitives.dll
                 Private =“false”
             C:\Program Files\dotnet\packs\Microsoft.NETCore.App.Ref\9.0.11\ref/net9.0/Microsoft.Win32.Registry.dll
                 Private =“false”
             C:\Program Files\dotnet\packs\Microsoft.NETCore.App.Ref\9.0.11\ref/net9.0/System.AppContext.dll
                 Private =“false”
             C:\Program Files\dotnet\packs\Microsoft.NETCore.App.Ref\9.0.11\ref/net9.0/System.Buffers.dll
                 Private =“false”
             C:\Program Files\dotnet\packs\Microsoft.NETCore.App.Ref\9.0.11\ref/net9.0/System.Collections.Concurrent.dll
                 Private =“false”
             C:\Program Files\dotnet\packs\Microsoft.NETCore.App.Ref\9.0.11\ref/net9.0/System.Collections.Immutable.dll
                 Private =“false”
             C:\Program Files\dotnet\packs\Microsoft.NETCore.App.Ref\9.0.11\ref/net9.0/System.Collections.NonGeneric.dll
                 Private =“false”
             C:\Program Files\dotnet\packs\Microsoft.NETCore.App.Ref\9.0.11\ref/net9.0/System.Collections.Specialized.dll
                 Private =“false”
             C:\Program Files\dotnet\packs\Microsoft.NETCore.App.Ref\9.0.11\ref/net9.0/System.Collections.dll
                 Private =“false”
             C:\Program Files\dotnet\packs\Microsoft.NETCore.App.Ref\9.0.11\ref/net9.0/System.ComponentModel.Annotations.dll
                 Private =“false”
             C:\Program Files\dotnet\packs\Microsoft.NETCore.App.Ref\9.0.11\ref/net9.0/System.ComponentModel.DataAnnotations.dll
                 Private =“false”
             C:\Program Files\dotnet\packs\Microsoft.NETCore.App.Ref\9.0.11\ref/net9.0/System.ComponentModel.EventBasedAsync.dll
                 Private =“false”
             C:\Program Files\dotnet\packs\Microsoft.NETCore.App.Ref\9.0.11\ref/net9.0/System.ComponentModel.Primitives.dll
                 Private =“false”
             C:\Program Files\dotnet\packs\Microsoft.NETCore.App.Ref\9.0.11\ref/net9.0/System.ComponentModel.TypeConverter.dll
                 Private =“false”
             C:\Program Files\dotnet\packs\Microsoft.NETCore.App.Ref\9.0.11\ref/net9.0/System.ComponentModel.dll
                 Private =“false”
             C:\Program Files\dotnet\packs\Microsoft.NETCore.App.Ref\9.0.11\ref/net9.0/System.Configuration.dll
                 Private =“false”
             C:\Program Files\dotnet\packs\Microsoft.NETCore.App.Ref\9.0.11\ref/net9.0/System.Console.dll
                 Private =“false”
             C:\Program Files\dotnet\packs\Microsoft.NETCore.App.Ref\9.0.11\ref/net9.0/System.Core.dll
                 Private =“false”
             C:\Program Files\dotnet\packs\Microsoft.NETCore.App.Ref\9.0.11\ref/net9.0/System.Data.Common.dll
                 Private =“false”
             C:\Program Files\dotnet\packs\Microsoft.NETCore.App.Ref\9.0.11\ref/net9.0/System.Data.DataSetExtensions.dll
                 Private =“false”
             C:\Program Files\dotnet\packs\Microsoft.NETCore.App.Ref\9.0.11\ref/net9.0/System.Data.dll
                 Private =“false”
             C:\Program Files\dotnet\packs\Microsoft.NETCore.App.Ref\9.0.11\ref/net9.0/System.Diagnostics.Contracts.dll
                 Private =“false”
             C:\Program Files\dotnet\packs\Microsoft.NETCore.App.Ref\9.0.11\ref/net9.0/System.Diagnostics.Debug.dll
                 Private =“false”
             C:\Program Files\dotnet\packs\Microsoft.NETCore.App.Ref\9.0.11\ref/net9.0/System.Diagnostics.DiagnosticSource.dll
                 Private =“false”
             C:\Program Files\dotnet\packs\Microsoft.NETCore.App.Ref\9.0.11\ref/net9.0/System.Diagnostics.FileVersionInfo.dll
                 Private =“false”
             C:\Program Files\dotnet\packs\Microsoft.NETCore.App.Ref\9.0.11\ref/net9.0/System.Diagnostics.Process.dll
                 Private =“false”
             C:\Program Files\dotnet\packs\Microsoft.NETCore.App.Ref\9.0.11\ref/net9.0/System.Diagnostics.StackTrace.dll
                 Private =“false”
             C:\Program Files\dotnet\packs\Microsoft.NETCore.App.Ref\9.0.11\ref/net9.0/System.Diagnostics.TextWriterTraceListener.dll
                 Private =“false”
             C:\Program Files\dotnet\packs\Microsoft.NETCore.App.Ref\9.0.11\ref/net9.0/System.Diagnostics.Tools.dll
                 Private =“false”
             C:\Program Files\dotnet\packs\Microsoft.NETCore.App.Ref\9.0.11\ref/net9.0/System.Diagnostics.TraceSource.dll
                 Private =“false”
             C:\Program Files\dotnet\packs\Microsoft.NETCore.App.Ref\9.0.11\ref/net9.0/System.Diagnostics.Tracing.dll
                 Private =“false”
             C:\Program Files\dotnet\packs\Microsoft.NETCore.App.Ref\9.0.11\ref/net9.0/System.Drawing.Primitives.dll
                 Private =“false”
             C:\Program Files\dotnet\packs\Microsoft.NETCore.App.Ref\9.0.11\ref/net9.0/System.Drawing.dll
                 Private =“false”
             C:\Program Files\dotnet\packs\Microsoft.NETCore.App.Ref\9.0.11\ref/net9.0/System.Dynamic.Runtime.dll
                 Private =“false”
             C:\Program Files\dotnet\packs\Microsoft.NETCore.App.Ref\9.0.11\ref/net9.0/System.Formats.Asn1.dll
                 Private =“false”
             C:\Program Files\dotnet\packs\Microsoft.NETCore.App.Ref\9.0.11\ref/net9.0/System.Formats.Tar.dll
                 Private =“false”
             C:\Program Files\dotnet\packs\Microsoft.NETCore.App.Ref\9.0.11\ref/net9.0/System.Globalization.Calendars.dll
                 Private =“false”
             C:\Program Files\dotnet\packs\Microsoft.NETCore.App.Ref\9.0.11\ref/net9.0/System.Globalization.Extensions.dll
                 Private =“false”
             C:\Program Files\dotnet\packs\Microsoft.NETCore.App.Ref\9.0.11\ref/net9.0/System.Globalization.dll
                 Private =“false”
             C:\Program Files\dotnet\packs\Microsoft.NETCore.App.Ref\9.0.11\ref/net9.0/System.IO.Compression.Brotli.dll
                 Private =“false”
             C:\Program Files\dotnet\packs\Microsoft.NETCore.App.Ref\9.0.11\ref/net9.0/System.IO.Compression.FileSystem.dll
                 Private =“false”
             C:\Program Files\dotnet\packs\Microsoft.NETCore.App.Ref\9.0.11\ref/net9.0/System.IO.Compression.ZipFile.dll
                 Private =“false”
             C:\Program Files\dotnet\packs\Microsoft.NETCore.App.Ref\9.0.11\ref/net9.0/System.IO.Compression.dll
                 Private =“false”
             C:\Program Files\dotnet\packs\Microsoft.NETCore.App.Ref\9.0.11\ref/net9.0/System.IO.FileSystem.AccessControl.dll
                 Private =“false”
             C:\Program Files\dotnet\packs\Microsoft.NETCore.App.Ref\9.0.11\ref/net9.0/System.IO.FileSystem.DriveInfo.dll
                 Private =“false”
             C:\Program Files\dotnet\packs\Microsoft.NETCore.App.Ref\9.0.11\ref/net9.0/System.IO.FileSystem.Primitives.dll
                 Private =“false”
             C:\Program Files\dotnet\packs\Microsoft.NETCore.App.Ref\9.0.11\ref/net9.0/System.IO.FileSystem.Watcher.dll
                 Private =“false”
             C:\Program Files\dotnet\packs\Microsoft.NETCore.App.Ref\9.0.11\ref/net9.0/System.IO.FileSystem.dll
                 Private =“false”
             C:\Program Files\dotnet\packs\Microsoft.NETCore.App.Ref\9.0.11\ref/net9.0/System.IO.IsolatedStorage.dll
                 Private =“false”
             C:\Program Files\dotnet\packs\Microsoft.NETCore.App.Ref\9.0.11\ref/net9.0/System.IO.MemoryMappedFiles.dll
                 Private =“false”
             C:\Program Files\dotnet\packs\Microsoft.NETCore.App.Ref\9.0.11\ref/net9.0/System.IO.Pipelines.dll
                 Private =“false”
             C:\Program Files\dotnet\packs\Microsoft.NETCore.App.Ref\9.0.11\ref/net9.0/System.IO.Pipes.AccessControl.dll
                 Private =“false”
             C:\Program Files\dotnet\packs\Microsoft.NETCore.App.Ref\9.0.11\ref/net9.0/System.IO.Pipes.dll
                 Private =“false”
             C:\Program Files\dotnet\packs\Microsoft.NETCore.App.Ref\9.0.11\ref/net9.0/System.IO.UnmanagedMemoryStream.dll
                 Private =“false”
             C:\Program Files\dotnet\packs\Microsoft.NETCore.App.Ref\9.0.11\ref/net9.0/System.IO.dll
                 Private =“false”
             C:\Program Files\dotnet\packs\Microsoft.NETCore.App.Ref\9.0.11\ref/net9.0/System.Linq.Expressions.dll
                 Private =“false”
             C:\Program Files\dotnet\packs\Microsoft.NETCore.App.Ref\9.0.11\ref/net9.0/System.Linq.Parallel.dll
                 Private =“false”
             C:\Program Files\dotnet\packs\Microsoft.NETCore.App.Ref\9.0.11\ref/net9.0/System.Linq.Queryable.dll
                 Private =“false”
             C:\Program Files\dotnet\packs\Microsoft.NETCore.App.Ref\9.0.11\ref/net9.0/System.Linq.dll
                 Private =“false”
             C:\Program Files\dotnet\packs\Microsoft.NETCore.App.Ref\9.0.11\ref/net9.0/System.Memory.dll
                 Private =“false”
             C:\Program Files\dotnet\packs\Microsoft.NETCore.App.Ref\9.0.11\ref/net9.0/System.Net.Http.Json.dll
                 Private =“false”
             C:\Program Files\dotnet\packs\Microsoft.NETCore.App.Ref\9.0.11\ref/net9.0/System.Net.Http.dll
                 Private =“false”
             C:\Program Files\dotnet\packs\Microsoft.NETCore.App.Ref\9.0.11\ref/net9.0/System.Net.HttpListener.dll
                 Private =“false”
             C:\Program Files\dotnet\packs\Microsoft.NETCore.App.Ref\9.0.11\ref/net9.0/System.Net.Mail.dll
                 Private =“false”
             C:\Program Files\dotnet\packs\Microsoft.NETCore.App.Ref\9.0.11\ref/net9.0/System.Net.NameResolution.dll
                 Private =“false”
             C:\Program Files\dotnet\packs\Microsoft.NETCore.App.Ref\9.0.11\ref/net9.0/System.Net.NetworkInformation.dll
                 Private =“false”
             C:\Program Files\dotnet\packs\Microsoft.NETCore.App.Ref\9.0.11\ref/net9.0/System.Net.Ping.dll
                 Private =“false”
             C:\Program Files\dotnet\packs\Microsoft.NETCore.App.Ref\9.0.11\ref/net9.0/System.Net.Primitives.dll
                 Private =“false”
             C:\Program Files\dotnet\packs\Microsoft.NETCore.App.Ref\9.0.11\ref/net9.0/System.Net.Quic.dll
                 Private =“false”
             C:\Program Files\dotnet\packs\Microsoft.NETCore.App.Ref\9.0.11\ref/net9.0/System.Net.Requests.dll
                 Private =“false”
             C:\Program Files\dotnet\packs\Microsoft.NETCore.App.Ref\9.0.11\ref/net9.0/System.Net.Security.dll
                 Private =“false”
             C:\Program Files\dotnet\packs\Microsoft.NETCore.App.Ref\9.0.11\ref/net9.0/System.Net.ServicePoint.dll
                 Private =“false”
             C:\Program Files\dotnet\packs\Microsoft.NETCore.App.Ref\9.0.11\ref/net9.0/System.Net.Sockets.dll
                 Private =“false”
             C:\Program Files\dotnet\packs\Microsoft.NETCore.App.Ref\9.0.11\ref/net9.0/System.Net.WebClient.dll
                 Private =“false”
             C:\Program Files\dotnet\packs\Microsoft.NETCore.App.Ref\9.0.11\ref/net9.0/System.Net.WebHeaderCollection.dll
                 Private =“false”
             C:\Program Files\dotnet\packs\Microsoft.NETCore.App.Ref\9.0.11\ref/net9.0/System.Net.WebProxy.dll
                 Private =“false”
             C:\Program Files\dotnet\packs\Microsoft.NETCore.App.Ref\9.0.11\ref/net9.0/System.Net.WebSockets.Client.dll
                 Private =“false”
             C:\Program Files\dotnet\packs\Microsoft.NETCore.App.Ref\9.0.11\ref/net9.0/System.Net.WebSockets.dll
                 Private =“false”
             C:\Program Files\dotnet\packs\Microsoft.NETCore.App.Ref\9.0.11\ref/net9.0/System.Net.dll
                 Private =“false”
             C:\Program Files\dotnet\packs\Microsoft.NETCore.App.Ref\9.0.11\ref/net9.0/System.Numerics.Vectors.dll
                 Private =“false”
             C:\Program Files\dotnet\packs\Microsoft.NETCore.App.Ref\9.0.11\ref/net9.0/System.Numerics.dll
                 Private =“false”
             C:\Program Files\dotnet\packs\Microsoft.NETCore.App.Ref\9.0.11\ref/net9.0/System.ObjectModel.dll
                 Private =“false”
             C:\Program Files\dotnet\packs\Microsoft.NETCore.App.Ref\9.0.11\ref/net9.0/System.Reflection.DispatchProxy.dll
                 Private =“false”
             C:\Program Files\dotnet\packs\Microsoft.NETCore.App.Ref\9.0.11\ref/net9.0/System.Reflection.Emit.ILGeneration.dll
                 Private =“false”
             C:\Program Files\dotnet\packs\Microsoft.NETCore.App.Ref\9.0.11\ref/net9.0/System.Reflection.Emit.Lightweight.dll
                 Private =“false”
             C:\Program Files\dotnet\packs\Microsoft.NETCore.App.Ref\9.0.11\ref/net9.0/System.Reflection.Emit.dll
                 Private =“false”
             C:\Program Files\dotnet\packs\Microsoft.NETCore.App.Ref\9.0.11\ref/net9.0/System.Reflection.Extensions.dll
                 Private =“false”
             C:\Program Files\dotnet\packs\Microsoft.NETCore.App.Ref\9.0.11\ref/net9.0/System.Reflection.Metadata.dll
                 Private =“false”
             C:\Program Files\dotnet\packs\Microsoft.NETCore.App.Ref\9.0.11\ref/net9.0/System.Reflection.Primitives.dll
                 Private =“false”
             C:\Program Files\dotnet\packs\Microsoft.NETCore.App.Ref\9.0.11\ref/net9.0/System.Reflection.TypeExtensions.dll
                 Private =“false”
             C:\Program Files\dotnet\packs\Microsoft.NETCore.App.Ref\9.0.11\ref/net9.0/System.Reflection.dll
                 Private =“false”
             C:\Program Files\dotnet\packs\Microsoft.NETCore.App.Ref\9.0.11\ref/net9.0/System.Resources.Reader.dll
                 Private =“false”
             C:\Program Files\dotnet\packs\Microsoft.NETCore.App.Ref\9.0.11\ref/net9.0/System.Resources.ResourceManager.dll
                 Private =“false”
             C:\Program Files\dotnet\packs\Microsoft.NETCore.App.Ref\9.0.11\ref/net9.0/System.Resources.Writer.dll
                 Private =“false”
             C:\Program Files\dotnet\packs\Microsoft.NETCore.App.Ref\9.0.11\ref/net9.0/System.Runtime.CompilerServices.Unsafe.dll
                 Private =“false”
             C:\Program Files\dotnet\packs\Microsoft.NETCore.App.Ref\9.0.11\ref/net9.0/System.Runtime.CompilerServices.VisualC.dll
                 Private =“false”
             C:\Program Files\dotnet\packs\Microsoft.NETCore.App.Ref\9.0.11\ref/net9.0/System.Runtime.Extensions.dll
                 Private =“false”
             C:\Program Files\dotnet\packs\Microsoft.NETCore.App.Ref\9.0.11\ref/net9.0/System.Runtime.Handles.dll
                 Private =“false”
             C:\Program Files\dotnet\packs\Microsoft.NETCore.App.Ref\9.0.11\ref/net9.0/System.Runtime.InteropServices.JavaScript.dll
                 Private =“false”
             C:\Program Files\dotnet\packs\Microsoft.NETCore.App.Ref\9.0.11\ref/net9.0/System.Runtime.InteropServices.RuntimeInformation.dll
                 Private =“false”
             C:\Program Files\dotnet\packs\Microsoft.NETCore.App.Ref\9.0.11\ref/net9.0/System.Runtime.InteropServices.dll
                 Private =“false”
             C:\Program Files\dotnet\packs\Microsoft.NETCore.App.Ref\9.0.11\ref/net9.0/System.Runtime.Intrinsics.dll
                 Private =“false”
             C:\Program Files\dotnet\packs\Microsoft.NETCore.App.Ref\9.0.11\ref/net9.0/System.Runtime.Loader.dll
                 Private =“false”
             C:\Program Files\dotnet\packs\Microsoft.NETCore.App.Ref\9.0.11\ref/net9.0/System.Runtime.Numerics.dll
                 Private =“false”
             C:\Program Files\dotnet\packs\Microsoft.NETCore.App.Ref\9.0.11\ref/net9.0/System.Runtime.Serialization.Formatters.dll
                 Private =“false”
             C:\Program Files\dotnet\packs\Microsoft.NETCore.App.Ref\9.0.11\ref/net9.0/System.Runtime.Serialization.Json.dll
                 Private =“false”
             C:\Program Files\dotnet\packs\Microsoft.NETCore.App.Ref\9.0.11\ref/net9.0/System.Runtime.Serialization.Primitives.dll
                 Private =“false”
             C:\Program Files\dotnet\packs\Microsoft.NETCore.App.Ref\9.0.11\ref/net9.0/System.Runtime.Serialization.Xml.dll
                 Private =“false”
             C:\Program Files\dotnet\packs\Microsoft.NETCore.App.Ref\9.0.11\ref/net9.0/System.Runtime.Serialization.dll
                 Private =“false”
             C:\Program Files\dotnet\packs\Microsoft.NETCore.App.Ref\9.0.11\ref/net9.0/System.Runtime.dll
                 Private =“false”
             C:\Program Files\dotnet\packs\Microsoft.NETCore.App.Ref\9.0.11\ref/net9.0/System.Security.AccessControl.dll
                 Private =“false”
             C:\Program Files\dotnet\packs\Microsoft.NETCore.App.Ref\9.0.11\ref/net9.0/System.Security.Claims.dll
                 Private =“false”
             C:\Program Files\dotnet\packs\Microsoft.NETCore.App.Ref\9.0.11\ref/net9.0/System.Security.Cryptography.Algorithms.dll
                 Private =“false”
             C:\Program Files\dotnet\packs\Microsoft.NETCore.App.Ref\9.0.11\ref/net9.0/System.Security.Cryptography.Cng.dll
                 Private =“false”
             C:\Program Files\dotnet\packs\Microsoft.NETCore.App.Ref\9.0.11\ref/net9.0/System.Security.Cryptography.Csp.dll
                 Private =“false”
             C:\Program Files\dotnet\packs\Microsoft.NETCore.App.Ref\9.0.11\ref/net9.0/System.Security.Cryptography.Encoding.dll
                 Private =“false”
             C:\Program Files\dotnet\packs\Microsoft.NETCore.App.Ref\9.0.11\ref/net9.0/System.Security.Cryptography.OpenSsl.dll
                 Private =“false”
             C:\Program Files\dotnet\packs\Microsoft.NETCore.App.Ref\9.0.11\ref/net9.0/System.Security.Cryptography.Primitives.dll
                 Private =“false”
             C:\Program Files\dotnet\packs\Microsoft.NETCore.App.Ref\9.0.11\ref/net9.0/System.Security.Cryptography.X509Certificates.dll
                 Private =“false”
             C:\Program Files\dotnet\packs\Microsoft.NETCore.App.Ref\9.0.11\ref/net9.0/System.Security.Cryptography.dll
                 Private =“false”
             C:\Program Files\dotnet\packs\Microsoft.NETCore.App.Ref\9.0.11\ref/net9.0/System.Security.Principal.Windows.dll
                 Private =“false”
             C:\Program Files\dotnet\packs\Microsoft.NETCore.App.Ref\9.0.11\ref/net9.0/System.Security.Principal.dll
                 Private =“false”
             C:\Program Files\dotnet\packs\Microsoft.NETCore.App.Ref\9.0.11\ref/net9.0/System.Security.SecureString.dll
                 Private =“false”
             C:\Program Files\dotnet\packs\Microsoft.NETCore.App.Ref\9.0.11\ref/net9.0/System.Security.dll
                 Private =“false”
             C:\Program Files\dotnet\packs\Microsoft.NETCore.App.Ref\9.0.11\ref/net9.0/System.ServiceModel.Web.dll
                 Private =“false”
             C:\Program Files\dotnet\packs\Microsoft.NETCore.App.Ref\9.0.11\ref/net9.0/System.ServiceProcess.dll
                 Private =“false”
             C:\Program Files\dotnet\packs\Microsoft.NETCore.App.Ref\9.0.11\ref/net9.0/System.Text.Encoding.CodePages.dll
                 Private =“false”
             C:\Program Files\dotnet\packs\Microsoft.NETCore.App.Ref\9.0.11\ref/net9.0/System.Text.Encoding.Extensions.dll
                 Private =“false”
             C:\Program Files\dotnet\packs\Microsoft.NETCore.App.Ref\9.0.11\ref/net9.0/System.Text.Encoding.dll
                 Private =“false”
             C:\Program Files\dotnet\packs\Microsoft.NETCore.App.Ref\9.0.11\ref/net9.0/System.Text.Encodings.Web.dll
                 Private =“false”
             C:\Program Files\dotnet\packs\Microsoft.NETCore.App.Ref\9.0.11\ref/net9.0/System.Text.Json.dll
                 Private =“false”
             C:\Program Files\dotnet\packs\Microsoft.NETCore.App.Ref\9.0.11\ref/net9.0/System.Text.RegularExpressions.dll
                 Private =“false”
             C:\Program Files\dotnet\packs\Microsoft.NETCore.App.Ref\9.0.11\ref/net9.0/System.Threading.Channels.dll
                 Private =“false”
             C:\Program Files\dotnet\packs\Microsoft.NETCore.App.Ref\9.0.11\ref/net9.0/System.Threading.Overlapped.dll
                 Private =“false”
             C:\Program Files\dotnet\packs\Microsoft.NETCore.App.Ref\9.0.11\ref/net9.0/System.Threading.Tasks.Dataflow.dll
                 Private =“false”
             C:\Program Files\dotnet\packs\Microsoft.NETCore.App.Ref\9.0.11\ref/net9.0/System.Threading.Tasks.Extensions.dll
                 Private =“false”
             C:\Program Files\dotnet\packs\Microsoft.NETCore.App.Ref\9.0.11\ref/net9.0/System.Threading.Tasks.Parallel.dll
                 Private =“false”
             C:\Program Files\dotnet\packs\Microsoft.NETCore.App.Ref\9.0.11\ref/net9.0/System.Threading.Tasks.dll
                 Private =“false”
             C:\Program Files\dotnet\packs\Microsoft.NETCore.App.Ref\9.0.11\ref/net9.0/System.Threading.Thread.dll
                 Private =“false”
             C:\Program Files\dotnet\packs\Microsoft.NETCore.App.Ref\9.0.11\ref/net9.0/System.Threading.ThreadPool.dll
                 Private =“false”
             C:\Program Files\dotnet\packs\Microsoft.NETCore.App.Ref\9.0.11\ref/net9.0/System.Threading.Timer.dll
                 Private =“false”
             C:\Program Files\dotnet\packs\Microsoft.NETCore.App.Ref\9.0.11\ref/net9.0/System.Threading.dll
                 Private =“false”
             C:\Program Files\dotnet\packs\Microsoft.NETCore.App.Ref\9.0.11\ref/net9.0/System.Transactions.Local.dll
                 Private =“false”
             C:\Program Files\dotnet\packs\Microsoft.NETCore.App.Ref\9.0.11\ref/net9.0/System.Transactions.dll
                 Private =“false”
             C:\Program Files\dotnet\packs\Microsoft.NETCore.App.Ref\9.0.11\ref/net9.0/System.ValueTuple.dll
                 Private =“false”
             C:\Program Files\dotnet\packs\Microsoft.NETCore.App.Ref\9.0.11\ref/net9.0/System.Web.HttpUtility.dll
                 Private =“false”
             C:\Program Files\dotnet\packs\Microsoft.NETCore.App.Ref\9.0.11\ref/net9.0/System.Web.dll
                 Private =“false”
             C:\Program Files\dotnet\packs\Microsoft.NETCore.App.Ref\9.0.11\ref/net9.0/System.Windows.dll
                 Private =“false”
             C:\Program Files\dotnet\packs\Microsoft.NETCore.App.Ref\9.0.11\ref/net9.0/System.Xml.Linq.dll
                 Private =“false”
             C:\Program Files\dotnet\packs\Microsoft.NETCore.App.Ref\9.0.11\ref/net9.0/System.Xml.ReaderWriter.dll
                 Private =“false”
             C:\Program Files\dotnet\packs\Microsoft.NETCore.App.Ref\9.0.11\ref/net9.0/System.Xml.Serialization.dll
                 Private =“false”
             C:\Program Files\dotnet\packs\Microsoft.NETCore.App.Ref\9.0.11\ref/net9.0/System.Xml.XDocument.dll
                 Private =“false”
             C:\Program Files\dotnet\packs\Microsoft.NETCore.App.Ref\9.0.11\ref/net9.0/System.Xml.XPath.XDocument.dll
                 Private =“false”
             C:\Program Files\dotnet\packs\Microsoft.NETCore.App.Ref\9.0.11\ref/net9.0/System.Xml.XPath.dll
                 Private =“false”
             C:\Program Files\dotnet\packs\Microsoft.NETCore.App.Ref\9.0.11\ref/net9.0/System.Xml.XmlDocument.dll
                 Private =“false”
             C:\Program Files\dotnet\packs\Microsoft.NETCore.App.Ref\9.0.11\ref/net9.0/System.Xml.XmlSerializer.dll
                 Private =“false”
             C:\Program Files\dotnet\packs\Microsoft.NETCore.App.Ref\9.0.11\ref/net9.0/System.Xml.dll
                 Private =“false”
             C:\Program Files\dotnet\packs\Microsoft.NETCore.App.Ref\9.0.11\ref/net9.0/System.dll
                 Private =“false”
             C:\Program Files\dotnet\packs\Microsoft.NETCore.App.Ref\9.0.11\ref/net9.0/WindowsBase.dll
                 Private =“false”
             C:\Program Files\dotnet\packs\Microsoft.NETCore.App.Ref\9.0.11\ref/net9.0/mscorlib.dll
                 Private =“false”
             C:\Program Files\dotnet\packs\Microsoft.NETCore.App.Ref\9.0.11\ref/net9.0/netstandard.dll
                 Private =“false”
         AssemblyFiles:
             d:\MyProject\FrontCRM(C#)\CRM.Core\bin\Debug\net9.0\CRM.Core.dll
             d:\MyProject\FrontCRM(C#)\tests\CRM.TestCommon\bin\Debug\net9.0\CRM.TestCommon.dll
         CandidateAssemblyFiles:
             C:\Users\admin\.nuget\packages\microsoft.testplatform.testhost\18.3.0\build\net8.0\x64\testhost.exe
             C:\Users\admin\.nuget\packages\microsoft.testplatform.testhost\18.3.0\build\net8.0\x64\testhost.dll
             C:\Users\admin\.nuget\packages\xunit.runner.visualstudio\3.1.5\build\net8.0\xunit.abstractions.dll
             C:\Users\admin\.nuget\packages\xunit.runner.visualstudio\3.1.5\build\net8.0\xunit.runner.visualstudio.testadapter.dll
         TargetFrameworkDirectories:
             
         NonCultureResourceDirectories:
             
         InstalledAssemblyTables:
         IgnoreInstalledAssemblyTable:
             False
         SearchPaths:
             {CandidateAssemblyFiles}
             {HintPathFromItem}
             {TargetFrameworkDirectory}
             {RawFileName}
         AllowedAssemblyExtensions:
             .winmd
             .dll
             .exe
         AllowedRelatedFileExtensions:
             .pdb
             .xml
             .pri
             .dll.config
             .exe.config
         AppConfigFile:
             
         AutoUnify:
             True
         EnableCustomCulture:
             False
         CopyLocalDependenciesWhenParentReferenceInGac:
             True
         FindDependencies:
             True
         TargetProcessorArchitecture:
             msil
         StateFile:
             obj\Debug\net9.0\CRM.Core.Tests.csproj.AssemblyReference.cache
         InstalledAssemblySubsetTables:
         IgnoreInstalledAssemblySubsetTable:
             False
         TargetFrameworkSubsets:
         FullTargetFrameworkSubsetNames:
             Full
         ProfileName:
             
         FullFrameworkFolders:
         LatestTargetFrameworkDirectories:
         ProfileTablesLocation:
         主引用“CRM.Core, Version=1.0.0.0, Culture=neutral, PublicKeyToken=null”。
             解析的文件路径为“d:\MyProject\FrontCRM(C#)\CRM.Core\bin\Debug\net9.0\CRM.Core.dll”。
             在搜索路径位置“d:\MyProject\FrontCRM(C#)\CRM.Core\bin\Debug\net9.0\CRM.Core.dll”找到引用。
             找到相关文件“d:\MyProject\FrontCRM(C#)\CRM.Core\bin\Debug\net9.0\CRM.Core.pdb”。
         主引用“CRM.TestCommon, Version=1.0.0.0, Culture=neutral, PublicKeyToken=null”。
             解析的文件路径为“d:\MyProject\FrontCRM(C#)\tests\CRM.TestCommon\bin\Debug\net9.0\CRM.TestCommon.dll”。
             在搜索路径位置“d:\MyProject\FrontCRM(C#)\tests\CRM.TestCommon\bin\Debug\net9.0\CRM.TestCommon.dll”找到引用。
             找到相关文件“d:\MyProject\FrontCRM(C#)\tests\CRM.TestCommon\bin\Debug\net9.0\CRM.TestCommon.pdb”。
         主引用“Bogus, Version=35.6.5.0, Culture=neutral, PublicKeyToken=fa1bb3f3f218129a”。
             解析的文件路径为“C:\Users\admin\.nuget\packages\bogus\35.6.5\lib\net6.0\Bogus.dll”。
             在搜索路径位置“{HintPathFromItem}”找到引用。
             此引用不是“CopyLocal”，因为至少有一个源项将“Private”设置为“false”，而没有源项将“Private”设置为“true”。
         主引用“Castle.Core, Version=5.0.0.0, Culture=neutral, PublicKeyToken=407dd0808d44fbdc”。
             解析的文件路径为“C:\Users\admin\.nuget\packages\castle.core\5.1.1\lib\net6.0\Castle.Core.dll”。
             在搜索路径位置“{HintPathFromItem}”找到引用。
             此引用不是“CopyLocal”，因为至少有一个源项将“Private”设置为“false”，而没有源项将“Private”设置为“true”。
         主引用“FluentAssertions, Version=8.8.0.0, Culture=neutral, PublicKeyToken=33f2691a05b67b6a”。
             解析的文件路径为“C:\Users\admin\.nuget\packages\fluentassertions\8.8.0\lib\net6.0\FluentAssertions.dll”。
             在搜索路径位置“{HintPathFromItem}”找到引用。
             此引用不是“CopyLocal”，因为至少有一个源项将“Private”设置为“false”，而没有源项将“Private”设置为“true”。
         主引用“Microsoft.VisualStudio.CodeCoverage.Shim, Version=15.0.0.0, Culture=neutral, PublicKeyToken=b03f5f7f11d50a3a”。
             解析的文件路径为“C:\Users\admin\.nuget\packages\microsoft.codecoverage\18.3.0\lib\net8.0\Microsoft.VisualStudio.CodeCoverage.Shim.dll”。
             在搜索路径位置“{HintPathFromItem}”找到引用。
             此引用不是“CopyLocal”，因为至少有一个源项将“Private”设置为“false”，而没有源项将“Private”设置为“true”。
         主引用“Microsoft.TestPlatform.CoreUtilities, Version=15.0.0.0, Culture=neutral, PublicKeyToken=b03f5f7f11d50a3a”。
             解析的文件路径为“C:\Users\admin\.nuget\packages\microsoft.testplatform.testhost\18.3.0\lib\net8.0\Microsoft.TestPlatform.CoreUtilities.dll”。
             在搜索路径位置“{HintPathFromItem}”找到引用。
             此引用不是“CopyLocal”，因为至少有一个源项将“Private”设置为“false”，而没有源项将“Private”设置为“true”。
         主引用“Microsoft.TestPlatform.PlatformAbstractions, Version=15.0.0.0, Culture=neutral, PublicKeyToken=b03f5f7f11d50a3a”。
             解析的文件路径为“C:\Users\admin\.nuget\packages\microsoft.testplatform.testhost\18.3.0\lib\net8.0\Microsoft.TestPlatform.PlatformAbstractions.dll”。
             在搜索路径位置“{HintPathFromItem}”找到引用。
             此引用不是“CopyLocal”，因为至少有一个源项将“Private”设置为“false”，而没有源项将“Private”设置为“true”。
         主引用“Microsoft.VisualStudio.TestPlatform.ObjectModel, Version=15.0.0.0, Culture=neutral, PublicKeyToken=b03f5f7f11d50a3a”。
             解析的文件路径为“C:\Users\admin\.nuget\packages\microsoft.testplatform.testhost\18.3.0\lib\net8.0\Microsoft.VisualStudio.TestPlatform.ObjectModel.dll”。
             在搜索路径位置“{HintPathFromItem}”找到引用。
             此引用不是“CopyLocal”，因为至少有一个源项将“Private”设置为“false”，而没有源项将“Private”设置为“true”。
         主引用“Microsoft.TestPlatform.CommunicationUtilities, Version=15.0.0.0, Culture=neutral, PublicKeyToken=b03f5f7f11d50a3a”。
             解析的文件路径为“C:\Users\admin\.nuget\packages\microsoft.testplatform.testhost\18.3.0\lib\net8.0\Microsoft.TestPlatform.CommunicationUtilities.dll”。
             在搜索路径位置“{HintPathFromItem}”找到引用。
             此引用不是“CopyLocal”，因为至少有一个源项将“Private”设置为“false”，而没有源项将“Private”设置为“true”。
         主引用“Microsoft.TestPlatform.CrossPlatEngine, Version=15.0.0.0, Culture=neutral, PublicKeyToken=b03f5f7f11d50a3a”。
             解析的文件路径为“C:\Users\admin\.nuget\packages\microsoft.testplatform.testhost\18.3.0\lib\net8.0\Microsoft.TestPlatform.CrossPlatEngine.dll”。
             在搜索路径位置“{HintPathFromItem}”找到引用。
             此引用不是“CopyLocal”，因为至少有一个源项将“Private”设置为“false”，而没有源项将“Private”设置为“true”。
         主引用“Microsoft.TestPlatform.Utilities, Version=15.0.0.0, Culture=neutral, PublicKeyToken=b03f5f7f11d50a3a”。
             解析的文件路径为“C:\Users\admin\.nuget\packages\microsoft.testplatform.testhost\18.3.0\lib\net8.0\Microsoft.TestPlatform.Utilities.dll”。
             在搜索路径位置“{HintPathFromItem}”找到引用。
             此引用不是“CopyLocal”，因为至少有一个源项将“Private”设置为“false”，而没有源项将“Private”设置为“true”。
         主引用“Microsoft.VisualStudio.TestPlatform.Common, Version=15.0.0.0, Culture=neutral, PublicKeyToken=b03f5f7f11d50a3a”。
             解析的文件路径为“C:\Users\admin\.nuget\packages\microsoft.testplatform.testhost\18.3.0\lib\net8.0\Microsoft.VisualStudio.TestPlatform.Common.dll”。
             在搜索路径位置“{HintPathFromItem}”找到引用。
             此引用不是“CopyLocal”，因为至少有一个源项将“Private”设置为“false”，而没有源项将“Private”设置为“true”。
         主引用“testhost, Version=15.0.0.0, Culture=neutral, PublicKeyToken=b03f5f7f11d50a3a”。
             解析的文件路径为“C:\Users\admin\.nuget\packages\microsoft.testplatform.testhost\18.3.0\lib\net8.0\testhost.dll”。
             在搜索路径位置“{HintPathFromItem}”找到引用。
             此引用不是“CopyLocal”，因为至少有一个源项将“Private”设置为“false”，而没有源项将“Private”设置为“true”。
         主引用“Newtonsoft.Json, Version=13.0.0.0, Culture=neutral, PublicKeyToken=30ad4fe6b2a6aeed”。
             解析的文件路径为“C:\Users\admin\.nuget\packages\newtonsoft.json\13.0.3\lib\net6.0\Newtonsoft.Json.dll”。
             在搜索路径位置“{HintPathFromItem}”找到引用。
             此引用不是“CopyLocal”，因为至少有一个源项将“Private”设置为“false”，而没有源项将“Private”设置为“true”。
         主引用“NSubstitute, Version=5.3.0.0, Culture=neutral, PublicKeyToken=92dd2e9066daa5ca”。
             解析的文件路径为“C:\Users\admin\.nuget\packages\nsubstitute\5.3.0\lib\net6.0\NSubstitute.dll”。
             在搜索路径位置“{HintPathFromItem}”找到引用。
             此引用不是“CopyLocal”，因为至少有一个源项将“Private”设置为“false”，而没有源项将“Private”设置为“true”。
         主引用“System.Diagnostics.EventLog, Version=6.0.0.0, Culture=neutral, PublicKeyToken=cc7b13ffcd2ddd51”。
             解析的文件路径为“C:\Users\admin\.nuget\packages\system.diagnostics.eventlog\6.0.0\lib\net6.0\System.Diagnostics.EventLog.dll”。
             在搜索路径位置“{HintPathFromItem}”找到引用。
             此引用不是“CopyLocal”，因为至少有一个源项将“Private”设置为“false”，而没有源项将“Private”设置为“true”。
         主引用“xunit.abstractions, Version=2.0.0.0, Culture=neutral, PublicKeyToken=8d05b1bb7a6fdb6c”。
             解析的文件路径为“C:\Users\admin\.nuget\packages\xunit.abstractions\2.0.3\lib\netstandard2.0\xunit.abstractions.dll”。
             在搜索路径位置“{HintPathFromItem}”找到引用。
             此引用不是“CopyLocal”，因为至少有一个源项将“Private”设置为“false”，而没有源项将“Private”设置为“true”。
         主引用“xunit.assert, Version=2.9.3.0, Culture=neutral, PublicKeyToken=8d05b1bb7a6fdb6c”。
             解析的文件路径为“C:\Users\admin\.nuget\packages\xunit.assert\2.9.3\lib\net6.0\xunit.assert.dll”。
             在搜索路径位置“{HintPathFromItem}”找到引用。
             此引用不是“CopyLocal”，因为至少有一个源项将“Private”设置为“false”，而没有源项将“Private”设置为“true”。
         主引用“xunit.core, Version=2.9.3.0, Culture=neutral, PublicKeyToken=8d05b1bb7a6fdb6c”。
             解析的文件路径为“C:\Users\admin\.nuget\packages\xunit.extensibility.core\2.9.3\lib\netstandard1.1\xunit.core.dll”。
             在搜索路径位置“{HintPathFromItem}”找到引用。
             此引用不是“CopyLocal”，因为至少有一个源项将“Private”设置为“false”，而没有源项将“Private”设置为“true”。
         主引用“xunit.execution.dotnet, Version=2.9.3.0, Culture=neutral, PublicKeyToken=8d05b1bb7a6fdb6c”。
             解析的文件路径为“C:\Users\admin\.nuget\packages\xunit.extensibility.execution\2.9.3\lib\netstandard1.1\xunit.execution.dotnet.dll”。
             在搜索路径位置“{HintPathFromItem}”找到引用。
             此引用不是“CopyLocal”，因为至少有一个源项将“Private”设置为“false”，而没有源项将“Private”设置为“true”。
         主引用“Microsoft.CSharp, Version=9.0.0.0, Culture=neutral, PublicKeyToken=b03f5f7f11d50a3a”。
             解析的文件路径为“C:\Program Files\dotnet\packs\Microsoft.NETCore.App.Ref\9.0.11\ref\net9.0\Microsoft.CSharp.dll”。
             在搜索路径位置“{RawFileName}”找到引用。
             此引用不是“CopyLocal”，因为至少有一个源项将“Private”设置为“false”，而没有源项将“Private”设置为“true”。
         主引用“Microsoft.VisualBasic.Core, Version=14.0.0.0, Culture=neutral, PublicKeyToken=b03f5f7f11d50a3a”。
             解析的文件路径为“C:\Program Files\dotnet\packs\Microsoft.NETCore.App.Ref\9.0.11\ref\net9.0\Microsoft.VisualBasic.Core.dll”。
             在搜索路径位置“{RawFileName}”找到引用。
             此引用不是“CopyLocal”，因为至少有一个源项将“Private”设置为“false”，而没有源项将“Private”设置为“true”。
         主引用“Microsoft.VisualBasic, Version=10.0.0.0, Culture=neutral, PublicKeyToken=b03f5f7f11d50a3a”。
             解析的文件路径为“C:\Program Files\dotnet\packs\Microsoft.NETCore.App.Ref\9.0.11\ref\net9.0\Microsoft.VisualBasic.dll”。
             在搜索路径位置“{RawFileName}”找到引用。
             此引用不是“CopyLocal”，因为至少有一个源项将“Private”设置为“false”，而没有源项将“Private”设置为“true”。
         主引用“Microsoft.Win32.Primitives, Version=9.0.0.0, Culture=neutral, PublicKeyToken=b03f5f7f11d50a3a”。
             解析的文件路径为“C:\Program Files\dotnet\packs\Microsoft.NETCore.App.Ref\9.0.11\ref\net9.0\Microsoft.Win32.Primitives.dll”。
             在搜索路径位置“{RawFileName}”找到引用。
             此引用不是“CopyLocal”，因为至少有一个源项将“Private”设置为“false”，而没有源项将“Private”设置为“true”。
         主引用“Microsoft.Win32.Registry, Version=9.0.0.0, Culture=neutral, PublicKeyToken=b03f5f7f11d50a3a”。
             解析的文件路径为“C:\Program Files\dotnet\packs\Microsoft.NETCore.App.Ref\9.0.11\ref\net9.0\Microsoft.Win32.Registry.dll”。
             在搜索路径位置“{RawFileName}”找到引用。
             此引用不是“CopyLocal”，因为至少有一个源项将“Private”设置为“false”，而没有源项将“Private”设置为“true”。
         主引用“System.AppContext, Version=9.0.0.0, Culture=neutral, PublicKeyToken=b03f5f7f11d50a3a”。
             解析的文件路径为“C:\Program Files\dotnet\packs\Microsoft.NETCore.App.Ref\9.0.11\ref\net9.0\System.AppContext.dll”。
             在搜索路径位置“{RawFileName}”找到引用。
             此引用不是“CopyLocal”，因为至少有一个源项将“Private”设置为“false”，而没有源项将“Private”设置为“true”。
         主引用“System.Buffers, Version=9.0.0.0, Culture=neutral, PublicKeyToken=cc7b13ffcd2ddd51”。
             解析的文件路径为“C:\Program Files\dotnet\packs\Microsoft.NETCore.App.Ref\9.0.11\ref\net9.0\System.Buffers.dll”。
             在搜索路径位置“{RawFileName}”找到引用。
             此引用不是“CopyLocal”，因为至少有一个源项将“Private”设置为“false”，而没有源项将“Private”设置为“true”。
         主引用“System.Collections.Concurrent, Version=9.0.0.0, Culture=neutral, PublicKeyToken=b03f5f7f11d50a3a”。
             解析的文件路径为“C:\Program Files\dotnet\packs\Microsoft.NETCore.App.Ref\9.0.11\ref\net9.0\System.Collections.Concurrent.dll”。
             在搜索路径位置“{RawFileName}”找到引用。
             此引用不是“CopyLocal”，因为至少有一个源项将“Private”设置为“false”，而没有源项将“Private”设置为“true”。
         主引用“System.Collections.Immutable, Version=9.0.0.0, Culture=neutral, PublicKeyToken=b03f5f7f11d50a3a”。
             解析的文件路径为“C:\Program Files\dotnet\packs\Microsoft.NETCore.App.Ref\9.0.11\ref\net9.0\System.Collections.Immutable.dll”。
             在搜索路径位置“{RawFileName}”找到引用。
             此引用不是“CopyLocal”，因为至少有一个源项将“Private”设置为“false”，而没有源项将“Private”设置为“true”。
         主引用“System.Collections.NonGeneric, Version=9.0.0.0, Culture=neutral, PublicKeyToken=b03f5f7f11d50a3a”。
             解析的文件路径为“C:\Program Files\dotnet\packs\Microsoft.NETCore.App.Ref\9.0.11\ref\net9.0\System.Collections.NonGeneric.dll”。
             在搜索路径位置“{RawFileName}”找到引用。
             此引用不是“CopyLocal”，因为至少有一个源项将“Private”设置为“false”，而没有源项将“Private”设置为“true”。
         主引用“System.Collections.Specialized, Version=9.0.0.0, Culture=neutral, PublicKeyToken=b03f5f7f11d50a3a”。
             解析的文件路径为“C:\Program Files\dotnet\packs\Microsoft.NETCore.App.Ref\9.0.11\ref\net9.0\System.Collections.Specialized.dll”。
             在搜索路径位置“{RawFileName}”找到引用。
             此引用不是“CopyLocal”，因为至少有一个源项将“Private”设置为“false”，而没有源项将“Private”设置为“true”。
         主引用“System.Collections, Version=9.0.0.0, Culture=neutral, PublicKeyToken=b03f5f7f11d50a3a”。
             解析的文件路径为“C:\Program Files\dotnet\packs\Microsoft.NETCore.App.Ref\9.0.11\ref\net9.0\System.Collections.dll”。
             在搜索路径位置“{RawFileName}”找到引用。
             此引用不是“CopyLocal”，因为至少有一个源项将“Private”设置为“false”，而没有源项将“Private”设置为“true”。
         主引用“System.ComponentModel.Annotations, Version=9.0.0.0, Culture=neutral, PublicKeyToken=b03f5f7f11d50a3a”。
             解析的文件路径为“C:\Program Files\dotnet\packs\Microsoft.NETCore.App.Ref\9.0.11\ref\net9.0\System.ComponentModel.Annotations.dll”。
             在搜索路径位置“{RawFileName}”找到引用。
             此引用不是“CopyLocal”，因为至少有一个源项将“Private”设置为“false”，而没有源项将“Private”设置为“true”。
         主引用“System.ComponentModel.DataAnnotations, Version=4.0.0.0, Culture=neutral, PublicKeyToken=31bf3856ad364e35”。
             解析的文件路径为“C:\Program Files\dotnet\packs\Microsoft.NETCore.App.Ref\9.0.11\ref\net9.0\System.ComponentModel.DataAnnotations.dll”。
             在搜索路径位置“{RawFileName}”找到引用。
             此引用不是“CopyLocal”，因为至少有一个源项将“Private”设置为“false”，而没有源项将“Private”设置为“true”。
         主引用“System.ComponentModel.EventBasedAsync, Version=9.0.0.0, Culture=neutral, PublicKeyToken=b03f5f7f11d50a3a”。
             解析的文件路径为“C:\Program Files\dotnet\packs\Microsoft.NETCore.App.Ref\9.0.11\ref\net9.0\System.ComponentModel.EventBasedAsync.dll”。
             在搜索路径位置“{RawFileName}”找到引用。
             此引用不是“CopyLocal”，因为至少有一个源项将“Private”设置为“false”，而没有源项将“Private”设置为“true”。
         主引用“System.ComponentModel.Primitives, Version=9.0.0.0, Culture=neutral, PublicKeyToken=b03f5f7f11d50a3a”。
             解析的文件路径为“C:\Program Files\dotnet\packs\Microsoft.NETCore.App.Ref\9.0.11\ref\net9.0\System.ComponentModel.Primitives.dll”。
             在搜索路径位置“{RawFileName}”找到引用。
             此引用不是“CopyLocal”，因为至少有一个源项将“Private”设置为“false”，而没有源项将“Private”设置为“true”。
         主引用“System.ComponentModel.TypeConverter, Version=9.0.0.0, Culture=neutral, PublicKeyToken=b03f5f7f11d50a3a”。
             解析的文件路径为“C:\Program Files\dotnet\packs\Microsoft.NETCore.App.Ref\9.0.11\ref\net9.0\System.ComponentModel.TypeConverter.dll”。
             在搜索路径位置“{RawFileName}”找到引用。
             此引用不是“CopyLocal”，因为至少有一个源项将“Private”设置为“false”，而没有源项将“Private”设置为“true”。
         主引用“System.ComponentModel, Version=9.0.0.0, Culture=neutral, PublicKeyToken=b03f5f7f11d50a3a”。
             解析的文件路径为“C:\Program Files\dotnet\packs\Microsoft.NETCore.App.Ref\9.0.11\ref\net9.0\System.ComponentModel.dll”。
             在搜索路径位置“{RawFileName}”找到引用。
             此引用不是“CopyLocal”，因为至少有一个源项将“Private”设置为“false”，而没有源项将“Private”设置为“true”。
         主引用“System.Configuration, Version=4.0.0.0, Culture=neutral, PublicKeyToken=b03f5f7f11d50a3a”。
             解析的文件路径为“C:\Program Files\dotnet\packs\Microsoft.NETCore.App.Ref\9.0.11\ref\net9.0\System.Configuration.dll”。
             在搜索路径位置“{RawFileName}”找到引用。
             此引用不是“CopyLocal”，因为至少有一个源项将“Private”设置为“false”，而没有源项将“Private”设置为“true”。
         主引用“System.Console, Version=9.0.0.0, Culture=neutral, PublicKeyToken=b03f5f7f11d50a3a”。
             解析的文件路径为“C:\Program Files\dotnet\packs\Microsoft.NETCore.App.Ref\9.0.11\ref\net9.0\System.Console.dll”。
             在搜索路径位置“{RawFileName}”找到引用。
             此引用不是“CopyLocal”，因为至少有一个源项将“Private”设置为“false”，而没有源项将“Private”设置为“true”。
         主引用“System.Core, Version=4.0.0.0, Culture=neutral, PublicKeyToken=b77a5c561934e089”。
             解析的文件路径为“C:\Program Files\dotnet\packs\Microsoft.NETCore.App.Ref\9.0.11\ref\net9.0\System.Core.dll”。
             在搜索路径位置“{RawFileName}”找到引用。
             此引用不是“CopyLocal”，因为至少有一个源项将“Private”设置为“false”，而没有源项将“Private”设置为“true”。
         主引用“System.Data.Common, Version=9.0.0.0, Culture=neutral, PublicKeyToken=b03f5f7f11d50a3a”。
             解析的文件路径为“C:\Program Files\dotnet\packs\Microsoft.NETCore.App.Ref\9.0.11\ref\net9.0\System.Data.Common.dll”。
             在搜索路径位置“{RawFileName}”找到引用。
             此引用不是“CopyLocal”，因为至少有一个源项将“Private”设置为“false”，而没有源项将“Private”设置为“true”。
         主引用“System.Data.DataSetExtensions, Version=9.0.0.0, Culture=neutral, PublicKeyToken=b77a5c561934e089”。
             解析的文件路径为“C:\Program Files\dotnet\packs\Microsoft.NETCore.App.Ref\9.0.11\ref\net9.0\System.Data.DataSetExtensions.dll”。
             在搜索路径位置“{RawFileName}”找到引用。
             此引用不是“CopyLocal”，因为至少有一个源项将“Private”设置为“false”，而没有源项将“Private”设置为“true”。
         主引用“System.Data, Version=4.0.0.0, Culture=neutral, PublicKeyToken=b77a5c561934e089”。
             解析的文件路径为“C:\Program Files\dotnet\packs\Microsoft.NETCore.App.Ref\9.0.11\ref\net9.0\System.Data.dll”。
             在搜索路径位置“{RawFileName}”找到引用。
             此引用不是“CopyLocal”，因为至少有一个源项将“Private”设置为“false”，而没有源项将“Private”设置为“true”。
         主引用“System.Diagnostics.Contracts, Version=9.0.0.0, Culture=neutral, PublicKeyToken=b03f5f7f11d50a3a”。
             解析的文件路径为“C:\Program Files\dotnet\packs\Microsoft.NETCore.App.Ref\9.0.11\ref\net9.0\System.Diagnostics.Contracts.dll”。
             在搜索路径位置“{RawFileName}”找到引用。
             此引用不是“CopyLocal”，因为至少有一个源项将“Private”设置为“false”，而没有源项将“Private”设置为“true”。
         主引用“System.Diagnostics.Debug, Version=9.0.0.0, Culture=neutral, PublicKeyToken=b03f5f7f11d50a3a”。
             解析的文件路径为“C:\Program Files\dotnet\packs\Microsoft.NETCore.App.Ref\9.0.11\ref\net9.0\System.Diagnostics.Debug.dll”。
             在搜索路径位置“{RawFileName}”找到引用。
             此引用不是“CopyLocal”，因为至少有一个源项将“Private”设置为“false”，而没有源项将“Private”设置为“true”。
         主引用“System.Diagnostics.DiagnosticSource, Version=9.0.0.0, Culture=neutral, PublicKeyToken=cc7b13ffcd2ddd51”。
             解析的文件路径为“C:\Program Files\dotnet\packs\Microsoft.NETCore.App.Ref\9.0.11\ref\net9.0\System.Diagnostics.DiagnosticSource.dll”。
             在搜索路径位置“{RawFileName}”找到引用。
             此引用不是“CopyLocal”，因为至少有一个源项将“Private”设置为“false”，而没有源项将“Private”设置为“true”。
         主引用“System.Diagnostics.FileVersionInfo, Version=9.0.0.0, Culture=neutral, PublicKeyToken=b03f5f7f11d50a3a”。
             解析的文件路径为“C:\Program Files\dotnet\packs\Microsoft.NETCore.App.Ref\9.0.11\ref\net9.0\System.Diagnostics.FileVersionInfo.dll”。
             在搜索路径位置“{RawFileName}”找到引用。
             此引用不是“CopyLocal”，因为至少有一个源项将“Private”设置为“false”，而没有源项将“Private”设置为“true”。
         主引用“System.Diagnostics.Process, Version=9.0.0.0, Culture=neutral, PublicKeyToken=b03f5f7f11d50a3a”。
             解析的文件路径为“C:\Program Files\dotnet\packs\Microsoft.NETCore.App.Ref\9.0.11\ref\net9.0\System.Diagnostics.Process.dll”。
             在搜索路径位置“{RawFileName}”找到引用。
             此引用不是“CopyLocal”，因为至少有一个源项将“Private”设置为“false”，而没有源项将“Private”设置为“true”。
         主引用“System.Diagnostics.StackTrace, Version=9.0.0.0, Culture=neutral, PublicKeyToken=b03f5f7f11d50a3a”。
             解析的文件路径为“C:\Program Files\dotnet\packs\Microsoft.NETCore.App.Ref\9.0.11\ref\net9.0\System.Diagnostics.StackTrace.dll”。
             在搜索路径位置“{RawFileName}”找到引用。
             此引用不是“CopyLocal”，因为至少有一个源项将“Private”设置为“false”，而没有源项将“Private”设置为“true”。
         主引用“System.Diagnostics.TextWriterTraceListener, Version=9.0.0.0, Culture=neutral, PublicKeyToken=b03f5f7f11d50a3a”。
             解析的文件路径为“C:\Program Files\dotnet\packs\Microsoft.NETCore.App.Ref\9.0.11\ref\net9.0\System.Diagnostics.TextWriterTraceListener.dll”。
             在搜索路径位置“{RawFileName}”找到引用。
             此引用不是“CopyLocal”，因为至少有一个源项将“Private”设置为“false”，而没有源项将“Private”设置为“true”。
         主引用“System.Diagnostics.Tools, Version=9.0.0.0, Culture=neutral, PublicKeyToken=b03f5f7f11d50a3a”。
             解析的文件路径为“C:\Program Files\dotnet\packs\Microsoft.NETCore.App.Ref\9.0.11\ref\net9.0\System.Diagnostics.Tools.dll”。
             在搜索路径位置“{RawFileName}”找到引用。
             此引用不是“CopyLocal”，因为至少有一个源项将“Private”设置为“false”，而没有源项将“Private”设置为“true”。
         主引用“System.Diagnostics.TraceSource, Version=9.0.0.0, Culture=neutral, PublicKeyToken=b03f5f7f11d50a3a”。
             解析的文件路径为“C:\Program Files\dotnet\packs\Microsoft.NETCore.App.Ref\9.0.11\ref\net9.0\System.Diagnostics.TraceSource.dll”。
             在搜索路径位置“{RawFileName}”找到引用。
             此引用不是“CopyLocal”，因为至少有一个源项将“Private”设置为“false”，而没有源项将“Private”设置为“true”。
         主引用“System.Diagnostics.Tracing, Version=9.0.0.0, Culture=neutral, PublicKeyToken=b03f5f7f11d50a3a”。
             解析的文件路径为“C:\Program Files\dotnet\packs\Microsoft.NETCore.App.Ref\9.0.11\ref\net9.0\System.Diagnostics.Tracing.dll”。
             在搜索路径位置“{RawFileName}”找到引用。
             此引用不是“CopyLocal”，因为至少有一个源项将“Private”设置为“false”，而没有源项将“Private”设置为“true”。
         主引用“System.Drawing.Primitives, Version=9.0.0.0, Culture=neutral, PublicKeyToken=b03f5f7f11d50a3a”。
             解析的文件路径为“C:\Program Files\dotnet\packs\Microsoft.NETCore.App.Ref\9.0.11\ref\net9.0\System.Drawing.Primitives.dll”。
             在搜索路径位置“{RawFileName}”找到引用。
             此引用不是“CopyLocal”，因为至少有一个源项将“Private”设置为“false”，而没有源项将“Private”设置为“true”。
         主引用“System.Drawing, Version=4.0.0.0, Culture=neutral, PublicKeyToken=b03f5f7f11d50a3a”。
             解析的文件路径为“C:\Program Files\dotnet\packs\Microsoft.NETCore.App.Ref\9.0.11\ref\net9.0\System.Drawing.dll”。
             在搜索路径位置“{RawFileName}”找到引用。
             此引用不是“CopyLocal”，因为至少有一个源项将“Private”设置为“false”，而没有源项将“Private”设置为“true”。
         主引用“System.Dynamic.Runtime, Version=9.0.0.0, Culture=neutral, PublicKeyToken=b03f5f7f11d50a3a”。
             解析的文件路径为“C:\Program Files\dotnet\packs\Microsoft.NETCore.App.Ref\9.0.11\ref\net9.0\System.Dynamic.Runtime.dll”。
             在搜索路径位置“{RawFileName}”找到引用。
             此引用不是“CopyLocal”，因为至少有一个源项将“Private”设置为“false”，而没有源项将“Private”设置为“true”。
         主引用“System.Formats.Asn1, Version=9.0.0.0, Culture=neutral, PublicKeyToken=cc7b13ffcd2ddd51”。
             解析的文件路径为“C:\Program Files\dotnet\packs\Microsoft.NETCore.App.Ref\9.0.11\ref\net9.0\System.Formats.Asn1.dll”。
             在搜索路径位置“{RawFileName}”找到引用。
             此引用不是“CopyLocal”，因为至少有一个源项将“Private”设置为“false”，而没有源项将“Private”设置为“true”。
         主引用“System.Formats.Tar, Version=9.0.0.0, Culture=neutral, PublicKeyToken=cc7b13ffcd2ddd51”。
             解析的文件路径为“C:\Program Files\dotnet\packs\Microsoft.NETCore.App.Ref\9.0.11\ref\net9.0\System.Formats.Tar.dll”。
             在搜索路径位置“{RawFileName}”找到引用。
             此引用不是“CopyLocal”，因为至少有一个源项将“Private”设置为“false”，而没有源项将“Private”设置为“true”。
         主引用“System.Globalization.Calendars, Version=9.0.0.0, Culture=neutral, PublicKeyToken=b03f5f7f11d50a3a”。
             解析的文件路径为“C:\Program Files\dotnet\packs\Microsoft.NETCore.App.Ref\9.0.11\ref\net9.0\System.Globalization.Calendars.dll”。
             在搜索路径位置“{RawFileName}”找到引用。
             此引用不是“CopyLocal”，因为至少有一个源项将“Private”设置为“false”，而没有源项将“Private”设置为“true”。
         主引用“System.Globalization.Extensions, Version=9.0.0.0, Culture=neutral, PublicKeyToken=b03f5f7f11d50a3a”。
             解析的文件路径为“C:\Program Files\dotnet\packs\Microsoft.NETCore.App.Ref\9.0.11\ref\net9.0\System.Globalization.Extensions.dll”。
             在搜索路径位置“{RawFileName}”找到引用。
             此引用不是“CopyLocal”，因为至少有一个源项将“Private”设置为“false”，而没有源项将“Private”设置为“true”。
         主引用“System.Globalization, Version=9.0.0.0, Culture=neutral, PublicKeyToken=b03f5f7f11d50a3a”。
             解析的文件路径为“C:\Program Files\dotnet\packs\Microsoft.NETCore.App.Ref\9.0.11\ref\net9.0\System.Globalization.dll”。
             在搜索路径位置“{RawFileName}”找到引用。
             此引用不是“CopyLocal”，因为至少有一个源项将“Private”设置为“false”，而没有源项将“Private”设置为“true”。
         主引用“System.IO.Compression.Brotli, Version=9.0.0.0, Culture=neutral, PublicKeyToken=b77a5c561934e089”。
             解析的文件路径为“C:\Program Files\dotnet\packs\Microsoft.NETCore.App.Ref\9.0.11\ref\net9.0\System.IO.Compression.Brotli.dll”。
             在搜索路径位置“{RawFileName}”找到引用。
             此引用不是“CopyLocal”，因为至少有一个源项将“Private”设置为“false”，而没有源项将“Private”设置为“true”。
         主引用“System.IO.Compression.FileSystem, Version=4.0.0.0, Culture=neutral, PublicKeyToken=b77a5c561934e089”。
             解析的文件路径为“C:\Program Files\dotnet\packs\Microsoft.NETCore.App.Ref\9.0.11\ref\net9.0\System.IO.Compression.FileSystem.dll”。
             在搜索路径位置“{RawFileName}”找到引用。
             此引用不是“CopyLocal”，因为至少有一个源项将“Private”设置为“false”，而没有源项将“Private”设置为“true”。
         主引用“System.IO.Compression.ZipFile, Version=9.0.0.0, Culture=neutral, PublicKeyToken=b77a5c561934e089”。
             解析的文件路径为“C:\Program Files\dotnet\packs\Microsoft.NETCore.App.Ref\9.0.11\ref\net9.0\System.IO.Compression.ZipFile.dll”。
             在搜索路径位置“{RawFileName}”找到引用。
             此引用不是“CopyLocal”，因为至少有一个源项将“Private”设置为“false”，而没有源项将“Private”设置为“true”。
         主引用“System.IO.Compression, Version=9.0.0.0, Culture=neutral, PublicKeyToken=b77a5c561934e089”。
             解析的文件路径为“C:\Program Files\dotnet\packs\Microsoft.NETCore.App.Ref\9.0.11\ref\net9.0\System.IO.Compression.dll”。
             在搜索路径位置“{RawFileName}”找到引用。
             此引用不是“CopyLocal”，因为至少有一个源项将“Private”设置为“false”，而没有源项将“Private”设置为“true”。
         主引用“System.IO.FileSystem.AccessControl, Version=9.0.0.0, Culture=neutral, PublicKeyToken=b03f5f7f11d50a3a”。
             解析的文件路径为“C:\Program Files\dotnet\packs\Microsoft.NETCore.App.Ref\9.0.11\ref\net9.0\System.IO.FileSystem.AccessControl.dll”。
             在搜索路径位置“{RawFileName}”找到引用。
             此引用不是“CopyLocal”，因为至少有一个源项将“Private”设置为“false”，而没有源项将“Private”设置为“true”。
         主引用“System.IO.FileSystem.DriveInfo, Version=9.0.0.0, Culture=neutral, PublicKeyToken=b03f5f7f11d50a3a”。
             解析的文件路径为“C:\Program Files\dotnet\packs\Microsoft.NETCore.App.Ref\9.0.11\ref\net9.0\System.IO.FileSystem.DriveInfo.dll”。
             在搜索路径位置“{RawFileName}”找到引用。
             此引用不是“CopyLocal”，因为至少有一个源项将“Private”设置为“false”，而没有源项将“Private”设置为“true”。
         主引用“System.IO.FileSystem.Primitives, Version=9.0.0.0, Culture=neutral, PublicKeyToken=b03f5f7f11d50a3a”。
             解析的文件路径为“C:\Program Files\dotnet\packs\Microsoft.NETCore.App.Ref\9.0.11\ref\net9.0\System.IO.FileSystem.Primitives.dll”。
             在搜索路径位置“{RawFileName}”找到引用。
             此引用不是“CopyLocal”，因为至少有一个源项将“Private”设置为“false”，而没有源项将“Private”设置为“true”。
         主引用“System.IO.FileSystem.Watcher, Version=9.0.0.0, Culture=neutral, PublicKeyToken=b03f5f7f11d50a3a”。
             解析的文件路径为“C:\Program Files\dotnet\packs\Microsoft.NETCore.App.Ref\9.0.11\ref\net9.0\System.IO.FileSystem.Watcher.dll”。
             在搜索路径位置“{RawFileName}”找到引用。
             此引用不是“CopyLocal”，因为至少有一个源项将“Private”设置为“false”，而没有源项将“Private”设置为“true”。
         主引用“System.IO.FileSystem, Version=9.0.0.0, Culture=neutral, PublicKeyToken=b03f5f7f11d50a3a”。
             解析的文件路径为“C:\Program Files\dotnet\packs\Microsoft.NETCore.App.Ref\9.0.11\ref\net9.0\System.IO.FileSystem.dll”。
             在搜索路径位置“{RawFileName}”找到引用。
             此引用不是“CopyLocal”，因为至少有一个源项将“Private”设置为“false”，而没有源项将“Private”设置为“true”。
         主引用“System.IO.IsolatedStorage, Version=9.0.0.0, Culture=neutral, PublicKeyToken=b03f5f7f11d50a3a”。
             解析的文件路径为“C:\Program Files\dotnet\packs\Microsoft.NETCore.App.Ref\9.0.11\ref\net9.0\System.IO.IsolatedStorage.dll”。
             在搜索路径位置“{RawFileName}”找到引用。
             此引用不是“CopyLocal”，因为至少有一个源项将“Private”设置为“false”，而没有源项将“Private”设置为“true”。
         主引用“System.IO.MemoryMappedFiles, Version=9.0.0.0, Culture=neutral, PublicKeyToken=b03f5f7f11d50a3a”。
             解析的文件路径为“C:\Program Files\dotnet\packs\Microsoft.NETCore.App.Ref\9.0.11\ref\net9.0\System.IO.MemoryMappedFiles.dll”。
             在搜索路径位置“{RawFileName}”找到引用。
             此引用不是“CopyLocal”，因为至少有一个源项将“Private”设置为“false”，而没有源项将“Private”设置为“true”。
         主引用“System.IO.Pipelines, Version=9.0.0.0, Culture=neutral, PublicKeyToken=cc7b13ffcd2ddd51”。
             解析的文件路径为“C:\Program Files\dotnet\packs\Microsoft.NETCore.App.Ref\9.0.11\ref\net9.0\System.IO.Pipelines.dll”。
             在搜索路径位置“{RawFileName}”找到引用。
             此引用不是“CopyLocal”，因为至少有一个源项将“Private”设置为“false”，而没有源项将“Private”设置为“true”。
         主引用“System.IO.Pipes.AccessControl, Version=9.0.0.0, Culture=neutral, PublicKeyToken=b03f5f7f11d50a3a”。
             解析的文件路径为“C:\Program Files\dotnet\packs\Microsoft.NETCore.App.Ref\9.0.11\ref\net9.0\System.IO.Pipes.AccessControl.dll”。
             在搜索路径位置“{RawFileName}”找到引用。
             此引用不是“CopyLocal”，因为至少有一个源项将“Private”设置为“false”，而没有源项将“Private”设置为“true”。
         主引用“System.IO.Pipes, Version=9.0.0.0, Culture=neutral, PublicKeyToken=b03f5f7f11d50a3a”。
             解析的文件路径为“C:\Program Files\dotnet\packs\Microsoft.NETCore.App.Ref\9.0.11\ref\net9.0\System.IO.Pipes.dll”。
             在搜索路径位置“{RawFileName}”找到引用。
             此引用不是“CopyLocal”，因为至少有一个源项将“Private”设置为“false”，而没有源项将“Private”设置为“true”。
         主引用“System.IO.UnmanagedMemoryStream, Version=9.0.0.0, Culture=neutral, PublicKeyToken=b03f5f7f11d50a3a”。
             解析的文件路径为“C:\Program Files\dotnet\packs\Microsoft.NETCore.App.Ref\9.0.11\ref\net9.0\System.IO.UnmanagedMemoryStream.dll”。
             在搜索路径位置“{RawFileName}”找到引用。
             此引用不是“CopyLocal”，因为至少有一个源项将“Private”设置为“false”，而没有源项将“Private”设置为“true”。
         主引用“System.IO, Version=9.0.0.0, Culture=neutral, PublicKeyToken=b03f5f7f11d50a3a”。
             解析的文件路径为“C:\Program Files\dotnet\packs\Microsoft.NETCore.App.Ref\9.0.11\ref\net9.0\System.IO.dll”。
             在搜索路径位置“{RawFileName}”找到引用。
             此引用不是“CopyLocal”，因为至少有一个源项将“Private”设置为“false”，而没有源项将“Private”设置为“true”。
         主引用“System.Linq.Expressions, Version=9.0.0.0, Culture=neutral, PublicKeyToken=b03f5f7f11d50a3a”。
             解析的文件路径为“C:\Program Files\dotnet\packs\Microsoft.NETCore.App.Ref\9.0.11\ref\net9.0\System.Linq.Expressions.dll”。
             在搜索路径位置“{RawFileName}”找到引用。
             此引用不是“CopyLocal”，因为至少有一个源项将“Private”设置为“false”，而没有源项将“Private”设置为“true”。
         主引用“System.Linq.Parallel, Version=9.0.0.0, Culture=neutral, PublicKeyToken=b03f5f7f11d50a3a”。
             解析的文件路径为“C:\Program Files\dotnet\packs\Microsoft.NETCore.App.Ref\9.0.11\ref\net9.0\System.Linq.Parallel.dll”。
             在搜索路径位置“{RawFileName}”找到引用。
             此引用不是“CopyLocal”，因为至少有一个源项将“Private”设置为“false”，而没有源项将“Private”设置为“true”。
         主引用“System.Linq.Queryable, Version=9.0.0.0, Culture=neutral, PublicKeyToken=b03f5f7f11d50a3a”。
             解析的文件路径为“C:\Program Files\dotnet\packs\Microsoft.NETCore.App.Ref\9.0.11\ref\net9.0\System.Linq.Queryable.dll”。
             在搜索路径位置“{RawFileName}”找到引用。
             此引用不是“CopyLocal”，因为至少有一个源项将“Private”设置为“false”，而没有源项将“Private”设置为“true”。
         主引用“System.Linq, Version=9.0.0.0, Culture=neutral, PublicKeyToken=b03f5f7f11d50a3a”。
             解析的文件路径为“C:\Program Files\dotnet\packs\Microsoft.NETCore.App.Ref\9.0.11\ref\net9.0\System.Linq.dll”。
             在搜索路径位置“{RawFileName}”找到引用。
             此引用不是“CopyLocal”，因为至少有一个源项将“Private”设置为“false”，而没有源项将“Private”设置为“true”。
         主引用“System.Memory, Version=9.0.0.0, Culture=neutral, PublicKeyToken=cc7b13ffcd2ddd51”。
             解析的文件路径为“C:\Program Files\dotnet\packs\Microsoft.NETCore.App.Ref\9.0.11\ref\net9.0\System.Memory.dll”。
             在搜索路径位置“{RawFileName}”找到引用。
             此引用不是“CopyLocal”，因为至少有一个源项将“Private”设置为“false”，而没有源项将“Private”设置为“true”。
         主引用“System.Net.Http.Json, Version=9.0.0.0, Culture=neutral, PublicKeyToken=cc7b13ffcd2ddd51”。
             解析的文件路径为“C:\Program Files\dotnet\packs\Microsoft.NETCore.App.Ref\9.0.11\ref\net9.0\System.Net.Http.Json.dll”。
             在搜索路径位置“{RawFileName}”找到引用。
             此引用不是“CopyLocal”，因为至少有一个源项将“Private”设置为“false”，而没有源项将“Private”设置为“true”。
         主引用“System.Net.Http, Version=9.0.0.0, Culture=neutral, PublicKeyToken=b03f5f7f11d50a3a”。
             解析的文件路径为“C:\Program Files\dotnet\packs\Microsoft.NETCore.App.Ref\9.0.11\ref\net9.0\System.Net.Http.dll”。
             在搜索路径位置“{RawFileName}”找到引用。
             此引用不是“CopyLocal”，因为至少有一个源项将“Private”设置为“false”，而没有源项将“Private”设置为“true”。
         主引用“System.Net.HttpListener, Version=9.0.0.0, Culture=neutral, PublicKeyToken=cc7b13ffcd2ddd51”。
             解析的文件路径为“C:\Program Files\dotnet\packs\Microsoft.NETCore.App.Ref\9.0.11\ref\net9.0\System.Net.HttpListener.dll”。
             在搜索路径位置“{RawFileName}”找到引用。
             此引用不是“CopyLocal”，因为至少有一个源项将“Private”设置为“false”，而没有源项将“Private”设置为“true”。
         主引用“System.Net.Mail, Version=9.0.0.0, Culture=neutral, PublicKeyToken=cc7b13ffcd2ddd51”。
             解析的文件路径为“C:\Program Files\dotnet\packs\Microsoft.NETCore.App.Ref\9.0.11\ref\net9.0\System.Net.Mail.dll”。
             在搜索路径位置“{RawFileName}”找到引用。
             此引用不是“CopyLocal”，因为至少有一个源项将“Private”设置为“false”，而没有源项将“Private”设置为“true”。
         主引用“System.Net.NameResolution, Version=9.0.0.0, Culture=neutral, PublicKeyToken=b03f5f7f11d50a3a”。
             解析的文件路径为“C:\Program Files\dotnet\packs\Microsoft.NETCore.App.Ref\9.0.11\ref\net9.0\System.Net.NameResolution.dll”。
             在搜索路径位置“{RawFileName}”找到引用。
             此引用不是“CopyLocal”，因为至少有一个源项将“Private”设置为“false”，而没有源项将“Private”设置为“true”。
         主引用“System.Net.NetworkInformation, Version=9.0.0.0, Culture=neutral, PublicKeyToken=b03f5f7f11d50a3a”。
             解析的文件路径为“C:\Program Files\dotnet\packs\Microsoft.NETCore.App.Ref\9.0.11\ref\net9.0\System.Net.NetworkInformation.dll”。
             在搜索路径位置“{RawFileName}”找到引用。
             此引用不是“CopyLocal”，因为至少有一个源项将“Private”设置为“false”，而没有源项将“Private”设置为“true”。
         主引用“System.Net.Ping, Version=9.0.0.0, Culture=neutral, PublicKeyToken=b03f5f7f11d50a3a”。
             解析的文件路径为“C:\Program Files\dotnet\packs\Microsoft.NETCore.App.Ref\9.0.11\ref\net9.0\System.Net.Ping.dll”。
             在搜索路径位置“{RawFileName}”找到引用。
             此引用不是“CopyLocal”，因为至少有一个源项将“Private”设置为“false”，而没有源项将“Private”设置为“true”。
         主引用“System.Net.Primitives, Version=9.0.0.0, Culture=neutral, PublicKeyToken=b03f5f7f11d50a3a”。
             解析的文件路径为“C:\Program Files\dotnet\packs\Microsoft.NETCore.App.Ref\9.0.11\ref\net9.0\System.Net.Primitives.dll”。
             在搜索路径位置“{RawFileName}”找到引用。
             此引用不是“CopyLocal”，因为至少有一个源项将“Private”设置为“false”，而没有源项将“Private”设置为“true”。
         主引用“System.Net.Quic, Version=9.0.0.0, Culture=neutral, PublicKeyToken=b03f5f7f11d50a3a”。
             解析的文件路径为“C:\Program Files\dotnet\packs\Microsoft.NETCore.App.Ref\9.0.11\ref\net9.0\System.Net.Quic.dll”。
             在搜索路径位置“{RawFileName}”找到引用。
             此引用不是“CopyLocal”，因为至少有一个源项将“Private”设置为“false”，而没有源项将“Private”设置为“true”。
         主引用“System.Net.Requests, Version=9.0.0.0, Culture=neutral, PublicKeyToken=b03f5f7f11d50a3a”。
             解析的文件路径为“C:\Program Files\dotnet\packs\Microsoft.NETCore.App.Ref\9.0.11\ref\net9.0\System.Net.Requests.dll”。
             在搜索路径位置“{RawFileName}”找到引用。
             此引用不是“CopyLocal”，因为至少有一个源项将“Private”设置为“false”，而没有源项将“Private”设置为“true”。
         主引用“System.Net.Security, Version=9.0.0.0, Culture=neutral, PublicKeyToken=b03f5f7f11d50a3a”。
             解析的文件路径为“C:\Program Files\dotnet\packs\Microsoft.NETCore.App.Ref\9.0.11\ref\net9.0\System.Net.Security.dll”。
             在搜索路径位置“{RawFileName}”找到引用。
             此引用不是“CopyLocal”，因为至少有一个源项将“Private”设置为“false”，而没有源项将“Private”设置为“true”。
         主引用“System.Net.ServicePoint, Version=9.0.0.0, Culture=neutral, PublicKeyToken=cc7b13ffcd2ddd51”。
             解析的文件路径为“C:\Program Files\dotnet\packs\Microsoft.NETCore.App.Ref\9.0.11\ref\net9.0\System.Net.ServicePoint.dll”。
             在搜索路径位置“{RawFileName}”找到引用。
             此引用不是“CopyLocal”，因为至少有一个源项将“Private”设置为“false”，而没有源项将“Private”设置为“true”。
         主引用“System.Net.Sockets, Version=9.0.0.0, Culture=neutral, PublicKeyToken=b03f5f7f11d50a3a”。
             解析的文件路径为“C:\Program Files\dotnet\packs\Microsoft.NETCore.App.Ref\9.0.11\ref\net9.0\System.Net.Sockets.dll”。
             在搜索路径位置“{RawFileName}”找到引用。
             此引用不是“CopyLocal”，因为至少有一个源项将“Private”设置为“false”，而没有源项将“Private”设置为“true”。
         主引用“System.Net.WebClient, Version=9.0.0.0, Culture=neutral, PublicKeyToken=cc7b13ffcd2ddd51”。
             解析的文件路径为“C:\Program Files\dotnet\packs\Microsoft.NETCore.App.Ref\9.0.11\ref\net9.0\System.Net.WebClient.dll”。
             在搜索路径位置“{RawFileName}”找到引用。
             此引用不是“CopyLocal”，因为至少有一个源项将“Private”设置为“false”，而没有源项将“Private”设置为“true”。
         主引用“System.Net.WebHeaderCollection, Version=9.0.0.0, Culture=neutral, PublicKeyToken=b03f5f7f11d50a3a”。
             解析的文件路径为“C:\Program Files\dotnet\packs\Microsoft.NETCore.App.Ref\9.0.11\ref\net9.0\System.Net.WebHeaderCollection.dll”。
             在搜索路径位置“{RawFileName}”找到引用。
             此引用不是“CopyLocal”，因为至少有一个源项将“Private”设置为“false”，而没有源项将“Private”设置为“true”。
         主引用“System.Net.WebProxy, Version=9.0.0.0, Culture=neutral, PublicKeyToken=cc7b13ffcd2ddd51”。
             解析的文件路径为“C:\Program Files\dotnet\packs\Microsoft.NETCore.App.Ref\9.0.11\ref\net9.0\System.Net.WebProxy.dll”。
             在搜索路径位置“{RawFileName}”找到引用。
             此引用不是“CopyLocal”，因为至少有一个源项将“Private”设置为“false”，而没有源项将“Private”设置为“true”。
         主引用“System.Net.WebSockets.Client, Version=9.0.0.0, Culture=neutral, PublicKeyToken=b03f5f7f11d50a3a”。
             解析的文件路径为“C:\Program Files\dotnet\packs\Microsoft.NETCore.App.Ref\9.0.11\ref\net9.0\System.Net.WebSockets.Client.dll”。
             在搜索路径位置“{RawFileName}”找到引用。
             此引用不是“CopyLocal”，因为至少有一个源项将“Private”设置为“false”，而没有源项将“Private”设置为“true”。
         主引用“System.Net.WebSockets, Version=9.0.0.0, Culture=neutral, PublicKeyToken=b03f5f7f11d50a3a”。
             解析的文件路径为“C:\Program Files\dotnet\packs\Microsoft.NETCore.App.Ref\9.0.11\ref\net9.0\System.Net.WebSockets.dll”。
             在搜索路径位置“{RawFileName}”找到引用。
             此引用不是“CopyLocal”，因为至少有一个源项将“Private”设置为“false”，而没有源项将“Private”设置为“true”。
         主引用“System.Net, Version=4.0.0.0, Culture=neutral, PublicKeyToken=b03f5f7f11d50a3a”。
             解析的文件路径为“C:\Program Files\dotnet\packs\Microsoft.NETCore.App.Ref\9.0.11\ref\net9.0\System.Net.dll”。
             在搜索路径位置“{RawFileName}”找到引用。
             此引用不是“CopyLocal”，因为至少有一个源项将“Private”设置为“false”，而没有源项将“Private”设置为“true”。
         主引用“System.Numerics.Vectors, Version=9.0.0.0, Culture=neutral, PublicKeyToken=b03f5f7f11d50a3a”。
             解析的文件路径为“C:\Program Files\dotnet\packs\Microsoft.NETCore.App.Ref\9.0.11\ref\net9.0\System.Numerics.Vectors.dll”。
             在搜索路径位置“{RawFileName}”找到引用。
             此引用不是“CopyLocal”，因为至少有一个源项将“Private”设置为“false”，而没有源项将“Private”设置为“true”。
         主引用“System.Numerics, Version=4.0.0.0, Culture=neutral, PublicKeyToken=b77a5c561934e089”。
             解析的文件路径为“C:\Program Files\dotnet\packs\Microsoft.NETCore.App.Ref\9.0.11\ref\net9.0\System.Numerics.dll”。
             在搜索路径位置“{RawFileName}”找到引用。
             此引用不是“CopyLocal”，因为至少有一个源项将“Private”设置为“false”，而没有源项将“Private”设置为“true”。
         主引用“System.ObjectModel, Version=9.0.0.0, Culture=neutral, PublicKeyToken=b03f5f7f11d50a3a”。
             解析的文件路径为“C:\Program Files\dotnet\packs\Microsoft.NETCore.App.Ref\9.0.11\ref\net9.0\System.ObjectModel.dll”。
             在搜索路径位置“{RawFileName}”找到引用。
             此引用不是“CopyLocal”，因为至少有一个源项将“Private”设置为“false”，而没有源项将“Private”设置为“true”。
         主引用“System.Reflection.DispatchProxy, Version=9.0.0.0, Culture=neutral, PublicKeyToken=b03f5f7f11d50a3a”。
             解析的文件路径为“C:\Program Files\dotnet\packs\Microsoft.NETCore.App.Ref\9.0.11\ref\net9.0\System.Reflection.DispatchProxy.dll”。
             在搜索路径位置“{RawFileName}”找到引用。
             此引用不是“CopyLocal”，因为至少有一个源项将“Private”设置为“false”，而没有源项将“Private”设置为“true”。
         主引用“System.Reflection.Emit.ILGeneration, Version=9.0.0.0, Culture=neutral, PublicKeyToken=b03f5f7f11d50a3a”。
             解析的文件路径为“C:\Program Files\dotnet\packs\Microsoft.NETCore.App.Ref\9.0.11\ref\net9.0\System.Reflection.Emit.ILGeneration.dll”。
             在搜索路径位置“{RawFileName}”找到引用。
             此引用不是“CopyLocal”，因为至少有一个源项将“Private”设置为“false”，而没有源项将“Private”设置为“true”。
         主引用“System.Reflection.Emit.Lightweight, Version=9.0.0.0, Culture=neutral, PublicKeyToken=b03f5f7f11d50a3a”。
             解析的文件路径为“C:\Program Files\dotnet\packs\Microsoft.NETCore.App.Ref\9.0.11\ref\net9.0\System.Reflection.Emit.Lightweight.dll”。
             在搜索路径位置“{RawFileName}”找到引用。
             此引用不是“CopyLocal”，因为至少有一个源项将“Private”设置为“false”，而没有源项将“Private”设置为“true”。
         主引用“System.Reflection.Emit, Version=9.0.0.0, Culture=neutral, PublicKeyToken=b03f5f7f11d50a3a”。
             解析的文件路径为“C:\Program Files\dotnet\packs\Microsoft.NETCore.App.Ref\9.0.11\ref\net9.0\System.Reflection.Emit.dll”。
             在搜索路径位置“{RawFileName}”找到引用。
             此引用不是“CopyLocal”，因为至少有一个源项将“Private”设置为“false”，而没有源项将“Private”设置为“true”。
         主引用“System.Reflection.Extensions, Version=9.0.0.0, Culture=neutral, PublicKeyToken=b03f5f7f11d50a3a”。
             解析的文件路径为“C:\Program Files\dotnet\packs\Microsoft.NETCore.App.Ref\9.0.11\ref\net9.0\System.Reflection.Extensions.dll”。
             在搜索路径位置“{RawFileName}”找到引用。
             此引用不是“CopyLocal”，因为至少有一个源项将“Private”设置为“false”，而没有源项将“Private”设置为“true”。
         主引用“System.Reflection.Metadata, Version=9.0.0.0, Culture=neutral, PublicKeyToken=b03f5f7f11d50a3a”。
             解析的文件路径为“C:\Program Files\dotnet\packs\Microsoft.NETCore.App.Ref\9.0.11\ref\net9.0\System.Reflection.Metadata.dll”。
             在搜索路径位置“{RawFileName}”找到引用。
             此引用不是“CopyLocal”，因为至少有一个源项将“Private”设置为“false”，而没有源项将“Private”设置为“true”。
         主引用“System.Reflection.Primitives, Version=9.0.0.0, Culture=neutral, PublicKeyToken=b03f5f7f11d50a3a”。
             解析的文件路径为“C:\Program Files\dotnet\packs\Microsoft.NETCore.App.Ref\9.0.11\ref\net9.0\System.Reflection.Primitives.dll”。
             在搜索路径位置“{RawFileName}”找到引用。
             此引用不是“CopyLocal”，因为至少有一个源项将“Private”设置为“false”，而没有源项将“Private”设置为“true”。
         主引用“System.Reflection.TypeExtensions, Version=9.0.0.0, Culture=neutral, PublicKeyToken=b03f5f7f11d50a3a”。
             解析的文件路径为“C:\Program Files\dotnet\packs\Microsoft.NETCore.App.Ref\9.0.11\ref\net9.0\System.Reflection.TypeExtensions.dll”。
             在搜索路径位置“{RawFileName}”找到引用。
             此引用不是“CopyLocal”，因为至少有一个源项将“Private”设置为“false”，而没有源项将“Private”设置为“true”。
         主引用“System.Reflection, Version=9.0.0.0, Culture=neutral, PublicKeyToken=b03f5f7f11d50a3a”。
             解析的文件路径为“C:\Program Files\dotnet\packs\Microsoft.NETCore.App.Ref\9.0.11\ref\net9.0\System.Reflection.dll”。
             在搜索路径位置“{RawFileName}”找到引用。
             此引用不是“CopyLocal”，因为至少有一个源项将“Private”设置为“false”，而没有源项将“Private”设置为“true”。
         主引用“System.Resources.Reader, Version=9.0.0.0, Culture=neutral, PublicKeyToken=b03f5f7f11d50a3a”。
             解析的文件路径为“C:\Program Files\dotnet\packs\Microsoft.NETCore.App.Ref\9.0.11\ref\net9.0\System.Resources.Reader.dll”。
             在搜索路径位置“{RawFileName}”找到引用。
             此引用不是“CopyLocal”，因为至少有一个源项将“Private”设置为“false”，而没有源项将“Private”设置为“true”。
         主引用“System.Resources.ResourceManager, Version=9.0.0.0, Culture=neutral, PublicKeyToken=b03f5f7f11d50a3a”。
             解析的文件路径为“C:\Program Files\dotnet\packs\Microsoft.NETCore.App.Ref\9.0.11\ref\net9.0\System.Resources.ResourceManager.dll”。
             在搜索路径位置“{RawFileName}”找到引用。
             此引用不是“CopyLocal”，因为至少有一个源项将“Private”设置为“false”，而没有源项将“Private”设置为“true”。
         主引用“System.Resources.Writer, Version=9.0.0.0, Culture=neutral, PublicKeyToken=b03f5f7f11d50a3a”。
             解析的文件路径为“C:\Program Files\dotnet\packs\Microsoft.NETCore.App.Ref\9.0.11\ref\net9.0\System.Resources.Writer.dll”。
             在搜索路径位置“{RawFileName}”找到引用。
             此引用不是“CopyLocal”，因为至少有一个源项将“Private”设置为“false”，而没有源项将“Private”设置为“true”。
         主引用“System.Runtime.CompilerServices.Unsafe, Version=9.0.0.0, Culture=neutral, PublicKeyToken=b03f5f7f11d50a3a”。
             解析的文件路径为“C:\Program Files\dotnet\packs\Microsoft.NETCore.App.Ref\9.0.11\ref\net9.0\System.Runtime.CompilerServices.Unsafe.dll”。
             在搜索路径位置“{RawFileName}”找到引用。
             此引用不是“CopyLocal”，因为至少有一个源项将“Private”设置为“false”，而没有源项将“Private”设置为“true”。
         主引用“System.Runtime.CompilerServices.VisualC, Version=9.0.0.0, Culture=neutral, PublicKeyToken=b03f5f7f11d50a3a”。
             解析的文件路径为“C:\Program Files\dotnet\packs\Microsoft.NETCore.App.Ref\9.0.11\ref\net9.0\System.Runtime.CompilerServices.VisualC.dll”。
             在搜索路径位置“{RawFileName}”找到引用。
             此引用不是“CopyLocal”，因为至少有一个源项将“Private”设置为“false”，而没有源项将“Private”设置为“true”。
         主引用“System.Runtime.Extensions, Version=9.0.0.0, Culture=neutral, PublicKeyToken=b03f5f7f11d50a3a”。
             解析的文件路径为“C:\Program Files\dotnet\packs\Microsoft.NETCore.App.Ref\9.0.11\ref\net9.0\System.Runtime.Extensions.dll”。
             在搜索路径位置“{RawFileName}”找到引用。
             此引用不是“CopyLocal”，因为至少有一个源项将“Private”设置为“false”，而没有源项将“Private”设置为“true”。
         主引用“System.Runtime.Handles, Version=9.0.0.0, Culture=neutral, PublicKeyToken=b03f5f7f11d50a3a”。
             解析的文件路径为“C:\Program Files\dotnet\packs\Microsoft.NETCore.App.Ref\9.0.11\ref\net9.0\System.Runtime.Handles.dll”。
             在搜索路径位置“{RawFileName}”找到引用。
             此引用不是“CopyLocal”，因为至少有一个源项将“Private”设置为“false”，而没有源项将“Private”设置为“true”。
         主引用“System.Runtime.InteropServices.JavaScript, Version=9.0.0.0, Culture=neutral, PublicKeyToken=b03f5f7f11d50a3a”。
             解析的文件路径为“C:\Program Files\dotnet\packs\Microsoft.NETCore.App.Ref\9.0.11\ref\net9.0\System.Runtime.InteropServices.JavaScript.dll”。
             在搜索路径位置“{RawFileName}”找到引用。
             此引用不是“CopyLocal”，因为至少有一个源项将“Private”设置为“false”，而没有源项将“Private”设置为“true”。
         主引用“System.Runtime.InteropServices.RuntimeInformation, Version=9.0.0.0, Culture=neutral, PublicKeyToken=b03f5f7f11d50a3a”。
             解析的文件路径为“C:\Program Files\dotnet\packs\Microsoft.NETCore.App.Ref\9.0.11\ref\net9.0\System.Runtime.InteropServices.RuntimeInformation.dll”。
             在搜索路径位置“{RawFileName}”找到引用。
             此引用不是“CopyLocal”，因为至少有一个源项将“Private”设置为“false”，而没有源项将“Private”设置为“true”。
         主引用“System.Runtime.InteropServices, Version=9.0.0.0, Culture=neutral, PublicKeyToken=b03f5f7f11d50a3a”。
             解析的文件路径为“C:\Program Files\dotnet\packs\Microsoft.NETCore.App.Ref\9.0.11\ref\net9.0\System.Runtime.InteropServices.dll”。
             在搜索路径位置“{RawFileName}”找到引用。
             此引用不是“CopyLocal”，因为至少有一个源项将“Private”设置为“false”，而没有源项将“Private”设置为“true”。
         主引用“System.Runtime.Intrinsics, Version=9.0.0.0, Culture=neutral, PublicKeyToken=cc7b13ffcd2ddd51”。
             解析的文件路径为“C:\Program Files\dotnet\packs\Microsoft.NETCore.App.Ref\9.0.11\ref\net9.0\System.Runtime.Intrinsics.dll”。
             在搜索路径位置“{RawFileName}”找到引用。
             此引用不是“CopyLocal”，因为至少有一个源项将“Private”设置为“false”，而没有源项将“Private”设置为“true”。
         主引用“System.Runtime.Loader, Version=9.0.0.0, Culture=neutral, PublicKeyToken=b03f5f7f11d50a3a”。
             解析的文件路径为“C:\Program Files\dotnet\packs\Microsoft.NETCore.App.Ref\9.0.11\ref\net9.0\System.Runtime.Loader.dll”。
             在搜索路径位置“{RawFileName}”找到引用。
             此引用不是“CopyLocal”，因为至少有一个源项将“Private”设置为“false”，而没有源项将“Private”设置为“true”。
         主引用“System.Runtime.Numerics, Version=9.0.0.0, Culture=neutral, PublicKeyToken=b03f5f7f11d50a3a”。
             解析的文件路径为“C:\Program Files\dotnet\packs\Microsoft.NETCore.App.Ref\9.0.11\ref\net9.0\System.Runtime.Numerics.dll”。
             在搜索路径位置“{RawFileName}”找到引用。
             此引用不是“CopyLocal”，因为至少有一个源项将“Private”设置为“false”，而没有源项将“Private”设置为“true”。
         主引用“System.Runtime.Serialization.Formatters, Version=8.1.0.0, Culture=neutral, PublicKeyToken=b03f5f7f11d50a3a”。
             解析的文件路径为“C:\Program Files\dotnet\packs\Microsoft.NETCore.App.Ref\9.0.11\ref\net9.0\System.Runtime.Serialization.Formatters.dll”。
             在搜索路径位置“{RawFileName}”找到引用。
             此引用不是“CopyLocal”，因为至少有一个源项将“Private”设置为“false”，而没有源项将“Private”设置为“true”。
         主引用“System.Runtime.Serialization.Json, Version=9.0.0.0, Culture=neutral, PublicKeyToken=b03f5f7f11d50a3a”。
             解析的文件路径为“C:\Program Files\dotnet\packs\Microsoft.NETCore.App.Ref\9.0.11\ref\net9.0\System.Runtime.Serialization.Json.dll”。
             在搜索路径位置“{RawFileName}”找到引用。
             此引用不是“CopyLocal”，因为至少有一个源项将“Private”设置为“false”，而没有源项将“Private”设置为“true”。
         主引用“System.Runtime.Serialization.Primitives, Version=9.0.0.0, Culture=neutral, PublicKeyToken=b03f5f7f11d50a3a”。
             解析的文件路径为“C:\Program Files\dotnet\packs\Microsoft.NETCore.App.Ref\9.0.11\ref\net9.0\System.Runtime.Serialization.Primitives.dll”。
             在搜索路径位置“{RawFileName}”找到引用。
             此引用不是“CopyLocal”，因为至少有一个源项将“Private”设置为“false”，而没有源项将“Private”设置为“true”。
         主引用“System.Runtime.Serialization.Xml, Version=9.0.0.0, Culture=neutral, PublicKeyToken=b03f5f7f11d50a3a”。
             解析的文件路径为“C:\Program Files\dotnet\packs\Microsoft.NETCore.App.Ref\9.0.11\ref\net9.0\System.Runtime.Serialization.Xml.dll”。
             在搜索路径位置“{RawFileName}”找到引用。
             此引用不是“CopyLocal”，因为至少有一个源项将“Private”设置为“false”，而没有源项将“Private”设置为“true”。
         主引用“System.Runtime.Serialization, Version=4.0.0.0, Culture=neutral, PublicKeyToken=b77a5c561934e089”。
             解析的文件路径为“C:\Program Files\dotnet\packs\Microsoft.NETCore.App.Ref\9.0.11\ref\net9.0\System.Runtime.Serialization.dll”。
             在搜索路径位置“{RawFileName}”找到引用。
             此引用不是“CopyLocal”，因为至少有一个源项将“Private”设置为“false”，而没有源项将“Private”设置为“true”。
         主引用“System.Runtime, Version=9.0.0.0, Culture=neutral, PublicKeyToken=b03f5f7f11d50a3a”。
             解析的文件路径为“C:\Program Files\dotnet\packs\Microsoft.NETCore.App.Ref\9.0.11\ref\net9.0\System.Runtime.dll”。
             在搜索路径位置“{RawFileName}”找到引用。
             此引用不是“CopyLocal”，因为至少有一个源项将“Private”设置为“false”，而没有源项将“Private”设置为“true”。
         主引用“System.Security.AccessControl, Version=9.0.0.0, Culture=neutral, PublicKeyToken=b03f5f7f11d50a3a”。
             解析的文件路径为“C:\Program Files\dotnet\packs\Microsoft.NETCore.App.Ref\9.0.11\ref\net9.0\System.Security.AccessControl.dll”。
             在搜索路径位置“{RawFileName}”找到引用。
             此引用不是“CopyLocal”，因为至少有一个源项将“Private”设置为“false”，而没有源项将“Private”设置为“true”。
         主引用“System.Security.Claims, Version=9.0.0.0, Culture=neutral, PublicKeyToken=b03f5f7f11d50a3a”。
             解析的文件路径为“C:\Program Files\dotnet\packs\Microsoft.NETCore.App.Ref\9.0.11\ref\net9.0\System.Security.Claims.dll”。
             在搜索路径位置“{RawFileName}”找到引用。
             此引用不是“CopyLocal”，因为至少有一个源项将“Private”设置为“false”，而没有源项将“Private”设置为“true”。
         主引用“System.Security.Cryptography.Algorithms, Version=9.0.0.0, Culture=neutral, PublicKeyToken=b03f5f7f11d50a3a”。
             解析的文件路径为“C:\Program Files\dotnet\packs\Microsoft.NETCore.App.Ref\9.0.11\ref\net9.0\System.Security.Cryptography.Algorithms.dll”。
             在搜索路径位置“{RawFileName}”找到引用。
             此引用不是“CopyLocal”，因为至少有一个源项将“Private”设置为“false”，而没有源项将“Private”设置为“true”。
         主引用“System.Security.Cryptography.Cng, Version=9.0.0.0, Culture=neutral, PublicKeyToken=b03f5f7f11d50a3a”。
             解析的文件路径为“C:\Program Files\dotnet\packs\Microsoft.NETCore.App.Ref\9.0.11\ref\net9.0\System.Security.Cryptography.Cng.dll”。
             在搜索路径位置“{RawFileName}”找到引用。
             此引用不是“CopyLocal”，因为至少有一个源项将“Private”设置为“false”，而没有源项将“Private”设置为“true”。
         主引用“System.Security.Cryptography.Csp, Version=9.0.0.0, Culture=neutral, PublicKeyToken=b03f5f7f11d50a3a”。
             解析的文件路径为“C:\Program Files\dotnet\packs\Microsoft.NETCore.App.Ref\9.0.11\ref\net9.0\System.Security.Cryptography.Csp.dll”。
             在搜索路径位置“{RawFileName}”找到引用。
             此引用不是“CopyLocal”，因为至少有一个源项将“Private”设置为“false”，而没有源项将“Private”设置为“true”。
         主引用“System.Security.Cryptography.Encoding, Version=9.0.0.0, Culture=neutral, PublicKeyToken=b03f5f7f11d50a3a”。
             解析的文件路径为“C:\Program Files\dotnet\packs\Microsoft.NETCore.App.Ref\9.0.11\ref\net9.0\System.Security.Cryptography.Encoding.dll”。
             在搜索路径位置“{RawFileName}”找到引用。
             此引用不是“CopyLocal”，因为至少有一个源项将“Private”设置为“false”，而没有源项将“Private”设置为“true”。
         主引用“System.Security.Cryptography.OpenSsl, Version=9.0.0.0, Culture=neutral, PublicKeyToken=b03f5f7f11d50a3a”。
             解析的文件路径为“C:\Program Files\dotnet\packs\Microsoft.NETCore.App.Ref\9.0.11\ref\net9.0\System.Security.Cryptography.OpenSsl.dll”。
             在搜索路径位置“{RawFileName}”找到引用。
             此引用不是“CopyLocal”，因为至少有一个源项将“Private”设置为“false”，而没有源项将“Private”设置为“true”。
         主引用“System.Security.Cryptography.Primitives, Version=9.0.0.0, Culture=neutral, PublicKeyToken=b03f5f7f11d50a3a”。
             解析的文件路径为“C:\Program Files\dotnet\packs\Microsoft.NETCore.App.Ref\9.0.11\ref\net9.0\System.Security.Cryptography.Primitives.dll”。
             在搜索路径位置“{RawFileName}”找到引用。
             此引用不是“CopyLocal”，因为至少有一个源项将“Private”设置为“false”，而没有源项将“Private”设置为“true”。
         主引用“System.Security.Cryptography.X509Certificates, Version=9.0.0.0, Culture=neutral, PublicKeyToken=b03f5f7f11d50a3a”。
             解析的文件路径为“C:\Program Files\dotnet\packs\Microsoft.NETCore.App.Ref\9.0.11\ref\net9.0\System.Security.Cryptography.X509Certificates.dll”。
             在搜索路径位置“{RawFileName}”找到引用。
             此引用不是“CopyLocal”，因为至少有一个源项将“Private”设置为“false”，而没有源项将“Private”设置为“true”。
         主引用“System.Security.Cryptography, Version=9.0.0.0, Culture=neutral, PublicKeyToken=b03f5f7f11d50a3a”。
             解析的文件路径为“C:\Program Files\dotnet\packs\Microsoft.NETCore.App.Ref\9.0.11\ref\net9.0\System.Security.Cryptography.dll”。
             在搜索路径位置“{RawFileName}”找到引用。
             此引用不是“CopyLocal”，因为至少有一个源项将“Private”设置为“false”，而没有源项将“Private”设置为“true”。
         主引用“System.Security.Principal.Windows, Version=9.0.0.0, Culture=neutral, PublicKeyToken=b03f5f7f11d50a3a”。
             解析的文件路径为“C:\Program Files\dotnet\packs\Microsoft.NETCore.App.Ref\9.0.11\ref\net9.0\System.Security.Principal.Windows.dll”。
             在搜索路径位置“{RawFileName}”找到引用。
             此引用不是“CopyLocal”，因为至少有一个源项将“Private”设置为“false”，而没有源项将“Private”设置为“true”。
         主引用“System.Security.Principal, Version=9.0.0.0, Culture=neutral, PublicKeyToken=b03f5f7f11d50a3a”。
             解析的文件路径为“C:\Program Files\dotnet\packs\Microsoft.NETCore.App.Ref\9.0.11\ref\net9.0\System.Security.Principal.dll”。
             在搜索路径位置“{RawFileName}”找到引用。
             此引用不是“CopyLocal”，因为至少有一个源项将“Private”设置为“false”，而没有源项将“Private”设置为“true”。
         主引用“System.Security.SecureString, Version=9.0.0.0, Culture=neutral, PublicKeyToken=b03f5f7f11d50a3a”。
             解析的文件路径为“C:\Program Files\dotnet\packs\Microsoft.NETCore.App.Ref\9.0.11\ref\net9.0\System.Security.SecureString.dll”。
             在搜索路径位置“{RawFileName}”找到引用。
             此引用不是“CopyLocal”，因为至少有一个源项将“Private”设置为“false”，而没有源项将“Private”设置为“true”。
         主引用“System.Security, Version=4.0.0.0, Culture=neutral, PublicKeyToken=b03f5f7f11d50a3a”。
             解析的文件路径为“C:\Program Files\dotnet\packs\Microsoft.NETCore.App.Ref\9.0.11\ref\net9.0\System.Security.dll”。
             在搜索路径位置“{RawFileName}”找到引用。
             此引用不是“CopyLocal”，因为至少有一个源项将“Private”设置为“false”，而没有源项将“Private”设置为“true”。
         主引用“System.ServiceModel.Web, Version=4.0.0.0, Culture=neutral, PublicKeyToken=31bf3856ad364e35”。
             解析的文件路径为“C:\Program Files\dotnet\packs\Microsoft.NETCore.App.Ref\9.0.11\ref\net9.0\System.ServiceModel.Web.dll”。
             在搜索路径位置“{RawFileName}”找到引用。
             此引用不是“CopyLocal”，因为至少有一个源项将“Private”设置为“false”，而没有源项将“Private”设置为“true”。
         主引用“System.ServiceProcess, Version=4.0.0.0, Culture=neutral, PublicKeyToken=b03f5f7f11d50a3a”。
             解析的文件路径为“C:\Program Files\dotnet\packs\Microsoft.NETCore.App.Ref\9.0.11\ref\net9.0\System.ServiceProcess.dll”。
             在搜索路径位置“{RawFileName}”找到引用。
             此引用不是“CopyLocal”，因为至少有一个源项将“Private”设置为“false”，而没有源项将“Private”设置为“true”。
         主引用“System.Text.Encoding.CodePages, Version=9.0.0.0, Culture=neutral, PublicKeyToken=b03f5f7f11d50a3a”。
             解析的文件路径为“C:\Program Files\dotnet\packs\Microsoft.NETCore.App.Ref\9.0.11\ref\net9.0\System.Text.Encoding.CodePages.dll”。
             在搜索路径位置“{RawFileName}”找到引用。
             此引用不是“CopyLocal”，因为至少有一个源项将“Private”设置为“false”，而没有源项将“Private”设置为“true”。
         主引用“System.Text.Encoding.Extensions, Version=9.0.0.0, Culture=neutral, PublicKeyToken=b03f5f7f11d50a3a”。
             解析的文件路径为“C:\Program Files\dotnet\packs\Microsoft.NETCore.App.Ref\9.0.11\ref\net9.0\System.Text.Encoding.Extensions.dll”。
             在搜索路径位置“{RawFileName}”找到引用。
             此引用不是“CopyLocal”，因为至少有一个源项将“Private”设置为“false”，而没有源项将“Private”设置为“true”。
         主引用“System.Text.Encoding, Version=9.0.0.0, Culture=neutral, PublicKeyToken=b03f5f7f11d50a3a”。
             解析的文件路径为“C:\Program Files\dotnet\packs\Microsoft.NETCore.App.Ref\9.0.11\ref\net9.0\System.Text.Encoding.dll”。
             在搜索路径位置“{RawFileName}”找到引用。
             此引用不是“CopyLocal”，因为至少有一个源项将“Private”设置为“false”，而没有源项将“Private”设置为“true”。
         主引用“System.Text.Encodings.Web, Version=9.0.0.0, Culture=neutral, PublicKeyToken=cc7b13ffcd2ddd51”。
             解析的文件路径为“C:\Program Files\dotnet\packs\Microsoft.NETCore.App.Ref\9.0.11\ref\net9.0\System.Text.Encodings.Web.dll”。
             在搜索路径位置“{RawFileName}”找到引用。
             此引用不是“CopyLocal”，因为至少有一个源项将“Private”设置为“false”，而没有源项将“Private”设置为“true”。
         主引用“System.Text.Json, Version=9.0.0.0, Culture=neutral, PublicKeyToken=cc7b13ffcd2ddd51”。
             解析的文件路径为“C:\Program Files\dotnet\packs\Microsoft.NETCore.App.Ref\9.0.11\ref\net9.0\System.Text.Json.dll”。
             在搜索路径位置“{RawFileName}”找到引用。
             此引用不是“CopyLocal”，因为至少有一个源项将“Private”设置为“false”，而没有源项将“Private”设置为“true”。
         主引用“System.Text.RegularExpressions, Version=9.0.0.0, Culture=neutral, PublicKeyToken=b03f5f7f11d50a3a”。
             解析的文件路径为“C:\Program Files\dotnet\packs\Microsoft.NETCore.App.Ref\9.0.11\ref\net9.0\System.Text.RegularExpressions.dll”。
             在搜索路径位置“{RawFileName}”找到引用。
             此引用不是“CopyLocal”，因为至少有一个源项将“Private”设置为“false”，而没有源项将“Private”设置为“true”。
         主引用“System.Threading.Channels, Version=9.0.0.0, Culture=neutral, PublicKeyToken=cc7b13ffcd2ddd51”。
             解析的文件路径为“C:\Program Files\dotnet\packs\Microsoft.NETCore.App.Ref\9.0.11\ref\net9.0\System.Threading.Channels.dll”。
             在搜索路径位置“{RawFileName}”找到引用。
             此引用不是“CopyLocal”，因为至少有一个源项将“Private”设置为“false”，而没有源项将“Private”设置为“true”。
         主引用“System.Threading.Overlapped, Version=9.0.0.0, Culture=neutral, PublicKeyToken=b03f5f7f11d50a3a”。
             解析的文件路径为“C:\Program Files\dotnet\packs\Microsoft.NETCore.App.Ref\9.0.11\ref\net9.0\System.Threading.Overlapped.dll”。
             在搜索路径位置“{RawFileName}”找到引用。
             此引用不是“CopyLocal”，因为至少有一个源项将“Private”设置为“false”，而没有源项将“Private”设置为“true”。
         主引用“System.Threading.Tasks.Dataflow, Version=9.0.0.0, Culture=neutral, PublicKeyToken=b03f5f7f11d50a3a”。
             解析的文件路径为“C:\Program Files\dotnet\packs\Microsoft.NETCore.App.Ref\9.0.11\ref\net9.0\System.Threading.Tasks.Dataflow.dll”。
             在搜索路径位置“{RawFileName}”找到引用。
             此引用不是“CopyLocal”，因为至少有一个源项将“Private”设置为“false”，而没有源项将“Private”设置为“true”。
         主引用“System.Threading.Tasks.Extensions, Version=9.0.0.0, Culture=neutral, PublicKeyToken=cc7b13ffcd2ddd51”。
             解析的文件路径为“C:\Program Files\dotnet\packs\Microsoft.NETCore.App.Ref\9.0.11\ref\net9.0\System.Threading.Tasks.Extensions.dll”。
             在搜索路径位置“{RawFileName}”找到引用。
             此引用不是“CopyLocal”，因为至少有一个源项将“Private”设置为“false”，而没有源项将“Private”设置为“true”。
         主引用“System.Threading.Tasks.Parallel, Version=9.0.0.0, Culture=neutral, PublicKeyToken=b03f5f7f11d50a3a”。
             解析的文件路径为“C:\Program Files\dotnet\packs\Microsoft.NETCore.App.Ref\9.0.11\ref\net9.0\System.Threading.Tasks.Parallel.dll”。
             在搜索路径位置“{RawFileName}”找到引用。
             此引用不是“CopyLocal”，因为至少有一个源项将“Private”设置为“false”，而没有源项将“Private”设置为“true”。
         主引用“System.Threading.Tasks, Version=9.0.0.0, Culture=neutral, PublicKeyToken=b03f5f7f11d50a3a”。
             解析的文件路径为“C:\Program Files\dotnet\packs\Microsoft.NETCore.App.Ref\9.0.11\ref\net9.0\System.Threading.Tasks.dll”。
             在搜索路径位置“{RawFileName}”找到引用。
             此引用不是“CopyLocal”，因为至少有一个源项将“Private”设置为“false”，而没有源项将“Private”设置为“true”。
         主引用“System.Threading.Thread, Version=9.0.0.0, Culture=neutral, PublicKeyToken=b03f5f7f11d50a3a”。
             解析的文件路径为“C:\Program Files\dotnet\packs\Microsoft.NETCore.App.Ref\9.0.11\ref\net9.0\System.Threading.Thread.dll”。
             在搜索路径位置“{RawFileName}”找到引用。
             此引用不是“CopyLocal”，因为至少有一个源项将“Private”设置为“false”，而没有源项将“Private”设置为“true”。
         主引用“System.Threading.ThreadPool, Version=9.0.0.0, Culture=neutral, PublicKeyToken=b03f5f7f11d50a3a”。
             解析的文件路径为“C:\Program Files\dotnet\packs\Microsoft.NETCore.App.Ref\9.0.11\ref\net9.0\System.Threading.ThreadPool.dll”。
             在搜索路径位置“{RawFileName}”找到引用。
             此引用不是“CopyLocal”，因为至少有一个源项将“Private”设置为“false”，而没有源项将“Private”设置为“true”。
         主引用“System.Threading.Timer, Version=9.0.0.0, Culture=neutral, PublicKeyToken=b03f5f7f11d50a3a”。
             解析的文件路径为“C:\Program Files\dotnet\packs\Microsoft.NETCore.App.Ref\9.0.11\ref\net9.0\System.Threading.Timer.dll”。
             在搜索路径位置“{RawFileName}”找到引用。
             此引用不是“CopyLocal”，因为至少有一个源项将“Private”设置为“false”，而没有源项将“Private”设置为“true”。
         主引用“System.Threading, Version=9.0.0.0, Culture=neutral, PublicKeyToken=b03f5f7f11d50a3a”。
             解析的文件路径为“C:\Program Files\dotnet\packs\Microsoft.NETCore.App.Ref\9.0.11\ref\net9.0\System.Threading.dll”。
             在搜索路径位置“{RawFileName}”找到引用。
             此引用不是“CopyLocal”，因为至少有一个源项将“Private”设置为“false”，而没有源项将“Private”设置为“true”。
         主引用“System.Transactions.Local, Version=9.0.0.0, Culture=neutral, PublicKeyToken=cc7b13ffcd2ddd51”。
             解析的文件路径为“C:\Program Files\dotnet\packs\Microsoft.NETCore.App.Ref\9.0.11\ref\net9.0\System.Transactions.Local.dll”。
             在搜索路径位置“{RawFileName}”找到引用。
             此引用不是“CopyLocal”，因为至少有一个源项将“Private”设置为“false”，而没有源项将“Private”设置为“true”。
         主引用“System.Transactions, Version=4.0.0.0, Culture=neutral, PublicKeyToken=b77a5c561934e089”。
             解析的文件路径为“C:\Program Files\dotnet\packs\Microsoft.NETCore.App.Ref\9.0.11\ref\net9.0\System.Transactions.dll”。
             在搜索路径位置“{RawFileName}”找到引用。
             此引用不是“CopyLocal”，因为至少有一个源项将“Private”设置为“false”，而没有源项将“Private”设置为“true”。
         主引用“System.ValueTuple, Version=9.0.0.0, Culture=neutral, PublicKeyToken=cc7b13ffcd2ddd51”。
             解析的文件路径为“C:\Program Files\dotnet\packs\Microsoft.NETCore.App.Ref\9.0.11\ref\net9.0\System.ValueTuple.dll”。
             在搜索路径位置“{RawFileName}”找到引用。
             此引用不是“CopyLocal”，因为至少有一个源项将“Private”设置为“false”，而没有源项将“Private”设置为“true”。
         主引用“System.Web.HttpUtility, Version=9.0.0.0, Culture=neutral, PublicKeyToken=cc7b13ffcd2ddd51”。
             解析的文件路径为“C:\Program Files\dotnet\packs\Microsoft.NETCore.App.Ref\9.0.11\ref\net9.0\System.Web.HttpUtility.dll”。
             在搜索路径位置“{RawFileName}”找到引用。
             此引用不是“CopyLocal”，因为至少有一个源项将“Private”设置为“false”，而没有源项将“Private”设置为“true”。
         主引用“System.Web, Version=4.0.0.0, Culture=neutral, PublicKeyToken=b03f5f7f11d50a3a”。
             解析的文件路径为“C:\Program Files\dotnet\packs\Microsoft.NETCore.App.Ref\9.0.11\ref\net9.0\System.Web.dll”。
             在搜索路径位置“{RawFileName}”找到引用。
             此引用不是“CopyLocal”，因为至少有一个源项将“Private”设置为“false”，而没有源项将“Private”设置为“true”。
         主引用“System.Windows, Version=4.0.0.0, Culture=neutral, PublicKeyToken=b03f5f7f11d50a3a”。
             解析的文件路径为“C:\Program Files\dotnet\packs\Microsoft.NETCore.App.Ref\9.0.11\ref\net9.0\System.Windows.dll”。
             在搜索路径位置“{RawFileName}”找到引用。
             此引用不是“CopyLocal”，因为至少有一个源项将“Private”设置为“false”，而没有源项将“Private”设置为“true”。
         主引用“System.Xml.Linq, Version=4.0.0.0, Culture=neutral, PublicKeyToken=b77a5c561934e089”。
             解析的文件路径为“C:\Program Files\dotnet\packs\Microsoft.NETCore.App.Ref\9.0.11\ref\net9.0\System.Xml.Linq.dll”。
             在搜索路径位置“{RawFileName}”找到引用。
             此引用不是“CopyLocal”，因为至少有一个源项将“Private”设置为“false”，而没有源项将“Private”设置为“true”。
         主引用“System.Xml.ReaderWriter, Version=9.0.0.0, Culture=neutral, PublicKeyToken=b03f5f7f11d50a3a”。
             解析的文件路径为“C:\Program Files\dotnet\packs\Microsoft.NETCore.App.Ref\9.0.11\ref\net9.0\System.Xml.ReaderWriter.dll”。
             在搜索路径位置“{RawFileName}”找到引用。
             此引用不是“CopyLocal”，因为至少有一个源项将“Private”设置为“false”，而没有源项将“Private”设置为“true”。
         主引用“System.Xml.Serialization, Version=4.0.0.0, Culture=neutral, PublicKeyToken=b77a5c561934e089”。
             解析的文件路径为“C:\Program Files\dotnet\packs\Microsoft.NETCore.App.Ref\9.0.11\ref\net9.0\System.Xml.Serialization.dll”。
             在搜索路径位置“{RawFileName}”找到引用。
             此引用不是“CopyLocal”，因为至少有一个源项将“Private”设置为“false”，而没有源项将“Private”设置为“true”。
         主引用“System.Xml.XDocument, Version=9.0.0.0, Culture=neutral, PublicKeyToken=b03f5f7f11d50a3a”。
             解析的文件路径为“C:\Program Files\dotnet\packs\Microsoft.NETCore.App.Ref\9.0.11\ref\net9.0\System.Xml.XDocument.dll”。
             在搜索路径位置“{RawFileName}”找到引用。
             此引用不是“CopyLocal”，因为至少有一个源项将“Private”设置为“false”，而没有源项将“Private”设置为“true”。
         主引用“System.Xml.XPath.XDocument, Version=9.0.0.0, Culture=neutral, PublicKeyToken=b03f5f7f11d50a3a”。
             解析的文件路径为“C:\Program Files\dotnet\packs\Microsoft.NETCore.App.Ref\9.0.11\ref\net9.0\System.Xml.XPath.XDocument.dll”。
             在搜索路径位置“{RawFileName}”找到引用。
             此引用不是“CopyLocal”，因为至少有一个源项将“Private”设置为“false”，而没有源项将“Private”设置为“true”。
         主引用“System.Xml.XPath, Version=9.0.0.0, Culture=neutral, PublicKeyToken=b03f5f7f11d50a3a”。
             解析的文件路径为“C:\Program Files\dotnet\packs\Microsoft.NETCore.App.Ref\9.0.11\ref\net9.0\System.Xml.XPath.dll”。
             在搜索路径位置“{RawFileName}”找到引用。
             此引用不是“CopyLocal”，因为至少有一个源项将“Private”设置为“false”，而没有源项将“Private”设置为“true”。
         主引用“System.Xml.XmlDocument, Version=9.0.0.0, Culture=neutral, PublicKeyToken=b03f5f7f11d50a3a”。
             解析的文件路径为“C:\Program Files\dotnet\packs\Microsoft.NETCore.App.Ref\9.0.11\ref\net9.0\System.Xml.XmlDocument.dll”。
             在搜索路径位置“{RawFileName}”找到引用。
             此引用不是“CopyLocal”，因为至少有一个源项将“Private”设置为“false”，而没有源项将“Private”设置为“true”。
         主引用“System.Xml.XmlSerializer, Version=9.0.0.0, Culture=neutral, PublicKeyToken=b03f5f7f11d50a3a”。
             解析的文件路径为“C:\Program Files\dotnet\packs\Microsoft.NETCore.App.Ref\9.0.11\ref\net9.0\System.Xml.XmlSerializer.dll”。
             在搜索路径位置“{RawFileName}”找到引用。
             此引用不是“CopyLocal”，因为至少有一个源项将“Private”设置为“false”，而没有源项将“Private”设置为“true”。
         主引用“System.Xml, Version=4.0.0.0, Culture=neutral, PublicKeyToken=b77a5c561934e089”。
             解析的文件路径为“C:\Program Files\dotnet\packs\Microsoft.NETCore.App.Ref\9.0.11\ref\net9.0\System.Xml.dll”。
             在搜索路径位置“{RawFileName}”找到引用。
             此引用不是“CopyLocal”，因为至少有一个源项将“Private”设置为“false”，而没有源项将“Private”设置为“true”。
         主引用“System, Version=4.0.0.0, Culture=neutral, PublicKeyToken=b77a5c561934e089”。
             解析的文件路径为“C:\Program Files\dotnet\packs\Microsoft.NETCore.App.Ref\9.0.11\ref\net9.0\System.dll”。
             在搜索路径位置“{RawFileName}”找到引用。
             此引用不是“CopyLocal”，因为至少有一个源项将“Private”设置为“false”，而没有源项将“Private”设置为“true”。
         主引用“WindowsBase, Version=4.0.0.0, Culture=neutral, PublicKeyToken=31bf3856ad364e35”。
             解析的文件路径为“C:\Program Files\dotnet\packs\Microsoft.NETCore.App.Ref\9.0.11\ref\net9.0\WindowsBase.dll”。
             在搜索路径位置“{RawFileName}”找到引用。
             此引用不是“CopyLocal”，因为至少有一个源项将“Private”设置为“false”，而没有源项将“Private”设置为“true”。
         主引用“mscorlib, Version=4.0.0.0, Culture=neutral, PublicKeyToken=b77a5c561934e089”。
             解析的文件路径为“C:\Program Files\dotnet\packs\Microsoft.NETCore.App.Ref\9.0.11\ref\net9.0\mscorlib.dll”。
             在搜索路径位置“{RawFileName}”找到引用。
             此引用不是“CopyLocal”，因为至少有一个源项将“Private”设置为“false”，而没有源项将“Private”设置为“true”。
         主引用“netstandard, Version=2.1.0.0, Culture=neutral, PublicKeyToken=cc7b13ffcd2ddd51”。
             解析的文件路径为“C:\Program Files\dotnet\packs\Microsoft.NETCore.App.Ref\9.0.11\ref\net9.0\netstandard.dll”。
             在搜索路径位置“{RawFileName}”找到引用。
             此引用不是“CopyLocal”，因为至少有一个源项将“Private”设置为“false”，而没有源项将“Private”设置为“true”。
       已完成执行任务“ResolveAssemblyReference”的操作。
   1:8>已完成在项目“CRM.Core.Tests.csproj”中生成目标“ResolveAssemblyReferences”的操作。
       由于条件的计算结果为 false，已跳过目标“GenerateBindingRedirects”；('$(AutoGenerateBindingRedirects)' == 'true' and '$(GenerateBindingRedirectsOutputType)' == 'true' and '@(SuggestedBindingRedirects)' != '' and '$(DesignTimeBuild)' != 'true' and '$(BuildingProject)' == 'true')的计算结果为('' == 'true' and '' == 'true' and '' != '' and '' != 'true' and 'true' == 'true')。
       由于条件的计算结果为 false，已跳过目标“GenerateSupportedRuntime”；('$(GenerateSupportedRuntime)' != 'false' and '$(TargetFrameworkIdentifier)' == '.NETFramework' and '$(HasRuntimeOutput)' == 'true')的计算结果为('' != 'false' and '.NETCoreApp' == '.NETFramework' and 'true' == 'true')。
       由于条件的计算结果为 false，已跳过目标“GenerateBindingRedirectsUpdateAppConfig”；('$(AutoGenerateBindingRedirects)' == 'true' and '$(GenerateBindingRedirectsOutputType)' == 'true')的计算结果为('' == 'true' and '' == 'true')。
       由于条件的计算结果为 false，已跳过目标“ResolveComReferences”；('@(COMReference)'!='' or '@(COMFileReference)'!='')的计算结果为(''!='' or ''!='')。
   1:8>来自项目“d:\MyProject\FrontCRM(C#)\tests\CRM.Core.Tests\CRM.Core.Tests.csproj”的文件“C:\Program Files\dotnet\sdk\9.0.308\Microsoft.Common.CurrentVersion.targets”中的目标“AfterResolveReferences”(目标“ResolveReferences”依赖于它):
   1:8>已完成在项目“CRM.Core.Tests.csproj”中生成目标“AfterResolveReferences”的操作。
   1:8>来自项目“d:\MyProject\FrontCRM(C#)\tests\CRM.Core.Tests\CRM.Core.Tests.csproj”的文件“C:\Program Files\dotnet\sdk\9.0.308\Microsoft.Common.CurrentVersion.targets”中的目标“ResolveReferences”(目标“_BlockWinMDsOnUnsupportedTFMs”依赖于它):
   1:8>已完成在项目“CRM.Core.Tests.csproj”中生成目标“ResolveReferences”的操作。
   1:8>来自项目“d:\MyProject\FrontCRM(C#)\tests\CRM.Core.Tests\CRM.Core.Tests.csproj”的文件“C:\Program Files\dotnet\sdk\9.0.308\Sdks\Microsoft.NET.Sdk\targets\Microsoft.NET.Sdk.targets”中的目标“_BlockWinMDsOnUnsupportedTFMs”(目标“CoreBuild”依赖于它):
       正在使用程序集“C:\Program Files\dotnet\sdk\9.0.308\Sdks\Microsoft.NET.Sdk\targets\..\tools\net9.0\Microsoft.NET.Build.Tasks.dll”中的“CheckForUnsupportedWinMDReferences”任务。
       任务“CheckForUnsupportedWinMDReferences”
       已完成执行任务“CheckForUnsupportedWinMDReferences”的操作。
       由于 false 条件，已跳过任务“NETSdkError”；('$(OutputType)' == 'winmdobj')计算为('Exe' == 'winmdobj')。
   1:8>已完成在项目“CRM.Core.Tests.csproj”中生成目标“_BlockWinMDsOnUnsupportedTFMs”的操作。
       已跳过目标“ResolveReferences”。以前的生成已成功。
       已跳过目标“ResolvePackageDependenciesForBuild”。以前的生成已成功。
       已跳过目标“_HandlePackageFileConflicts”。以前的生成已成功。
   1:8>来自项目“d:\MyProject\FrontCRM(C#)\tests\CRM.Core.Tests\CRM.Core.Tests.csproj”的文件“C:\Program Files\dotnet\sdk\9.0.308\Roslyn\Microsoft.Managed.Core.targets”中的目标“CopyAdditionalFiles”(目标“AssignTargetPaths”依赖于它):
   1:8>已完成在项目“CRM.Core.Tests.csproj”中生成目标“CopyAdditionalFiles”的操作。
       由于条件的计算结果为 false，已跳过目标“_GetAppHostPaths”；('$(UseAppHost)' == 'true' and '$(_IsExecutable)' == 'true')的计算结果为('' == 'true' and 'true' == 'true')。
       由于条件的计算结果为 false，已跳过目标“_GetAppHostCreationConfiguration”；('$(UseAppHost)' == 'true' and '$(_IsExecutable)' == 'true')的计算结果为('' == 'true' and 'true' == 'true')。
       由于条件的计算结果为 false，已跳过目标“_GetComHostPaths”；('$(EnableComHosting)' == 'true' and '$(_IsExecutable)' != 'true')的计算结果为('' == 'true' and 'true' != 'true')。
       由于条件的计算结果为 false，已跳过目标“_GetIjwHostPaths”；('$(UseIJWHost)' == 'true')的计算结果为('' == 'true')。
   1:8>来自项目“d:\MyProject\FrontCRM(C#)\tests\CRM.Core.Tests\CRM.Core.Tests.csproj”的文件“C:\Program Files\dotnet\sdk\9.0.308\Sdks\Microsoft.NET.Sdk\targets\Microsoft.NET.Sdk.targets”中的目标“_ComputeNETCoreBuildOutputFiles”(目标“AssignTargetPaths”依赖于它):
   1:8>已完成在项目“CRM.Core.Tests.csproj”中生成目标“_ComputeNETCoreBuildOutputFiles”的操作。
   1:8>来自项目“d:\MyProject\FrontCRM(C#)\tests\CRM.Core.Tests\CRM.Core.Tests.csproj”的文件“C:\Program Files\dotnet\sdk\9.0.308\Microsoft.Common.CurrentVersion.targets”中的目标“AssignTargetPaths”(目标“PrepareResourceNames”依赖于它):
       任务“AssignTargetPath”
       已完成执行任务“AssignTargetPath”的操作。
       任务“AssignTargetPath”
       已完成执行任务“AssignTargetPath”的操作。
       任务“AssignTargetPath”
       已完成执行任务“AssignTargetPath”的操作。
       任务“AssignTargetPath”
       已完成执行任务“AssignTargetPath”的操作。
       由于 false 条件，已跳过任务“AssignTargetPath”；('@(_DeploymentBaseManifestWithTargetPath)'=='' and '%(None.Extension)'=='.manifest')计算为(''=='' and '.dll'=='.manifest')。
   1:8>已完成在项目“CRM.Core.Tests.csproj”中生成目标“AssignTargetPaths”的操作。
       已跳过目标“AssignTargetPaths”。以前的生成已成功。
   1:8>来自项目“d:\MyProject\FrontCRM(C#)\tests\CRM.Core.Tests\CRM.Core.Tests.csproj”的文件“C:\Program Files\dotnet\sdk\9.0.308\Microsoft.Common.CurrentVersion.targets”中的目标“SplitResourcesByCulture”(目标“PrepareResourceNames”依赖于它):
       由于 false 条件，已跳过任务“MSBuildInternalMessage”；('@(ResxWithNoCulture)'!='')计算为(''!='')。
       由于 false 条件，已跳过任务“MSBuildInternalMessage”；('@(ResxWithCulture)'!='')计算为(''!='')。
       由于 false 条件，已跳过任务“MSBuildInternalMessage”；('@(NonResxWithCulture)'!='')计算为(''!='')。
       由于 false 条件，已跳过任务“MSBuildInternalMessage”；('@(NonResxWithNoCulture)'!='')计算为(''!='')。
       任务“AssignCulture”
       已完成执行任务“AssignCulture”的操作。
   1:8>已完成在项目“CRM.Core.Tests.csproj”中生成目标“SplitResourcesByCulture”的操作。
       由于条件的计算结果为 false，已跳过目标“CreateManifestResourceNames”；('@(EmbeddedResource)' != '')的计算结果为('' != '')。
   1:8>来自项目“d:\MyProject\FrontCRM(C#)\tests\CRM.Core.Tests\CRM.Core.Tests.csproj”的文件“C:\Program Files\dotnet\sdk\9.0.308\Microsoft.Common.CurrentVersion.targets”中的目标“CreateCustomManifestResourceNames”(目标“PrepareResourceNames”依赖于它):
   1:8>已完成在项目“CRM.Core.Tests.csproj”中生成目标“CreateCustomManifestResourceNames”的操作。
   1:8>来自项目“d:\MyProject\FrontCRM(C#)\tests\CRM.Core.Tests\CRM.Core.Tests.csproj”的文件“C:\Program Files\dotnet\sdk\9.0.308\Microsoft.Common.CurrentVersion.targets”中的目标“PrepareResourceNames”(目标“PrepareResources”依赖于它):
   1:8>已完成在项目“CRM.Core.Tests.csproj”中生成目标“PrepareResourceNames”的操作。
       已跳过目标“ResolveAssemblyReferences”。以前的生成已成功。
       已跳过目标“SplitResourcesByCulture”。以前的生成已成功。
   1:8>来自项目“d:\MyProject\FrontCRM(C#)\tests\CRM.Core.Tests\CRM.Core.Tests.csproj”的文件“C:\Program Files\dotnet\sdk\9.0.308\Microsoft.Common.CurrentVersion.targets”中的目标“BeforeResGen”(目标“ResGen”依赖于它):
   1:8>已完成在项目“CRM.Core.Tests.csproj”中生成目标“BeforeResGen”的操作。
       已跳过目标“ResolveReferences”。以前的生成已成功。
   1:8>来自项目“d:\MyProject\FrontCRM(C#)\tests\CRM.Core.Tests\CRM.Core.Tests.csproj”的文件“C:\Program Files\dotnet\sdk\9.0.308\Microsoft.Common.CurrentVersion.targets”中的目标“FindReferenceAssembliesForReferences”(目标“CoreResGen”依赖于它):
   1:8>已完成在项目“CRM.Core.Tests.csproj”中生成目标“FindReferenceAssembliesForReferences”的操作。
   1:8>来自项目“d:\MyProject\FrontCRM(C#)\tests\CRM.Core.Tests\CRM.Core.Tests.csproj”的文件“C:\Program Files\dotnet\sdk\9.0.308\Microsoft.Common.CurrentVersion.targets”中的目标“CoreResGen”(目标“ResGen”依赖于它):
       由于 false 条件，已跳过任务“GenerateResource”；('%(EmbeddedResource.Type)' == 'Resx' and '%(EmbeddedResource.GenerateResource)' != 'false' and '$(GenerateResourceMSBuildRuntime)' != 'CLR2')计算为('' == 'Resx' and '' != 'false' and 'CurrentRuntime' != 'CLR2')。
       由于 false 条件，已跳过任务“GenerateResource”；('%(EmbeddedResource.Type)' == 'Resx' and '%(EmbeddedResource.GenerateResource)' != 'false' and '$(GenerateResourceMSBuildRuntime)' == 'CLR2')计算为('' == 'Resx' and '' != 'false' and 'CurrentRuntime' == 'CLR2')。
   1:8>已完成在项目“CRM.Core.Tests.csproj”中生成目标“CoreResGen”的操作。
   1:8>来自项目“d:\MyProject\FrontCRM(C#)\tests\CRM.Core.Tests\CRM.Core.Tests.csproj”的文件“C:\Program Files\dotnet\sdk\9.0.308\Microsoft.Common.CurrentVersion.targets”中的目标“AfterResGen”(目标“ResGen”依赖于它):
   1:8>已完成在项目“CRM.Core.Tests.csproj”中生成目标“AfterResGen”的操作。
   1:8>来自项目“d:\MyProject\FrontCRM(C#)\tests\CRM.Core.Tests\CRM.Core.Tests.csproj”的文件“C:\Program Files\dotnet\sdk\9.0.308\Microsoft.Common.CurrentVersion.targets”中的目标“ResGen”(目标“PrepareResources”依赖于它):
   1:8>已完成在项目“CRM.Core.Tests.csproj”中生成目标“ResGen”的操作。
       由于条件的计算结果为 false，已跳过目标“CompileLicxFiles”；('@(_LicxFile)'!='')的计算结果为(''!='')。
   1:8>来自项目“d:\MyProject\FrontCRM(C#)\tests\CRM.Core.Tests\CRM.Core.Tests.csproj”的文件“C:\Program Files\dotnet\sdk\9.0.308\Microsoft.Common.CurrentVersion.targets”中的目标“PrepareResources”(目标“CoreBuild”依赖于它):
   1:8>已完成在项目“CRM.Core.Tests.csproj”中生成目标“PrepareResources”的操作。
       由于条件的计算结果为 false，已跳过目标“ResolveKeySource”；($(SignManifests) == 'true' or $(SignAssembly) == 'true')的计算结果为( == 'true' or false == 'true')。
       已跳过目标“ResolveReferences”。以前的生成已成功。
       由于条件的计算结果为 false，已跳过目标“ResolveKeySource”；($(SignManifests) == 'true' or $(SignAssembly) == 'true')的计算结果为( == 'true' or false == 'true')。
       由于条件的计算结果为 false，已跳过目标“ResolveComReferences”；('@(COMReference)'!='' or '@(COMFileReference)'!='')的计算结果为(''!='' or ''!='')。
       由于条件的计算结果为 false，已跳过目标“ResolveNativeReferences”；('@(NativeReference)'!='')的计算结果为(''!='')。
       由于条件的计算结果为 false，已跳过目标“_SetExternalWin32ManifestProperties”；('$(GenerateClickOnceManifests)'=='true' or '@(NativeReference)'!='' or '@(ResolvedIsolatedComModules)'!='')的计算结果为(''=='true' or ''!='' or ''!='')。
   1:8>来自项目“d:\MyProject\FrontCRM(C#)\tests\CRM.Core.Tests\CRM.Core.Tests.csproj”的文件“C:\Program Files\dotnet\sdk\9.0.308\Microsoft.Common.CurrentVersion.targets”中的目标“_SetEmbeddedWin32ManifestProperties”(目标“SetWin32ManifestProperties”依赖于它):
       任务“GetFrameworkPath”
       已完成执行任务“GetFrameworkPath”的操作。
   1:8>已完成在项目“CRM.Core.Tests.csproj”中生成目标“_SetEmbeddedWin32ManifestProperties”的操作。
   1:8>来自项目“d:\MyProject\FrontCRM(C#)\tests\CRM.Core.Tests\CRM.Core.Tests.csproj”的文件“C:\Program Files\dotnet\sdk\9.0.308\Microsoft.Common.CurrentVersion.targets”中的目标“SetWin32ManifestProperties”(目标“Compile”依赖于它):
   1:8>已完成在项目“CRM.Core.Tests.csproj”中生成目标“SetWin32ManifestProperties”的操作。
       由于条件的计算结果为 false，已跳过目标“_SetPreferNativeArm64Win32ManifestProperties”；( '$(PreferNativeArm64)'=='true' and '$(NoWin32Manifest)'!='true')的计算结果为( 'false'=='true' and ''!='true')。
       已跳过目标“FindReferenceAssembliesForReferences”。以前的生成已成功。
   1:8>来自项目“d:\MyProject\FrontCRM(C#)\tests\CRM.Core.Tests\CRM.Core.Tests.csproj”的文件“C:\Program Files\dotnet\sdk\9.0.308\Microsoft.Common.CurrentVersion.targets”中的目标“_GenerateCompileInputs”(目标“Compile”依赖于它):
       由于 false 条件，已跳过任务“MSBuildInternalMessage”；('@(ManifestResourceWithNoCulture)'!='' and '%(ManifestResourceWithNoCulture.EmittedForCompatibilityOnly)'=='')计算为(''!='' and ''=='')。
       由于 false 条件，已跳过任务“MSBuildInternalMessage”；('@(ManifestNonResxWithNoCultureOnDisk)'!='' and '%(ManifestNonResxWithNoCultureOnDisk.EmittedForCompatibilityOnly)'=='')计算为(''!='' and ''=='')。
   1:8>已完成在项目“CRM.Core.Tests.csproj”中生成目标“_GenerateCompileInputs”的操作。
       已跳过目标“PrepareForBuild”。以前的生成已成功。
   1:8>来自项目“d:\MyProject\FrontCRM(C#)\tests\CRM.Core.Tests\CRM.Core.Tests.csproj”的文件“C:\Program Files\dotnet\sdk\9.0.308\Roslyn\Microsoft.Managed.Core.targets”中的目标“GenerateMSBuildEditorConfigFileShouldRun”(目标“GenerateMSBuildEditorConfigFile”依赖于它):
   1:8>已完成在项目“CRM.Core.Tests.csproj”中生成目标“GenerateMSBuildEditorConfigFileShouldRun”的操作。
   1:8>来自项目“d:\MyProject\FrontCRM(C#)\tests\CRM.Core.Tests\CRM.Core.Tests.csproj”的文件“C:\Program Files\dotnet\sdk\9.0.308\Sdks\Microsoft.NET.Sdk\codestyle\cs\build\Microsoft.CodeAnalysis.CSharp.CodeStyle.targets”中的目标“AddGlobalAnalyzerConfigForPackage_MicrosoftCodeAnalysisCSharpCodeStyle”(目标“GenerateMSBuildEditorConfigFileCore”依赖于它):
   1:8>已完成在项目“CRM.Core.Tests.csproj”中生成目标“AddGlobalAnalyzerConfigForPackage_MicrosoftCodeAnalysisCSharpCodeStyle”的操作。
   1:8>来自项目“d:\MyProject\FrontCRM(C#)\tests\CRM.Core.Tests\CRM.Core.Tests.csproj”的文件“C:\Program Files\dotnet\sdk\9.0.308\Roslyn\Microsoft.Managed.Core.targets”中的目标“GenerateMSBuildEditorConfigFileCore”(目标“GenerateMSBuildEditorConfigFile”依赖于它):
       正在完全生成目标“GenerateMSBuildEditorConfigFileCore”。
       未指定输入文件。
       正在使用程序集“C:\Program Files\dotnet\sdk\9.0.308\Roslyn\Microsoft.Build.Tasks.CodeAnalysis.dll”中的“GenerateMSBuildEditorConfig”任务。
       任务“GenerateMSBuildEditorConfig”
       已完成执行任务“GenerateMSBuildEditorConfig”的操作。
   1:8>已完成在项目“CRM.Core.Tests.csproj”中生成目标“GenerateMSBuildEditorConfigFileCore”的操作。
   1:8>来自项目“d:\MyProject\FrontCRM(C#)\tests\CRM.Core.Tests\CRM.Core.Tests.csproj”的文件“C:\Program Files\dotnet\sdk\9.0.308\Roslyn\Microsoft.Managed.Core.targets”中的目标“GenerateMSBuildEditorConfigFile”(目标“BeforeCompile”依赖于它):
   1:8>已完成在项目“CRM.Core.Tests.csproj”中生成目标“GenerateMSBuildEditorConfigFile”的操作。
       已跳过目标“PrepareForBuild”。以前的生成已成功。
       已跳过目标“GetReferenceAssemblyPaths”。以前的生成已成功。
   1:8>来自项目“d:\MyProject\FrontCRM(C#)\tests\CRM.Core.Tests\CRM.Core.Tests.csproj”的文件“C:\Program Files\dotnet\sdk\9.0.308\Microsoft.CSharp.CurrentVersion.targets”中的目标“_SetTargetFrameworkMonikerAttribute”(目标“GenerateTargetFrameworkMonikerAttribute”依赖于它):
   1:8>已完成在项目“CRM.Core.Tests.csproj”中生成目标“_SetTargetFrameworkMonikerAttribute”的操作。
   1:8>来自项目“d:\MyProject\FrontCRM(C#)\tests\CRM.Core.Tests\CRM.Core.Tests.csproj”的文件“C:\Program Files\dotnet\sdk\9.0.308\Microsoft.Common.CurrentVersion.targets”中的目标“GenerateTargetFrameworkMonikerAttribute”(目标“BeforeCompile”依赖于它):
       正在跳过目标“GenerateTargetFrameworkMonikerAttribute”，因为所有输出文件相对于输入文件而言都是最新的。
       输入文件:C:\Program Files\dotnet\sdk\9.0.308\Microsoft.Common.targets
       输出文件:obj\Debug\net9.0\.NETCoreApp,Version=v9.0.AssemblyAttributes.cs
   1:8>已完成在项目“CRM.Core.Tests.csproj”中生成目标“GenerateTargetFrameworkMonikerAttribute”的操作。
       由于条件的计算结果为 false，已跳过目标“GenerateAdditionalSources”；('@(AssemblyAttributes)' != '' and '$(GenerateAdditionalSources)' == 'true')的计算结果为('' != '' and '' == 'true')。
       已跳过目标“PrepareForBuild”。以前的生成已成功。
   1:8>来自项目“d:\MyProject\FrontCRM(C#)\tests\CRM.Core.Tests\CRM.Core.Tests.csproj”的文件“C:\Program Files\dotnet\sdk\9.0.308\Sdks\Microsoft.NET.Sdk\targets\Microsoft.NET.GenerateAssemblyInfo.targets”中的目标“GetAssemblyVersion”(目标“GetAssemblyAttributes”依赖于它):
       正在使用程序集“C:\Program Files\dotnet\sdk\9.0.308\Sdks\Microsoft.NET.Sdk\targets\..\tools\net9.0\Microsoft.NET.Build.Tasks.dll”中的“GetAssemblyVersion”任务。
       任务“GetAssemblyVersion”
       已完成执行任务“GetAssemblyVersion”的操作。
   1:8>已完成在项目“CRM.Core.Tests.csproj”中生成目标“GetAssemblyVersion”的操作。
   1:8>来自项目“d:\MyProject\FrontCRM(C#)\tests\CRM.Core.Tests\CRM.Core.Tests.csproj”的文件“C:\Program Files\dotnet\sdk\9.0.308\Sdks\Microsoft.Build.Tasks.Git\build\Microsoft.Build.Tasks.Git.targets”中的目标“InitializeSourceControlInformationFromSourceControlManager”(目标“_InitializeSourceControlInformationFromSourceControlManager”依赖于它):
       正在使用程序集“C:\Program Files\dotnet\sdk\9.0.308\Sdks\Microsoft.Build.Tasks.Git\build\..\tools\net\Microsoft.Build.Tasks.Git.dll”中的“Microsoft.Build.Tasks.Git.LocateRepository”任务。
       任务“Microsoft.Build.Tasks.Git.LocateRepository”
       已完成执行任务“Microsoft.Build.Tasks.Git.LocateRepository”的操作。
   1:8>已完成在项目“CRM.Core.Tests.csproj”中生成目标“InitializeSourceControlInformationFromSourceControlManager”的操作。
   1:8>来自项目“d:\MyProject\FrontCRM(C#)\tests\CRM.Core.Tests\CRM.Core.Tests.csproj”的文件“C:\Program Files\dotnet\sdk\9.0.308\Sdks\Microsoft.SourceLink.Common\build\InitializeSourceControlInformation.targets”中的目标“_SourceLinkHasSingleProvider”(目标“_InitializeSourceControlInformationFromSourceControlManager”依赖于它):
       正在使用程序集“C:\Program Files\dotnet\sdk\9.0.308\Sdks\Microsoft.SourceLink.Common\build\..\tools\net\Microsoft.SourceLink.Common.dll”中的“Microsoft.SourceLink.Common.SourceLinkHasSingleProvider”任务。
       任务“Microsoft.SourceLink.Common.SourceLinkHasSingleProvider”
       已完成执行任务“Microsoft.SourceLink.Common.SourceLinkHasSingleProvider”的操作。
   1:8>已完成在项目“CRM.Core.Tests.csproj”中生成目标“_SourceLinkHasSingleProvider”的操作。
   1:8>来自项目“d:\MyProject\FrontCRM(C#)\tests\CRM.Core.Tests\CRM.Core.Tests.csproj”的文件“C:\Program Files\dotnet\sdk\9.0.308\Sdks\Microsoft.SourceLink.GitHub\build\Microsoft.SourceLink.GitHub.targets”中的目标“TranslateGitHubUrlsInSourceControlInformation”(目标“_InitializeSourceControlInformationFromSourceControlManager”依赖于它):
       正在使用程序集“C:\Program Files\dotnet\sdk\9.0.308\Sdks\Microsoft.SourceLink.GitHub\build\..\tools\net\Microsoft.SourceLink.GitHub.dll”中的“Microsoft.SourceLink.GitHub.TranslateRepositoryUrls”任务。
       任务“Microsoft.SourceLink.GitHub.TranslateRepositoryUrls”
       已完成执行任务“Microsoft.SourceLink.GitHub.TranslateRepositoryUrls”的操作。
   1:8>已完成在项目“CRM.Core.Tests.csproj”中生成目标“TranslateGitHubUrlsInSourceControlInformation”的操作。
   1:8>来自项目“d:\MyProject\FrontCRM(C#)\tests\CRM.Core.Tests\CRM.Core.Tests.csproj”的文件“C:\Program Files\dotnet\sdk\9.0.308\Sdks\Microsoft.SourceLink.GitLab\build\Microsoft.SourceLink.GitLab.targets”中的目标“TranslateGitLabUrlsInSourceControlInformation”(目标“_InitializeSourceControlInformationFromSourceControlManager”依赖于它):
       正在使用程序集“C:\Program Files\dotnet\sdk\9.0.308\Sdks\Microsoft.SourceLink.GitLab\build\..\tools\net\Microsoft.SourceLink.GitLab.dll”中的“Microsoft.SourceLink.GitLab.TranslateRepositoryUrls”任务。
       任务“Microsoft.SourceLink.GitLab.TranslateRepositoryUrls”
       已完成执行任务“Microsoft.SourceLink.GitLab.TranslateRepositoryUrls”的操作。
   1:8>已完成在项目“CRM.Core.Tests.csproj”中生成目标“TranslateGitLabUrlsInSourceControlInformation”的操作。
   1:8>来自项目“d:\MyProject\FrontCRM(C#)\tests\CRM.Core.Tests\CRM.Core.Tests.csproj”的文件“C:\Program Files\dotnet\sdk\9.0.308\Sdks\Microsoft.SourceLink.AzureRepos.Git\build\Microsoft.SourceLink.AzureRepos.Git.targets”中的目标“TranslateAzureReposGitUrlsInSourceControlInformation”(目标“_InitializeSourceControlInformationFromSourceControlManager”依赖于它):
       正在使用程序集“C:\Program Files\dotnet\sdk\9.0.308\Sdks\Microsoft.SourceLink.AzureRepos.Git\build\..\tools\net\Microsoft.SourceLink.AzureRepos.Git.dll”中的“Microsoft.SourceLink.AzureRepos.Git.TranslateRepositoryUrls”任务。
       任务“Microsoft.SourceLink.AzureRepos.Git.TranslateRepositoryUrls”
       已完成执行任务“Microsoft.SourceLink.AzureRepos.Git.TranslateRepositoryUrls”的操作。
   1:8>已完成在项目“CRM.Core.Tests.csproj”中生成目标“TranslateAzureReposGitUrlsInSourceControlInformation”的操作。
   1:8>来自项目“d:\MyProject\FrontCRM(C#)\tests\CRM.Core.Tests\CRM.Core.Tests.csproj”的文件“C:\Program Files\dotnet\sdk\9.0.308\Sdks\Microsoft.SourceLink.Bitbucket.Git\build\Microsoft.SourceLink.Bitbucket.Git.targets”中的目标“TranslateBitbucketGitUrlsInSourceControlInformation”(目标“_InitializeSourceControlInformationFromSourceControlManager”依赖于它):
       正在使用程序集“C:\Program Files\dotnet\sdk\9.0.308\Sdks\Microsoft.SourceLink.Bitbucket.Git\build\..\tools\net\Microsoft.SourceLink.Bitbucket.Git.dll”中的“Microsoft.SourceLink.Bitbucket.Git.TranslateRepositoryUrls”任务。
       任务“Microsoft.SourceLink.Bitbucket.Git.TranslateRepositoryUrls”
       已完成执行任务“Microsoft.SourceLink.Bitbucket.Git.TranslateRepositoryUrls”的操作。
   1:8>已完成在项目“CRM.Core.Tests.csproj”中生成目标“TranslateBitbucketGitUrlsInSourceControlInformation”的操作。
   1:8>来自项目“d:\MyProject\FrontCRM(C#)\tests\CRM.Core.Tests\CRM.Core.Tests.csproj”的文件“C:\Program Files\dotnet\sdk\9.0.308\Sdks\Microsoft.SourceLink.Common\build\InitializeSourceControlInformation.targets”中的目标“SourceControlManagerPublishTranslatedUrls”(目标“_InitializeSourceControlInformationFromSourceControlManager”依赖于它):
   1:8>已完成在项目“CRM.Core.Tests.csproj”中生成目标“SourceControlManagerPublishTranslatedUrls”的操作。
   1:8>来自项目“d:\MyProject\FrontCRM(C#)\tests\CRM.Core.Tests\CRM.Core.Tests.csproj”的文件“C:\Program Files\dotnet\sdk\9.0.308\Sdks\Microsoft.SourceLink.Common\build\InitializeSourceControlInformation.targets”中的目标“_InitializeSourceControlInformationFromSourceControlManager”(目标“InitializeSourceControlInformation”依赖于它):
   1:8>已完成在项目“CRM.Core.Tests.csproj”中生成目标“_InitializeSourceControlInformationFromSourceControlManager”的操作。
   1:8>来自项目“d:\MyProject\FrontCRM(C#)\tests\CRM.Core.Tests\CRM.Core.Tests.csproj”的文件“C:\Program Files\dotnet\sdk\9.0.308\Microsoft.Common.CurrentVersion.targets”中的目标“InitializeSourceControlInformation”(目标“GetAssemblyAttributes”依赖于它):
   1:8>已完成在项目“CRM.Core.Tests.csproj”中生成目标“InitializeSourceControlInformation”的操作。
       已跳过目标“GetAssemblyVersion”。以前的生成已成功。
       已跳过目标“InitializeSourceControlInformation”。以前的生成已成功。
   1:8>来自项目“d:\MyProject\FrontCRM(C#)\tests\CRM.Core.Tests\CRM.Core.Tests.csproj”的文件“C:\Program Files\dotnet\sdk\9.0.308\Sdks\Microsoft.NET.Sdk\targets\Microsoft.NET.GenerateAssemblyInfo.targets”中的目标“AddSourceRevisionToInformationalVersion”(目标“GetAssemblyAttributes”依赖于它):
   1:8>已完成在项目“CRM.Core.Tests.csproj”中生成目标“AddSourceRevisionToInformationalVersion”的操作。
       由于条件的计算结果为 false，已跳过目标“_GetUserSecretsAssemblyAttribute”；( '$(UserSecretsId)' != '' AND '$(GenerateUserSecretsAttribute)' != 'false' AND '$(GeneratedUserSecretsAttributeFile)' == '' )的计算结果为( '' != '' AND '' != 'false' AND '' == '' )。
   1:8>来自项目“d:\MyProject\FrontCRM(C#)\tests\CRM.Core.Tests\CRM.Core.Tests.csproj”的文件“C:\Program Files\dotnet\sdk\9.0.308\Sdks\Microsoft.NET.Sdk\targets\Microsoft.NET.GenerateAssemblyInfo.targets”中的目标“GetAssemblyAttributes”(目标“CreateGeneratedAssemblyInfoInputsCacheFile”依赖于它):
   1:8>已完成在项目“CRM.Core.Tests.csproj”中生成目标“GetAssemblyAttributes”的操作。
   1:8>来自项目“d:\MyProject\FrontCRM(C#)\tests\CRM.Core.Tests\CRM.Core.Tests.csproj”的文件“C:\Program Files\dotnet\sdk\9.0.308\Sdks\Microsoft.NET.Sdk\targets\Microsoft.NET.GenerateAssemblyInfo.targets”中的目标“CreateGeneratedAssemblyInfoInputsCacheFile”(目标“CoreGenerateAssemblyInfo”依赖于它):
       任务“Hash”
       已完成执行任务“Hash”的操作。
       任务“WriteLinesToFile”
         跳过写入到文件“obj\Debug\net9.0\CRM.Core.Tests.AssemblyInfoInputs.cache”，因为内容不会改变。
       已完成执行任务“WriteLinesToFile”的操作。
   1:8>已完成在项目“CRM.Core.Tests.csproj”中生成目标“CreateGeneratedAssemblyInfoInputsCacheFile”的操作。
   1:8>来自项目“d:\MyProject\FrontCRM(C#)\tests\CRM.Core.Tests\CRM.Core.Tests.csproj”的文件“C:\Program Files\dotnet\sdk\9.0.308\Sdks\Microsoft.NET.Sdk\targets\Microsoft.NET.GenerateAssemblyInfo.targets”中的目标“CoreGenerateAssemblyInfo”(目标“GenerateAssemblyInfo”依赖于它):
       正在跳过目标“CoreGenerateAssemblyInfo”，因为所有输出文件相对于输入文件而言都是最新的。
       输入文件:obj\Debug\net9.0\CRM.Core.Tests.AssemblyInfoInputs.cache
       输出文件:obj\Debug\net9.0\CRM.Core.Tests.AssemblyInfo.cs
   1:8>已完成在项目“CRM.Core.Tests.csproj”中生成目标“CoreGenerateAssemblyInfo”的操作。
   1:8>来自项目“d:\MyProject\FrontCRM(C#)\tests\CRM.Core.Tests\CRM.Core.Tests.csproj”的文件“C:\Program Files\dotnet\sdk\9.0.308\Sdks\Microsoft.NET.Sdk\targets\Microsoft.NET.GenerateAssemblyInfo.targets”中的目标“GenerateAssemblyInfo”(目标“BeforeCompile”依赖于它):
   1:8>已完成在项目“CRM.Core.Tests.csproj”中生成目标“GenerateAssemblyInfo”的操作。
   1:8>来自项目“d:\MyProject\FrontCRM(C#)\tests\CRM.Core.Tests\CRM.Core.Tests.csproj”的文件“C:\Program Files\dotnet\sdk\9.0.308\Microsoft.Common.CurrentVersion.targets”中的目标“BeforeCompile”(目标“Compile”依赖于它):
   1:8>已完成在项目“CRM.Core.Tests.csproj”中生成目标“BeforeCompile”的操作。
       由于条件的计算结果为 false，已跳过目标“_TimeStampBeforeCompile”；('$(RunPostBuildEvent)'=='OnOutputUpdated' or ('$(RegisterForComInterop)'=='true' and '$(OutputType)'=='library'))的计算结果为(''=='OnOutputUpdated' or (''=='true' and 'Exe'=='library'))。
       已跳过目标“ResolveAssemblyReferences”。以前的生成已成功。
       已跳过目标“_GenerateCompileInputs”。以前的生成已成功。
   1:8>来自项目“d:\MyProject\FrontCRM(C#)\tests\CRM.Core.Tests\CRM.Core.Tests.csproj”的文件“C:\Program Files\dotnet\sdk\9.0.308\Microsoft.Common.CurrentVersion.targets”中的目标“_GenerateCompileDependencyCache”(目标“Compile”依赖于它):
       任务“Hash”
       已完成执行任务“Hash”的操作。
       任务“WriteLinesToFile”
         跳过写入到文件“obj\Debug\net9.0\CRM.Core.Tests.csproj.CoreCompileInputs.cache”，因为内容不会改变。
       已完成执行任务“WriteLinesToFile”的操作。
   1:8>已完成在项目“CRM.Core.Tests.csproj”中生成目标“_GenerateCompileDependencyCache”的操作。
       由于条件的计算结果为 false，已跳过目标“_ComputeNonExistentFileProperty”；(('$(BuildingInsideVisualStudio)' == 'true') and ('$(BuildingOutOfProcess)' != 'true') and (('$(BuildingProject)' == 'false') or ('$(UseHostCompilerIfAvailable)' == 'true')))的计算结果为(('' == 'true') and ('' != 'true') and (('true' == 'false') or ('true' == 'true')))。
       由于条件的计算结果为 false，已跳过目标“ResolveCodeAnalysisRuleSet”；('$(CodeAnalysisRuleSet)' != '')的计算结果为('' != '')。
       由于条件的计算结果为 false，已跳过目标“ShimReferencePathsWhenCommonTargetsDoesNotUnderstandReferenceAssemblies”；('@(ReferencePathWithRefAssemblies)' == '')的计算结果为('C:\Users\admin\.nuget\packages\bogus\35.6.5\lib\net6.0\Bogus.dll;C:\Users\admin\.nuget\packages\castle.core\5.1.1\lib\net6.0\Castle.Core.dll;d:\MyProject\FrontCRM(C#)\CRM.Core\obj\Debug\net9.0\ref\CRM.Core.dll;...' == '')。
   1:8>来自项目“d:\MyProject\FrontCRM(C#)\tests\CRM.Core.Tests\CRM.Core.Tests.csproj”的文件“C:\Program Files\dotnet\sdk\9.0.308\Roslyn\Microsoft.Managed.Core.targets”中的目标“_BeforeVBCSCoreCompile”(目标“CoreCompile”依赖于它):
   1:8>已完成在项目“CRM.Core.Tests.csproj”中生成目标“_BeforeVBCSCoreCompile”的操作。
       由于条件的计算结果为 false，已跳过目标“AdjustDefaultPlatformTargetForNetFrameworkExeWithNoNativeCopyLocalItems”；('$(_UsingDefaultPlatformTarget)' == 'true' and
                            '$(_UsingDefaultRuntimeIdentifier)' == 'true')的计算结果为('true' == 'true' and
                            '' == 'true')。
       由于条件的计算结果为 false，已跳过目标“_DisableDiagnosticTracing”；('$(DisableDiagnosticTracing)' == 'true')的计算结果为('' == 'true')。
       由于条件的计算结果为 false，已跳过目标“ShimReferencePathsWhenCommonTargetsDoesNotUnderstandReferenceAssemblies”；('@(ReferencePathWithRefAssemblies)' == '')的计算结果为('C:\Users\admin\.nuget\packages\bogus\35.6.5\lib\net6.0\Bogus.dll;C:\Users\admin\.nuget\packages\castle.core\5.1.1\lib\net6.0\Castle.Core.dll;d:\MyProject\FrontCRM(C#)\CRM.Core\obj\Debug\net9.0\ref\CRM.Core.dll;...' == '')。
   1:8>来自项目“d:\MyProject\FrontCRM(C#)\tests\CRM.Core.Tests\CRM.Core.Tests.csproj”的文件“C:\Program Files\dotnet\sdk\9.0.308\Roslyn\Microsoft.Managed.Core.targets”中的目标“_ComputeSkipAnalyzers”(目标“CoreCompile”依赖于它):
       由于 false 条件，已跳过任务“ShowMessageForImplicitlySkipAnalyzers”；('$(_ImplicitlySkipAnalyzers)' == 'true')计算为('' == 'true')。
   1:8>已完成在项目“CRM.Core.Tests.csproj”中生成目标“_ComputeSkipAnalyzers”的操作。
       由于条件的计算结果为 false，已跳过目标“_SetPathMapFromSourceRoots”；('$(DeterministicSourcePaths)' == 'true')的计算结果为('' == 'true')。
       由于条件的计算结果为 false，已跳过目标“CreateCompilerGeneratedFilesOutputPath”；('$(EmitCompilerGeneratedFiles)' == 'true' and !('$(DesignTimeBuild)' == 'true' OR '$(BuildingProject)' != 'true'))的计算结果为('false' == 'true' and !('' == 'true' OR 'true' != 'true'))。
       已跳过目标“ResolveProjectReferences”。以前的生成已成功。
   1:8>来自项目“d:\MyProject\FrontCRM(C#)\tests\CRM.Core.Tests\CRM.Core.Tests.csproj”的文件“C:\Users\admin\.nuget\packages\microsoft.codecoverage\18.3.0\build\netstandard2.0\Microsoft.CodeCoverage.targets”中的目标“MsCoverageReferencedPathMaps”(目标“CoreCompile”依赖于它):
       任务“MSBuild”
         全局属性:
           TargetFramework=net9.0
         移除项目“d:\MyProject\FrontCRM(C#)\CRM.Core\CRM.Core.csproj”的属性:
           TargetFramework
           RuntimeIdentifier
           SelfContained
   1:8>项目“d:\MyProject\FrontCRM(C#)\tests\CRM.Core.Tests\CRM.Core.Tests.csproj”(1:8)正在节点 2 上生成“d:\MyProject\FrontCRM(C#)\CRM.Core\CRM.Core.csproj”(2:8) (InitializeSourceRootMappedPaths 个目标)。
   2:8>已跳过目标“InitializeSourceRootMappedPaths”。以前的生成已成功。
   2:8>已完成生成项目“d:\MyProject\FrontCRM(C#)\CRM.Core\CRM.Core.csproj”(InitializeSourceRootMappedPaths 个目标)的操作。
   1:8>MsCoverageReferencedPathMaps:
         移除项目“d:\MyProject\FrontCRM(C#)\tests\CRM.TestCommon\CRM.TestCommon.csproj”的属性:
           TargetFramework
           RuntimeIdentifier
           SelfContained
   1:8>项目“d:\MyProject\FrontCRM(C#)\tests\CRM.Core.Tests\CRM.Core.Tests.csproj”(1:8)正在节点 1 上生成“d:\MyProject\FrontCRM(C#)\tests\CRM.TestCommon\CRM.TestCommon.csproj”(3:8) (InitializeSourceRootMappedPaths 个目标)。
   3:8>已跳过目标“InitializeSourceRootMappedPaths”。以前的生成已成功。
   3:8>已完成生成项目“d:\MyProject\FrontCRM(C#)\tests\CRM.TestCommon\CRM.TestCommon.csproj”(InitializeSourceRootMappedPaths 个目标)的操作。
   1:8>已完成执行任务“MSBuild”的操作。
       任务“WriteLinesToFile”
         跳过写入到文件“bin\Debug\net9.0\.msCoverageSourceRootsMapping_CRM.Core.Tests”，因为内容不会改变。
       已完成执行任务“WriteLinesToFile”的操作。
   1:8>已完成在项目“CRM.Core.Tests.csproj”中生成目标“MsCoverageReferencedPathMaps”的操作。
       已跳过目标“ResolveProjectReferences”。以前的生成已成功。
   1:8>来自项目“d:\MyProject\FrontCRM(C#)\tests\CRM.Core.Tests\CRM.Core.Tests.csproj”的文件“C:\Users\admin\.nuget\packages\coverlet.collector\8.0.0\build\net8.0\coverlet.collector.targets”中的目标“ReferencedPathMaps”(目标“CoreCompile”依赖于它):
       任务“MSBuild”
         全局属性:
           TargetFramework=net9.0
         移除项目“d:\MyProject\FrontCRM(C#)\CRM.Core\CRM.Core.csproj”的属性:
           TargetFramework
           RuntimeIdentifier
           SelfContained
   1:8>项目“d:\MyProject\FrontCRM(C#)\tests\CRM.Core.Tests\CRM.Core.Tests.csproj”(1:8)正在节点 2 上生成“d:\MyProject\FrontCRM(C#)\CRM.Core\CRM.Core.csproj”(2:9) (InitializeSourceRootMappedPaths 个目标)。
   2:9>已跳过目标“InitializeSourceRootMappedPaths”。以前的生成已成功。
   2:9>已完成生成项目“d:\MyProject\FrontCRM(C#)\CRM.Core\CRM.Core.csproj”(InitializeSourceRootMappedPaths 个目标)的操作。
   1:8>ReferencedPathMaps:
         移除项目“d:\MyProject\FrontCRM(C#)\tests\CRM.TestCommon\CRM.TestCommon.csproj”的属性:
           TargetFramework
           RuntimeIdentifier
           SelfContained
   1:8>项目“d:\MyProject\FrontCRM(C#)\tests\CRM.Core.Tests\CRM.Core.Tests.csproj”(1:8)正在节点 1 上生成“d:\MyProject\FrontCRM(C#)\tests\CRM.TestCommon\CRM.TestCommon.csproj”(3:9) (InitializeSourceRootMappedPaths 个目标)。
   3:9>已跳过目标“InitializeSourceRootMappedPaths”。以前的生成已成功。
   3:9>已完成生成项目“d:\MyProject\FrontCRM(C#)\tests\CRM.TestCommon\CRM.TestCommon.csproj”(InitializeSourceRootMappedPaths 个目标)的操作。
   1:8>已完成执行任务“MSBuild”的操作。
       任务“WriteLinesToFile”
         跳过写入到文件“bin\Debug\net9.0\CoverletSourceRootsMapping_CRM.Core.Tests”，因为内容不会改变。
       已完成执行任务“WriteLinesToFile”的操作。
   1:8>已完成在项目“CRM.Core.Tests.csproj”中生成目标“ReferencedPathMaps”的操作。
       由于条件的计算结果为 false，已跳过目标“_CheckMicrosoftNetSdkCompilersToolsetPackageExists”；('$(_NeedToDownloadMicrosoftNetSdkCompilersToolsetPackage)' == 'true' and '$(DesignTimeBuild)' != 'true')的计算结果为('' == 'true' and '' != 'true')。
       已跳过目标“BeforeCompile”。以前的生成已成功。
       已跳过目标“InitializeSourceControlInformationFromSourceControlManager”。以前的生成已成功。
   1:8>来自项目“d:\MyProject\FrontCRM(C#)\tests\CRM.Core.Tests\CRM.Core.Tests.csproj”的文件“C:\Program Files\dotnet\sdk\9.0.308\Sdks\Microsoft.Build.Tasks.Git\build\Microsoft.Build.Tasks.Git.targets”中的目标“SetEmbeddedFilesFromSourceControlManagerUntrackedFiles”(目标“_SetEmbeddedFilesFromSourceControlManagerUntrackedFiles”依赖于它):
       由于 false 条件，已跳过任务“Microsoft.Build.Tasks.Git.GetUntrackedFiles”；('$(_GitRepositoryId)' != '')计算为('' != '')。
   1:8>已完成在项目“CRM.Core.Tests.csproj”中生成目标“SetEmbeddedFilesFromSourceControlManagerUntrackedFiles”的操作。
   1:8>来自项目“d:\MyProject\FrontCRM(C#)\tests\CRM.Core.Tests\CRM.Core.Tests.csproj”的文件“C:\Program Files\dotnet\sdk\9.0.308\Sdks\Microsoft.SourceLink.Common\build\Microsoft.SourceLink.Common.targets”中的目标“_SetEmbeddedFilesFromSourceControlManagerUntrackedFiles”(目标“CoreCompile”依赖于它):
   1:8>已完成在项目“CRM.Core.Tests.csproj”中生成目标“_SetEmbeddedFilesFromSourceControlManagerUntrackedFiles”的操作。
       已跳过目标“InitializeSourceControlInformation”。以前的生成已成功。
   1:8>来自项目“d:\MyProject\FrontCRM(C#)\tests\CRM.Core.Tests\CRM.Core.Tests.csproj”的文件“C:\Program Files\dotnet\sdk\9.0.308\Sdks\Microsoft.SourceLink.Common\build\Microsoft.SourceLink.Common.targets”中的目标“_SetSourceLinkFilePath”(目标“_GenerateSourceLinkFile”依赖于它):
   1:8>已完成在项目“CRM.Core.Tests.csproj”中生成目标“_SetSourceLinkFilePath”的操作。
       已跳过目标“InitializeSourceControlInformation”。以前的生成已成功。
   1:8>来自项目“d:\MyProject\FrontCRM(C#)\tests\CRM.Core.Tests\CRM.Core.Tests.csproj”的文件“C:\Program Files\dotnet\sdk\9.0.308\Roslyn\Microsoft.Managed.Core.targets”中的目标“_InitializeSourceRootMappedPathsFromSourceControl”(目标“InitializeSourceRootMappedPaths”依赖于它):
   1:8>已完成在项目“CRM.Core.Tests.csproj”中生成目标“_InitializeSourceRootMappedPathsFromSourceControl”的操作。
   1:8>来自项目“d:\MyProject\FrontCRM(C#)\tests\CRM.Core.Tests\CRM.Core.Tests.csproj”的文件“C:\Program Files\dotnet\sdk\9.0.308\Roslyn\Microsoft.Managed.Core.targets”中的目标“InitializeSourceRootMappedPaths”(目标“_InitializeSourceRootMappedPathsOpt”依赖于它):
       正在使用程序集“C:\Program Files\dotnet\sdk\9.0.308\Roslyn\Microsoft.Build.Tasks.CodeAnalysis.dll”中的“Microsoft.CodeAnalysis.BuildTasks.MapSourceRoots”任务。
       任务“Microsoft.CodeAnalysis.BuildTasks.MapSourceRoots”
       已完成执行任务“Microsoft.CodeAnalysis.BuildTasks.MapSourceRoots”的操作。
   1:8>已完成在项目“CRM.Core.Tests.csproj”中生成目标“InitializeSourceRootMappedPaths”的操作。
   1:8>来自项目“d:\MyProject\FrontCRM(C#)\tests\CRM.Core.Tests\CRM.Core.Tests.csproj”的文件“C:\Program Files\dotnet\sdk\9.0.308\Sdks\Microsoft.SourceLink.Common\build\Microsoft.SourceLink.Common.targets”中的目标“_InitializeSourceRootMappedPathsOpt”(目标“_GenerateSourceLinkFile”依赖于它):
   1:8>已完成在项目“CRM.Core.Tests.csproj”中生成目标“_InitializeSourceRootMappedPathsOpt”的操作。
   1:8>来自项目“d:\MyProject\FrontCRM(C#)\tests\CRM.Core.Tests\CRM.Core.Tests.csproj”的文件“C:\Program Files\dotnet\sdk\9.0.308\Sdks\Microsoft.SourceLink.GitHub\build\Microsoft.SourceLink.GitHub.targets”中的目标“_InitializeGitHubSourceLinkUrl”(目标“_GenerateSourceLinkFile”依赖于它):
       正在完全生成目标“_InitializeGitHubSourceLinkUrl”。
       未指定输入文件。
       正在使用程序集“C:\Program Files\dotnet\sdk\9.0.308\Sdks\Microsoft.SourceLink.GitHub\build\..\tools\net\Microsoft.SourceLink.GitHub.dll”中的“Microsoft.SourceLink.GitHub.GetSourceLinkUrl”任务。
       任务“Microsoft.SourceLink.GitHub.GetSourceLinkUrl”
       已完成执行任务“Microsoft.SourceLink.GitHub.GetSourceLinkUrl”的操作。
   1:8>已完成在项目“CRM.Core.Tests.csproj”中生成目标“_InitializeGitHubSourceLinkUrl”的操作。
   1:8>来自项目“d:\MyProject\FrontCRM(C#)\tests\CRM.Core.Tests\CRM.Core.Tests.csproj”的文件“C:\Program Files\dotnet\sdk\9.0.308\Sdks\Microsoft.SourceLink.GitHub\build\Microsoft.SourceLink.GitHub.targets”中的目标“_InitializeGitHubSourceLinkUrl”(目标“_GenerateSourceLinkFile”依赖于它):
       正在完全生成目标“_InitializeGitHubSourceLinkUrl”。
       未指定输入文件。
       任务“Microsoft.SourceLink.GitHub.GetSourceLinkUrl”
       已完成执行任务“Microsoft.SourceLink.GitHub.GetSourceLinkUrl”的操作。
   1:8>已完成在项目“CRM.Core.Tests.csproj”中生成目标“_InitializeGitHubSourceLinkUrl”的操作。
   1:8>来自项目“d:\MyProject\FrontCRM(C#)\tests\CRM.Core.Tests\CRM.Core.Tests.csproj”的文件“C:\Program Files\dotnet\sdk\9.0.308\Sdks\Microsoft.SourceLink.GitLab\build\Microsoft.SourceLink.GitLab.targets”中的目标“_InitializeGitLabSourceLinkUrl”(目标“_GenerateSourceLinkFile”依赖于它):
       正在完全生成目标“_InitializeGitLabSourceLinkUrl”。
       未指定输入文件。
       正在使用程序集“C:\Program Files\dotnet\sdk\9.0.308\Sdks\Microsoft.SourceLink.GitLab\build\..\tools\net\Microsoft.SourceLink.GitLab.dll”中的“Microsoft.SourceLink.GitLab.GetSourceLinkUrl”任务。
       任务“Microsoft.SourceLink.GitLab.GetSourceLinkUrl”
       已完成执行任务“Microsoft.SourceLink.GitLab.GetSourceLinkUrl”的操作。
   1:8>已完成在项目“CRM.Core.Tests.csproj”中生成目标“_InitializeGitLabSourceLinkUrl”的操作。
   1:8>来自项目“d:\MyProject\FrontCRM(C#)\tests\CRM.Core.Tests\CRM.Core.Tests.csproj”的文件“C:\Program Files\dotnet\sdk\9.0.308\Sdks\Microsoft.SourceLink.GitLab\build\Microsoft.SourceLink.GitLab.targets”中的目标“_InitializeGitLabSourceLinkUrl”(目标“_GenerateSourceLinkFile”依赖于它):
       正在完全生成目标“_InitializeGitLabSourceLinkUrl”。
       未指定输入文件。
       任务“Microsoft.SourceLink.GitLab.GetSourceLinkUrl”
       已完成执行任务“Microsoft.SourceLink.GitLab.GetSourceLinkUrl”的操作。
   1:8>已完成在项目“CRM.Core.Tests.csproj”中生成目标“_InitializeGitLabSourceLinkUrl”的操作。
   1:8>来自项目“d:\MyProject\FrontCRM(C#)\tests\CRM.Core.Tests\CRM.Core.Tests.csproj”的文件“C:\Program Files\dotnet\sdk\9.0.308\Sdks\Microsoft.SourceLink.AzureRepos.Git\build\Microsoft.SourceLink.AzureRepos.Git.targets”中的目标“_InitializeAzureReposGitSourceLinkUrl”(目标“_GenerateSourceLinkFile”依赖于它):
       正在完全生成目标“_InitializeAzureReposGitSourceLinkUrl”。
       未指定输入文件。
       正在使用程序集“C:\Program Files\dotnet\sdk\9.0.308\Sdks\Microsoft.SourceLink.AzureRepos.Git\build\..\tools\net\Microsoft.SourceLink.AzureRepos.Git.dll”中的“Microsoft.SourceLink.AzureRepos.Git.GetSourceLinkUrl”任务。
       任务“Microsoft.SourceLink.AzureRepos.Git.GetSourceLinkUrl”
       已完成执行任务“Microsoft.SourceLink.AzureRepos.Git.GetSourceLinkUrl”的操作。
   1:8>已完成在项目“CRM.Core.Tests.csproj”中生成目标“_InitializeAzureReposGitSourceLinkUrl”的操作。
   1:8>来自项目“d:\MyProject\FrontCRM(C#)\tests\CRM.Core.Tests\CRM.Core.Tests.csproj”的文件“C:\Program Files\dotnet\sdk\9.0.308\Sdks\Microsoft.SourceLink.AzureRepos.Git\build\Microsoft.SourceLink.AzureRepos.Git.targets”中的目标“_InitializeAzureReposGitSourceLinkUrl”(目标“_GenerateSourceLinkFile”依赖于它):
       正在完全生成目标“_InitializeAzureReposGitSourceLinkUrl”。
       未指定输入文件。
       任务“Microsoft.SourceLink.AzureRepos.Git.GetSourceLinkUrl”
       已完成执行任务“Microsoft.SourceLink.AzureRepos.Git.GetSourceLinkUrl”的操作。
   1:8>已完成在项目“CRM.Core.Tests.csproj”中生成目标“_InitializeAzureReposGitSourceLinkUrl”的操作。
   1:8>来自项目“d:\MyProject\FrontCRM(C#)\tests\CRM.Core.Tests\CRM.Core.Tests.csproj”的文件“C:\Program Files\dotnet\sdk\9.0.308\Sdks\Microsoft.SourceLink.Bitbucket.Git\build\Microsoft.SourceLink.Bitbucket.Git.targets”中的目标“_InitializeBitbucketGitSourceLinkUrl”(目标“_GenerateSourceLinkFile”依赖于它):
       正在完全生成目标“_InitializeBitbucketGitSourceLinkUrl”。
       未指定输入文件。
       正在使用程序集“C:\Program Files\dotnet\sdk\9.0.308\Sdks\Microsoft.SourceLink.Bitbucket.Git\build\..\tools\net\Microsoft.SourceLink.Bitbucket.Git.dll”中的“Microsoft.SourceLink.Bitbucket.Git.GetSourceLinkUrl”任务。
       任务“Microsoft.SourceLink.Bitbucket.Git.GetSourceLinkUrl”
       已完成执行任务“Microsoft.SourceLink.Bitbucket.Git.GetSourceLinkUrl”的操作。
   1:8>已完成在项目“CRM.Core.Tests.csproj”中生成目标“_InitializeBitbucketGitSourceLinkUrl”的操作。
   1:8>来自项目“d:\MyProject\FrontCRM(C#)\tests\CRM.Core.Tests\CRM.Core.Tests.csproj”的文件“C:\Program Files\dotnet\sdk\9.0.308\Sdks\Microsoft.SourceLink.Bitbucket.Git\build\Microsoft.SourceLink.Bitbucket.Git.targets”中的目标“_InitializeBitbucketGitSourceLinkUrl”(目标“_GenerateSourceLinkFile”依赖于它):
       正在完全生成目标“_InitializeBitbucketGitSourceLinkUrl”。
       未指定输入文件。
       任务“Microsoft.SourceLink.Bitbucket.Git.GetSourceLinkUrl”
       已完成执行任务“Microsoft.SourceLink.Bitbucket.Git.GetSourceLinkUrl”的操作。
   1:8>已完成在项目“CRM.Core.Tests.csproj”中生成目标“_InitializeBitbucketGitSourceLinkUrl”的操作。
   1:8>来自项目“d:\MyProject\FrontCRM(C#)\tests\CRM.Core.Tests\CRM.Core.Tests.csproj”的文件“C:\Program Files\dotnet\sdk\9.0.308\Sdks\Microsoft.SourceLink.Common\build\Microsoft.SourceLink.Common.targets”中的目标“_GenerateSourceLinkFile”(目标“GenerateSourceLinkFile”依赖于它):
       正在完全生成目标“_GenerateSourceLinkFile”。
       未指定输入文件。
       正在使用程序集“C:\Program Files\dotnet\sdk\9.0.308\Sdks\Microsoft.SourceLink.Common\build\..\tools\net\Microsoft.SourceLink.Common.dll”中的“Microsoft.SourceLink.Common.GenerateSourceLinkFile”任务。
       任务“Microsoft.SourceLink.Common.GenerateSourceLinkFile”
         Source Link 为空，则文件 "obj\Debug\net9.0\CRM.Core.Tests.sourcelink.json" 不存在。
       已完成执行任务“Microsoft.SourceLink.Common.GenerateSourceLinkFile”的操作。
   1:8>已完成在项目“CRM.Core.Tests.csproj”中生成目标“_GenerateSourceLinkFile”的操作。
   1:8>来自项目“d:\MyProject\FrontCRM(C#)\tests\CRM.Core.Tests\CRM.Core.Tests.csproj”的文件“C:\Program Files\dotnet\sdk\9.0.308\Sdks\Microsoft.SourceLink.Common\build\Microsoft.SourceLink.Common.targets”中的目标“GenerateSourceLinkFile”(目标“CoreCompile”依赖于它):
   1:8>已完成在项目“CRM.Core.Tests.csproj”中生成目标“GenerateSourceLinkFile”的操作。
   1:8>来自项目“d:\MyProject\FrontCRM(C#)\tests\CRM.Core.Tests\CRM.Core.Tests.csproj”的文件“C:\Program Files\dotnet\sdk\9.0.308\Sdks\Microsoft.NET.Sdk\analyzers\build\Microsoft.CodeAnalysis.NetAnalyzers.targets”中的目标“AddGlobalAnalyzerConfigForPackage_MicrosoftCodeAnalysisNetAnalyzers”(目标“CoreCompile”依赖于它):
   1:8>已完成在项目“CRM.Core.Tests.csproj”中生成目标“AddGlobalAnalyzerConfigForPackage_MicrosoftCodeAnalysisNetAnalyzers”的操作。
       由于条件的计算结果为 false，已跳过目标“AddGlobalAnalyzerConfigForPackage_MicrosoftCodeAnalysisNetAnalyzersDesign”；('$(SkipGlobalAnalyzerConfigForPackage)' != 'true' and ('$(AnalysisLevelDesign)' != '' or '$(AnalysisModeDesign)' != ''))的计算结果为('' != 'true' and ('' != '' or '' != ''))。
       由于条件的计算结果为 false，已跳过目标“AddGlobalAnalyzerConfigForPackage_MicrosoftCodeAnalysisNetAnalyzersDocumentation”；('$(SkipGlobalAnalyzerConfigForPackage)' != 'true' and ('$(AnalysisLevelDocumentation)' != '' or '$(AnalysisModeDocumentation)' != ''))的计算结果为('' != 'true' and ('' != '' or '' != ''))。
       由于条件的计算结果为 false，已跳过目标“AddGlobalAnalyzerConfigForPackage_MicrosoftCodeAnalysisNetAnalyzersGlobalization”；('$(SkipGlobalAnalyzerConfigForPackage)' != 'true' and ('$(AnalysisLevelGlobalization)' != '' or '$(AnalysisModeGlobalization)' != ''))的计算结果为('' != 'true' and ('' != '' or '' != ''))。
       由于条件的计算结果为 false，已跳过目标“AddGlobalAnalyzerConfigForPackage_MicrosoftCodeAnalysisNetAnalyzersInteroperability”；('$(SkipGlobalAnalyzerConfigForPackage)' != 'true' and ('$(AnalysisLevelInteroperability)' != '' or '$(AnalysisModeInteroperability)' != ''))的计算结果为('' != 'true' and ('' != '' or '' != ''))。
       由于条件的计算结果为 false，已跳过目标“AddGlobalAnalyzerConfigForPackage_MicrosoftCodeAnalysisNetAnalyzersMaintainability”；('$(SkipGlobalAnalyzerConfigForPackage)' != 'true' and ('$(AnalysisLevelMaintainability)' != '' or '$(AnalysisModeMaintainability)' != ''))的计算结果为('' != 'true' and ('' != '' or '' != ''))。
       由于条件的计算结果为 false，已跳过目标“AddGlobalAnalyzerConfigForPackage_MicrosoftCodeAnalysisNetAnalyzersNaming”；('$(SkipGlobalAnalyzerConfigForPackage)' != 'true' and ('$(AnalysisLevelNaming)' != '' or '$(AnalysisModeNaming)' != ''))的计算结果为('' != 'true' and ('' != '' or '' != ''))。
       由于条件的计算结果为 false，已跳过目标“AddGlobalAnalyzerConfigForPackage_MicrosoftCodeAnalysisNetAnalyzersPerformance”；('$(SkipGlobalAnalyzerConfigForPackage)' != 'true' and ('$(AnalysisLevelPerformance)' != '' or '$(AnalysisModePerformance)' != ''))的计算结果为('' != 'true' and ('' != '' or '' != ''))。
       由于条件的计算结果为 false，已跳过目标“AddGlobalAnalyzerConfigForPackage_MicrosoftCodeAnalysisNetAnalyzersReliability”；('$(SkipGlobalAnalyzerConfigForPackage)' != 'true' and ('$(AnalysisLevelReliability)' != '' or '$(AnalysisModeReliability)' != ''))的计算结果为('' != 'true' and ('' != '' or '' != ''))。
       由于条件的计算结果为 false，已跳过目标“AddGlobalAnalyzerConfigForPackage_MicrosoftCodeAnalysisNetAnalyzersSecurity”；('$(SkipGlobalAnalyzerConfigForPackage)' != 'true' and ('$(AnalysisLevelSecurity)' != '' or '$(AnalysisModeSecurity)' != ''))的计算结果为('' != 'true' and ('' != '' or '' != ''))。
       由于条件的计算结果为 false，已跳过目标“AddGlobalAnalyzerConfigForPackage_MicrosoftCodeAnalysisNetAnalyzersUsage”；('$(SkipGlobalAnalyzerConfigForPackage)' != 'true' and ('$(AnalysisLevelUsage)' != '' or '$(AnalysisModeUsage)' != ''))的计算结果为('' != 'true' and ('' != '' or '' != ''))。
       由于条件的计算结果为 false，已跳过目标“_CodeAnalysisTreatWarningsAsErrors”；('$(DesignTimeBuild)' == 'true' OR '$(BuildingProject)' != 'true')的计算结果为('' == 'true' OR 'true' != 'true')。
   1:8>来自项目“d:\MyProject\FrontCRM(C#)\tests\CRM.Core.Tests\CRM.Core.Tests.csproj”的文件“C:\Program Files\dotnet\sdk\9.0.308\Roslyn\Microsoft.CSharp.Core.targets”中的目标“CoreCompile”(目标“Compile”依赖于它):
       正在跳过目标“CoreCompile”，因为所有输出文件相对于输入文件而言都是最新的。
       输入文件:
           Services\CustomerServiceTests.cs
           Services\SampleTests.cs
           Services\UserRegistrationServiceTests.cs
           UnitTest1.cs
           C:\Users\admin\.nuget\packages\microsoft.net.test.sdk\18.3.0\build\net8.0\Microsoft.NET.Test.Sdk.Program.cs
           obj\Debug\net9.0\CRM.Core.Tests.GlobalUsings.g.cs
           obj\Debug\net9.0\.NETCoreApp,Version=v9.0.AssemblyAttributes.cs
           obj\Debug\net9.0\CRM.Core.Tests.AssemblyInfo.cs
           C:\Users\admin\.nuget\packages\bogus\35.6.5\lib\net6.0\Bogus.dll
           C:\Users\admin\.nuget\packages\castle.core\5.1.1\lib\net6.0\Castle.Core.dll
           d:\MyProject\FrontCRM%28C#%29\CRM.Core\obj\Debug\net9.0\ref\CRM.Core.dll
           d:\MyProject\FrontCRM%28C#%29\tests\CRM.TestCommon\obj\Debug\net9.0\ref\CRM.TestCommon.dll
           C:\Users\admin\.nuget\packages\fluentassertions\8.8.0\lib\net6.0\FluentAssertions.dll
           C:\Program Files\dotnet\packs\Microsoft.NETCore.App.Ref\9.0.11\ref\net9.0\Microsoft.CSharp.dll
           C:\Users\admin\.nuget\packages\microsoft.testplatform.testhost\18.3.0\lib\net8.0\Microsoft.TestPlatform.CommunicationUtilities.dll
           C:\Users\admin\.nuget\packages\microsoft.testplatform.testhost\18.3.0\lib\net8.0\Microsoft.TestPlatform.CoreUtilities.dll
           C:\Users\admin\.nuget\packages\microsoft.testplatform.testhost\18.3.0\lib\net8.0\Microsoft.TestPlatform.CrossPlatEngine.dll
           C:\Users\admin\.nuget\packages\microsoft.testplatform.testhost\18.3.0\lib\net8.0\Microsoft.TestPlatform.PlatformAbstractions.dll
           C:\Users\admin\.nuget\packages\microsoft.testplatform.testhost\18.3.0\lib\net8.0\Microsoft.TestPlatform.Utilities.dll
           C:\Program Files\dotnet\packs\Microsoft.NETCore.App.Ref\9.0.11\ref\net9.0\Microsoft.VisualBasic.Core.dll
           C:\Program Files\dotnet\packs\Microsoft.NETCore.App.Ref\9.0.11\ref\net9.0\Microsoft.VisualBasic.dll
           C:\Users\admin\.nuget\packages\microsoft.codecoverage\18.3.0\lib\net8.0\Microsoft.VisualStudio.CodeCoverage.Shim.dll
           C:\Users\admin\.nuget\packages\microsoft.testplatform.testhost\18.3.0\lib\net8.0\Microsoft.VisualStudio.TestPlatform.Common.dll
           C:\Users\admin\.nuget\packages\microsoft.testplatform.testhost\18.3.0\lib\net8.0\Microsoft.VisualStudio.TestPlatform.ObjectModel.dll
           C:\Program Files\dotnet\packs\Microsoft.NETCore.App.Ref\9.0.11\ref\net9.0\Microsoft.Win32.Primitives.dll
           C:\Program Files\dotnet\packs\Microsoft.NETCore.App.Ref\9.0.11\ref\net9.0\Microsoft.Win32.Registry.dll
           C:\Program Files\dotnet\packs\Microsoft.NETCore.App.Ref\9.0.11\ref\net9.0\mscorlib.dll
           C:\Program Files\dotnet\packs\Microsoft.NETCore.App.Ref\9.0.11\ref\net9.0\netstandard.dll
           C:\Users\admin\.nuget\packages\newtonsoft.json\13.0.3\lib\net6.0\Newtonsoft.Json.dll
           C:\Users\admin\.nuget\packages\nsubstitute\5.3.0\lib\net6.0\NSubstitute.dll
           C:\Program Files\dotnet\packs\Microsoft.NETCore.App.Ref\9.0.11\ref\net9.0\System.AppContext.dll
           C:\Program Files\dotnet\packs\Microsoft.NETCore.App.Ref\9.0.11\ref\net9.0\System.Buffers.dll
           C:\Program Files\dotnet\packs\Microsoft.NETCore.App.Ref\9.0.11\ref\net9.0\System.Collections.Concurrent.dll
           C:\Program Files\dotnet\packs\Microsoft.NETCore.App.Ref\9.0.11\ref\net9.0\System.Collections.dll
           C:\Program Files\dotnet\packs\Microsoft.NETCore.App.Ref\9.0.11\ref\net9.0\System.Collections.Immutable.dll
           C:\Program Files\dotnet\packs\Microsoft.NETCore.App.Ref\9.0.11\ref\net9.0\System.Collections.NonGeneric.dll
           C:\Program Files\dotnet\packs\Microsoft.NETCore.App.Ref\9.0.11\ref\net9.0\System.Collections.Specialized.dll
           C:\Program Files\dotnet\packs\Microsoft.NETCore.App.Ref\9.0.11\ref\net9.0\System.ComponentModel.Annotations.dll
           C:\Program Files\dotnet\packs\Microsoft.NETCore.App.Ref\9.0.11\ref\net9.0\System.ComponentModel.DataAnnotations.dll
           C:\Program Files\dotnet\packs\Microsoft.NETCore.App.Ref\9.0.11\ref\net9.0\System.ComponentModel.dll
           C:\Program Files\dotnet\packs\Microsoft.NETCore.App.Ref\9.0.11\ref\net9.0\System.ComponentModel.EventBasedAsync.dll
           C:\Program Files\dotnet\packs\Microsoft.NETCore.App.Ref\9.0.11\ref\net9.0\System.ComponentModel.Primitives.dll
           C:\Program Files\dotnet\packs\Microsoft.NETCore.App.Ref\9.0.11\ref\net9.0\System.ComponentModel.TypeConverter.dll
           C:\Program Files\dotnet\packs\Microsoft.NETCore.App.Ref\9.0.11\ref\net9.0\System.Configuration.dll
           C:\Program Files\dotnet\packs\Microsoft.NETCore.App.Ref\9.0.11\ref\net9.0\System.Console.dll
           C:\Program Files\dotnet\packs\Microsoft.NETCore.App.Ref\9.0.11\ref\net9.0\System.Core.dll
           C:\Program Files\dotnet\packs\Microsoft.NETCore.App.Ref\9.0.11\ref\net9.0\System.Data.Common.dll
           C:\Program Files\dotnet\packs\Microsoft.NETCore.App.Ref\9.0.11\ref\net9.0\System.Data.DataSetExtensions.dll
           C:\Program Files\dotnet\packs\Microsoft.NETCore.App.Ref\9.0.11\ref\net9.0\System.Data.dll
           C:\Program Files\dotnet\packs\Microsoft.NETCore.App.Ref\9.0.11\ref\net9.0\System.Diagnostics.Contracts.dll
           C:\Program Files\dotnet\packs\Microsoft.NETCore.App.Ref\9.0.11\ref\net9.0\System.Diagnostics.Debug.dll
           C:\Program Files\dotnet\packs\Microsoft.NETCore.App.Ref\9.0.11\ref\net9.0\System.Diagnostics.DiagnosticSource.dll
           C:\Users\admin\.nuget\packages\system.diagnostics.eventlog\6.0.0\lib\net6.0\System.Diagnostics.EventLog.dll
           C:\Program Files\dotnet\packs\Microsoft.NETCore.App.Ref\9.0.11\ref\net9.0\System.Diagnostics.FileVersionInfo.dll
           C:\Program Files\dotnet\packs\Microsoft.NETCore.App.Ref\9.0.11\ref\net9.0\System.Diagnostics.Process.dll
           C:\Program Files\dotnet\packs\Microsoft.NETCore.App.Ref\9.0.11\ref\net9.0\System.Diagnostics.StackTrace.dll
           C:\Program Files\dotnet\packs\Microsoft.NETCore.App.Ref\9.0.11\ref\net9.0\System.Diagnostics.TextWriterTraceListener.dll
           C:\Program Files\dotnet\packs\Microsoft.NETCore.App.Ref\9.0.11\ref\net9.0\System.Diagnostics.Tools.dll
           C:\Program Files\dotnet\packs\Microsoft.NETCore.App.Ref\9.0.11\ref\net9.0\System.Diagnostics.TraceSource.dll
           C:\Program Files\dotnet\packs\Microsoft.NETCore.App.Ref\9.0.11\ref\net9.0\System.Diagnostics.Tracing.dll
           C:\Program Files\dotnet\packs\Microsoft.NETCore.App.Ref\9.0.11\ref\net9.0\System.dll
           C:\Program Files\dotnet\packs\Microsoft.NETCore.App.Ref\9.0.11\ref\net9.0\System.Drawing.dll
           C:\Program Files\dotnet\packs\Microsoft.NETCore.App.Ref\9.0.11\ref\net9.0\System.Drawing.Primitives.dll
           C:\Program Files\dotnet\packs\Microsoft.NETCore.App.Ref\9.0.11\ref\net9.0\System.Dynamic.Runtime.dll
           C:\Program Files\dotnet\packs\Microsoft.NETCore.App.Ref\9.0.11\ref\net9.0\System.Formats.Asn1.dll
           C:\Program Files\dotnet\packs\Microsoft.NETCore.App.Ref\9.0.11\ref\net9.0\System.Formats.Tar.dll
           C:\Program Files\dotnet\packs\Microsoft.NETCore.App.Ref\9.0.11\ref\net9.0\System.Globalization.Calendars.dll
           C:\Program Files\dotnet\packs\Microsoft.NETCore.App.Ref\9.0.11\ref\net9.0\System.Globalization.dll
           C:\Program Files\dotnet\packs\Microsoft.NETCore.App.Ref\9.0.11\ref\net9.0\System.Globalization.Extensions.dll
           C:\Program Files\dotnet\packs\Microsoft.NETCore.App.Ref\9.0.11\ref\net9.0\System.IO.Compression.Brotli.dll
           C:\Program Files\dotnet\packs\Microsoft.NETCore.App.Ref\9.0.11\ref\net9.0\System.IO.Compression.dll
           C:\Program Files\dotnet\packs\Microsoft.NETCore.App.Ref\9.0.11\ref\net9.0\System.IO.Compression.FileSystem.dll
           C:\Program Files\dotnet\packs\Microsoft.NETCore.App.Ref\9.0.11\ref\net9.0\System.IO.Compression.ZipFile.dll
           C:\Program Files\dotnet\packs\Microsoft.NETCore.App.Ref\9.0.11\ref\net9.0\System.IO.dll
           C:\Program Files\dotnet\packs\Microsoft.NETCore.App.Ref\9.0.11\ref\net9.0\System.IO.FileSystem.AccessControl.dll
           C:\Program Files\dotnet\packs\Microsoft.NETCore.App.Ref\9.0.11\ref\net9.0\System.IO.FileSystem.dll
           C:\Program Files\dotnet\packs\Microsoft.NETCore.App.Ref\9.0.11\ref\net9.0\System.IO.FileSystem.DriveInfo.dll
           C:\Program Files\dotnet\packs\Microsoft.NETCore.App.Ref\9.0.11\ref\net9.0\System.IO.FileSystem.Primitives.dll
           C:\Program Files\dotnet\packs\Microsoft.NETCore.App.Ref\9.0.11\ref\net9.0\System.IO.FileSystem.Watcher.dll
           C:\Program Files\dotnet\packs\Microsoft.NETCore.App.Ref\9.0.11\ref\net9.0\System.IO.IsolatedStorage.dll
           C:\Program Files\dotnet\packs\Microsoft.NETCore.App.Ref\9.0.11\ref\net9.0\System.IO.MemoryMappedFiles.dll
           C:\Program Files\dotnet\packs\Microsoft.NETCore.App.Ref\9.0.11\ref\net9.0\System.IO.Pipelines.dll
           C:\Program Files\dotnet\packs\Microsoft.NETCore.App.Ref\9.0.11\ref\net9.0\System.IO.Pipes.AccessControl.dll
           C:\Program Files\dotnet\packs\Microsoft.NETCore.App.Ref\9.0.11\ref\net9.0\System.IO.Pipes.dll
           C:\Program Files\dotnet\packs\Microsoft.NETCore.App.Ref\9.0.11\ref\net9.0\System.IO.UnmanagedMemoryStream.dll
           C:\Program Files\dotnet\packs\Microsoft.NETCore.App.Ref\9.0.11\ref\net9.0\System.Linq.dll
           C:\Program Files\dotnet\packs\Microsoft.NETCore.App.Ref\9.0.11\ref\net9.0\System.Linq.Expressions.dll
           C:\Program Files\dotnet\packs\Microsoft.NETCore.App.Ref\9.0.11\ref\net9.0\System.Linq.Parallel.dll
           C:\Program Files\dotnet\packs\Microsoft.NETCore.App.Ref\9.0.11\ref\net9.0\System.Linq.Queryable.dll
           C:\Program Files\dotnet\packs\Microsoft.NETCore.App.Ref\9.0.11\ref\net9.0\System.Memory.dll
           C:\Program Files\dotnet\packs\Microsoft.NETCore.App.Ref\9.0.11\ref\net9.0\System.Net.dll
           C:\Program Files\dotnet\packs\Microsoft.NETCore.App.Ref\9.0.11\ref\net9.0\System.Net.Http.dll
           C:\Program Files\dotnet\packs\Microsoft.NETCore.App.Ref\9.0.11\ref\net9.0\System.Net.Http.Json.dll
           C:\Program Files\dotnet\packs\Microsoft.NETCore.App.Ref\9.0.11\ref\net9.0\System.Net.HttpListener.dll
           C:\Program Files\dotnet\packs\Microsoft.NETCore.App.Ref\9.0.11\ref\net9.0\System.Net.Mail.dll
           C:\Program Files\dotnet\packs\Microsoft.NETCore.App.Ref\9.0.11\ref\net9.0\System.Net.NameResolution.dll
           C:\Program Files\dotnet\packs\Microsoft.NETCore.App.Ref\9.0.11\ref\net9.0\System.Net.NetworkInformation.dll
           C:\Program Files\dotnet\packs\Microsoft.NETCore.App.Ref\9.0.11\ref\net9.0\System.Net.Ping.dll
           C:\Program Files\dotnet\packs\Microsoft.NETCore.App.Ref\9.0.11\ref\net9.0\System.Net.Primitives.dll
           C:\Program Files\dotnet\packs\Microsoft.NETCore.App.Ref\9.0.11\ref\net9.0\System.Net.Quic.dll
           C:\Program Files\dotnet\packs\Microsoft.NETCore.App.Ref\9.0.11\ref\net9.0\System.Net.Requests.dll
           C:\Program Files\dotnet\packs\Microsoft.NETCore.App.Ref\9.0.11\ref\net9.0\System.Net.Security.dll
           C:\Program Files\dotnet\packs\Microsoft.NETCore.App.Ref\9.0.11\ref\net9.0\System.Net.ServicePoint.dll
           C:\Program Files\dotnet\packs\Microsoft.NETCore.App.Ref\9.0.11\ref\net9.0\System.Net.Sockets.dll
           C:\Program Files\dotnet\packs\Microsoft.NETCore.App.Ref\9.0.11\ref\net9.0\System.Net.WebClient.dll
           C:\Program Files\dotnet\packs\Microsoft.NETCore.App.Ref\9.0.11\ref\net9.0\System.Net.WebHeaderCollection.dll
           C:\Program Files\dotnet\packs\Microsoft.NETCore.App.Ref\9.0.11\ref\net9.0\System.Net.WebProxy.dll
           C:\Program Files\dotnet\packs\Microsoft.NETCore.App.Ref\9.0.11\ref\net9.0\System.Net.WebSockets.Client.dll
           C:\Program Files\dotnet\packs\Microsoft.NETCore.App.Ref\9.0.11\ref\net9.0\System.Net.WebSockets.dll
           C:\Program Files\dotnet\packs\Microsoft.NETCore.App.Ref\9.0.11\ref\net9.0\System.Numerics.dll
           C:\Program Files\dotnet\packs\Microsoft.NETCore.App.Ref\9.0.11\ref\net9.0\System.Numerics.Vectors.dll
           C:\Program Files\dotnet\packs\Microsoft.NETCore.App.Ref\9.0.11\ref\net9.0\System.ObjectModel.dll
           C:\Program Files\dotnet\packs\Microsoft.NETCore.App.Ref\9.0.11\ref\net9.0\System.Reflection.DispatchProxy.dll
           C:\Program Files\dotnet\packs\Microsoft.NETCore.App.Ref\9.0.11\ref\net9.0\System.Reflection.dll
           C:\Program Files\dotnet\packs\Microsoft.NETCore.App.Ref\9.0.11\ref\net9.0\System.Reflection.Emit.dll
           C:\Program Files\dotnet\packs\Microsoft.NETCore.App.Ref\9.0.11\ref\net9.0\System.Reflection.Emit.ILGeneration.dll
           C:\Program Files\dotnet\packs\Microsoft.NETCore.App.Ref\9.0.11\ref\net9.0\System.Reflection.Emit.Lightweight.dll
           C:\Program Files\dotnet\packs\Microsoft.NETCore.App.Ref\9.0.11\ref\net9.0\System.Reflection.Extensions.dll
           C:\Program Files\dotnet\packs\Microsoft.NETCore.App.Ref\9.0.11\ref\net9.0\System.Reflection.Metadata.dll
           C:\Program Files\dotnet\packs\Microsoft.NETCore.App.Ref\9.0.11\ref\net9.0\System.Reflection.Primitives.dll
           C:\Program Files\dotnet\packs\Microsoft.NETCore.App.Ref\9.0.11\ref\net9.0\System.Reflection.TypeExtensions.dll
           C:\Program Files\dotnet\packs\Microsoft.NETCore.App.Ref\9.0.11\ref\net9.0\System.Resources.Reader.dll
           C:\Program Files\dotnet\packs\Microsoft.NETCore.App.Ref\9.0.11\ref\net9.0\System.Resources.ResourceManager.dll
           C:\Program Files\dotnet\packs\Microsoft.NETCore.App.Ref\9.0.11\ref\net9.0\System.Resources.Writer.dll
           C:\Program Files\dotnet\packs\Microsoft.NETCore.App.Ref\9.0.11\ref\net9.0\System.Runtime.CompilerServices.Unsafe.dll
           C:\Program Files\dotnet\packs\Microsoft.NETCore.App.Ref\9.0.11\ref\net9.0\System.Runtime.CompilerServices.VisualC.dll
           C:\Program Files\dotnet\packs\Microsoft.NETCore.App.Ref\9.0.11\ref\net9.0\System.Runtime.dll
           C:\Program Files\dotnet\packs\Microsoft.NETCore.App.Ref\9.0.11\ref\net9.0\System.Runtime.Extensions.dll
           C:\Program Files\dotnet\packs\Microsoft.NETCore.App.Ref\9.0.11\ref\net9.0\System.Runtime.Handles.dll
           C:\Program Files\dotnet\packs\Microsoft.NETCore.App.Ref\9.0.11\ref\net9.0\System.Runtime.InteropServices.dll
           C:\Program Files\dotnet\packs\Microsoft.NETCore.App.Ref\9.0.11\ref\net9.0\System.Runtime.InteropServices.JavaScript.dll
           C:\Program Files\dotnet\packs\Microsoft.NETCore.App.Ref\9.0.11\ref\net9.0\System.Runtime.InteropServices.RuntimeInformation.dll
           C:\Program Files\dotnet\packs\Microsoft.NETCore.App.Ref\9.0.11\ref\net9.0\System.Runtime.Intrinsics.dll
           C:\Program Files\dotnet\packs\Microsoft.NETCore.App.Ref\9.0.11\ref\net9.0\System.Runtime.Loader.dll
           C:\Program Files\dotnet\packs\Microsoft.NETCore.App.Ref\9.0.11\ref\net9.0\System.Runtime.Numerics.dll
           C:\Program Files\dotnet\packs\Microsoft.NETCore.App.Ref\9.0.11\ref\net9.0\System.Runtime.Serialization.dll
           C:\Program Files\dotnet\packs\Microsoft.NETCore.App.Ref\9.0.11\ref\net9.0\System.Runtime.Serialization.Formatters.dll
           C:\Program Files\dotnet\packs\Microsoft.NETCore.App.Ref\9.0.11\ref\net9.0\System.Runtime.Serialization.Json.dll
           C:\Program Files\dotnet\packs\Microsoft.NETCore.App.Ref\9.0.11\ref\net9.0\System.Runtime.Serialization.Primitives.dll
           C:\Program Files\dotnet\packs\Microsoft.NETCore.App.Ref\9.0.11\ref\net9.0\System.Runtime.Serialization.Xml.dll
           C:\Program Files\dotnet\packs\Microsoft.NETCore.App.Ref\9.0.11\ref\net9.0\System.Security.AccessControl.dll
           C:\Program Files\dotnet\packs\Microsoft.NETCore.App.Ref\9.0.11\ref\net9.0\System.Security.Claims.dll
           C:\Program Files\dotnet\packs\Microsoft.NETCore.App.Ref\9.0.11\ref\net9.0\System.Security.Cryptography.Algorithms.dll
           C:\Program Files\dotnet\packs\Microsoft.NETCore.App.Ref\9.0.11\ref\net9.0\System.Security.Cryptography.Cng.dll
           C:\Program Files\dotnet\packs\Microsoft.NETCore.App.Ref\9.0.11\ref\net9.0\System.Security.Cryptography.Csp.dll
           C:\Program Files\dotnet\packs\Microsoft.NETCore.App.Ref\9.0.11\ref\net9.0\System.Security.Cryptography.dll
           C:\Program Files\dotnet\packs\Microsoft.NETCore.App.Ref\9.0.11\ref\net9.0\System.Security.Cryptography.Encoding.dll
           C:\Program Files\dotnet\packs\Microsoft.NETCore.App.Ref\9.0.11\ref\net9.0\System.Security.Cryptography.OpenSsl.dll
           C:\Program Files\dotnet\packs\Microsoft.NETCore.App.Ref\9.0.11\ref\net9.0\System.Security.Cryptography.Primitives.dll
           C:\Program Files\dotnet\packs\Microsoft.NETCore.App.Ref\9.0.11\ref\net9.0\System.Security.Cryptography.X509Certificates.dll
           C:\Program Files\dotnet\packs\Microsoft.NETCore.App.Ref\9.0.11\ref\net9.0\System.Security.dll
           C:\Program Files\dotnet\packs\Microsoft.NETCore.App.Ref\9.0.11\ref\net9.0\System.Security.Principal.dll
           C:\Program Files\dotnet\packs\Microsoft.NETCore.App.Ref\9.0.11\ref\net9.0\System.Security.Principal.Windows.dll
           C:\Program Files\dotnet\packs\Microsoft.NETCore.App.Ref\9.0.11\ref\net9.0\System.Security.SecureString.dll
           C:\Program Files\dotnet\packs\Microsoft.NETCore.App.Ref\9.0.11\ref\net9.0\System.ServiceModel.Web.dll
           C:\Program Files\dotnet\packs\Microsoft.NETCore.App.Ref\9.0.11\ref\net9.0\System.ServiceProcess.dll
           C:\Program Files\dotnet\packs\Microsoft.NETCore.App.Ref\9.0.11\ref\net9.0\System.Text.Encoding.CodePages.dll
           C:\Program Files\dotnet\packs\Microsoft.NETCore.App.Ref\9.0.11\ref\net9.0\System.Text.Encoding.dll
           C:\Program Files\dotnet\packs\Microsoft.NETCore.App.Ref\9.0.11\ref\net9.0\System.Text.Encoding.Extensions.dll
           C:\Program Files\dotnet\packs\Microsoft.NETCore.App.Ref\9.0.11\ref\net9.0\System.Text.Encodings.Web.dll
           C:\Program Files\dotnet\packs\Microsoft.NETCore.App.Ref\9.0.11\ref\net9.0\System.Text.Json.dll
           C:\Program Files\dotnet\packs\Microsoft.NETCore.App.Ref\9.0.11\ref\net9.0\System.Text.RegularExpressions.dll
           C:\Program Files\dotnet\packs\Microsoft.NETCore.App.Ref\9.0.11\ref\net9.0\System.Threading.Channels.dll
           C:\Program Files\dotnet\packs\Microsoft.NETCore.App.Ref\9.0.11\ref\net9.0\System.Threading.dll
           C:\Program Files\dotnet\packs\Microsoft.NETCore.App.Ref\9.0.11\ref\net9.0\System.Threading.Overlapped.dll
           C:\Program Files\dotnet\packs\Microsoft.NETCore.App.Ref\9.0.11\ref\net9.0\System.Threading.Tasks.Dataflow.dll
           C:\Program Files\dotnet\packs\Microsoft.NETCore.App.Ref\9.0.11\ref\net9.0\System.Threading.Tasks.dll
           C:\Program Files\dotnet\packs\Microsoft.NETCore.App.Ref\9.0.11\ref\net9.0\System.Threading.Tasks.Extensions.dll
           C:\Program Files\dotnet\packs\Microsoft.NETCore.App.Ref\9.0.11\ref\net9.0\System.Threading.Tasks.Parallel.dll
           C:\Program Files\dotnet\packs\Microsoft.NETCore.App.Ref\9.0.11\ref\net9.0\System.Threading.Thread.dll
           C:\Program Files\dotnet\packs\Microsoft.NETCore.App.Ref\9.0.11\ref\net9.0\System.Threading.ThreadPool.dll
           C:\Program Files\dotnet\packs\Microsoft.NETCore.App.Ref\9.0.11\ref\net9.0\System.Threading.Timer.dll
           C:\Program Files\dotnet\packs\Microsoft.NETCore.App.Ref\9.0.11\ref\net9.0\System.Transactions.dll
           C:\Program Files\dotnet\packs\Microsoft.NETCore.App.Ref\9.0.11\ref\net9.0\System.Transactions.Local.dll
           C:\Program Files\dotnet\packs\Microsoft.NETCore.App.Ref\9.0.11\ref\net9.0\System.ValueTuple.dll
           C:\Program Files\dotnet\packs\Microsoft.NETCore.App.Ref\9.0.11\ref\net9.0\System.Web.dll
           C:\Program Files\dotnet\packs\Microsoft.NETCore.App.Ref\9.0.11\ref\net9.0\System.Web.HttpUtility.dll
           C:\Program Files\dotnet\packs\Microsoft.NETCore.App.Ref\9.0.11\ref\net9.0\System.Windows.dll
           C:\Program Files\dotnet\packs\Microsoft.NETCore.App.Ref\9.0.11\ref\net9.0\System.Xml.dll
           C:\Program Files\dotnet\packs\Microsoft.NETCore.App.Ref\9.0.11\ref\net9.0\System.Xml.Linq.dll
           C:\Program Files\dotnet\packs\Microsoft.NETCore.App.Ref\9.0.11\ref\net9.0\System.Xml.ReaderWriter.dll
           C:\Program Files\dotnet\packs\Microsoft.NETCore.App.Ref\9.0.11\ref\net9.0\System.Xml.Serialization.dll
           C:\Program Files\dotnet\packs\Microsoft.NETCore.App.Ref\9.0.11\ref\net9.0\System.Xml.XDocument.dll
           C:\Program Files\dotnet\packs\Microsoft.NETCore.App.Ref\9.0.11\ref\net9.0\System.Xml.XmlDocument.dll
           C:\Program Files\dotnet\packs\Microsoft.NETCore.App.Ref\9.0.11\ref\net9.0\System.Xml.XmlSerializer.dll
           C:\Program Files\dotnet\packs\Microsoft.NETCore.App.Ref\9.0.11\ref\net9.0\System.Xml.XPath.dll
           C:\Program Files\dotnet\packs\Microsoft.NETCore.App.Ref\9.0.11\ref\net9.0\System.Xml.XPath.XDocument.dll
           C:\Users\admin\.nuget\packages\microsoft.testplatform.testhost\18.3.0\lib\net8.0\testhost.dll
           C:\Program Files\dotnet\packs\Microsoft.NETCore.App.Ref\9.0.11\ref\net9.0\WindowsBase.dll
           C:\Users\admin\.nuget\packages\xunit.abstractions\2.0.3\lib\netstandard2.0\xunit.abstractions.dll
           C:\Users\admin\.nuget\packages\xunit.assert\2.9.3\lib\net6.0\xunit.assert.dll
           C:\Users\admin\.nuget\packages\xunit.extensibility.core\2.9.3\lib\netstandard1.1\xunit.core.dll
           C:\Users\admin\.nuget\packages\xunit.extensibility.execution\2.9.3\lib\netstandard1.1\xunit.execution.dotnet.dll
           obj\Debug\net9.0\CRM.Core.Tests.csproj.CoreCompileInputs.cache
           C:\Program Files\dotnet\sdk\9.0.308\Sdks\Microsoft.NET.Sdk\targets\..\analyzers\Microsoft.CodeAnalysis.CSharp.NetAnalyzers.dll
           C:\Program Files\dotnet\sdk\9.0.308\Sdks\Microsoft.NET.Sdk\targets\..\analyzers\Microsoft.CodeAnalysis.NetAnalyzers.dll
           C:\Users\admin\.nuget\packages\nsubstitute.analyzers.csharp\1.0.17\analyzers\dotnet\cs\NSubstitute.Analyzers.CSharp.dll
           C:\Users\admin\.nuget\packages\nsubstitute.analyzers.csharp\1.0.17\analyzers\dotnet\cs\NSubstitute.Analyzers.Shared.dll
           C:\Users\admin\.nuget\packages\xunit.analyzers\1.18.0\analyzers\dotnet\cs\xunit.analyzers.dll
           C:\Users\admin\.nuget\packages\xunit.analyzers\1.18.0\analyzers\dotnet\cs\xunit.analyzers.fixes.dll
           C:\Program Files\dotnet\packs\Microsoft.NETCore.App.Ref\9.0.11\analyzers/dotnet/cs/Microsoft.Interop.ComInterfaceGenerator.dll
           C:\Program Files\dotnet\packs\Microsoft.NETCore.App.Ref\9.0.11\analyzers/dotnet/cs/Microsoft.Interop.JavaScript.JSImportGenerator.dll
           C:\Program Files\dotnet\packs\Microsoft.NETCore.App.Ref\9.0.11\analyzers/dotnet/cs/Microsoft.Interop.LibraryImportGenerator.dll
           C:\Program Files\dotnet\packs\Microsoft.NETCore.App.Ref\9.0.11\analyzers/dotnet/cs/Microsoft.Interop.SourceGeneration.dll
           C:\Program Files\dotnet\packs\Microsoft.NETCore.App.Ref\9.0.11\analyzers/dotnet/cs/System.Text.Json.SourceGeneration.dll
           C:\Program Files\dotnet\packs\Microsoft.NETCore.App.Ref\9.0.11\analyzers/dotnet/cs/System.Text.RegularExpressions.Generator.dll
           obj\Debug\net9.0\CRM.Core.Tests.GeneratedMSBuildEditorConfig.editorconfig
           C:\Program Files\dotnet\sdk\9.0.308\Sdks\Microsoft.NET.Sdk\analyzers\build\config\analysislevel_9_default.globalconfig
           d:\MyProject\FrontCRM(C#)\tests\CRM.Core.Tests\obj\CRM.Core.Tests.csproj.nuget.g.targets
           C:\Program Files\dotnet\sdk\9.0.308\Current\Microsoft.Common.targets\ImportAfter\Microsoft.TestPlatform.ImportAfter.targets
       输出文件:
           obj\Debug\net9.0\CRM.Core.Tests.dll
           obj\Debug\net9.0\refint\CRM.Core.Tests.dll
           obj\Debug\net9.0\CRM.Core.Tests.pdb
       C:\Program Files\dotnet\sdk\9.0.308\Roslyn\Microsoft.CSharp.Core.targets(66,7): message : 在 C:\Program Files\dotnet\sdk\9.0.308\Roslyn\Microsoft.CSharp.Core.targets (66,7) 处重新分配属性: $(NoWarn)=“1701;1702;1701;1702”(先前值:“1701;1702”) [d:\MyProject\FrontCRM(C#)\tests\CRM.Core.Tests\CRM.Core.Tests.csproj]
   1:8>已完成在项目“CRM.Core.Tests.csproj”中生成目标“CoreCompile”的操作。
       由于条件的计算结果为 false，已跳过目标“_TouchLastBuildWithSkipAnalyzers”；('$(_SkipAnalyzers)' == 'true')的计算结果为('' == 'true')。
       由于条件的计算结果为 false，已跳过目标“_TimeStampAfterCompile”；('$(RunPostBuildEvent)'=='OnOutputUpdated' or ('$(RegisterForComInterop)'=='true' and '$(OutputType)'=='library'))的计算结果为(''=='OnOutputUpdated' or (''=='true' and 'Exe'=='library'))。
   1:8>来自项目“d:\MyProject\FrontCRM(C#)\tests\CRM.Core.Tests\CRM.Core.Tests.csproj”的文件“C:\Program Files\dotnet\sdk\9.0.308\Microsoft.Common.CurrentVersion.targets”中的目标“AfterCompile”(目标“Compile”依赖于它):
   1:8>已完成在项目“CRM.Core.Tests.csproj”中生成目标“AfterCompile”的操作。
       由于条件的计算结果为 false，已跳过目标“_CreateAppHost”；('$(ComputeNETCoreBuildOutputFiles)' == 'true' and
                            '$(AppHostSourcePath)' != '' and
                            Exists('@(IntermediateAssembly)') and
                            Exists('$(AppHostSourcePath)'))的计算结果为('true' == 'true' and
                            '' != '' and
                            Exists('obj\Debug\net9.0\CRM.Core.Tests.dll') and
                            Exists(''))。
       由于条件的计算结果为 false，已跳过目标“_CreateComHost”；('$(ComputeNETCoreBuildOutputFiles)' == 'true' and
                            '$(ComHostIntermediatePath)' != '' and
                            Exists('@(IntermediateAssembly)') and
                            Exists('$(ComHostSourcePath)'))的计算结果为('true' == 'true' and
                            '' != '' and
                            Exists('obj\Debug\net9.0\CRM.Core.Tests.dll') and
                            Exists(''))。
       由于条件的计算结果为 false，已跳过目标“_GetIjwHostPaths”；('$(UseIJWHost)' == 'true')的计算结果为('' == 'true')。
   1:8>来自项目“d:\MyProject\FrontCRM(C#)\tests\CRM.Core.Tests\CRM.Core.Tests.csproj”的文件“C:\Program Files\dotnet\sdk\9.0.308\Microsoft.Common.CurrentVersion.targets”中的目标“Compile”(目标“CoreBuild”依赖于它):
   1:8>已完成在项目“CRM.Core.Tests.csproj”中生成目标“Compile”的操作。
       由于条件的计算结果为 false，已跳过目标“ExportWindowsMDFile”；('$(ExportWinMDFile)' == 'true')的计算结果为('' == 'true')。
       由于条件的计算结果为 false，已跳过目标“UnmanagedUnregistration”；((('$(_AssemblyTimestampBeforeCompile)' != '$(_AssemblyTimestampAfterCompile)' or '$(RegisterForComInterop)' != 'true' or '$(OutputType)' != 'library') or
                           ('$(_AssemblyTimestampBeforeCompile)' == '')) and
                          Exists('@(_UnmanagedRegistrationCache)'))的计算结果为((('' != '' or '' != 'true' or 'Exe' != 'library') or
                           ('' == '')) and
                          Exists('obj\CRM.Core.Tests.csproj.UnmanagedRegistration.cache'))。
       由于条件的计算结果为 false，已跳过目标“GenerateSerializationAssemblies”；('$(_SGenGenerateSerializationAssembliesConfig)' == 'On' or ('@(WebReferenceUrl)'!='' and '$(_SGenGenerateSerializationAssembliesConfig)' == 'Auto'))的计算结果为('Off' == 'On' or (''!='' and 'Off' == 'Auto'))。
   1:8>来自项目“d:\MyProject\FrontCRM(C#)\tests\CRM.Core.Tests\CRM.Core.Tests.csproj”的文件“C:\Program Files\dotnet\sdk\9.0.308\Microsoft.Common.CurrentVersion.targets”中的目标“_GenerateSatelliteAssemblyInputs”(目标“CreateSatelliteAssemblies”依赖于它):
       由于 false 条件，已跳过任务“MSBuildInternalMessage”；('@(ManifestResourceWithCulture)'!='' and '%(ManifestResourceWithCulture.EmittedForCompatibilityOnly)'=='')计算为(''!='' and ''=='')。
       由于 false 条件，已跳过任务“MSBuildInternalMessage”；('@(ManifestNonResxWithCultureOnDisk)'!='' and '%(ManifestNonResxWithCultureOnDisk.EmittedForCompatibilityOnly)'=='')计算为(''!='' and ''=='')。
   1:8>已完成在项目“CRM.Core.Tests.csproj”中生成目标“_GenerateSatelliteAssemblyInputs”的操作。
       由于条件的计算结果为 false，已跳过目标“ComputeIntermediateSatelliteAssemblies”；(@(EmbeddedResource->'%(WithCulture)') != '')的计算结果为( != '')。
       由于条件的计算结果为 false，已跳过目标“GenerateSatelliteAssemblies”；('@(_SatelliteAssemblyResourceInputs)' != '' and '$(GenerateSatelliteAssembliesForCore)' != 'true')的计算结果为('' != '' and 'true' != 'true')。
       由于条件的计算结果为 false，已跳过目标“CoreGenerateSatelliteAssemblies”；('@(_SatelliteAssemblyResourceInputs)' != ''  and '$(GenerateSatelliteAssembliesForCore)' == 'true' )的计算结果为('' != ''  and 'true' == 'true' )。
   1:8>来自项目“d:\MyProject\FrontCRM(C#)\tests\CRM.Core.Tests\CRM.Core.Tests.csproj”的文件“C:\Program Files\dotnet\sdk\9.0.308\Microsoft.Common.CurrentVersion.targets”中的目标“CreateSatelliteAssemblies”(目标“CoreBuild”依赖于它):
   1:8>已完成在项目“CRM.Core.Tests.csproj”中生成目标“CreateSatelliteAssemblies”的操作。
       由于条件的计算结果为 false，已跳过目标“GenerateManifests”；('$(GenerateClickOnceManifests)'=='true' or '@(NativeReference)'!='' or '@(ResolvedIsolatedComModules)'!='' or '$(GenerateAppxManifest)' == 'true')的计算结果为(''=='true' or ''!='' or ''!='' or '' == 'true')。
   1:8>来自项目“d:\MyProject\FrontCRM(C#)\tests\CRM.Core.Tests\CRM.Core.Tests.csproj”的文件“C:\Program Files\dotnet\sdk\9.0.308\Microsoft.Common.CurrentVersion.targets”中的目标“GetTargetPathWithTargetPlatformMoniker”(目标“GetTargetPath”依赖于它):
   1:8>已完成在项目“CRM.Core.Tests.csproj”中生成目标“GetTargetPathWithTargetPlatformMoniker”的操作。
   1:8>来自项目“d:\MyProject\FrontCRM(C#)\tests\CRM.Core.Tests\CRM.Core.Tests.csproj”的文件“C:\Program Files\dotnet\sdk\9.0.308\Microsoft.Common.CurrentVersion.targets”中的目标“GetTargetPath”(目标“CoreBuild”依赖于它):
   1:8>已完成在项目“CRM.Core.Tests.csproj”中生成目标“GetTargetPath”的操作。
       由于条件的计算结果为 false，已跳过目标“ComputeIntermediateSatelliteAssemblies”；(@(EmbeddedResource->'%(WithCulture)') != '')的计算结果为( != '')。
   1:8>来自项目“d:\MyProject\FrontCRM(C#)\tests\CRM.Core.Tests\CRM.Core.Tests.csproj”的文件“C:\Program Files\dotnet\sdk\9.0.308\Microsoft.Common.CurrentVersion.targets”中的目标“_CopyFilesMarkedCopyLocal”(目标“CopyFilesToOutputDirectory”依赖于它):
       任务“Copy”
         未从文件“C:\Users\admin\.nuget\packages\bogus\35.6.5\lib\net6.0\Bogus.dll”复制到文件“bin\Debug\net9.0\Bogus.dll”，因为“SkipUnchangedFiles”参数在项目中设置为“true”，而两个文件的大小及时间戳一致。
         未从文件“C:\Users\admin\.nuget\packages\castle.core\5.1.1\lib\net6.0\Castle.Core.dll”复制到文件“bin\Debug\net9.0\Castle.Core.dll”，因为“SkipUnchangedFiles”参数在项目中设置为“true”，而两个文件的大小及时间戳一致。
         未从文件“C:\Users\admin\.nuget\packages\fluentassertions\8.8.0\lib\net6.0\FluentAssertions.dll”复制到文件“bin\Debug\net9.0\FluentAssertions.dll”，因为“SkipUnchangedFiles”参数在项目中设置为“true”，而两个文件的大小及时间戳一致。
         未从文件“C:\Users\admin\.nuget\packages\microsoft.testplatform.objectmodel\18.3.0\lib\net8.0\Microsoft.TestPlatform.CoreUtilities.dll”复制到文件“bin\Debug\net9.0\Microsoft.TestPlatform.CoreUtilities.dll”，因为“SkipUnchangedFiles”参数在项目中设置为“true”，而两个文件的大小及时间戳一致。
         未从文件“C:\Users\admin\.nuget\packages\microsoft.codecoverage\18.3.0\lib\net8.0\Microsoft.VisualStudio.CodeCoverage.Shim.dll”复制到文件“bin\Debug\net9.0\Microsoft.VisualStudio.CodeCoverage.Shim.dll”，因为“SkipUnchangedFiles”参数在项目中设置为“true”，而两个文件的大小及时间戳一致。
         未从文件“C:\Users\admin\.nuget\packages\microsoft.testplatform.objectmodel\18.3.0\lib\net8.0\Microsoft.TestPlatform.PlatformAbstractions.dll”复制到文件“bin\Debug\net9.0\Microsoft.TestPlatform.PlatformAbstractions.dll”，因为“SkipUnchangedFiles”参数在项目中设置为“true”，而两个文件的大小及时间戳一致。
         未从文件“C:\Users\admin\.nuget\packages\microsoft.testplatform.objectmodel\18.3.0\lib\net8.0\Microsoft.VisualStudio.TestPlatform.ObjectModel.dll”复制到文件“bin\Debug\net9.0\Microsoft.VisualStudio.TestPlatform.ObjectModel.dll”，因为“SkipUnchangedFiles”参数在项目中设置为“true”，而两个文件的大小及时间戳一致。
         未从文件“C:\Users\admin\.nuget\packages\microsoft.testplatform.testhost\18.3.0\lib\net8.0\Microsoft.TestPlatform.Utilities.dll”复制到文件“bin\Debug\net9.0\Microsoft.TestPlatform.Utilities.dll”，因为“SkipUnchangedFiles”参数在项目中设置为“true”，而两个文件的大小及时间戳一致。
         未从文件“C:\Users\admin\.nuget\packages\microsoft.testplatform.testhost\18.3.0\lib\net8.0\Microsoft.TestPlatform.CommunicationUtilities.dll”复制到文件“bin\Debug\net9.0\Microsoft.TestPlatform.CommunicationUtilities.dll”，因为“SkipUnchangedFiles”参数在项目中设置为“true”，而两个文件的大小及时间戳一致。
         未从文件“C:\Users\admin\.nuget\packages\microsoft.testplatform.testhost\18.3.0\lib\net8.0\Microsoft.TestPlatform.CrossPlatEngine.dll”复制到文件“bin\Debug\net9.0\Microsoft.TestPlatform.CrossPlatEngine.dll”，因为“SkipUnchangedFiles”参数在项目中设置为“true”，而两个文件的大小及时间戳一致。
         未从文件“C:\Users\admin\.nuget\packages\microsoft.testplatform.testhost\18.3.0\lib\net8.0\Microsoft.VisualStudio.TestPlatform.Common.dll”复制到文件“bin\Debug\net9.0\Microsoft.VisualStudio.TestPlatform.Common.dll”，因为“SkipUnchangedFiles”参数在项目中设置为“true”，而两个文件的大小及时间戳一致。
         未从文件“C:\Users\admin\.nuget\packages\microsoft.testplatform.testhost\18.3.0\lib\net8.0\testhost.dll”复制到文件“bin\Debug\net9.0\testhost.dll”，因为“SkipUnchangedFiles”参数在项目中设置为“true”，而两个文件的大小及时间戳一致。
         未从文件“C:\Users\admin\.nuget\packages\nsubstitute\5.3.0\lib\net6.0\NSubstitute.dll”复制到文件“bin\Debug\net9.0\NSubstitute.dll”，因为“SkipUnchangedFiles”参数在项目中设置为“true”，而两个文件的大小及时间戳一致。
         未从文件“C:\Users\admin\.nuget\packages\system.diagnostics.eventlog\6.0.0\lib\net6.0\System.Diagnostics.EventLog.dll”复制到文件“bin\Debug\net9.0\System.Diagnostics.EventLog.dll”，因为“SkipUnchangedFiles”参数在项目中设置为“true”，而两个文件的大小及时间戳一致。
         未从文件“C:\Users\admin\.nuget\packages\xunit.abstractions\2.0.3\lib\netstandard2.0\xunit.abstractions.dll”复制到文件“bin\Debug\net9.0\xunit.abstractions.dll”，因为“SkipUnchangedFiles”参数在项目中设置为“true”，而两个文件的大小及时间戳一致。
         未从文件“C:\Users\admin\.nuget\packages\newtonsoft.json\13.0.3\lib\net6.0\Newtonsoft.Json.dll”复制到文件“bin\Debug\net9.0\Newtonsoft.Json.dll”，因为“SkipUnchangedFiles”参数在项目中设置为“true”，而两个文件的大小及时间戳一致。
         未从文件“C:\Users\admin\.nuget\packages\xunit.assert\2.9.3\lib\net6.0\xunit.assert.dll”复制到文件“bin\Debug\net9.0\xunit.assert.dll”，因为“SkipUnchangedFiles”参数在项目中设置为“true”，而两个文件的大小及时间戳一致。
         未从文件“C:\Users\admin\.nuget\packages\xunit.extensibility.execution\2.9.3\lib\netstandard1.1\xunit.execution.dotnet.dll”复制到文件“bin\Debug\net9.0\xunit.execution.dotnet.dll”，因为“SkipUnchangedFiles”参数在项目中设置为“true”，而两个文件的大小及时间戳一致。
         未从文件“C:\Users\admin\.nuget\packages\xunit.extensibility.core\2.9.3\lib\netstandard1.1\xunit.core.dll”复制到文件“bin\Debug\net9.0\xunit.core.dll”，因为“SkipUnchangedFiles”参数在项目中设置为“true”，而两个文件的大小及时间戳一致。
         未从文件“C:\Users\admin\.nuget\packages\microsoft.testplatform.objectmodel\18.3.0\lib\net8.0\cs\Microsoft.TestPlatform.CoreUtilities.resources.dll”复制到文件“bin\Debug\net9.0\cs\Microsoft.TestPlatform.CoreUtilities.resources.dll”，因为“SkipUnchangedFiles”参数在项目中设置为“true”，而两个文件的大小及时间戳一致。
         未从文件“C:\Users\admin\.nuget\packages\microsoft.testplatform.objectmodel\18.3.0\lib\net8.0\de\Microsoft.TestPlatform.CoreUtilities.resources.dll”复制到文件“bin\Debug\net9.0\de\Microsoft.TestPlatform.CoreUtilities.resources.dll”，因为“SkipUnchangedFiles”参数在项目中设置为“true”，而两个文件的大小及时间戳一致。
         未从文件“C:\Users\admin\.nuget\packages\microsoft.testplatform.objectmodel\18.3.0\lib\net8.0\de\Microsoft.VisualStudio.TestPlatform.ObjectModel.resources.dll”复制到文件“bin\Debug\net9.0\de\Microsoft.VisualStudio.TestPlatform.ObjectModel.resources.dll”，因为“SkipUnchangedFiles”参数在项目中设置为“true”，而两个文件的大小及时间戳一致。
         未从文件“C:\Users\admin\.nuget\packages\microsoft.testplatform.objectmodel\18.3.0\lib\net8.0\cs\Microsoft.VisualStudio.TestPlatform.ObjectModel.resources.dll”复制到文件“bin\Debug\net9.0\cs\Microsoft.VisualStudio.TestPlatform.ObjectModel.resources.dll”，因为“SkipUnchangedFiles”参数在项目中设置为“true”，而两个文件的大小及时间戳一致。
         未从文件“C:\Users\admin\.nuget\packages\microsoft.testplatform.objectmodel\18.3.0\lib\net8.0\es\Microsoft.TestPlatform.CoreUtilities.resources.dll”复制到文件“bin\Debug\net9.0\es\Microsoft.TestPlatform.CoreUtilities.resources.dll”，因为“SkipUnchangedFiles”参数在项目中设置为“true”，而两个文件的大小及时间戳一致。
         未从文件“C:\Users\admin\.nuget\packages\microsoft.testplatform.objectmodel\18.3.0\lib\net8.0\es\Microsoft.VisualStudio.TestPlatform.ObjectModel.resources.dll”复制到文件“bin\Debug\net9.0\es\Microsoft.VisualStudio.TestPlatform.ObjectModel.resources.dll”，因为“SkipUnchangedFiles”参数在项目中设置为“true”，而两个文件的大小及时间戳一致。
         未从文件“C:\Users\admin\.nuget\packages\microsoft.testplatform.objectmodel\18.3.0\lib\net8.0\it\Microsoft.VisualStudio.TestPlatform.ObjectModel.resources.dll”复制到文件“bin\Debug\net9.0\it\Microsoft.VisualStudio.TestPlatform.ObjectModel.resources.dll”，因为“SkipUnchangedFiles”参数在项目中设置为“true”，而两个文件的大小及时间戳一致。
         未从文件“C:\Users\admin\.nuget\packages\microsoft.testplatform.objectmodel\18.3.0\lib\net8.0\it\Microsoft.TestPlatform.CoreUtilities.resources.dll”复制到文件“bin\Debug\net9.0\it\Microsoft.TestPlatform.CoreUtilities.resources.dll”，因为“SkipUnchangedFiles”参数在项目中设置为“true”，而两个文件的大小及时间戳一致。
         未从文件“C:\Users\admin\.nuget\packages\microsoft.testplatform.objectmodel\18.3.0\lib\net8.0\fr\Microsoft.VisualStudio.TestPlatform.ObjectModel.resources.dll”复制到文件“bin\Debug\net9.0\fr\Microsoft.VisualStudio.TestPlatform.ObjectModel.resources.dll”，因为“SkipUnchangedFiles”参数在项目中设置为“true”，而两个文件的大小及时间戳一致。
         未从文件“C:\Users\admin\.nuget\packages\microsoft.testplatform.objectmodel\18.3.0\lib\net8.0\fr\Microsoft.TestPlatform.CoreUtilities.resources.dll”复制到文件“bin\Debug\net9.0\fr\Microsoft.TestPlatform.CoreUtilities.resources.dll”，因为“SkipUnchangedFiles”参数在项目中设置为“true”，而两个文件的大小及时间戳一致。
         未从文件“C:\Users\admin\.nuget\packages\microsoft.testplatform.objectmodel\18.3.0\lib\net8.0\ja\Microsoft.TestPlatform.CoreUtilities.resources.dll”复制到文件“bin\Debug\net9.0\ja\Microsoft.TestPlatform.CoreUtilities.resources.dll”，因为“SkipUnchangedFiles”参数在项目中设置为“true”，而两个文件的大小及时间戳一致。
         未从文件“C:\Users\admin\.nuget\packages\microsoft.testplatform.objectmodel\18.3.0\lib\net8.0\ko\Microsoft.TestPlatform.CoreUtilities.resources.dll”复制到文件“bin\Debug\net9.0\ko\Microsoft.TestPlatform.CoreUtilities.resources.dll”，因为“SkipUnchangedFiles”参数在项目中设置为“true”，而两个文件的大小及时间戳一致。
         未从文件“C:\Users\admin\.nuget\packages\microsoft.testplatform.objectmodel\18.3.0\lib\net8.0\ja\Microsoft.VisualStudio.TestPlatform.ObjectModel.resources.dll”复制到文件“bin\Debug\net9.0\ja\Microsoft.VisualStudio.TestPlatform.ObjectModel.resources.dll”，因为“SkipUnchangedFiles”参数在项目中设置为“true”，而两个文件的大小及时间戳一致。
         未从文件“C:\Users\admin\.nuget\packages\microsoft.testplatform.objectmodel\18.3.0\lib\net8.0\pl\Microsoft.VisualStudio.TestPlatform.ObjectModel.resources.dll”复制到文件“bin\Debug\net9.0\pl\Microsoft.VisualStudio.TestPlatform.ObjectModel.resources.dll”，因为“SkipUnchangedFiles”参数在项目中设置为“true”，而两个文件的大小及时间戳一致。
         未从文件“C:\Users\admin\.nuget\packages\microsoft.testplatform.objectmodel\18.3.0\lib\net8.0\pl\Microsoft.TestPlatform.CoreUtilities.resources.dll”复制到文件“bin\Debug\net9.0\pl\Microsoft.TestPlatform.CoreUtilities.resources.dll”，因为“SkipUnchangedFiles”参数在项目中设置为“true”，而两个文件的大小及时间戳一致。
         未从文件“C:\Users\admin\.nuget\packages\microsoft.testplatform.objectmodel\18.3.0\lib\net8.0\pt-BR\Microsoft.TestPlatform.CoreUtilities.resources.dll”复制到文件“bin\Debug\net9.0\pt-BR\Microsoft.TestPlatform.CoreUtilities.resources.dll”，因为“SkipUnchangedFiles”参数在项目中设置为“true”，而两个文件的大小及时间戳一致。
         未从文件“C:\Users\admin\.nuget\packages\microsoft.testplatform.objectmodel\18.3.0\lib\net8.0\ko\Microsoft.VisualStudio.TestPlatform.ObjectModel.resources.dll”复制到文件“bin\Debug\net9.0\ko\Microsoft.VisualStudio.TestPlatform.ObjectModel.resources.dll”，因为“SkipUnchangedFiles”参数在项目中设置为“true”，而两个文件的大小及时间戳一致。
         未从文件“C:\Users\admin\.nuget\packages\microsoft.testplatform.objectmodel\18.3.0\lib\net8.0\pt-BR\Microsoft.VisualStudio.TestPlatform.ObjectModel.resources.dll”复制到文件“bin\Debug\net9.0\pt-BR\Microsoft.VisualStudio.TestPlatform.ObjectModel.resources.dll”，因为“SkipUnchangedFiles”参数在项目中设置为“true”，而两个文件的大小及时间戳一致。
         未从文件“C:\Users\admin\.nuget\packages\microsoft.testplatform.objectmodel\18.3.0\lib\net8.0\ru\Microsoft.TestPlatform.CoreUtilities.resources.dll”复制到文件“bin\Debug\net9.0\ru\Microsoft.TestPlatform.CoreUtilities.resources.dll”，因为“SkipUnchangedFiles”参数在项目中设置为“true”，而两个文件的大小及时间戳一致。
         未从文件“C:\Users\admin\.nuget\packages\microsoft.testplatform.objectmodel\18.3.0\lib\net8.0\ru\Microsoft.VisualStudio.TestPlatform.ObjectModel.resources.dll”复制到文件“bin\Debug\net9.0\ru\Microsoft.VisualStudio.TestPlatform.ObjectModel.resources.dll”，因为“SkipUnchangedFiles”参数在项目中设置为“true”，而两个文件的大小及时间戳一致。
         未从文件“C:\Users\admin\.nuget\packages\microsoft.testplatform.objectmodel\18.3.0\lib\net8.0\tr\Microsoft.VisualStudio.TestPlatform.ObjectModel.resources.dll”复制到文件“bin\Debug\net9.0\tr\Microsoft.VisualStudio.TestPlatform.ObjectModel.resources.dll”，因为“SkipUnchangedFiles”参数在项目中设置为“true”，而两个文件的大小及时间戳一致。
         未从文件“C:\Users\admin\.nuget\packages\microsoft.testplatform.objectmodel\18.3.0\lib\net8.0\tr\Microsoft.TestPlatform.CoreUtilities.resources.dll”复制到文件“bin\Debug\net9.0\tr\Microsoft.TestPlatform.CoreUtilities.resources.dll”，因为“SkipUnchangedFiles”参数在项目中设置为“true”，而两个文件的大小及时间戳一致。
         未从文件“C:\Users\admin\.nuget\packages\microsoft.testplatform.objectmodel\18.3.0\lib\net8.0\zh-Hans\Microsoft.TestPlatform.CoreUtilities.resources.dll”复制到文件“bin\Debug\net9.0\zh-Hans\Microsoft.TestPlatform.CoreUtilities.resources.dll”，因为“SkipUnchangedFiles”参数在项目中设置为“true”，而两个文件的大小及时间戳一致。
         未从文件“C:\Users\admin\.nuget\packages\microsoft.testplatform.objectmodel\18.3.0\lib\net8.0\zh-Hant\Microsoft.VisualStudio.TestPlatform.ObjectModel.resources.dll”复制到文件“bin\Debug\net9.0\zh-Hant\Microsoft.VisualStudio.TestPlatform.ObjectModel.resources.dll”，因为“SkipUnchangedFiles”参数在项目中设置为“true”，而两个文件的大小及时间戳一致。
         未从文件“C:\Users\admin\.nuget\packages\microsoft.testplatform.objectmodel\18.3.0\lib\net8.0\zh-Hans\Microsoft.VisualStudio.TestPlatform.ObjectModel.resources.dll”复制到文件“bin\Debug\net9.0\zh-Hans\Microsoft.VisualStudio.TestPlatform.ObjectModel.resources.dll”，因为“SkipUnchangedFiles”参数在项目中设置为“true”，而两个文件的大小及时间戳一致。
         未从文件“C:\Users\admin\.nuget\packages\microsoft.testplatform.testhost\18.3.0\lib\net8.0\cs\Microsoft.TestPlatform.CommunicationUtilities.resources.dll”复制到文件“bin\Debug\net9.0\cs\Microsoft.TestPlatform.CommunicationUtilities.resources.dll”，因为“SkipUnchangedFiles”参数在项目中设置为“true”，而两个文件的大小及时间戳一致。
         未从文件“C:\Users\admin\.nuget\packages\microsoft.testplatform.objectmodel\18.3.0\lib\net8.0\zh-Hant\Microsoft.TestPlatform.CoreUtilities.resources.dll”复制到文件“bin\Debug\net9.0\zh-Hant\Microsoft.TestPlatform.CoreUtilities.resources.dll”，因为“SkipUnchangedFiles”参数在项目中设置为“true”，而两个文件的大小及时间戳一致。
         未从文件“C:\Users\admin\.nuget\packages\microsoft.testplatform.testhost\18.3.0\lib\net8.0\cs\Microsoft.VisualStudio.TestPlatform.Common.resources.dll”复制到文件“bin\Debug\net9.0\cs\Microsoft.VisualStudio.TestPlatform.Common.resources.dll”，因为“SkipUnchangedFiles”参数在项目中设置为“true”，而两个文件的大小及时间戳一致。
         未从文件“C:\Users\admin\.nuget\packages\microsoft.testplatform.testhost\18.3.0\lib\net8.0\de\Microsoft.TestPlatform.CrossPlatEngine.resources.dll”复制到文件“bin\Debug\net9.0\de\Microsoft.TestPlatform.CrossPlatEngine.resources.dll”，因为“SkipUnchangedFiles”参数在项目中设置为“true”，而两个文件的大小及时间戳一致。
         未从文件“C:\Users\admin\.nuget\packages\microsoft.testplatform.testhost\18.3.0\lib\net8.0\cs\Microsoft.TestPlatform.CrossPlatEngine.resources.dll”复制到文件“bin\Debug\net9.0\cs\Microsoft.TestPlatform.CrossPlatEngine.resources.dll”，因为“SkipUnchangedFiles”参数在项目中设置为“true”，而两个文件的大小及时间戳一致。
         未从文件“C:\Users\admin\.nuget\packages\microsoft.testplatform.testhost\18.3.0\lib\net8.0\de\Microsoft.VisualStudio.TestPlatform.Common.resources.dll”复制到文件“bin\Debug\net9.0\de\Microsoft.VisualStudio.TestPlatform.Common.resources.dll”，因为“SkipUnchangedFiles”参数在项目中设置为“true”，而两个文件的大小及时间戳一致。
         未从文件“C:\Users\admin\.nuget\packages\microsoft.testplatform.testhost\18.3.0\lib\net8.0\de\Microsoft.TestPlatform.CommunicationUtilities.resources.dll”复制到文件“bin\Debug\net9.0\de\Microsoft.TestPlatform.CommunicationUtilities.resources.dll”，因为“SkipUnchangedFiles”参数在项目中设置为“true”，而两个文件的大小及时间戳一致。
         未从文件“C:\Users\admin\.nuget\packages\microsoft.testplatform.testhost\18.3.0\lib\net8.0\es\Microsoft.TestPlatform.CommunicationUtilities.resources.dll”复制到文件“bin\Debug\net9.0\es\Microsoft.TestPlatform.CommunicationUtilities.resources.dll”，因为“SkipUnchangedFiles”参数在项目中设置为“true”，而两个文件的大小及时间戳一致。
         未从文件“C:\Users\admin\.nuget\packages\microsoft.testplatform.testhost\18.3.0\lib\net8.0\es\Microsoft.TestPlatform.CrossPlatEngine.resources.dll”复制到文件“bin\Debug\net9.0\es\Microsoft.TestPlatform.CrossPlatEngine.resources.dll”，因为“SkipUnchangedFiles”参数在项目中设置为“true”，而两个文件的大小及时间戳一致。
         未从文件“C:\Users\admin\.nuget\packages\microsoft.testplatform.testhost\18.3.0\lib\net8.0\fr\Microsoft.TestPlatform.CommunicationUtilities.resources.dll”复制到文件“bin\Debug\net9.0\fr\Microsoft.TestPlatform.CommunicationUtilities.resources.dll”，因为“SkipUnchangedFiles”参数在项目中设置为“true”，而两个文件的大小及时间戳一致。
         未从文件“C:\Users\admin\.nuget\packages\microsoft.testplatform.testhost\18.3.0\lib\net8.0\fr\Microsoft.TestPlatform.CrossPlatEngine.resources.dll”复制到文件“bin\Debug\net9.0\fr\Microsoft.TestPlatform.CrossPlatEngine.resources.dll”，因为“SkipUnchangedFiles”参数在项目中设置为“true”，而两个文件的大小及时间戳一致。
         未从文件“C:\Users\admin\.nuget\packages\microsoft.testplatform.testhost\18.3.0\lib\net8.0\it\Microsoft.TestPlatform.CommunicationUtilities.resources.dll”复制到文件“bin\Debug\net9.0\it\Microsoft.TestPlatform.CommunicationUtilities.resources.dll”，因为“SkipUnchangedFiles”参数在项目中设置为“true”，而两个文件的大小及时间戳一致。
         未从文件“C:\Users\admin\.nuget\packages\microsoft.testplatform.testhost\18.3.0\lib\net8.0\fr\Microsoft.VisualStudio.TestPlatform.Common.resources.dll”复制到文件“bin\Debug\net9.0\fr\Microsoft.VisualStudio.TestPlatform.Common.resources.dll”，因为“SkipUnchangedFiles”参数在项目中设置为“true”，而两个文件的大小及时间戳一致。
         未从文件“C:\Users\admin\.nuget\packages\microsoft.testplatform.testhost\18.3.0\lib\net8.0\es\Microsoft.VisualStudio.TestPlatform.Common.resources.dll”复制到文件“bin\Debug\net9.0\es\Microsoft.VisualStudio.TestPlatform.Common.resources.dll”，因为“SkipUnchangedFiles”参数在项目中设置为“true”，而两个文件的大小及时间戳一致。
         未从文件“C:\Users\admin\.nuget\packages\microsoft.testplatform.testhost\18.3.0\lib\net8.0\it\Microsoft.TestPlatform.CrossPlatEngine.resources.dll”复制到文件“bin\Debug\net9.0\it\Microsoft.TestPlatform.CrossPlatEngine.resources.dll”，因为“SkipUnchangedFiles”参数在项目中设置为“true”，而两个文件的大小及时间戳一致。
         未从文件“C:\Users\admin\.nuget\packages\microsoft.testplatform.testhost\18.3.0\lib\net8.0\it\Microsoft.VisualStudio.TestPlatform.Common.resources.dll”复制到文件“bin\Debug\net9.0\it\Microsoft.VisualStudio.TestPlatform.Common.resources.dll”，因为“SkipUnchangedFiles”参数在项目中设置为“true”，而两个文件的大小及时间戳一致。
         未从文件“C:\Users\admin\.nuget\packages\microsoft.testplatform.testhost\18.3.0\lib\net8.0\ja\Microsoft.TestPlatform.CrossPlatEngine.resources.dll”复制到文件“bin\Debug\net9.0\ja\Microsoft.TestPlatform.CrossPlatEngine.resources.dll”，因为“SkipUnchangedFiles”参数在项目中设置为“true”，而两个文件的大小及时间戳一致。
         未从文件“C:\Users\admin\.nuget\packages\microsoft.testplatform.testhost\18.3.0\lib\net8.0\ja\Microsoft.TestPlatform.CommunicationUtilities.resources.dll”复制到文件“bin\Debug\net9.0\ja\Microsoft.TestPlatform.CommunicationUtilities.resources.dll”，因为“SkipUnchangedFiles”参数在项目中设置为“true”，而两个文件的大小及时间戳一致。
         未从文件“C:\Users\admin\.nuget\packages\microsoft.testplatform.testhost\18.3.0\lib\net8.0\ja\Microsoft.VisualStudio.TestPlatform.Common.resources.dll”复制到文件“bin\Debug\net9.0\ja\Microsoft.VisualStudio.TestPlatform.Common.resources.dll”，因为“SkipUnchangedFiles”参数在项目中设置为“true”，而两个文件的大小及时间戳一致。
         未从文件“C:\Users\admin\.nuget\packages\microsoft.testplatform.testhost\18.3.0\lib\net8.0\ko\Microsoft.VisualStudio.TestPlatform.Common.resources.dll”复制到文件“bin\Debug\net9.0\ko\Microsoft.VisualStudio.TestPlatform.Common.resources.dll”，因为“SkipUnchangedFiles”参数在项目中设置为“true”，而两个文件的大小及时间戳一致。
         未从文件“C:\Users\admin\.nuget\packages\microsoft.testplatform.testhost\18.3.0\lib\net8.0\pl\Microsoft.TestPlatform.CommunicationUtilities.resources.dll”复制到文件“bin\Debug\net9.0\pl\Microsoft.TestPlatform.CommunicationUtilities.resources.dll”，因为“SkipUnchangedFiles”参数在项目中设置为“true”，而两个文件的大小及时间戳一致。
         未从文件“C:\Users\admin\.nuget\packages\microsoft.testplatform.testhost\18.3.0\lib\net8.0\ko\Microsoft.TestPlatform.CrossPlatEngine.resources.dll”复制到文件“bin\Debug\net9.0\ko\Microsoft.TestPlatform.CrossPlatEngine.resources.dll”，因为“SkipUnchangedFiles”参数在项目中设置为“true”，而两个文件的大小及时间戳一致。
         未从文件“C:\Users\admin\.nuget\packages\microsoft.testplatform.testhost\18.3.0\lib\net8.0\ko\Microsoft.TestPlatform.CommunicationUtilities.resources.dll”复制到文件“bin\Debug\net9.0\ko\Microsoft.TestPlatform.CommunicationUtilities.resources.dll”，因为“SkipUnchangedFiles”参数在项目中设置为“true”，而两个文件的大小及时间戳一致。
         未从文件“C:\Users\admin\.nuget\packages\microsoft.testplatform.testhost\18.3.0\lib\net8.0\pl\Microsoft.TestPlatform.CrossPlatEngine.resources.dll”复制到文件“bin\Debug\net9.0\pl\Microsoft.TestPlatform.CrossPlatEngine.resources.dll”，因为“SkipUnchangedFiles”参数在项目中设置为“true”，而两个文件的大小及时间戳一致。
         未从文件“C:\Users\admin\.nuget\packages\microsoft.testplatform.testhost\18.3.0\lib\net8.0\pt-BR\Microsoft.TestPlatform.CommunicationUtilities.resources.dll”复制到文件“bin\Debug\net9.0\pt-BR\Microsoft.TestPlatform.CommunicationUtilities.resources.dll”，因为“SkipUnchangedFiles”参数在项目中设置为“true”，而两个文件的大小及时间戳一致。
         未从文件“C:\Users\admin\.nuget\packages\microsoft.testplatform.testhost\18.3.0\lib\net8.0\pl\Microsoft.VisualStudio.TestPlatform.Common.resources.dll”复制到文件“bin\Debug\net9.0\pl\Microsoft.VisualStudio.TestPlatform.Common.resources.dll”，因为“SkipUnchangedFiles”参数在项目中设置为“true”，而两个文件的大小及时间戳一致。
         未从文件“C:\Users\admin\.nuget\packages\microsoft.testplatform.testhost\18.3.0\lib\net8.0\pt-BR\Microsoft.TestPlatform.CrossPlatEngine.resources.dll”复制到文件“bin\Debug\net9.0\pt-BR\Microsoft.TestPlatform.CrossPlatEngine.resources.dll”，因为“SkipUnchangedFiles”参数在项目中设置为“true”，而两个文件的大小及时间戳一致。
         未从文件“C:\Users\admin\.nuget\packages\microsoft.testplatform.testhost\18.3.0\lib\net8.0\ru\Microsoft.TestPlatform.CommunicationUtilities.resources.dll”复制到文件“bin\Debug\net9.0\ru\Microsoft.TestPlatform.CommunicationUtilities.resources.dll”，因为“SkipUnchangedFiles”参数在项目中设置为“true”，而两个文件的大小及时间戳一致。
         未从文件“C:\Users\admin\.nuget\packages\microsoft.testplatform.testhost\18.3.0\lib\net8.0\ru\Microsoft.TestPlatform.CrossPlatEngine.resources.dll”复制到文件“bin\Debug\net9.0\ru\Microsoft.TestPlatform.CrossPlatEngine.resources.dll”，因为“SkipUnchangedFiles”参数在项目中设置为“true”，而两个文件的大小及时间戳一致。
         未从文件“C:\Users\admin\.nuget\packages\microsoft.testplatform.testhost\18.3.0\lib\net8.0\pt-BR\Microsoft.VisualStudio.TestPlatform.Common.resources.dll”复制到文件“bin\Debug\net9.0\pt-BR\Microsoft.VisualStudio.TestPlatform.Common.resources.dll”，因为“SkipUnchangedFiles”参数在项目中设置为“true”，而两个文件的大小及时间戳一致。
         未从文件“C:\Users\admin\.nuget\packages\microsoft.testplatform.testhost\18.3.0\lib\net8.0\ru\Microsoft.VisualStudio.TestPlatform.Common.resources.dll”复制到文件“bin\Debug\net9.0\ru\Microsoft.VisualStudio.TestPlatform.Common.resources.dll”，因为“SkipUnchangedFiles”参数在项目中设置为“true”，而两个文件的大小及时间戳一致。
         未从文件“C:\Users\admin\.nuget\packages\microsoft.testplatform.testhost\18.3.0\lib\net8.0\tr\Microsoft.TestPlatform.CrossPlatEngine.resources.dll”复制到文件“bin\Debug\net9.0\tr\Microsoft.TestPlatform.CrossPlatEngine.resources.dll”，因为“SkipUnchangedFiles”参数在项目中设置为“true”，而两个文件的大小及时间戳一致。
         未从文件“C:\Users\admin\.nuget\packages\microsoft.testplatform.testhost\18.3.0\lib\net8.0\tr\Microsoft.VisualStudio.TestPlatform.Common.resources.dll”复制到文件“bin\Debug\net9.0\tr\Microsoft.VisualStudio.TestPlatform.Common.resources.dll”，因为“SkipUnchangedFiles”参数在项目中设置为“true”，而两个文件的大小及时间戳一致。
         未从文件“C:\Users\admin\.nuget\packages\microsoft.testplatform.testhost\18.3.0\lib\net8.0\zh-Hans\Microsoft.TestPlatform.CommunicationUtilities.resources.dll”复制到文件“bin\Debug\net9.0\zh-Hans\Microsoft.TestPlatform.CommunicationUtilities.resources.dll”，因为“SkipUnchangedFiles”参数在项目中设置为“true”，而两个文件的大小及时间戳一致。
         未从文件“C:\Users\admin\.nuget\packages\microsoft.testplatform.testhost\18.3.0\lib\net8.0\zh-Hans\Microsoft.TestPlatform.CrossPlatEngine.resources.dll”复制到文件“bin\Debug\net9.0\zh-Hans\Microsoft.TestPlatform.CrossPlatEngine.resources.dll”，因为“SkipUnchangedFiles”参数在项目中设置为“true”，而两个文件的大小及时间戳一致。
         未从文件“C:\Users\admin\.nuget\packages\microsoft.testplatform.testhost\18.3.0\lib\net8.0\tr\Microsoft.TestPlatform.CommunicationUtilities.resources.dll”复制到文件“bin\Debug\net9.0\tr\Microsoft.TestPlatform.CommunicationUtilities.resources.dll”，因为“SkipUnchangedFiles”参数在项目中设置为“true”，而两个文件的大小及时间戳一致。
         未从文件“C:\Users\admin\.nuget\packages\microsoft.testplatform.testhost\18.3.0\lib\net8.0\zh-Hans\Microsoft.VisualStudio.TestPlatform.Common.resources.dll”复制到文件“bin\Debug\net9.0\zh-Hans\Microsoft.VisualStudio.TestPlatform.Common.resources.dll”，因为“SkipUnchangedFiles”参数在项目中设置为“true”，而两个文件的大小及时间戳一致。
         未从文件“C:\Users\admin\.nuget\packages\microsoft.testplatform.testhost\18.3.0\lib\net8.0\zh-Hant\Microsoft.TestPlatform.CommunicationUtilities.resources.dll”复制到文件“bin\Debug\net9.0\zh-Hant\Microsoft.TestPlatform.CommunicationUtilities.resources.dll”，因为“SkipUnchangedFiles”参数在项目中设置为“true”，而两个文件的大小及时间戳一致。
         未从文件“C:\Users\admin\.nuget\packages\microsoft.testplatform.testhost\18.3.0\lib\net8.0\zh-Hant\Microsoft.TestPlatform.CrossPlatEngine.resources.dll”复制到文件“bin\Debug\net9.0\zh-Hant\Microsoft.TestPlatform.CrossPlatEngine.resources.dll”，因为“SkipUnchangedFiles”参数在项目中设置为“true”，而两个文件的大小及时间戳一致。
         未从文件“C:\Users\admin\.nuget\packages\microsoft.testplatform.testhost\18.3.0\lib\net8.0\zh-Hant\Microsoft.VisualStudio.TestPlatform.Common.resources.dll”复制到文件“bin\Debug\net9.0\zh-Hant\Microsoft.VisualStudio.TestPlatform.Common.resources.dll”，因为“SkipUnchangedFiles”参数在项目中设置为“true”，而两个文件的大小及时间戳一致。
         未从文件“C:\Users\admin\.nuget\packages\system.diagnostics.eventlog\6.0.0\runtimes\win\lib\net6.0\System.Diagnostics.EventLog.Messages.dll”复制到文件“bin\Debug\net9.0\runtimes\win\lib\net6.0\System.Diagnostics.EventLog.Messages.dll”，因为“SkipUnchangedFiles”参数在项目中设置为“true”，而两个文件的大小及时间戳一致。
         未从文件“d:\MyProject\FrontCRM(C#)\CRM.Core\bin\Debug\net9.0\CRM.Core.dll”复制到文件“bin\Debug\net9.0\CRM.Core.dll”，因为“SkipUnchangedFiles”参数在项目中设置为“true”，而两个文件的大小及时间戳一致。
         未从文件“C:\Users\admin\.nuget\packages\system.diagnostics.eventlog\6.0.0\runtimes\win\lib\net6.0\System.Diagnostics.EventLog.dll”复制到文件“bin\Debug\net9.0\runtimes\win\lib\net6.0\System.Diagnostics.EventLog.dll”，因为“SkipUnchangedFiles”参数在项目中设置为“true”，而两个文件的大小及时间戳一致。
         未从文件“d:\MyProject\FrontCRM(C#)\tests\CRM.TestCommon\bin\Debug\net9.0\CRM.TestCommon.dll”复制到文件“bin\Debug\net9.0\CRM.TestCommon.dll”，因为“SkipUnchangedFiles”参数在项目中设置为“true”，而两个文件的大小及时间戳一致。
         未从文件“d:\MyProject\FrontCRM(C#)\CRM.Core\bin\Debug\net9.0\CRM.Core.pdb”复制到文件“bin\Debug\net9.0\CRM.Core.pdb”，因为“SkipUnchangedFiles”参数在项目中设置为“true”，而两个文件的大小及时间戳一致。
         未从文件“d:\MyProject\FrontCRM(C#)\tests\CRM.TestCommon\bin\Debug\net9.0\CRM.TestCommon.pdb”复制到文件“bin\Debug\net9.0\CRM.TestCommon.pdb”，因为“SkipUnchangedFiles”参数在项目中设置为“true”，而两个文件的大小及时间戳一致。
       已完成执行任务“Copy”的操作。
       由于 false 条件，已跳过任务“Touch”；('@(ReferencesCopiedInThisBuild)' != '' and '$(WroteAtLeastOneFile)' == 'true')计算为('bin\Debug\net9.0\Bogus.dll;bin\Debug\net9.0\Castle.Core.dll;bin\Debug\net9.0\FluentAssertions.dll;...' != '' and 'False' == 'true')。
   1:8>已完成在项目“CRM.Core.Tests.csproj”中生成目标“_CopyFilesMarkedCopyLocal”的操作。
       已跳过目标“AssignTargetPaths”。以前的生成已成功。
       已跳过目标“AssignProjectConfiguration”。以前的生成已成功。
       已跳过目标“_SplitProjectReferencesByFileExistence”。以前的生成已成功。
       已跳过目标“_GetProjectReferenceTargetFrameworkProperties”。以前的生成已成功。
   1:8>来自项目“d:\MyProject\FrontCRM(C#)\tests\CRM.Core.Tests\CRM.Core.Tests.csproj”的文件“C:\Program Files\dotnet\sdk\9.0.308\Microsoft.Common.CurrentVersion.targets”中的目标“_PopulateCommonStateForGetCopyToOutputDirectoryItems”(目标“GetCopyToOutputDirectoryItems”依赖于它):
   1:8>已完成在项目“CRM.Core.Tests.csproj”中生成目标“_PopulateCommonStateForGetCopyToOutputDirectoryItems”的操作。
   1:8>来自项目“d:\MyProject\FrontCRM(C#)\tests\CRM.Core.Tests\CRM.Core.Tests.csproj”的文件“C:\Program Files\dotnet\sdk\9.0.308\Sdks\Microsoft.NET.Sdk\targets\Microsoft.NET.Sdk.targets”中的目标“AddDepsJsonAndRuntimeConfigToCopyItemsForReferencingProjects”(目标“GetCopyToOutputDirectoryItems”依赖于它):
   1:8>已完成在项目“CRM.Core.Tests.csproj”中生成目标“AddDepsJsonAndRuntimeConfigToCopyItemsForReferencingProjects”的操作。
   1:8>来自项目“d:\MyProject\FrontCRM(C#)\tests\CRM.Core.Tests\CRM.Core.Tests.csproj”的文件“C:\Program Files\dotnet\sdk\9.0.308\Microsoft.Common.CurrentVersion.targets”中的目标“GetCopyToOutputDirectoryItems”(目标“_CopySourceItemsToOutputDirectory”依赖于它):
       任务“CallTarget”
       已跳过目标“_PopulateCommonStateForGetCopyToOutputDirectoryItems”。以前的生成已成功。
       已跳过目标“_AddOutputPathToGlobalPropertiesToRemove”。以前的生成已成功。
   1:8>来自项目“d:\MyProject\FrontCRM(C#)\tests\CRM.Core.Tests\CRM.Core.Tests.csproj”的文件“C:\Program Files\dotnet\sdk\9.0.308\Microsoft.Common.CurrentVersion.targets”中的目标“_GetCopyToOutputDirectoryItemsFromTransitiveProjectReferences”(目标“GetCopyToOutputDirectoryItems”依赖于它):
       任务“MSBuild”
         移除项目“..\..\CRM.Core\CRM.Core.csproj”的属性:
           TargetFramework
           RuntimeIdentifier
           SelfContained
         移除项目“..\CRM.TestCommon\CRM.TestCommon.csproj”的属性:
           TargetFramework
           RuntimeIdentifier
           SelfContained
   1:8>项目“d:\MyProject\FrontCRM(C#)\tests\CRM.Core.Tests\CRM.Core.Tests.csproj”(1:8)正在节点 2 上生成“d:\MyProject\FrontCRM(C#)\CRM.Core\CRM.Core.csproj”(2:10) (GetCopyToOutputDirectoryItems 个目标)。
  2:10>已跳过目标“GetCopyToOutputDirectoryItems”。以前的生成已成功。
  2:10>已完成生成项目“d:\MyProject\FrontCRM(C#)\CRM.Core\CRM.Core.csproj”(GetCopyToOutputDirectoryItems 个目标)的操作。
   1:8>项目“d:\MyProject\FrontCRM(C#)\tests\CRM.Core.Tests\CRM.Core.Tests.csproj”(1:8)正在节点 1 上生成“d:\MyProject\FrontCRM(C#)\tests\CRM.TestCommon\CRM.TestCommon.csproj”(3:10) (GetCopyToOutputDirectoryItems 个目标)。
  3:10>已跳过目标“GetCopyToOutputDirectoryItems”。以前的生成已成功。
  3:10>已完成生成项目“d:\MyProject\FrontCRM(C#)\tests\CRM.TestCommon\CRM.TestCommon.csproj”(GetCopyToOutputDirectoryItems 个目标)的操作。
   1:8>已完成执行任务“MSBuild”的操作。
       任务“AssignTargetPath”
       已完成执行任务“AssignTargetPath”的操作。
   1:8>已完成在项目“CRM.Core.Tests.csproj”中生成目标“_GetCopyToOutputDirectoryItemsFromTransitiveProjectReferences”的操作。
       已完成执行任务“CallTarget”的操作。
       任务“CallTarget”
       已跳过目标“AssignTargetPaths”。以前的生成已成功。
       已跳过目标“_PopulateCommonStateForGetCopyToOutputDirectoryItems”。以前的生成已成功。
   1:8>来自项目“d:\MyProject\FrontCRM(C#)\tests\CRM.Core.Tests\CRM.Core.Tests.csproj”的文件“C:\Program Files\dotnet\sdk\9.0.308\Microsoft.Common.CurrentVersion.targets”中的目标“_GetCopyToOutputDirectoryItemsFromThisProject”(目标“GetCopyToOutputDirectoryItems”依赖于它):
       任务“AssignTargetPath”
       已完成执行任务“AssignTargetPath”的操作。
   1:8>已完成在项目“CRM.Core.Tests.csproj”中生成目标“_GetCopyToOutputDirectoryItemsFromThisProject”的操作。
       已完成执行任务“CallTarget”的操作。
   1:8>已完成在项目“CRM.Core.Tests.csproj”中生成目标“GetCopyToOutputDirectoryItems”的操作。
   1:8>来自项目“d:\MyProject\FrontCRM(C#)\tests\CRM.Core.Tests\CRM.Core.Tests.csproj”的文件“C:\Program Files\dotnet\sdk\9.0.308\Microsoft.Common.CurrentVersion.targets”中的目标“_CopyOutOfDateSourceItemsToOutputDirectory”(目标“_CopySourceItemsToOutputDirectory”依赖于它):
       正在跳过目标“_CopyOutOfDateSourceItemsToOutputDirectory”，因为所有输出文件相对于输入文件而言都是最新的。
       输入文件:
           C:\Users\admin\.nuget\packages\microsoft.testplatform.testhost\18.3.0\build\net8.0\x64\testhost.exe
           C:\Users\admin\.nuget\packages\microsoft.testplatform.testhost\18.3.0\build\net8.0\x64\testhost.dll
           C:\Users\admin\.nuget\packages\xunit.runner.visualstudio\3.1.5\build\net8.0\xunit.abstractions.dll
           C:\Users\admin\.nuget\packages\xunit.runner.visualstudio\3.1.5\build\net8.0\xunit.runner.visualstudio.testadapter.dll
       输出文件:
           bin\Debug\net9.0\testhost.exe
           bin\Debug\net9.0\testhost.dll
           bin\Debug\net9.0\xunit.abstractions.dll
           bin\Debug\net9.0\xunit.runner.visualstudio.testadapter.dll
   1:8>已完成在项目“CRM.Core.Tests.csproj”中生成目标“_CopyOutOfDateSourceItemsToOutputDirectory”的操作。
       由于条件的计算结果为 false，已跳过目标“_CopyOutOfDateSourceItemsToOutputDirectoryAlways”；( '@(_SourceItemsToCopyToOutputDirectoryAlways)' != '' )的计算结果为( '' != '' )。
       由于条件的计算结果为 false，已跳过目标“_CopyDifferingSourceItemsToOutputDirectory”；( '@(_SourceItemsToCopyToOutputDirectoryIfDifferent)' != '' )的计算结果为( '' != '' )。
   1:8>来自项目“d:\MyProject\FrontCRM(C#)\tests\CRM.Core.Tests\CRM.Core.Tests.csproj”的文件“C:\Program Files\dotnet\sdk\9.0.308\Microsoft.Common.CurrentVersion.targets”中的目标“_CopySourceItemsToOutputDirectory”(目标“CopyFilesToOutputDirectory”依赖于它):
   1:8>已完成在项目“CRM.Core.Tests.csproj”中生成目标“_CopySourceItemsToOutputDirectory”的操作。
       由于条件的计算结果为 false，已跳过目标“_CopyAppConfigFile”；( '@(AppConfigWithTargetPath)' != '' )的计算结果为( '' != '' )。
       由于条件的计算结果为 false，已跳过目标“_CopyManifestFiles”；( '$(_DeploymentCopyApplicationManifest)'=='true' or '$(GenerateClickOnceManifests)'=='true' )的计算结果为( ''=='true' or ''=='true' )。
   1:8>来自项目“d:\MyProject\FrontCRM(C#)\tests\CRM.Core.Tests\CRM.Core.Tests.csproj”的文件“C:\Program Files\dotnet\sdk\9.0.308\Microsoft.Common.CurrentVersion.targets”中的目标“_CheckForCompileOutputs”(目标“CopyFilesToOutputDirectory”依赖于它):
   1:8>已完成在项目“CRM.Core.Tests.csproj”中生成目标“_CheckForCompileOutputs”的操作。
       由于条件的计算结果为 false，已跳过目标“_SGenCheckForOutputs”；('$(_SGenGenerateSerializationAssembliesConfig)' == 'On' or ('@(WebReferenceUrl)'!='' and '$(_SGenGenerateSerializationAssembliesConfig)' == 'Auto'))的计算结果为('Off' == 'On' or (''!='' and 'Off' == 'Auto'))。
       已跳过目标“_DefaultMicrosoftNETPlatformLibrary”。以前的生成已成功。
       已跳过目标“_HandlePackageFileConflicts”。以前的生成已成功。
       已跳过目标“ResolveAssemblyReferences”。以前的生成已成功。
   1:8>来自项目“d:\MyProject\FrontCRM(C#)\tests\CRM.Core.Tests\CRM.Core.Tests.csproj”的文件“C:\Program Files\dotnet\sdk\9.0.308\Sdks\Microsoft.NET.Sdk\targets\Microsoft.NET.Sdk.targets”中的目标“_ComputeReferenceAssemblies”(目标“GenerateBuildDependencyFile”依赖于它):
   1:8>已完成在项目“CRM.Core.Tests.csproj”中生成目标“_ComputeReferenceAssemblies”的操作。
   1:8>来自项目“d:\MyProject\FrontCRM(C#)\tests\CRM.Core.Tests\CRM.Core.Tests.csproj”的文件“C:\Program Files\dotnet\sdk\9.0.308\Sdks\Microsoft.NET.Sdk\targets\Microsoft.NET.Sdk.targets”中的目标“_ComputeUserRuntimeAssemblies”(目标“GenerateBuildDependencyFile”依赖于它):
   1:8>已完成在项目“CRM.Core.Tests.csproj”中生成目标“_ComputeUserRuntimeAssemblies”的操作。
       由于条件的计算结果为 false，已跳过目标“ResolveRuntimePackAssets”；('@(RuntimePack)' != '')的计算结果为('' != '')。
       已跳过目标“_ComputePackageReferencePublish”。以前的生成已成功。
       由于条件的计算结果为 false，已跳过目标“ComputeDependencyFileCompilerOptions”；('$(PreserveCompilationContext)' == 'true')的计算结果为('' == 'true')。
   1:8>来自项目“d:\MyProject\FrontCRM(C#)\tests\CRM.Core.Tests\CRM.Core.Tests.csproj”的文件“C:\Program Files\dotnet\sdk\9.0.308\Sdks\Microsoft.NET.Sdk\targets\Microsoft.NET.Sdk.targets”中的目标“GenerateBuildDependencyFile”(目标“CopyFilesToOutputDirectory”依赖于它):
       正在跳过目标“GenerateBuildDependencyFile”，因为所有输出文件相对于输入文件而言都是最新的。
       输入文件:
           d:\MyProject\FrontCRM%28C#%29\tests\CRM.Core.Tests\obj\project.assets.json
           d:\MyProject\FrontCRM%28C#%29\tests\CRM.Core.Tests\obj\Debug\net9.0\CRM.Core.Tests.assets.cache
           d:\MyProject\FrontCRM(C#)\tests\CRM.Core.Tests\obj\CRM.Core.Tests.csproj.nuget.g.targets
           C:\Program Files\dotnet\sdk\9.0.308\Current\Microsoft.Common.targets\ImportAfter\Microsoft.TestPlatform.ImportAfter.targets
       输出文件:d:\MyProject\FrontCRM%28C#%29\tests\CRM.Core.Tests\bin\Debug\net9.0\CRM.Core.Tests.deps.json
   1:8>已完成在项目“CRM.Core.Tests.csproj”中生成目标“GenerateBuildDependencyFile”的操作。
       已跳过目标“_DefaultMicrosoftNETPlatformLibrary”。以前的生成已成功。
   1:8>来自项目“d:\MyProject\FrontCRM(C#)\tests\CRM.Core.Tests\CRM.Core.Tests.csproj”的文件“C:\Program Files\dotnet\sdk\9.0.308\Sdks\Microsoft.NET.Sdk\targets\Microsoft.NET.Sdk.targets”中的目标“_GenerateRuntimeConfigurationFilesInputCache”(目标“GenerateBuildRuntimeConfigurationFiles”依赖于它):
       任务“Hash”
       已完成执行任务“Hash”的操作。
       任务“WriteLinesToFile”
         跳过写入到文件“d:\MyProject\FrontCRM(C#)\tests\CRM.Core.Tests\obj\Debug\net9.0\CRM.Core.Tests.genruntimeconfig.cache”，因为内容不会改变。
       已完成执行任务“WriteLinesToFile”的操作。
   1:8>已完成在项目“CRM.Core.Tests.csproj”中生成目标“_GenerateRuntimeConfigurationFilesInputCache”的操作。
   1:8>来自项目“d:\MyProject\FrontCRM(C#)\tests\CRM.Core.Tests\CRM.Core.Tests.csproj”的文件“C:\Program Files\dotnet\sdk\9.0.308\Sdks\Microsoft.NET.Sdk\targets\Microsoft.NET.Sdk.targets”中的目标“GenerateBuildRuntimeConfigurationFiles”(目标“CopyFilesToOutputDirectory”依赖于它):
       正在跳过目标“GenerateBuildRuntimeConfigurationFiles”，因为所有输出文件相对于输入文件而言都是最新的。
       输入文件:
           d:\MyProject\FrontCRM%28C#%29\tests\CRM.Core.Tests\obj\project.assets.json
           d:\MyProject\FrontCRM%28C#%29\tests\CRM.Core.Tests\obj\Debug\net9.0\CRM.Core.Tests.assets.cache
           d:\MyProject\FrontCRM%28C#%29\tests\CRM.Core.Tests\obj\Debug\net9.0\CRM.Core.Tests.genruntimeconfig.cache
       输出文件:d:\MyProject\FrontCRM%28C#%29\tests\CRM.Core.Tests\bin\Debug\net9.0\CRM.Core.Tests.runtimeconfig.json
   1:8>已完成在项目“CRM.Core.Tests.csproj”中生成目标“GenerateBuildRuntimeConfigurationFiles”的操作。
       由于条件的计算结果为 false，已跳过目标“GenerateShimsAssets”；('$(PackAsTool)' == 'true' and $(PackAsToolShimRuntimeIdentifiers) != '' )的计算结果为('' == 'true' and  != '' )。
   1:8>来自项目“d:\MyProject\FrontCRM(C#)\tests\CRM.Core.Tests\CRM.Core.Tests.csproj”的文件“C:\Program Files\dotnet\sdk\9.0.308\Microsoft.Common.CurrentVersion.targets”中的目标“CopyFilesToOutputDirectory”(目标“PrepareForRun”依赖于它):
       任务“Copy”
         未从文件“obj\Debug\net9.0\CRM.Core.Tests.dll”复制到文件“bin\Debug\net9.0\CRM.Core.Tests.dll”，因为“SkipUnchangedFiles”参数在项目中设置为“true”，而两个文件的大小及时间戳一致。
       已完成执行任务“Copy”的操作。
       正在使用程序集“C:\Program Files\dotnet\sdk\9.0.308\Roslyn\Microsoft.Build.Tasks.CodeAnalysis.dll”中的“CopyRefAssembly”任务。
       任务“CopyRefAssembly”
         引用程序集“d:\MyProject\FrontCRM(C#)\tests\CRM.Core.Tests\obj\Debug\net9.0\ref\CRM.Core.Tests.dll”已具有最新信息。请不要改动。
       已完成执行任务“CopyRefAssembly”的操作。
       任务“Message”
         CRM.Core.Tests -> d:\MyProject\FrontCRM(C#)\tests\CRM.Core.Tests\bin\Debug\net9.0\CRM.Core.Tests.dll
       已完成执行任务“Message”的操作。
       由于 false 条件，已跳过任务“Copy”；('@(AddModules)' != '')计算为('' != '')。
       由于 false 条件，已跳过任务“Copy”；('$(_SGenDllCreated)'=='true')计算为('false'=='true')。
       任务“Copy”
         未从文件“obj\Debug\net9.0\CRM.Core.Tests.pdb”复制到文件“bin\Debug\net9.0\CRM.Core.Tests.pdb”，因为“SkipUnchangedFiles”参数在项目中设置为“true”，而两个文件的大小及时间戳一致。
       已完成执行任务“Copy”的操作。
       由于 false 条件，已跳过任务“Copy”；('$(_DocumentationFileProduced)'=='true' and '$(CopyDocumentationFileToOutputDirectory)'=='true')计算为('false'=='true' and 'true'=='true')。
       由于 false 条件，已跳过任务“Copy”；('@(IntermediateSatelliteAssembliesWithTargetPath)' != '')计算为('' != '')。
       由于 false 条件，已跳过任务“Copy”；('@(ReferenceComWrappersToCopyLocal)' != '' or '@(ResolvedIsolatedComModules)' != '' or '@(_DeploymentLooseManifestFile)' != '' or '@(NativeReferenceFile)' != '' )计算为('' != '' or '' != '' or '' != '' or '' != '' )。
       由于 false 条件，已跳过任务“Copy”；('$(SkipCopyWinMDArtifact)' != 'true' and '@(WinMDExpArtifacts)' != '')计算为('' != 'true' and '' != '')。
       由于 false 条件，已跳过任务“Message”；('$(SkipCopyWinMDArtifact)' != 'true' and '$(_WindowsMetadataOutputPath)' != '')计算为('' != 'true' and '' != '')。
   1:8>已完成在项目“CRM.Core.Tests.csproj”中生成目标“CopyFilesToOutputDirectory”的操作。
       由于条件的计算结果为 false，已跳过目标“_CopyReferenceOnlyAssembliesForBuild”；('$(PreserveCompilationReferences)' == 'true')的计算结果为('' == 'true')。
   1:8>来自项目“d:\MyProject\FrontCRM(C#)\tests\CRM.Core.Tests\CRM.Core.Tests.csproj”的文件“C:\Program Files\dotnet\sdk\9.0.308\Microsoft.Common.CurrentVersion.targets”中的目标“PrepareForRun”(目标“CoreBuild”依赖于它):
   1:8>已完成在项目“CRM.Core.Tests.csproj”中生成目标“PrepareForRun”的操作。
       由于条件的计算结果为 false，已跳过目标“UnmanagedRegistration”；('$(RegisterForComInterop)'=='true' and '$(OutputType)'=='library')的计算结果为(''=='true' and 'Exe'=='library')。
       已跳过目标“_CheckForCompileOutputs”。以前的生成已成功。
       由于条件的计算结果为 false，已跳过目标“_SGenCheckForOutputs”；('$(_SGenGenerateSerializationAssembliesConfig)' == 'On' or ('@(WebReferenceUrl)'!='' and '$(_SGenGenerateSerializationAssembliesConfig)' == 'Auto'))的计算结果为('Off' == 'On' or (''!='' and 'Off' == 'Auto'))。
   1:8>来自项目“d:\MyProject\FrontCRM(C#)\tests\CRM.Core.Tests\CRM.Core.Tests.csproj”的文件“C:\Program Files\dotnet\sdk\9.0.308\Microsoft.Common.CurrentVersion.targets”中的目标“_CleanGetCurrentAndPriorFileWrites”(目标“IncrementalClean”依赖于它):
       任务“ReadLinesFromFile”
       已完成执行任务“ReadLinesFromFile”的操作。
       任务“ConvertToAbsolutePath”
       已完成执行任务“ConvertToAbsolutePath”的操作。
       任务“FindUnderPath”
         比较路径为“d:\MyProject\FrontCRM(C#)\tests\CRM.Core.Tests”。
       已完成执行任务“FindUnderPath”的操作。
       任务“FindUnderPath”
         比较路径为“bin\Debug\net9.0\”。
       已完成执行任务“FindUnderPath”的操作。
       任务“FindUnderPath”
         比较路径为“obj\Debug\net9.0\”。
       已完成执行任务“FindUnderPath”的操作。
       任务“RemoveDuplicates”
       已完成执行任务“RemoveDuplicates”的操作。
   1:8>已完成在项目“CRM.Core.Tests.csproj”中生成目标“_CleanGetCurrentAndPriorFileWrites”的操作。
   1:8>来自项目“d:\MyProject\FrontCRM(C#)\tests\CRM.Core.Tests\CRM.Core.Tests.csproj”的文件“C:\Program Files\dotnet\sdk\9.0.308\Microsoft.Common.CurrentVersion.targets”中的目标“IncrementalClean”(目标“CoreBuild”依赖于它):
       任务“FindUnderPath”
         比较路径为“bin\Debug\net9.0\”。
       已完成执行任务“FindUnderPath”的操作。
       任务“FindUnderPath”
         比较路径为“obj\Debug\net9.0\”。
       已完成执行任务“FindUnderPath”的操作。
       任务“Delete”
       已完成执行任务“Delete”的操作。
       任务“RemoveDuplicates”
       已完成执行任务“RemoveDuplicates”的操作。
       由于 false 条件，已跳过任务“WriteLinesToFile”；('@(_CleanUnfilteredPriorFileWrites)'!='@(_CleanUniqueRemainingFileWritesAfterIncrementalClean)')计算为('d:\MyProject\FrontCRM(C#)\tests\CRM.Core.Tests\bin\Debug\net9.0\.msCoverageSourceRootsMapping_CRM.Core.Tests;d:\MyProject\FrontCRM(C#)\tests\CRM.Core.Tests\bin\Debug\net9.0\CoverletSourceRootsMapping_CRM.Core.Tests;d:\MyProject\FrontCRM(C#)\tests\CRM.Core.Tests\bin\Debug\net9.0\testhost.dll;...'!='d:\MyProject\FrontCRM(C#)\tests\CRM.Core.Tests\bin\Debug\net9.0\.msCoverageSourceRootsMapping_CRM.Core.Tests;d:\MyProject\FrontCRM(C#)\tests\CRM.Core.Tests\bin\Debug\net9.0\CoverletSourceRootsMapping_CRM.Core.Tests;d:\MyProject\FrontCRM(C#)\tests\CRM.Core.Tests\bin\Debug\net9.0\testhost.dll;...')。
   1:8>已完成在项目“CRM.Core.Tests.csproj”中生成目标“IncrementalClean”的操作。
       由于条件的计算结果为 false，已跳过目标“PostBuildEvent”；('$(PostBuildEvent)' != '' and ('$(RunPostBuildEvent)' != 'OnOutputUpdated' or '$(_AssemblyTimestampBeforeCompile)' != '$(_AssemblyTimestampAfterCompile)'))的计算结果为('' != '' and ('' != 'OnOutputUpdated' or '' != ''))。
       已跳过目标“GenerateBuildDependencyFile”。以前的生成已成功。
       已跳过目标“GenerateBuildRuntimeConfigurationFiles”。以前的生成已成功。
   1:8>来自项目“d:\MyProject\FrontCRM(C#)\tests\CRM.Core.Tests\CRM.Core.Tests.csproj”的文件“C:\Program Files\dotnet\sdk\9.0.308\Microsoft.Common.CurrentVersion.targets”中的目标“CoreBuild”(目标“Build”依赖于它):
   1:8>已完成在项目“CRM.Core.Tests.csproj”中生成目标“CoreBuild”的操作。
   1:8>来自项目“d:\MyProject\FrontCRM(C#)\tests\CRM.Core.Tests\CRM.Core.Tests.csproj”的文件“C:\Program Files\dotnet\sdk\9.0.308\Microsoft.Common.CurrentVersion.targets”中的目标“AfterBuild”(目标“Build”依赖于它):
   1:8>已完成在项目“CRM.Core.Tests.csproj”中生成目标“AfterBuild”的操作。
       由于条件的计算结果为 false，已跳过目标“_CheckBrowserWorkloadNeededButNotAvailable”；('$(RuntimeIdentifier)' == 'browser-wasm' and '$(_BrowserWorkloadDisabled)' != 'true' and '$(WasmNativeWorkloadAvailable)' != 'true')的计算结果为('' == 'browser-wasm' and '' != 'true' and '' != 'true')。
       由于条件的计算结果为 false，已跳过目标“_ErrorWorkloadDisabledForTFMLessThan6”；('$(_BrowserWorkloadNotSupportedForTFM)' == 'true')的计算结果为('' == 'true')。
       由于条件的计算结果为 false，已跳过目标“_ErrorDualWasmThreadPropsOn7”；('$(TargetsNet7)' == 'true' and '$(RuntimeIdentifier)' == 'browser-wasm' and
           '$(BrowserWorkloadDisabled)' != 'true' and '$(WasmEnableThreads)' == 'true' and '$(WasmEnablePerfTrace)' == 'true')的计算结果为('' == 'true' and '' == 'browser-wasm' and
           '' != 'true' and '' == 'true' and '' == 'true')。
       已跳过目标“_CheckForInvalidConfigurationAndPlatform”。以前的生成已成功。
       已跳过目标“_CheckForInvalidConfigurationAndPlatform”。以前的生成已成功。
   1:8>来自项目“d:\MyProject\FrontCRM(C#)\tests\CRM.Core.Tests\CRM.Core.Tests.csproj”的文件“C:\Program Files\dotnet\sdk\9.0.308\Microsoft.Common.CurrentVersion.targets”中的目标“Build”(入口点):
   1:8>已完成在项目“CRM.Core.Tests.csproj”中生成目标“Build”的操作。
       由于条件的计算结果为 false，已跳过目标“_PackAsBuildAfterTarget”；('$(GeneratePackageOnBuild)' == 'true' AND '$(IsInnerBuild)' != 'true')的计算结果为('false' == 'true' AND '' != 'true')。
   1:8>来自项目“d:\MyProject\FrontCRM(C#)\tests\CRM.Core.Tests\CRM.Core.Tests.csproj”的文件“C:\Program Files\dotnet\sdk\9.0.308\Containers\build\Microsoft.NET.Build.Containers.targets”中的目标“_CheckContainersPackage”(入口点):
       由于 false 条件，已跳过任务“Warning”；($(_ContainerPackageIsPresent)
               and (
                 ($(_SdkCanPublishWeb) and $(_IsWebProject)) or
                 ($(_SdkCanPublishWorker) and $(_IsWorkerProject)) or
                 ($(_SdkCanPublishConsole) and '$(EnableSdkContainerSupport)' == 'true')
               ))计算为(false
               and (
                 (True and false) or
                 (True and false) or
                 (True and 'true' == 'true')
               ))。
   1:8>已完成在项目“CRM.Core.Tests.csproj”中生成目标“_CheckContainersPackage”的操作。
   1:8>已完成生成项目“d:\MyProject\FrontCRM(C#)\tests\CRM.Core.Tests\CRM.Core.Tests.csproj”(默认目标)的操作。
   1:7>已完成执行任务“MSBuild”的操作。
       任务“VSTestLogsTask”
         完成的生成。
         
       已完成执行任务“VSTestLogsTask”的操作。
       任务“Message”
         Done Building project d:\MyProject\FrontCRM(C#)\tests\CRM.Core.Tests\CRM.Core.Tests.csproj for TargetFramework=net9.0
       已完成执行任务“Message”的操作。
   1:7>已完成在项目“CRM.Core.Tests.csproj”中生成目标“BuildProject”的操作。
       已完成执行任务“CallTarget”的操作。
       任务“CallTarget”
   1:7>来自项目“d:\MyProject\FrontCRM(C#)\tests\CRM.Core.Tests\CRM.Core.Tests.csproj”的文件“C:\Program Files\dotnet\sdk\9.0.308\Microsoft.TestPlatform.targets”中的目标“ShowCallOfVSTestTaskWithParameter”(目标“_VSTestConsole”依赖于它):
       任务“Message”
         Calling task Microsoft.TestPlatform.Build.Tasks.VSTestTask with following parameter...
       已完成执行任务“Message”的操作。
       任务“Message”
         TestFileFullPath = d:\MyProject\FrontCRM(C#)\tests\CRM.Core.Tests\bin\Debug\net9.0\CRM.Core.Tests.dll
       已完成执行任务“Message”的操作。
       任务“Message”
         VSTestSetting = 
       已完成执行任务“Message”的操作。
       任务“Message”
         VSTestTestAdapterPath = ;C:\Users\admin\.nuget\packages\coverlet.collector\8.0.0\build\net8.0\
       已完成执行任务“Message”的操作。
       任务“Message”
         VSTestFramework = .NETCoreApp,Version=v9.0
       已完成执行任务“Message”的操作。
       任务“Message”
         VSTestPlatform = 
       已完成执行任务“Message”的操作。
       任务“Message”
         VSTestTestCaseFilter = 
       已完成执行任务“Message”的操作。
       任务“Message”
         VSTestLogger = 
       已完成执行任务“Message”的操作。
       任务“Message”
         VSTestListTests = 
       已完成执行任务“Message”的操作。
       任务“Message”
         VSTestDiag = 
       已完成执行任务“Message”的操作。
       任务“Message”
         VSTestCLIRunSettings = 
d:\MyProject\FrontCRM%28C#%29\tests\CRM.Core.Tests\bin\Debug\net9.0\CRM.Core.Tests.dll (.NETCoreApp,Version=v9.0)的测试运行
       已完成执行任务“Message”的操作。
       任务“Message”
         VSTestResultsDirectory = 
       已完成执行任务“Message”的操作。
       任务“Message”
         VSTestConsolePath = C:\Program Files\dotnet\sdk\9.0.308\vstest.console.dll
       已完成执行任务“Message”的操作。
       任务“Message”
         VSTestVerbosity = detailed
       已完成执行任务“Message”的操作。
       任务“Message”
         VSTestCollect = 
       已完成执行任务“Message”的操作。
       任务“Message”
         VSTestBlame = 
       已完成执行任务“Message”的操作。
       任务“Message”
         VSTestTraceDataCollectorDirectoryPath = C:\Users\admin\.nuget\packages\microsoft.codecoverage\18.3.0\build\netstandard2.0\
       已完成执行任务“Message”的操作。
       任务“Message”
         VSTestNoLogo = 
       已完成执行任务“Message”的操作。
   1:7>已完成在项目“CRM.Core.Tests.csproj”中生成目标“ShowCallOfVSTestTaskWithParameter”的操作。
       已完成执行任务“CallTarget”的操作。
       正在使用程序集“C:\Program Files\dotnet\sdk\9.0.308\Microsoft.TestPlatform.Build.dll”中的“VSTestTask”任务。
       任务“VSTestTask”
VSTest 版本 17.14.1 (x64)

正在启动测试执行，请稍候...
总共 1 个测试文件与指定模式相匹配。
[xUnit.net 00:00:00.00] xUnit.net VSTest Adapter v3.1.5+1b188a7b0a (64-bit .NET 9.0.11)
[xUnit.net 00:00:00.05]   Discovering: CRM.Core.Tests
[xUnit.net 00:00:00.07]   Discovered:  CRM.Core.Tests
[xUnit.net 00:00:00.09]   Starting:    CRM.Core.Tests
     Warning:
     The component "Fluent Assertions" is governed by the rules defined in the Xceed License Agreement and
     the Xceed Fluent Assertions Community License. You may use Fluent Assertions free of charge for
     non-commercial use only. An active subscription is required to use Fluent Assertions for commercial use.
     Please contact Xceed Sales mailto:sales@xceed.com to acquire a subscription at a very low cost.
     A paid commercial license supports the development and continued increasing support of
     Fluent Assertions users under both commercial and community licenses. Help us
     keep Fluent Assertions at the forefront of unit testing.
     For more information, visit https://xceed.com/products/unit-testing/fluent-assertions/
  已通过 CRM.Core.Tests.UnitTest1.Test1 [1 ms]
  已通过 CRM.Core.Tests.Services.SampleTests.Addition_ShouldWork(a: 1, b: 1, expected: 2) [8 ms]
  已通过 CRM.Core.Tests.Services.SampleTests.Addition_ShouldWork(a: 2, b: 3, expected: 5) [< 1 ms]
  已通过 CRM.Core.Tests.Services.UserRegistrationServiceTests.RegisterUser_WithDifferentInputs_ShouldWork(userName: "user2", password: "password456", email: "user2@test.com") [8 ms]
  已通过 CRM.Core.Tests.Services.SampleTests.Sample_Test_ShouldPass [< 1 ms]
  已通过 CRM.Core.Tests.Services.UserRegistrationServiceTests.RegisterUser_WithDifferentInputs_ShouldWork(userName: "user1", password: "pass123", email: "user1@test.com") [< 1 ms]
  已通过 CRM.Core.Tests.Services.UserRegistrationServiceTests.RegisterUser_WithValidInput_ShouldCreateUser [1 ms]
  已通过 CRM.Core.Tests.Services.UserRegistrationServiceTests.ValidateUser_WithWrongPassword_ShouldReturnFalse [< 1 ms]
[xUnit.net 00:00:00.16]     CRM.Core.Tests.Services.CustomerServiceTests.SetDefaultAddress_ShouldUpdateDefaultStatus [FAIL]
[xUnit.net 00:00:00.16]       NSubstitute.Exceptions.ReceivedCallsException : Expected to receive exactly 1 call matching:
	UpdateAsync(CustomerAddress)
[xUnit.net 00:00:00.16]       Actually received 2 matching calls:
[xUnit.net 00:00:00.16]       	UpdateAsync(CustomerAddress)
	UpdateAsync(CustomerAddress)

[xUnit.net 00:00:00.16]       Stack Trace:
[xUnit.net 00:00:00.16]            at NSubstitute.Core.ReceivedCallsExceptionThrower.Throw(ICallSpecification callSpecification, IEnumerable`1 matchingCalls, IEnumerable`1 nonMatchingCalls, Quantity requiredQuantity)
[xUnit.net 00:00:00.16]            at NSubstitute.Routing.Handlers.CheckReceivedCallsHandler.Handle(ICall call)
[xUnit.net 00:00:00.16]            at NSubstitute.Routing.Route.Handle(ICall call)
[xUnit.net 00:00:00.16]            at NSubstitute.Core.CallRouter.Route(ICall call)
[xUnit.net 00:00:00.16]            at NSubstitute.Proxies.CastleDynamicProxy.CastleForwardingInterceptor.Intercept(IInvocation invocation)
[xUnit.net 00:00:00.16]            at Castle.DynamicProxy.AbstractInvocation.Proceed()
[xUnit.net 00:00:00.16]            at NSubstitute.Proxies.CastleDynamicProxy.ProxyIdInterceptor.Intercept(IInvocation invocation)
[xUnit.net 00:00:00.16]            at Castle.DynamicProxy.AbstractInvocation.Proceed()
[xUnit.net 00:00:00.16]            at Castle.Proxies.ObjectProxy_1.UpdateAsync(CustomerAddress entity)
[xUnit.net 00:00:00.16]         d:\MyProject\FrontCRM(C#)\tests\CRM.Core.Tests\Services\CustomerServiceTests.cs(844,0): at CRM.Core.Tests.Services.CustomerServiceTests.SetDefaultAddress_ShouldUpdateDefaultStatus()
[xUnit.net 00:00:00.16]         --- End of stack trace from previous location ---
  已通过 CRM.Core.Tests.Services.UserRegistrationServiceTests.ValidateUser_WithCorrectPassword_ShouldReturnTrue [< 1 ms]
  已通过 CRM.Core.Tests.Services.UserRegistrationServiceTests.ChangePassword_ShouldUpdatePassword [< 1 ms]
  已通过 CRM.Core.Tests.Services.CustomerServiceTests.AddAddress_WithNonExistingCustomer_ShouldThrowException [41 ms]
  失败 CRM.Core.Tests.Services.CustomerServiceTests.SetDefaultAddress_ShouldUpdateDefaultStatus [6 ms]
  错误消息:
   NSubstitute.Exceptions.ReceivedCallsException : Expected to receive exactly 1 call matching:
	UpdateAsync(CustomerAddress)
Actually received 2 matching calls:
	UpdateAsync(CustomerAddress)
	UpdateAsync(CustomerAddress)

  堆栈跟踪:
     at NSubstitute.Core.ReceivedCallsExceptionThrower.Throw(ICallSpecification callSpecification, IEnumerable`1 matchingCalls, IEnumerable`1 nonMatchingCalls, Quantity requiredQuantity)
   at NSubstitute.Routing.Handlers.CheckReceivedCallsHandler.Handle(ICall call)
   at NSubstitute.Routing.Route.Handle(ICall call)
   at NSubstitute.Core.CallRouter.Route(ICall call)
   at NSubstitute.Proxies.CastleDynamicProxy.CastleForwardingInterceptor.Intercept(IInvocation invocation)
   at Castle.DynamicProxy.AbstractInvocation.Proceed()
   at NSubstitute.Proxies.CastleDynamicProxy.ProxyIdInterceptor.Intercept(IInvocation invocation)
   at Castle.DynamicProxy.AbstractInvocation.Proceed()
   at Castle.Proxies.ObjectProxy_1.UpdateAsync(CustomerAddress entity)
   at CRM.Core.Tests.Services.CustomerServiceTests.SetDefaultAddress_ShouldUpdateDefaultStatus() in d:\MyProject\FrontCRM(C#)\tests\CRM.Core.Tests\Services\CustomerServiceTests.cs:line 844
--- End of stack trace from previous location ---
  已通过 CRM.Core.Tests.Services.CustomerServiceTests.CreateCustomer_ShouldTrimCode(inputCode: "  CUST001  ", expectedCode: "CUST001") [3 ms]
  已通过 CRM.Core.Tests.Services.CustomerServiceTests.CreateCustomer_ShouldTrimCode(inputCode: "CUST002", expectedCode: "CUST002") [< 1 ms]
  已通过 CRM.Core.Tests.Services.CustomerServiceTests.DeleteCustomer_WithNonExistingId_ShouldThrowException [< 1 ms]
  已通过 CRM.Core.Tests.Services.CustomerServiceTests.CreateCustomer_WithEmptyCode_ShouldThrowException(customerCode: null) [< 1 ms]
  已通过 CRM.Core.Tests.Services.CustomerServiceTests.CreateCustomer_WithEmptyCode_ShouldThrowException(customerCode: "") [< 1 ms]
  已通过 CRM.Core.Tests.Services.CustomerServiceTests.CreateCustomer_WithEmptyCode_ShouldThrowException(customerCode: "   ") [< 1 ms]
  已通过 CRM.Core.Tests.Services.CustomerServiceTests.UpdateCustomer_WithEmptyId_ShouldThrowException(id: "") [< 1 ms]
  已通过 CRM.Core.Tests.Services.CustomerServiceTests.UpdateCustomer_WithEmptyId_ShouldThrowException(id: "   ") [< 1 ms]
  已通过 CRM.Core.Tests.Services.CustomerServiceTests.UpdateCustomer_WithEmptyId_ShouldThrowException(id: null) [< 1 ms]
  已通过 CRM.Core.Tests.Services.CustomerServiceTests.GetAllCustomers_ShouldReturnAllCustomers [1 ms]
  已通过 CRM.Core.Tests.Services.CustomerServiceTests.GetCustomersPaged_ShouldReturnPagedResult [5 ms]
  已通过 CRM.Core.Tests.Services.CustomerServiceTests.UpdateCustomerStatus_WithValidData_ShouldUpdateStatus [1 ms]
  已通过 CRM.Core.Tests.Services.CustomerServiceTests.DeleteCustomer_WithExistingId_ShouldDeleteCustomer [< 1 ms]
  已通过 CRM.Core.Tests.Services.CustomerServiceTests.CreateCustomer_WithValidData_ShouldCreateCustomer [1 ms]
  已通过 CRM.Core.Tests.Services.CustomerServiceTests.GetCustomersPaged_WithKeywordFilter_ShouldFilterResults [48 ms]
  已通过 CRM.Core.Tests.Services.CustomerServiceTests.UpdateAddress_WithValidData_ShouldUpdateAddress [1 ms]
  已通过 CRM.Core.Tests.Services.CustomerServiceTests.AddAddress_WithIsDefaultTrue_ShouldResetOtherDefaults [3 ms]
  已通过 CRM.Core.Tests.Services.CustomerServiceTests.GetCustomerById_WithExistingId_ShouldReturnCustomer [< 1 ms]
  已通过 CRM.Core.Tests.Services.CustomerServiceTests.AddContact_WithValidData_ShouldCreateContact [6 ms]
  已通过 CRM.Core.Tests.Services.CustomerServiceTests.IsCustomerCodeExists_ShouldReturnCorrectResult(code: "CUST001", expected: True) [< 1 ms]
  已通过 CRM.Core.Tests.Services.CustomerServiceTests.IsCustomerCodeExists_ShouldReturnCorrectResult(code: "CUST002", expected: False) [< 1 ms]
  已通过 CRM.Core.Tests.Services.CustomerServiceTests.BatchDeleteCustomers_WithEmptyList_ShouldDoNothing [< 1 ms]
  已通过 CRM.Core.Tests.Services.CustomerServiceTests.CreateCustomer_WithDuplicateCode_ShouldThrowException [< 1 ms]
  已通过 CRM.Core.Tests.Services.CustomerServiceTests.GetCustomerById_WithEmptyId_ShouldReturnNull(id: "") [< 1 ms]
  已通过 CRM.Core.Tests.Services.CustomerServiceTests.GetCustomerById_WithEmptyId_ShouldReturnNull(id: null) [< 1 ms]
  已通过 CRM.Core.Tests.Services.CustomerServiceTests.GetCustomerById_WithEmptyId_ShouldReturnNull(id: "   ") [< 1 ms]
  已通过 CRM.Core.Tests.Services.CustomerServiceTests.AddAddress_WithValidData_ShouldCreateAddress [1 ms]
  已通过 CRM.Core.Tests.Services.CustomerServiceTests.UpdateCustomer_WithNonExistingId_ShouldThrowException [< 1 ms]
  已通过 CRM.Core.Tests.Services.CustomerServiceTests.GetCustomerById_WithNonExistingId_ShouldReturnNull [< 1 ms]
  已通过 CRM.Core.Tests.Services.CustomerServiceTests.DeleteContact_WithExistingId_ShouldDeleteContact [1 ms]
  已通过 CRM.Core.Tests.Services.CustomerServiceTests.SearchCustomers_WithEmptyKeyword_ShouldReturnAllCustomers [< 1 ms]
  已通过 CRM.Core.Tests.Services.CustomerServiceTests.UpdateCustomer_WithValidData_ShouldUpdateCustomer [< 1 ms]
[xUnit.net 00:00:00.25]   Finished:    CRM.Core.Tests
  已通过 CRM.Core.Tests.Services.CustomerServiceTests.DeleteAddress_WithExistingId_ShouldDeleteAddress [< 1 ms]
  已通过 CRM.Core.Tests.Services.CustomerServiceTests.BatchDeleteCustomers_WithMultipleIds_ShouldDeleteAll [2 ms]
  已通过 CRM.Core.Tests.Services.CustomerServiceTests.UpdateCustomer_WithPartialData_ShouldUpdateOnlyProvidedFields [< 1 ms]
  已通过 CRM.Core.Tests.Services.CustomerServiceTests.SearchCustomers_WithKeyword_ShouldReturnMatchingResults [< 1 ms]
  已通过 CRM.Core.Tests.Services.CustomerServiceTests.UpdateContact_WithValidData_ShouldUpdateContact [1 ms]
  已通过 CRM.Core.Tests.Services.CustomerServiceTests.GetCustomersPaged_WithLevelFilter_ShouldFilterResults [1 ms]
  已通过 CRM.Core.Tests.Services.CustomerServiceTests.GetCustomerByCode_WithExistingCode_ShouldReturnCustomer [< 1 ms]

测试运行失败。
测试总数: 51
     通过数: 50
     失败数: 1
总时间: 0.5719 秒
         MSB4181: “VSTestTask”任务返回了 false，但未记录错误。
       已完成执行任务“VSTestTask”的操作 - 失败。
   1:7>已完成在项目“CRM.Core.Tests.csproj”中生成目标“_VSTestConsole”的操作 - 失败。
       已完成执行任务“CallTarget”的操作 - 失败。
   1:7>已完成在项目“CRM.Core.Tests.csproj”中生成目标“VSTest”的操作 - 失败。
   1:7>已完成生成项目“d:\MyProject\FrontCRM(C#)\tests\CRM.Core.Tests\CRM.Core.Tests.csproj”(VSTest 个目标)的操作 - 失败。

生成失败。
    0 个警告
    0 个错误

已用时间 00:00:01.86

有可用的工作负载更新。有关详细信息，请运行 `dotnet workload list`。
